--------- beginning of main
03-07 16:48:08.435  2300  4811 W DriveInitializer: Awaiting to be initialized
03-07 16:48:08.439  4875  4875 W System  : ClassLoader referenced unknown path: /system/priv-app/MediaProvider/lib/x86_64
03-07 16:48:08.439  4875  4875 D ApplicationLoaders: ignored Vulkan layer search path /system/priv-app/MediaProvider/lib/x86_64:/system/priv-app/MediaProvider/MediaProvider.apk!/lib/x86_64:/system/lib64:/vendor/lib64 for namespace 0x7524e2ae90f0
03-07 16:48:08.443  2300  3608 I ContentMaintenance: Internal cache bytes used: 0; limit: 100000000; download size: 0
--------- beginning of system
03-07 16:48:08.455  1737  2522 I ActivityManager: Killing 3972:com.google.android.youtube/u0a76 (adj 906): empty #17
03-07 16:48:08.457  1888  4813 W GCM     : Unexpected forwarded intent: Intent { act=android.intent.action.PACKAGE_ADDED dat=package:com.timebomb flg=0x4000010 cmp=com.google.android.gms/.chimera.PersistentIntentOperationService (has extras) }
03-07 16:48:08.458  1888  4817 W GCM     : Unexpected forwarded intent: Intent { act=android.intent.action.PACKAGE_ADDED dat=package:com.timebomb flg=0x4000010 cmp=com.google.android.gms/.chimera.PersistentIntentOperationService (has extras) }
03-07 16:48:08.459  2783  4904 I UpdateIcingCorporaServi: Updating corpora: APPS=com.timebomb, CONTACTS=MAYBE
03-07 16:48:08.459  1737  1793 D VoldConnector: RCV <- {200 44 AppFuse command succeeded}
03-07 16:48:08.460  2300  4809 I Auth    : [SupervisedAccountIntentOperation] onHandleIntent(): android.intent.action.PACKAGE_ADDED
03-07 16:48:08.460  1737  4153 W ActivityManager: Unable to start service Intent { act=com.google.android.gms.auth.key.retrieval.service.START pkg=com.google.android.gms } U=0: not found
03-07 16:48:08.461  1737  2533 W ActivityManager: Unbind failed: could not find connection for android.os.BinderProxy@23e303d
03-07 16:48:08.461  2300  2613 E GmsClient: unable to connect to service: com.google.android.gms.auth.key.retrieval.service.START on com.google.android.gms
03-07 16:48:08.462  1737  4153 D ActivityManager: cleanUpApplicationRecord -- 2870
03-07 16:48:08.462  2300  4809 I ChromeSync: [Sync,SyncIntentOperation] Handling the intent: Intent { act=android.intent.action.PACKAGE_ADDED dat=package:com.timebomb flg=0x4000010 cmp=com.google.android.gms/.chimera.GmsIntentOperationService (has extras) }.
03-07 16:48:08.463  2300  4807 I FontLog : Package com.timebomb has no metadata [CONTEXT service_id=132 ]
03-07 16:48:08.468  2300  2667 I Icing   : IndexChimeraService.getServiceInterface callingPackage=com.google.android.googlequicksearchbox componentName=null serviceId=36
03-07 16:48:08.469  2300  4809 I ChromeSync: [Persistence,AffiliationManager] One of affiliation or grouping data for android://E7sVhSlRpIoUuFi3TXydW5NVzoIlaqKGEd_pB6KYkenV_09VYcDDP6jUIhVVqCkFDwr-LlKgh3MKbJyg6W5j9A==@com.timebomb/ was not found. Marking affiliation data as stale...
03-07 16:48:08.473  2300  4808 I ChimeraConfigurator: Starting update, reason: 4 urgentFeatures: pay:-1
03-07 16:48:08.473  2300  4808 E ConfigFileUtils: Failed to read config file: /data/user_de/0/com.google.android.gms/app_chimera/next_container.pb (No such file or directory)
03-07 16:48:08.479  2300  4808 I ChmraDebugLogger: [73] 1801
03-07 16:48:08.479  2300  4808 I ChmraDebugLogger: [30] [Pay.optional:202414020000] permitMetered=true,
03-07 16:48:08.484  2300  4911 W Icing   : No valid account for uploading user actions
03-07 16:48:08.484  2300  4808 W ChimeraConfigService: Retry attempt was throttled.
03-07 16:48:08.484  2300  3608 I RealtimeCacheCleanup: Beginning Realtime garbage collection.
03-07 16:48:08.486  2300  3608 I RealtimeCacheCleanup: Finished Realtime garbage collection.
03-07 16:48:08.488  2300  4918 I PinnedContentDownloader: Finished downloading pinned content.
03-07 16:48:08.489  2300  4911 I Icing   : Usage reports ok 0, Failed Usage reports 0, indexed 0, rejected 0
03-07 16:48:08.491  2783  4904 I UpdateIcingCorporaServi: UpdateCorporaTask done [took 32 ms] updated apps [took 32 ms] 
03-07 16:48:08.492  2300  4911 I Icing   : Indexing com.google.android.googlequicksearchbox-applications_uri from com.google.android.googlequicksearchbox
03-07 16:48:08.503  4931  4931 W art     : Unexpected CPU variant for X86 using defaults: x86_64
03-07 16:48:08.511  1737  4153 I ActivityManager: Start proc 4931:com.google.android.apps.docs/u0a41 for content provider com.google.android.apps.docs/.storagebackend.StorageBackendContentProvider
03-07 16:48:08.512  1737  1749 I ActivityManager: Killing 2669:com.google.android.calendar/u0a34 (adj 906): empty #17
03-07 16:48:08.515  2300  4911 I Icing   : Indexing done com.google.android.googlequicksearchbox-applications_uri
03-07 16:48:08.516  2300  4911 I Icing   : Indexing com.google.android.gms-apps from com.google.android.gms
03-07 16:48:08.519  4931  4931 W System  : ClassLoader referenced unknown path: /system/app/Drive/lib/x86_64
03-07 16:48:08.520  2300  4911 I Icing   : Indexing com.google.android.gms-internal.3p:MobileApplication from com.google.android.gms
03-07 16:48:08.522  2300  4911 I Icing   : Indexing done com.google.android.gms-apps
03-07 16:48:08.522  2300  4911 I Icing   : Indexing done com.google.android.gms-internal.3p:MobileApplication
03-07 16:48:08.530  1737  2548 D ConnectivityService: ConnectivityService NetworkRequestInfo binderDied(NetworkRequest [ LISTEN id=9, [ Capabilities: INTERNET&NOT_RESTRICTED&TRUSTED&FOREGROUND] ], android.os.BinderProxy@96a3d7e)
03-07 16:48:08.530  1737  2525 D ActivityManager: cleanUpApplicationRecord -- 3972
03-07 16:48:08.531  1737  1849 E ConnectivityService: RemoteException caught trying to send a callback msg for NetworkRequest [ LISTEN id=9, [ Capabilities: INTERNET&NOT_RESTRICTED&TRUSTED&FOREGROUND] ]
03-07 16:48:08.547  1737  1748 D VoldConnector: SND -> {45 volume mkdirs /storage/emulated/0/Android/data/com.google.android.apps.docs/cache/}
03-07 16:48:08.547  1737  1793 D VoldConnector: RCV <- {200 45 Command succeeded}
03-07 16:48:08.547  1737  2548 D VoldConnector: SND -> {46 volume mkdirs /storage/09FF-1016/Android/data/com.google.android.apps.docs/cache/}
03-07 16:48:08.548  1737  1793 D VoldConnector: RCV <- {200 46 Command succeeded}
03-07 16:48:08.563  4895  4895 D AndroidRuntime: >>>>>> START com.android.internal.os.RuntimeInit uid 2000 <<<<<<
03-07 16:48:08.563  4895  4895 D AndroidRuntime: CheckJNI is OFF
03-07 16:48:08.569  1737  2514 D ActivityManager: cleanUpApplicationRecord -- 2669
03-07 16:48:08.571  4931  4931 E art     : The String#value field is not present on Android versions >= 6.0
03-07 16:48:08.580  4895  4895 W art     : Unexpected CPU variant for X86 using defaults: x86_64
03-07 16:48:08.582  4895  4895 D ICU     : No timezone override file found: /data/misc/zoneinfo/current/icu/icu_tzdata.dat
03-07 16:48:08.587  4895  4895 E memtrack: Couldn't load memtrack module (No such file or directory)
03-07 16:48:08.587  4895  4895 E android.os.Debug: failed to load memtrack module: -2
03-07 16:48:08.587  4895  4895 I Radio-JNI: register_android_hardware_Radio DONE
03-07 16:48:08.590  4895  4895 D AndroidRuntime: Calling main entry com.android.commands.monkey.Monkey
03-07 16:48:08.608  1737  1751 W BroadcastQueue: Skipping deliver [background] BroadcastRecord{2662ed7 u-1 android.net.conn.CONNECTIVITY_CHANGE} to ReceiverList{911a3c4 4895 (unknown name)/2000/u-1 remote:4c67071}: process crashing
03-07 16:48:08.611  1737  2532 I ActivityManager: START u0 {act=android.intent.action.MAIN cat=[android.intent.category.LAUNCHER] flg=0x10200000 cmp=com.timebomb/.MainActivity} from uid 2000 on display 0
03-07 16:48:08.614  4962  4962 I art     : Late-enabling -Xcheck:jni
03-07 16:48:08.615  4962  4962 W art     : Unexpected CPU variant for X86 using defaults: x86_64
03-07 16:48:08.616  4931  4931 W main-FieldDefinition: Ignoring isIndexed constraint as field also has uniqueness constraint (on just this field, and therefore SQLite will have to create an index on that. For field: com.google.android.apps.docs.database.common.FieldDefinition$a@3eb89a7
03-07 16:48:08.622  1737  2073 I ActivityManager: Start proc 4962:com.timebomb/u0a85 for activity com.timebomb/.MainActivity
03-07 16:48:08.624  4895  4895 I art     : System.exit called, status: 0
03-07 16:48:08.624  4895  4895 I AndroidRuntime: VM exiting with result code 0.
03-07 16:48:08.626  4962  4962 W System  : ClassLoader referenced unknown path: /data/app/com.timebomb-1/lib/x86_64
03-07 16:48:08.632  4931  4959 I GAv4    : Google Analytics 11.9.10 is starting up. To enable debug logging on a device run:
03-07 16:48:08.632  4931  4959 I GAv4    :   adb shell setprop log.tag.GAv4 DEBUG
03-07 16:48:08.632  4931  4959 I GAv4    :   adb logcat -s GAv4
03-07 16:48:08.634  4931  4977 W Open database in background-DatabaseHelper: Creating a new database at version 227 for /data/user/0/com.google.android.apps.docs/databases/DocList.db
03-07 16:48:08.646  1355  1377 D gralloc_ranchu: gralloc_alloc: Creating ashmem region of size 3932160
03-07 16:48:08.647  1737  4154 W ActivityManager: Request to remove task ignored for non-existent task 7
03-07 16:48:08.647  1737  2073 W ActivityManager: Request to remove task ignored for non-existent task 7
03-07 16:48:08.649  4962  4962 W art     : Before Android 4.1, method android.graphics.PorterDuffColorFilter androidx.vectordrawable.graphics.drawable.VectorDrawableCompat.updateTintFilter(android.graphics.PorterDuffColorFilter, android.content.res.ColorStateList, android.graphics.PorterDuff$Mode) would have incorrectly overridden the package-private method in android.graphics.drawable.Drawable
03-07 16:48:08.651  1737  2533 I ActivityManager: START u0 {act=android.intent.action.MAIN cat=[android.intent.category.HOME] flg=0x10200000 cmp=com.google.android.apps.nexuslauncher/.NexusLauncherActivity} from uid 10028 on display 0
03-07 16:48:08.651  4931  4983 W GAv4    : CampaignTrackingReceiver is not registered, not exported or is disabled. Installation campaign tracking is not possible. See http://goo.gl/8Rd3yj for instructions.
03-07 16:48:08.659  1737  2533 I WindowManager: Failed to capture screenshot of Token{b74e173 ActivityRecord{2a429e2 u0 com.timebomb/.MainActivity t9}} appWin=Window{4cddd48 u0 Starting com.timebomb} drawState=1
03-07 16:48:08.664  1737  2522 W InputMethodManagerService: Window already focused, ignoring focus gain of: com.android.internal.view.IInputMethodClient$Stub$Proxy@62652de attribute=android.view.inputmethod.EditorInfo@1451cbf, token = android.os.BinderProxy@60e68bf
03-07 16:48:08.669  4931  4959 W TaskScheduler0-CoreComponentFactoryImpl: RetainedComponent will not be retained if  eec does not inherit FragmentActivity and fulfill lfi contract.
03-07 16:48:08.671  4962  4962 V TimeBomb: [bombAfterDays] Bomb in 1d Build Date=07.03.2023 Today=07.03.2023 Passed Days=0
03-07 16:48:08.672  1355  1378 E SurfaceFlinger: ro.sf.lcd_density must be defined as a build property
03-07 16:48:08.673  4962  4962 D         : HostConnection::get() New Host Connection established 0x7524d3dc6be0, tid 4962
03-07 16:48:08.679  4962  4962 D AndroidRuntime: Shutting down VM
--------- beginning of crash
03-07 16:48:08.679  4962  4962 E AndroidRuntime: FATAL EXCEPTION: main
03-07 16:48:08.679  4962  4962 E AndroidRuntime: Process: com.timebomb, PID: 4962
03-07 16:48:08.679  4962  4962 E AndroidRuntime: java.lang.ExceptionInInitializerError
03-07 16:48:08.679  4962  4962 E AndroidRuntime: 	at androidx.core.view.ViewConfigurationCompat.shouldShowMenuShortcutsWhenKeyboardPresent(ViewConfigurationCompat.java)
03-07 16:48:08.679  4962  4962 E AndroidRuntime: 	at androidx.appcompat.view.menu.MenuBuilder.setShortcutsVisibleInner(MenuBuilder.java)
03-07 16:48:08.679  4962  4962 E AndroidRuntime: 	at androidx.appcompat.view.menu.MenuBuilder.<init>(MenuBuilder.java)
03-07 16:48:08.679  4962  4962 E AndroidRuntime: 	at androidx.appcompat.app.AppCompatDelegateImpl.initializePanelMenu(AppCompatDelegateImpl.java)
03-07 16:48:08.679  4962  4962 E AndroidRuntime: 	at androidx.appcompat.app.AppCompatDelegateImpl.preparePanel(AppCompatDelegateImpl.java)
03-07 16:48:08.679  4962  4962 E AndroidRuntime: 	at androidx.appcompat.app.AppCompatDelegateImpl.doInvalidatePanelMenu(AppCompatDelegateImpl.java)
03-07 16:48:08.679  4962  4962 E AndroidRuntime: 	at androidx.appcompat.app.AppCompatDelegateImpl$2.run(AppCompatDelegateImpl.java)
03-07 16:48:08.679  4962  4962 E AndroidRuntime: 	at android.os.Handler.handleCallback(Handler.java:751)
03-07 16:48:08.679  4962  4962 E AndroidRuntime: 	at android.os.Handler.dispatchMessage(Handler.java:95)
03-07 16:48:08.679  4962  4962 E AndroidRuntime: 	at android.os.Looper.loop(Looper.java:154)
03-07 16:48:08.679  4962  4962 E AndroidRuntime: 	at android.app.ActivityThread.main(ActivityThread.java:6119)
03-07 16:48:08.679  4962  4962 E AndroidRuntime: 	at java.lang.reflect.Method.invoke(Native Method)
03-07 16:48:08.679  4962  4962 E AndroidRuntime: 	at com.android.internal.os.ZygoteInit$MethodAndArgsCaller.run(ZygoteInit.java:886)
03-07 16:48:08.679  4962  4962 E AndroidRuntime: 	at com.android.internal.os.ZygoteInit.main(ZygoteInit.java:776)
03-07 16:48:08.679  4962  4962 E AndroidRuntime: Caused by: java.lang.NoSuchMethodException: getScaledScrollFactor []
03-07 16:48:08.679  4962  4962 E AndroidRuntime: 	at java.lang.Class.getMethod(Class.java:1981)
03-07 16:48:08.679  4962  4962 E AndroidRuntime: 	at java.lang.Class.getDeclaredMethod(Class.java:1960)
03-07 16:48:08.679  4962  4962 E AndroidRuntime: 	at androidx.core.view.ViewConfigurationCompat.<clinit>(ViewConfigurationCompat.java)
03-07 16:48:08.679  4962  4962 E AndroidRuntime: 	... 14 more
03-07 16:48:08.689  1737  2533 W ActivityManager:   Force finishing activity com.timebomb/.MainActivity
03-07 16:48:08.689  1737  2533 I ActivityManager: Killing 3555:com.google.android.dialer/u0a14 (adj 906): empty #17
03-07 16:48:08.692  1888  4333 I aoqb    : Removed 0 invalid users [CONTEXT service_id=51 ]
03-07 16:48:08.721  1355  1405 E SurfaceFlinger: ro.sf.lcd_density must be defined as a build property
03-07 16:48:08.728  2623  2804 W OpenGLRenderer: Incorrectly called buildLayer on View: ShortcutAndWidgetContainer, destroying layer...
03-07 16:48:08.739  1737  2548 D ActivityManager: cleanUpApplicationRecord -- 3555
03-07 16:48:08.745  1737  4995 D         : HostConnection::get() New Host Connection established 0x7524c7d98de0, tid 4995
03-07 16:48:08.747  1737  4995 I OpenGLRenderer: Initialized EGL, version 1.4
03-07 16:48:08.747  1737  4995 D OpenGLRenderer: Swap behavior 1
03-07 16:48:08.750  1737  4995 D EGL_emulation: eglCreateContext: 0x7524c77fdee0: maj 3 min 0 rcv 3
03-07 16:48:08.751  1737  4995 D EGL_emulation: eglMakeCurrent: 0x7524c77fdee0: ver 3 0 (tinfo 0x7524c7737dc0)
03-07 16:48:08.753  1737  4995 D EGL_emulation: eglMakeCurrent: 0x7524c77fdee0: ver 3 0 (tinfo 0x7524c7737dc0)
03-07 16:48:09.379  1888  4333 I PackageUpdateTaskChimer: Scheduling Phenotype config package catchup updates to be 86400 seconds from now (1678178889379) [CONTEXT service_id=51 ]
03-07 16:48:09.382  1888  4333 I aopq    : Scheduling Phenotype for a PhenotypeSyncImmediately(13, com.google.apps.drive.android) one off with window [1, 2] in seconds [CONTEXT service_id=51 ]
03-07 16:48:09.390  5003  5003 W art     : Unexpected CPU variant for X86 using defaults: x86_64
03-07 16:48:09.394  1737  2522 I ActivityManager: Start proc 5003:com.google.android.gms.ui/u0a13 for service com.google.android.gms/.chimera.UiIntentOperationService
03-07 16:48:09.409  5003  5003 W System  : ClassLoader referenced unknown path: /system/priv-app/PrebuiltGmsCore/lib/x86_64
03-07 16:48:09.427  1888  4817 I PTCommittedOperation: Receive new configuration for com.google.android.location
03-07 16:48:09.428  2300  4811 I ChromeSync: [Sync,SyncIntentOperation] Handling the intent: Intent { act=com.google.android.gms.phenotype.COMMITTED flg=0x10 pkg=com.google.android.gms cmp=com.google.android.gms/.chimera.GmsIntentOperationService (has extras) }.
03-07 16:48:09.428  1737  4155 W ActivityManager: Unable to start service Intent { act=com.google.android.gms.auth.key.retrieval.service.START pkg=com.google.android.gms } U=0: not found
03-07 16:48:09.428  1737  2514 W ActivityManager: Unbind failed: could not find connection for android.os.BinderProxy@798cee
03-07 16:48:09.429  2300  2613 E GmsClient: unable to connect to service: com.google.android.gms.auth.key.retrieval.service.START on com.google.android.gms
03-07 16:48:09.429  2300  4808 I MdiSyncModule: flag handling is skipping irrelevant intent.
03-07 16:48:09.429  1888  4815 I Auth    : [AuthManaged,PasswordComplexityHelperImpl] Updating password complexity components state.
03-07 16:48:09.429  1888  4815 I Auth    : [AuthManaged,PasswordComplexityHelperImpl] Enabling com.google.android.gms.auth.managed.ui.SetNewPasswordActivity
03-07 16:48:09.430  2300  4906 W ModuleInitIntentOp: Dropping unexpected action com.google.android.gms.phenotype.COMMITTED
03-07 16:48:09.445  2300  5017 I ChromeSync: [Sync,SyncIntentOperation] Handling the intent: Intent { act=com.google.android.gms.phenotype.COMMITTED flg=0x10 pkg=com.google.android.gms cmp=com.google.android.gms/.chimera.GmsIntentOperationService (has extras) }.
03-07 16:48:09.446  1888  4903 I PTCommittedOperation: Receive new configuration for com.google.android.gms.people
03-07 16:48:09.449  2300  4808 I MdiSyncModule: flag handling is skipping irrelevant intent.
03-07 16:48:09.449  2300  4811 W ModuleInitIntentOp: Dropping unexpected action com.google.android.gms.phenotype.COMMITTED
03-07 16:48:09.450  2300  4836 I FsaEntryPointSwitcher: setting component enabled=1 for com.google.android.gms.people.sync.focus.ContactsSyncAdapterService
03-07 16:48:09.450  2300  4836 I FsaEntryPointSwitcher: Setting component enabled succeeds.
03-07 16:48:09.450  2300  4836 I FsaEntryPointSwitcher: setting component enabled=2 for com.google.android.syncadapters.contacts.ContactsSyncAdapterService
03-07 16:48:09.450  2300  4836 I FsaEntryPointSwitcher: Setting component enabled succeeds.
03-07 16:48:09.456  1888  4815 I Auth    : [AuthManaged,PasswordComplexityHelperImpl] Updating password complexity components state.
03-07 16:48:09.457  1888  4815 I Auth    : [AuthManaged,PasswordComplexityHelperImpl] Enabling com.google.android.gms.auth.managed.ui.SetNewPasswordActivity
03-07 16:48:09.457  5003  5003 W DynamiteModule: Local module descriptor class for providerinstaller not found.
03-07 16:48:09.462  5003  5003 W ProviderHelper: Unknown dynamite feature providerinstaller
03-07 16:48:09.464  5003  5003 I DynamiteModule: Considering local module providerinstaller:0 and remote module providerinstaller:0
03-07 16:48:09.464  5003  5003 W ProviderInstaller: Failed to load providerinstaller module: No acceptable module found. Local version is 0 and remote version is 0.
03-07 16:48:09.465  5003  5003 W System  : ClassLoader referenced unknown path: /system/priv-app/PrebuiltGmsCore/lib/x86_64
03-07 16:48:09.465  5003  5003 W System  : ClassLoader referenced unknown path: /system/priv-app/PrebuiltGmsCore/lib/x86_64
03-07 16:48:09.465  5003  5003 V NativeCrypto: Registering com/google/android/gms/org/conscrypt/NativeCrypto's 286 native methods...
03-07 16:48:09.473  1888  4815 I Auth    : [AuthManaged,PasswordComplexityHelperImpl] Updating password complexity components state.
03-07 16:48:09.473  1888  4815 I Auth    : [AuthManaged,PasswordComplexityHelperImpl] Enabling com.google.android.gms.auth.managed.ui.SetNewPasswordActivity
03-07 16:48:09.474  2300  4808 I ChromeSync: [Sync,SyncIntentOperation] Handling the intent: Intent { act=com.google.android.gms.phenotype.COMMITTED flg=0x10 pkg=com.google.android.gms cmp=com.google.android.gms/.chimera.GmsIntentOperationService (has extras) }.
03-07 16:48:09.474  1888  5022 I PTCommittedOperation: Receive new configuration for com.google.android.gms.clearcut.public
03-07 16:48:09.474  2300  4809 I MdiSyncModule: flag handling is skipping irrelevant intent.
03-07 16:48:09.474  2300  4909 W ModuleInitIntentOp: Dropping unexpected action com.google.android.gms.phenotype.COMMITTED
03-07 16:48:09.476  5003  5003 D NetworkSecurityConfig: Using Network Security Config from resource network_security_config debugBuild: false
03-07 16:48:09.477  5003  5003 I ProviderInstaller: Installed default security provider GmsCore_OpenSSL
03-07 16:48:09.477  5003  5003 I Safeboot: Checking safeboot...
03-07 16:48:09.477  5003  5003 I Safeboot: Not entering safeboot; wrong process.
03-07 16:48:09.479  1888  4815 I Auth    : [AuthManaged,PasswordComplexityHelperImpl] Updating password complexity components state.
03-07 16:48:09.479  1888  4815 I Auth    : [AuthManaged,PasswordComplexityHelperImpl] Enabling com.google.android.gms.auth.managed.ui.SetNewPasswordActivity
03-07 16:48:09.488  1888  5022 I Auth    : [AuthManaged,PasswordComplexityHelperImpl] Updating password complexity components state.
03-07 16:48:09.488  1888  5022 I Auth    : [AuthManaged,PasswordComplexityHelperImpl] Enabling com.google.android.gms.auth.managed.ui.SetNewPasswordActivity
03-07 16:48:09.489  5003  5003 I bezb    : Primes not initialized, returning default (no-op) Primes instance which will ignore all calls. Please call Primes.initialize(...) before using any Primes API.
03-07 16:48:09.497  1888  5022 I Auth    : [AuthManaged,PasswordComplexityHelperImpl] Updating password complexity components state.
03-07 16:48:09.497  1888  5022 I Auth    : [AuthManaged,PasswordComplexityHelperImpl] Enabling com.google.android.gms.auth.managed.ui.SetNewPasswordActivity
03-07 16:48:09.498  1888  5022 I Auth    : [AuthManaged,PasswordComplexityHelperImpl] Updating password complexity components state.
03-07 16:48:09.498  1888  5022 I Auth    : [AuthManaged,PasswordComplexityHelperImpl] Enabling com.google.android.gms.auth.managed.ui.SetNewPasswordActivity
03-07 16:48:09.499  1888  5022 I Auth    : [AuthManaged,PasswordComplexityHelperImpl] Updating password complexity components state.
03-07 16:48:09.499  1888  5022 I Auth    : [AuthManaged,PasswordComplexityHelperImpl] Enabling com.google.android.gms.auth.managed.ui.SetNewPasswordActivity
03-07 16:48:09.499  1888  5022 I Auth    : [AuthManaged,PasswordComplexityHelperImpl] Updating password complexity components state.
03-07 16:48:09.499  1888  5022 I Auth    : [AuthManaged,PasswordComplexityHelperImpl] Enabling com.google.android.gms.auth.managed.ui.SetNewPasswordActivity
03-07 16:48:09.500  1888  5022 I Auth    : [AuthManaged,PasswordComplexityHelperImpl] Updating password complexity components state.
03-07 16:48:09.500  1888  5022 I Auth    : [AuthManaged,PasswordComplexityHelperImpl] Enabling com.google.android.gms.auth.managed.ui.SetNewPasswordActivity
03-07 16:48:09.512  1888  4815 I Auth    : [AuthManaged,PasswordComplexityHelperImpl] Updating password complexity components state.
03-07 16:48:09.512  1888  4815 I Auth    : [AuthManaged,PasswordComplexityHelperImpl] Enabling com.google.android.gms.auth.managed.ui.SetNewPasswordActivity
03-07 16:48:09.513  1888  4815 I PTCommittedOperation: Receive new configuration for com.google.android.gms
03-07 16:48:09.513  1888  4815 I PTCommittedOperation: Running Fixer Framework for com.google.android.gms
03-07 16:48:10.271  1737  1785 W ActivityManager: Unable to start service Intent { act=com.google.android.gms.drive.ApiService.RESET_AFTER_BOOT flg=0x4 cmp=com.google.android.gms/.drive.api.ApiService (has extras) } U=0: not found
03-07 16:48:10.277  2300  4906 I Vision  : Requesting optional module download of ocr.
03-07 16:48:10.281  2300  4906 I Vision  : Checking for download completion for 131921 -- ocr
03-07 16:48:10.282  2300  4906 I ChimeraConfigurator: Starting update, reason: 4 urgentFeatures: vision.ocr:-1
03-07 16:48:10.283  2300  4906 E ConfigFileUtils: Failed to read config file: /data/user_de/0/com.google.android.gms/app_chimera/next_container.pb (No such file or directory)
03-07 16:48:10.294  2300  4906 I ChmraDebugLogger: [73] 1801
03-07 16:48:10.295  2300  4906 I ChmraDebugLogger: [30] [VisionOcrDynamite.integ:223610901000800] permitMetered=true,
03-07 16:48:10.296  2300  4906 W ChimeraConfigService: Retry attempt was throttled.
03-07 16:48:10.296  2300  4906 I ChimeraConfigurator: Update complete: success
03-07 16:48:10.297  2300  4906 I GmsModuleFndr: Beginning GMS chimera module scan
03-07 16:48:10.298  2300  4906 I ModuleSetMgr: Computing pending module set with APKs: [[AdsFdrDynamite.integ:21460000000], [Cronetdynamite:202414040800], [Dynamiteloader:202414040800], [Dynamitemodulesa:202414040000], [Dynamitemodulesc:202414040000], [Googlecertificates:202414040000], [Mapsdynamite:202414040000]]
03-07 16:48:10.299  2300  4906 I ModuleSetMgr: Pending container module APKs: []
03-07 16:48:10.299  2300  4906 I ModuleSetMgr: Pending non-container module APKs: []
03-07 16:48:11.395  1737  2533 W ActivityManager:   Force finishing activity com.timebomb/.MainActivity
03-07 16:48:11.397  1441  1466 W audio_hw_generic: Not supplying enough data to HAL, expected position 748131 , only wrote 748080
03-07 16:48:11.411  1737  2533 I ActivityManager: Killing 4962:com.timebomb/u0a85 (adj 900): crash
03-07 16:48:11.413  1737  2533 D ActivityManager: cleanUpApplicationRecord -- 4962
03-07 16:48:11.414  1737  4995 D EGL_emulation: eglMakeCurrent: 0x7524c77fdee0: ver 3 0 (tinfo 0x7524c7737dc0)
03-07 16:48:11.428  1737  2073 W InputMethodManagerService: Window already focused, ignoring focus gain of: com.android.internal.view.IInputMethodClient$Stub$Proxy@b590d9e attribute=null, token = android.os.BinderProxy@60e68bf
03-07 16:48:11.470  1737  2075 D GraphicsStats: Buffer count: 4
03-07 16:48:11.594  1737  1759 W AppOps  : Finishing op nesting under-run: uid 1000 pkg android code 24 time=0 duration=0 nesting=0
03-07 16:48:11.704  4931  4961 W System  : ClassLoader referenced unknown path: /system/priv-app/PrebuiltGmsCore/lib/x86_64
03-07 16:48:11.704  4931  4961 D ApplicationLoaders: ignored Vulkan layer search path /system/priv-app/PrebuiltGmsCore/lib/x86_64:/system/priv-app/PrebuiltGmsCore/PrebuiltGmsCore.apk!/lib/x86_64:/system/lib64:/vendor/lib64 for namespace 0x7524e2a8c0f0
03-07 16:48:11.709  4931  4961 W System  : ClassLoader referenced unknown path: /system/priv-app/PrebuiltGmsCore/lib/x86_64
03-07 16:48:11.709  4931  4961 W System  : ClassLoader referenced unknown path: /system/priv-app/PrebuiltGmsCore/lib/x86_64
03-07 16:48:11.710  4931  4961 V NativeCrypto: Registering com/google/android/gms/org/conscrypt/NativeCrypto's 286 native methods...
03-07 16:48:11.717  4931  4961 D NetworkSecurityConfig: No Network Security Config specified, using platform default
03-07 16:48:11.718  4931  4961 I ProviderInstaller: Installed default security provider GmsCore_OpenSSL
03-07 16:48:13.255  2783  2783 I MicroDetectionWorker: Micro detection mode: [mDetectionMode: [1]].
03-07 16:48:13.256  2783  2783 I AudioController: Using mInputStreamFactoryBuilder
03-07 16:48:13.258  2783  5051 I MicroRecognitionRunner: Starting detection.
03-07 16:48:13.258  2783  2962 I MicrophoneInputStream: mic_starting com.google.android.apps.gsa.staticplugins.z.c@3a60525
03-07 16:48:13.259  1441  5054 I AudioFlinger: AudioFlinger's thread 0xe4683e80 ready to run
03-07 16:48:13.260  2783  2962 I MicrophoneInputStream: mic_started com.google.android.apps.gsa.staticplugins.z.c@3a60525
03-07 16:48:13.260  2783  2962 E ActivityThread: Failed to find provider info for com.google.android.apps.gsa.testing.ui.audio.recorded
03-07 16:48:13.260  2783  2783 I MicroDetectionWorker: onReady
03-07 16:48:13.264  2783  2962 I MicrophoneInputStream: mic_close com.google.android.apps.gsa.staticplugins.z.c@3a60525
03-07 16:48:13.264  2783  5051 I MicroRecognitionRunner: Detection finished
03-07 16:48:13.265  2783  5051 W ErrorReporter: reportError [type: 211, code: 524300]: Error reading from input stream
03-07 16:48:13.265  2783  3087 I MicroRecognitionRunner: Stopping hotword detection.
03-07 16:48:13.265  2783  5051 W ErrorProcessor: onFatalError, processing error from engine(4)
03-07 16:48:13.265  2783  5051 W ErrorProcessor: com.google.android.apps.gsa.shared.speech.a.g: Error reading from input stream
03-07 16:48:13.265  2783  5051 W ErrorProcessor: 	at com.google.android.apps.gsa.staticplugins.recognizer.i.a.a(SourceFile:342)
03-07 16:48:13.265  2783  5051 W ErrorProcessor: 	at com.google.android.apps.gsa.staticplugins.recognizer.i.a$1.run(SourceFile:1367)
03-07 16:48:13.265  2783  5051 W ErrorProcessor: 	at java.util.concurrent.Executors$RunnableAdapter.call(Executors.java:428)
03-07 16:48:13.265  2783  5051 W ErrorProcessor: 	at java.util.concurrent.FutureTask.run(FutureTask.java:237)
03-07 16:48:13.265  2783  5051 W ErrorProcessor: 	at com.google.android.apps.gsa.shared.util.concurrent.a.ak.run(SourceFile:66)
03-07 16:48:13.265  2783  5051 W ErrorProcessor: 	at java.util.concurrent.ThreadPoolExecutor.runWorker(ThreadPoolExecutor.java:1133)
03-07 16:48:13.265  2783  5051 W ErrorProcessor: 	at java.util.concurrent.ThreadPoolExecutor$Worker.run(ThreadPoolExecutor.java:607)
03-07 16:48:13.265  2783  5051 W ErrorProcessor: 	at java.lang.Thread.run(Thread.java:761)
03-07 16:48:13.265  2783  5051 W ErrorProcessor: 	at com.google.android.apps.gsa.shared.util.concurrent.a.ad$1.run(SourceFile:85)
03-07 16:48:13.265  2783  5051 W ErrorProcessor: Caused by: com.google.android.apps.gsa.shared.exception.GsaIOException: Error code: 393238 | Buffer overflow, no available space.
03-07 16:48:13.265  2783  5051 W ErrorProcessor: 	at com.google.android.apps.gsa.speech.audio.Tee.g(SourceFile:2531)
03-07 16:48:13.265  2783  5051 W ErrorProcessor: 	at com.google.android.apps.gsa.speech.audio.ap.read(SourceFile:555)
03-07 16:48:13.265  2783  5051 W ErrorProcessor: 	at java.io.InputStream.read(InputStream.java:101)
03-07 16:48:13.265  2783  5051 W ErrorProcessor: 	at com.google.android.apps.gsa.speech.audio.al.run(SourceFile:362)
03-07 16:48:13.265  2783  5051 W ErrorProcessor: 	at com.google.android.apps.gsa.speech.audio.ak$1.run(SourceFile:471)
03-07 16:48:13.265  2783  5051 W ErrorProcessor: 	at java.util.concurrent.Executors$RunnableAdapter.call(Executors.java:428)
03-07 16:48:13.265  2783  5051 W ErrorProcessor: 	at java.util.concurrent.FutureTask.run(FutureTask.java:237)
03-07 16:48:13.265  2783  5051 W ErrorProcessor: 	at com.google.android.apps.gsa.shared.util.concurrent.a.ak.run(SourceFile:66)
03-07 16:48:13.265  2783  5051 W ErrorProcessor: 	at com.google.android.apps.gsa.shared.util.concurrent.a.ax.run(SourceFile:139)
03-07 16:48:13.265  2783  5051 W ErrorProcessor: 	at com.google.android.apps.gsa.shared.util.concurrent.a.ax.run(SourceFile:139)
03-07 16:48:13.265  2783  5051 W ErrorProcessor: 	... 4 more
03-07 16:48:13.265  2783  5051 I AudioController: internalShutdown
03-07 16:48:13.265  2783  2783 I MicroDetector: Keeping mic open: false
03-07 16:48:13.265  2783  2783 I MicroDetectionWorker: #onError(false)
03-07 16:48:13.265  2783  5050 I DeviceStateChecker: DeviceStateChecker cancelled
03-07 16:48:14.477  1888  4684 I NetworkScheduler.Stats: Task com.google.android.gms/com.google.android.gms.phenotype.service.sync.PhenotypeConfigurator started execution. cause:4 exec_start_elapsed_seconds: 126 [CONTEXT service_id=218 ]
03-07 16:48:14.489  1888  2369 I aoqb    : Removed 0 invalid users [CONTEXT service_id=51 ]
03-07 16:48:14.608  1441  1467 W audio_hw_generic: Not supplying enough data to HAL, expected position 1054160 , only wrote 902160
03-07 16:48:14.944  1888  2369 I aopq    : Scheduling adaptive one off task with window [14400, 604800] in seconds [CONTEXT service_id=51 ]
03-07 16:48:14.959  1888  4684 I NetworkScheduler.Stats: Task com.google.android.gms/com.google.android.gms.phenotype.service.sync.PhenotypeConfigurator finished executing. cause:4 result: 1 elapsed_millis: 492 uptime_millis: 492 exec_start_elapsed_seconds: 126 [CONTEXT service_id=218 ]
03-07 16:48:14.962  1888  5057 I Auth    : [AuthManaged,PasswordComplexityHelperImpl] Updating password complexity components state.
03-07 16:48:14.962  1888  5057 I Auth    : [AuthManaged,PasswordComplexityHelperImpl] Enabling com.google.android.gms.auth.managed.ui.SetNewPasswordActivity
03-07 16:48:14.967  1888  2824 E BluetoothAdapter: Bluetooth binder is null
03-07 16:48:14.969  2300  4906 I ExposureNotification: Phenotype config updated, isEnabled: true [CONTEXT service_id=236 ]
03-07 16:48:14.970  1888  1888 I ExposureNotification: ExposureNotificationInternalService.onCreate, com.google.android.gms.nearby.exposurenotification.service.ExposureNotificationInternalChimeraService@f124ffd [CONTEXT service_id=236 ]
03-07 16:48:14.970  1888  1888 I ExposureNotification: ExposureServiceInternalService.onStartCommand, Intent { act=com.google.android.gms.nearby.exposurenotification.service.ACTION_CLIENT_CHANGE cmp=com.google.android.gms/.nearby.exposurenotification.service.ExposureNotificationInternalService } [CONTEXT service_id=236 ]
03-07 16:48:14.970  2300  4836 I NearbySharing: Runtime state initialization complete. Sharing is disabled. [CONTEXT service_id=194 ]
03-07 16:48:14.970  1888  1888 I ExposureNotification: Utils#isSupported enabled=true, isDeviceSupported=true, isBluetoothSupported=false, BluetoothAdapter.isMultipleAdvertisementSupported=false [CONTEXT service_id=236 ]
03-07 16:48:14.970  1888  1888 I ExposureNotification: Exposure notifications disabled. [CONTEXT service_id=236 ]
03-07 16:48:14.970  1888  1888 I ExposureNotification: ExposureServiceInternalService.stopTracing [CONTEXT service_id=236 ]
03-07 16:48:14.971  1888  1888 I ExposureNotification: AlarmManagerImpl.opportunisticSchedule called, delay=1800000ms [CONTEXT service_id=236 ]
03-07 16:48:14.972  1888  1888 I ExposureNotification: User turn off scanning. [CONTEXT service_id=236 ]
03-07 16:48:14.972  1888  1888 I ExposureNotification: Not scanning! [CONTEXT service_id=236 ]
03-07 16:48:14.972  1888  1888 W ExposureNotification: stopTracing called but Scanner failed to stop! [CONTEXT service_id=236 ]
03-07 16:48:14.974  1888  1888 I ExposureNotification: ThreadSafeLevelDbWrapper: do open LevelDb contact-tracing-self-tracing-key-db [CONTEXT service_id=236 ]
03-07 16:48:14.974  1888  1888 I ExposureNotification: ThreadSafeLevelDbWrapper:contact-tracing-self-tracing-key-db instance ajdk@bd1c8d8 created [CONTEXT service_id=236 ]
03-07 16:48:14.974  1888  1888 I ExposureNotification: ThreadSafeLevelDbWrapper:contact-tracing-self-tracing-key-db instance ajdk@bd1c8d8 closed [CONTEXT service_id=236 ]
03-07 16:48:14.974  1888  1888 I ExposureNotification: ThreadSafeLevelDbWrapper: do close LevelDb contact-tracing-self-tracing-key-db [CONTEXT service_id=236 ]
03-07 16:48:14.974  1888  1888 I NearbySharing: ReceiveSurfaceService created [CONTEXT service_id=194 ]
03-07 16:48:14.975  1888  1888 I NearbySharing: ReceiveSurfaceService started [CONTEXT service_id=194 ]
03-07 16:48:14.975  1888  1888 I ExposureNotification: ExposureServiceInternalService.onDestroy, com.google.android.gms.nearby.exposurenotification.service.ExposureNotificationInternalChimeraService@f124ffd [CONTEXT service_id=236 ]
03-07 16:48:14.975  1888  1888 I NearbySharing: ReceiveSurfaceService destroyed [CONTEXT service_id=194 ]
03-07 16:48:18.270  2783  2783 I MicroDetectionWorker: Micro detection mode: [mDetectionMode: [1]].
03-07 16:48:18.272  2783  2783 I AudioController: Using mInputStreamFactoryBuilder
03-07 16:48:18.275  1737  4155 I ActivityManager: Killing 3678:com.google.android.apps.photos/u0a65 (adj 906): empty #17
03-07 16:48:18.276  2783  5068 I MicroRecognitionRunner: Starting detection.
03-07 16:48:18.277  2783  2962 I MicrophoneInputStream: mic_starting com.google.android.apps.gsa.staticplugins.z.c@9e1de9b
03-07 16:48:18.278  1441  5071 I AudioFlinger: AudioFlinger's thread 0xe4403900 ready to run
03-07 16:48:18.290  2783  2962 I MicrophoneInputStream: mic_started com.google.android.apps.gsa.staticplugins.z.c@9e1de9b
03-07 16:48:18.290  2783  2962 E ActivityThread: Failed to find provider info for com.google.android.apps.gsa.testing.ui.audio.recorded
03-07 16:48:18.291  2783  2783 I MicroDetectionWorker: onReady
03-07 16:48:18.310  2783  2962 I MicrophoneInputStream: mic_close com.google.android.apps.gsa.staticplugins.z.c@9e1de9b
03-07 16:48:18.310  2783  5068 I MicroRecognitionRunner: Detection finished
03-07 16:48:18.310  2783  5068 W ErrorReporter: reportError [type: 211, code: 524300]: Error reading from input stream
03-07 16:48:18.311  2783  3087 I MicroRecognitionRunner: Stopping hotword detection.
03-07 16:48:18.311  2783  5068 W ErrorProcessor: onFatalError, processing error from engine(4)
03-07 16:48:18.311  2783  5068 W ErrorProcessor: com.google.android.apps.gsa.shared.speech.a.g: Error reading from input stream
03-07 16:48:18.311  2783  5068 W ErrorProcessor: 	at com.google.android.apps.gsa.staticplugins.recognizer.i.a.a(SourceFile:342)
03-07 16:48:18.311  2783  5068 W ErrorProcessor: 	at com.google.android.apps.gsa.staticplugins.recognizer.i.a$1.run(SourceFile:1367)
03-07 16:48:18.311  2783  5068 W ErrorProcessor: 	at java.util.concurrent.Executors$RunnableAdapter.call(Executors.java:428)
03-07 16:48:18.311  2783  5068 W ErrorProcessor: 	at java.util.concurrent.FutureTask.run(FutureTask.java:237)
03-07 16:48:18.311  2783  5068 W ErrorProcessor: 	at com.google.android.apps.gsa.shared.util.concurrent.a.ak.run(SourceFile:66)
03-07 16:48:18.311  2783  5068 W ErrorProcessor: 	at java.util.concurrent.ThreadPoolExecutor.runWorker(ThreadPoolExecutor.java:1133)
03-07 16:48:18.311  2783  5068 W ErrorProcessor: 	at java.util.concurrent.ThreadPoolExecutor$Worker.run(ThreadPoolExecutor.java:607)
03-07 16:48:18.311  2783  5068 W ErrorProcessor: 	at java.lang.Thread.run(Thread.java:761)
03-07 16:48:18.311  2783  5068 W ErrorProcessor: 	at com.google.android.apps.gsa.shared.util.concurrent.a.ad$1.run(SourceFile:85)
03-07 16:48:18.311  2783  5068 W ErrorProcessor: Caused by: com.google.android.apps.gsa.shared.exception.GsaIOException: Error code: 393238 | Buffer overflow, no available space.
03-07 16:48:18.311  2783  5068 W ErrorProcessor: 	at com.google.android.apps.gsa.speech.audio.Tee.g(SourceFile:2531)
03-07 16:48:18.311  2783  5068 W ErrorProcessor: 	at com.google.android.apps.gsa.speech.audio.ap.read(SourceFile:555)
03-07 16:48:18.311  2783  5068 W ErrorProcessor: 	at java.io.InputStream.read(InputStream.java:101)
03-07 16:48:18.311  2783  5068 W ErrorProcessor: 	at com.google.android.apps.gsa.speech.audio.al.run(SourceFile:362)
03-07 16:48:18.311  2783  5068 W ErrorProcessor: 	at com.google.android.apps.gsa.speech.audio.ak$1.run(SourceFile:471)
03-07 16:48:18.311  2783  5068 W ErrorProcessor: 	at java.util.concurrent.Executors$RunnableAdapter.call(Executors.java:428)
03-07 16:48:18.311  2783  5068 W ErrorProcessor: 	at java.util.concurrent.FutureTask.run(FutureTask.java:237)
03-07 16:48:18.311  2783  5068 W ErrorProcessor: 	at com.google.android.apps.gsa.shared.util.concurrent.a.ak.run(SourceFile:66)
03-07 16:48:18.311  2783  5068 W ErrorProcessor: 	at com.google.android.apps.gsa.shared.util.concurrent.a.ax.run(SourceFile:139)
03-07 16:48:18.311  2783  5068 W ErrorProcessor: 	at com.google.android.apps.gsa.shared.util.concurrent.a.ax.run(SourceFile:139)
03-07 16:48:18.311  2783  5068 W ErrorProcessor: 	... 4 more
03-07 16:48:18.311  2783  5068 I AudioController: internalShutdown
03-07 16:48:18.312  2783  2783 I MicroDetector: Keeping mic open: false
03-07 16:48:18.312  2783  2783 I MicroDetectionWorker: #onError(false)
03-07 16:48:18.312  2783  5067 I DeviceStateChecker: DeviceStateChecker cancelled
03-07 16:48:18.330  1737  4155 D ActivityManager: cleanUpApplicationRecord -- 3678
03-07 16:48:20.281  2783  2783 I GrammarCompilationSvcCt: #startService for null, APP_NAMES.
03-07 16:48:20.286  2300  4836 I Vision  : Requesting optional module download of ocr.
03-07 16:48:20.286  2300  4836 I Vision  : Checking for download completion for 141927 -- ocr
03-07 16:48:20.287  2783  5074 I ContextCompilationHandl: Compiling grammar for: en-US, type=APP_NAMES
03-07 16:48:20.288  2783  5074 I ContextCompilationHandl: No grammar compilation resources for VOICE_ACTIONS_COMPILER, aborting. 
03-07 16:48:21.982  1737  1749 I ActivityManager: Killing 4380:com.google.android.apps.photos:CameraShortcut/u0a65 (adj 906): empty #17
03-07 16:48:22.029  1737  2548 D ActivityManager: cleanUpApplicationRecord -- 4380
03-07 16:48:23.315  2783  2783 I MicroDetectionWorker: Micro detection mode: [mDetectionMode: [1]].
03-07 16:48:23.315  2783  2783 I AudioController: Using mInputStreamFactoryBuilder
03-07 16:48:23.316  2783  5081 I MicroRecognitionRunner: Starting detection.
03-07 16:48:23.316  2783  2962 I MicrophoneInputStream: mic_starting com.google.android.apps.gsa.staticplugins.z.c@d3ac67b
03-07 16:48:23.316  1441  5084 I AudioFlinger: AudioFlinger's thread 0xe4183ac0 ready to run
03-07 16:48:23.317  2783  2962 I MicrophoneInputStream: mic_started com.google.android.apps.gsa.staticplugins.z.c@d3ac67b
03-07 16:48:23.317  2783  2962 E ActivityThread: Failed to find provider info for com.google.android.apps.gsa.testing.ui.audio.recorded
03-07 16:48:23.317  2783  2783 I MicroDetectionWorker: onReady
03-07 16:48:23.318  2783  2962 I MicrophoneInputStream: mic_close com.google.android.apps.gsa.staticplugins.z.c@d3ac67b
03-07 16:48:23.318  2783  5081 I MicroRecognitionRunner: Detection finished
03-07 16:48:23.318  2783  5081 W ErrorReporter: reportError [type: 211, code: 524300]: Error reading from input stream
03-07 16:48:23.318  2783  3087 I MicroRecognitionRunner: Stopping hotword detection.
03-07 16:48:23.318  2783  5081 W ErrorProcessor: onFatalError, processing error from engine(4)
03-07 16:48:23.318  2783  5081 W ErrorProcessor: com.google.android.apps.gsa.shared.speech.a.g: Error reading from input stream
03-07 16:48:23.318  2783  5081 W ErrorProcessor: 	at com.google.android.apps.gsa.staticplugins.recognizer.i.a.a(SourceFile:342)
03-07 16:48:23.318  2783  5081 W ErrorProcessor: 	at com.google.android.apps.gsa.staticplugins.recognizer.i.a$1.run(SourceFile:1367)
03-07 16:48:23.318  2783  5081 W ErrorProcessor: 	at java.util.concurrent.Executors$RunnableAdapter.call(Executors.java:428)
03-07 16:48:23.318  2783  5081 W ErrorProcessor: 	at java.util.concurrent.FutureTask.run(FutureTask.java:237)
03-07 16:48:23.318  2783  5081 W ErrorProcessor: 	at com.google.android.apps.gsa.shared.util.concurrent.a.ak.run(SourceFile:66)
03-07 16:48:23.318  2783  5081 W ErrorProcessor: 	at java.util.concurrent.ThreadPoolExecutor.runWorker(ThreadPoolExecutor.java:1133)
03-07 16:48:23.318  2783  5081 W ErrorProcessor: 	at java.util.concurrent.ThreadPoolExecutor$Worker.run(ThreadPoolExecutor.java:607)
03-07 16:48:23.318  2783  5081 W ErrorProcessor: 	at java.lang.Thread.run(Thread.java:761)
03-07 16:48:23.318  2783  5081 W ErrorProcessor: 	at com.google.android.apps.gsa.shared.util.concurrent.a.ad$1.run(SourceFile:85)
03-07 16:48:23.318  2783  5081 W ErrorProcessor: Caused by: com.google.android.apps.gsa.shared.exception.GsaIOException: Error code: 393238 | Buffer overflow, no available space.
03-07 16:48:23.318  2783  5081 W ErrorProcessor: 	at com.google.android.apps.gsa.speech.audio.Tee.g(SourceFile:2531)
03-07 16:48:23.318  2783  5081 W ErrorProcessor: 	at com.google.android.apps.gsa.speech.audio.ap.read(SourceFile:555)
03-07 16:48:23.318  2783  5081 W ErrorProcessor: 	at java.io.InputStream.read(InputStream.java:101)
03-07 16:48:23.318  2783  5081 W ErrorProcessor: 	at com.google.android.apps.gsa.speech.audio.al.run(SourceFile:362)
03-07 16:48:23.318  2783  5081 W ErrorProcessor: 	at com.google.android.apps.gsa.speech.audio.ak$1.run(SourceFile:471)
03-07 16:48:23.318  2783  5081 W ErrorProcessor: 	at java.util.concurrent.Executors$RunnableAdapter.call(Executors.java:428)
03-07 16:48:23.318  2783  5081 W ErrorProcessor: 	at java.util.concurrent.FutureTask.run(FutureTask.java:237)
03-07 16:48:23.318  2783  5081 W ErrorProcessor: 	at com.google.android.apps.gsa.shared.util.concurrent.a.ak.run(SourceFile:66)
03-07 16:48:23.318  2783  5081 W ErrorProcessor: 	at com.google.android.apps.gsa.shared.util.concurrent.a.ax.run(SourceFile:139)
03-07 16:48:23.318  2783  5081 W ErrorProcessor: 	at com.google.android.apps.gsa.shared.util.concurrent.a.ax.run(SourceFile:139)
03-07 16:48:23.318  2783  5081 W ErrorProcessor: 	... 4 more
03-07 16:48:23.318  2783  5081 I AudioController: internalShutdown
03-07 16:48:23.327  2783  2783 I MicroDetector: Keeping mic open: false
03-07 16:48:23.327  2783  2783 I MicroDetectionWorker: #onError(false)
03-07 16:48:23.327  2783  5080 I DeviceStateChecker: DeviceStateChecker cancelled
03-07 16:48:25.016  1737  1791 I InputReader: Reconfiguring input devices.  changes=0x00000010
03-07 16:48:25.020  2058  2058 D CarrierSvcBindHelper: No carrier app for: 0
03-07 16:48:28.332  2783  2783 I MicroDetectionWorker: Micro detection mode: [mDetectionMode: [1]].
03-07 16:48:28.333  2783  2783 I AudioController: Using mInputStreamFactoryBuilder
03-07 16:48:28.337  2783  5090 I MicroRecognitionRunner: Starting detection.
03-07 16:48:28.338  2783  2962 I MicrophoneInputStream: mic_starting com.google.android.apps.gsa.staticplugins.z.c@fcc8461
03-07 16:48:28.339  1441  5093 I AudioFlinger: AudioFlinger's thread 0xe3f03640 ready to run
03-07 16:48:28.342  2783  2962 I MicrophoneInputStream: mic_started com.google.android.apps.gsa.staticplugins.z.c@fcc8461
03-07 16:48:28.343  2783  2962 E ActivityThread: Failed to find provider info for com.google.android.apps.gsa.testing.ui.audio.recorded
03-07 16:48:28.343  2783  2783 I MicroDetectionWorker: onReady
03-07 16:48:28.344  2783  2962 I MicrophoneInputStream: mic_close com.google.android.apps.gsa.staticplugins.z.c@fcc8461
03-07 16:48:28.344  2783  5090 I MicroRecognitionRunner: Detection finished
03-07 16:48:28.344  2783  5090 W ErrorReporter: reportError [type: 211, code: 524300]: Error reading from input stream
03-07 16:48:28.344  2783  3087 I MicroRecognitionRunner: Stopping hotword detection.
03-07 16:48:28.344  2783  5090 W ErrorProcessor: onFatalError, processing error from engine(4)
03-07 16:48:28.344  2783  5090 W ErrorProcessor: com.google.android.apps.gsa.shared.speech.a.g: Error reading from input stream
03-07 16:48:28.344  2783  5090 W ErrorProcessor: 	at com.google.android.apps.gsa.staticplugins.recognizer.i.a.a(SourceFile:342)
03-07 16:48:28.344  2783  5090 W ErrorProcessor: 	at com.google.android.apps.gsa.staticplugins.recognizer.i.a$1.run(SourceFile:1367)
03-07 16:48:28.344  2783  5090 W ErrorProcessor: 	at java.util.concurrent.Executors$RunnableAdapter.call(Executors.java:428)
03-07 16:48:28.344  2783  5090 W ErrorProcessor: 	at java.util.concurrent.FutureTask.run(FutureTask.java:237)
03-07 16:48:28.344  2783  5090 W ErrorProcessor: 	at com.google.android.apps.gsa.shared.util.concurrent.a.ak.run(SourceFile:66)
03-07 16:48:28.344  2783  5090 W ErrorProcessor: 	at java.util.concurrent.ThreadPoolExecutor.runWorker(ThreadPoolExecutor.java:1133)
03-07 16:48:28.344  2783  5090 W ErrorProcessor: 	at java.util.concurrent.ThreadPoolExecutor$Worker.run(ThreadPoolExecutor.java:607)
03-07 16:48:28.344  2783  5090 W ErrorProcessor: 	at java.lang.Thread.run(Thread.java:761)
03-07 16:48:28.344  2783  5090 W ErrorProcessor: 	at com.google.android.apps.gsa.shared.util.concurrent.a.ad$1.run(SourceFile:85)
03-07 16:48:28.344  2783  5090 W ErrorProcessor: Caused by: com.google.android.apps.gsa.shared.exception.GsaIOException: Error code: 393238 | Buffer overflow, no available space.
03-07 16:48:28.344  2783  5090 W ErrorProcessor: 	at com.google.android.apps.gsa.speech.audio.Tee.g(SourceFile:2531)
03-07 16:48:28.344  2783  5090 W ErrorProcessor: 	at com.google.android.apps.gsa.speech.audio.ap.read(SourceFile:555)
03-07 16:48:28.344  2783  5090 W ErrorProcessor: 	at java.io.InputStream.read(InputStream.java:101)
03-07 16:48:28.344  2783  5090 W ErrorProcessor: 	at com.google.android.apps.gsa.speech.audio.al.run(SourceFile:362)
03-07 16:48:28.344  2783  5090 W ErrorProcessor: 	at com.google.android.apps.gsa.speech.audio.ak$1.run(SourceFile:471)
03-07 16:48:28.344  2783  5090 W ErrorProcessor: 	at java.util.concurrent.Executors$RunnableAdapter.call(Executors.java:428)
03-07 16:48:28.344  2783  5090 W ErrorProcessor: 	at java.util.concurrent.FutureTask.run(FutureTask.java:237)
03-07 16:48:28.344  2783  5090 W ErrorProcessor: 	at com.google.android.apps.gsa.shared.util.concurrent.a.ak.run(SourceFile:66)
03-07 16:48:28.344  2783  5090 W ErrorProcessor: 	at com.google.android.apps.gsa.shared.util.concurrent.a.ax.run(SourceFile:139)
03-07 16:48:28.344  2783  5090 W ErrorProcessor: 	at com.google.android.apps.gsa.shared.util.concurrent.a.ax.run(SourceFile:139)
03-07 16:48:28.344  2783  5090 W ErrorProcessor: 	... 4 more
03-07 16:48:28.344  2783  5090 I AudioController: internalShutdown
03-07 16:48:28.345  2783  2783 I MicroDetector: Keeping mic open: false
03-07 16:48:28.345  2783  2783 I MicroDetectionWorker: #onError(false)
03-07 16:48:28.345  2783  5089 I DeviceStateChecker: DeviceStateChecker cancelled
03-07 16:48:29.305  2058  2777 I OmtpVvmCarrierCfgHlpr: OmtpEvent:CONFIG_STATUS_SMS_TIME_OUT
03-07 16:48:29.305  2058  2058 I RetryPolicy: discarding deferred status: configuration_state=4
03-07 16:48:29.311  2058  2058 D VvmTaskScheduler: No more tasks, stopping service if no task are added in 5000 millis
03-07 16:48:29.312  2058  2058 D VvmTaskScheduler: create task:com.android.phone.vvm.omtp.ActivationTask
03-07 16:48:29.312  2058  2058 D RetryPolicy: retry #2 for com.android.phone.vvm.omtp.ActivationTask@ccbf2f1 queued, executing in 5000
03-07 16:48:29.314  2058  2058 D VvmTaskScheduler: minimal wait time:4999
03-07 16:48:29.315  2058  2058 D VvmTaskScheduler: minimal wait time:4998
