--------- beginning of system
03-08 10:38:05.217  1731  2544 W ActivityManager: Unable to start service Intent { act=com.google.android.gms.auth.key.retrieval.service.START pkg=com.google.android.gms } U=0: not found
03-08 10:38:05.218  1731  5660 W ActivityManager: Unbind failed: could not find connection for android.os.BinderProxy@b8c1c4e
--------- beginning of main
03-08 10:38:05.218  2224  2589 E GmsClient: unable to connect to service: com.google.android.gms.auth.key.retrieval.service.START on com.google.android.gms
03-08 10:38:05.218  1883  5647 W GCM     : Unexpected forwarded intent: Intent { act=android.intent.action.PACKAGE_ADDED dat=package:com.timebomb flg=0x4000010 cmp=com.google.android.gms/.chimera.PersistentIntentOperationService (has extras) }
03-08 10:38:05.218  2224  5656 I Auth    : [SupervisedAccountIntentOperation] onHandleIntent(): android.intent.action.PACKAGE_ADDED
03-08 10:38:05.218  2224  5655 I ChromeSync: [Sync,SyncIntentOperation] Handling the intent: Intent { act=android.intent.action.PACKAGE_ADDED dat=package:com.timebomb flg=0x4000010 cmp=com.google.android.gms/.chimera.GmsIntentOperationService (has extras) }.
03-08 10:38:05.219  2224  5656 I FontLog : Package com.timebomb has no metadata [CONTEXT service_id=132 ]
03-08 10:38:05.219  1883  5647 W GCM     : Unexpected forwarded intent: Intent { act=android.intent.action.PACKAGE_ADDED dat=package:com.timebomb flg=0x4000010 cmp=com.google.android.gms/.chimera.PersistentIntentOperationService (has extras) }
03-08 10:38:05.220  2691  5678 I UpdateIcingCorporaServi: Updating corpora: APPS=com.timebomb, CONTACTS=MAYBE
03-08 10:38:05.223  1731  1751 W InputMethodInfo: Duplicated subtype definition found: , voice
03-08 10:38:05.232  2224  5663 I ChimeraConfigurator: Starting update, reason: 4 urgentFeatures: pay:-1
03-08 10:38:05.233  2224  5663 E ConfigFileUtils: Failed to read config file: /data/user_de/0/com.google.android.gms/app_chimera/next_container.pb (No such file or directory)
03-08 10:38:05.241  2224  5655 I ChromeSync: [Persistence,AffiliationManager] One of affiliation or grouping data for android://E7sVhSlRpIoUuFi3TXydW5NVzoIlaqKGEd_pB6KYkenV_09VYcDDP6jUIhVVqCkFDwr-LlKgh3MKbJyg6W5j9A==@com.timebomb/ was not found. Marking affiliation data as stale...
03-08 10:38:05.242  2224  2656 I Icing   : IndexChimeraService.getServiceInterface callingPackage=com.google.android.googlequicksearchbox componentName=null serviceId=36
03-08 10:38:05.242  2224  5663 I ChmraDebugLogger: [73] 1801
03-08 10:38:05.243  2224  5663 I ChmraDebugLogger: [30] [Pay.optional:202414020000] permitMetered=true,
03-08 10:38:05.244  2224  5663 W ChimeraConfigService: Retry attempt was throttled.
03-08 10:38:05.246  2224  5662 W Icing   : No valid account for uploading user actions
03-08 10:38:05.250  2224  5662 I Icing   : Usage reports ok 0, Failed Usage reports 0, indexed 0, rejected 0
03-08 10:38:05.250  2691  5678 I UpdateIcingCorporaServi: UpdateCorporaTask done [took 30 ms] updated apps [took 30 ms] 
03-08 10:38:05.251  2224  5662 I Icing   : Indexing com.google.android.googlequicksearchbox-applications_uri from com.google.android.googlequicksearchbox
03-08 10:38:05.262  2224  5662 I Icing   : Indexing done com.google.android.googlequicksearchbox-applications_uri
03-08 10:38:05.262  2224  5662 I Icing   : Indexing com.google.android.gms-internal.3p:MobileApplication from com.google.android.gms
03-08 10:38:05.264  2224  5662 I Icing   : Indexing com.google.android.gms-apps from com.google.android.gms
03-08 10:38:05.267  2224  5662 I Icing   : Indexing done com.google.android.gms-internal.3p:MobileApplication
03-08 10:38:05.267  2224  5662 I Icing   : Indexing done com.google.android.gms-apps
03-08 10:38:05.330  5677  5677 D AndroidRuntime: >>>>>> START com.android.internal.os.RuntimeInit uid 2000 <<<<<<
03-08 10:38:05.331  5677  5677 D AndroidRuntime: CheckJNI is OFF
03-08 10:38:05.349  5677  5677 W art     : Unexpected CPU variant for X86 using defaults: x86_64
03-08 10:38:05.350  5677  5677 D ICU     : No timezone override file found: /data/misc/zoneinfo/current/icu/icu_tzdata.dat
03-08 10:38:05.356  5677  5677 E memtrack: Couldn't load memtrack module (No such file or directory)
03-08 10:38:05.356  5677  5677 E android.os.Debug: failed to load memtrack module: -2
03-08 10:38:05.356  5677  5677 I Radio-JNI: register_android_hardware_Radio DONE
03-08 10:38:05.359  5677  5677 D AndroidRuntime: Calling main entry com.android.commands.monkey.Monkey
03-08 10:38:05.367  1731  1753 W BroadcastQueue: Skipping deliver [background] BroadcastRecord{3f94229 u-1 android.net.conn.CONNECTIVITY_CHANGE} to ReceiverList{7ffd9ae 5677 (unknown name)/2000/u-1 remote:3488af3}: process crashing
03-08 10:38:05.369  1731  1898 I ActivityManager: START u0 {act=android.intent.action.MAIN cat=[android.intent.category.LAUNCHER] flg=0x10200000 cmp=com.timebomb/.MainActivity} from uid 2000 on display 0
03-08 10:38:05.374  5692  5692 I art     : Late-enabling -Xcheck:jni
03-08 10:38:05.374  5692  5692 W art     : Unexpected CPU variant for X86 using defaults: x86_64
03-08 10:38:05.381  1731  2238 I ActivityManager: Start proc 5692:com.timebomb/u0a87 for activity com.timebomb/.MainActivity
03-08 10:38:05.383  5677  5677 I art     : System.exit called, status: 0
03-08 10:38:05.383  5677  5677 I AndroidRuntime: VM exiting with result code 0.
03-08 10:38:05.384  5692  5692 W System  : ClassLoader referenced unknown path: /data/app/com.timebomb-1/lib/x86_64
03-08 10:38:05.402  1354  1390 D gralloc_ranchu: gralloc_alloc: Creating ashmem region of size 3932160
03-08 10:38:05.406  5692  5692 W art     : Before Android 4.1, method android.graphics.PorterDuffColorFilter androidx.vectordrawable.graphics.drawable.VectorDrawableCompat.updateTintFilter(android.graphics.PorterDuffColorFilter, android.content.res.ColorStateList, android.graphics.PorterDuff$Mode) would have incorrectly overridden the package-private method in android.graphics.drawable.Drawable
03-08 10:38:05.418  5692  5692 V TimeBomb: [bombAfterDays] Bomb in 1d Build Date=08.03.2023 Today=08.03.2023 Passed Days=0
03-08 10:38:05.418  2691  2908 D EGL_emulation: eglMakeCurrent: 0xda29c8e0: ver 3 0 (tinfo 0xb357ca00)
03-08 10:38:05.418  2658  2742 D EGL_emulation: eglMakeCurrent: 0x799827659940: ver 3 0 (tinfo 0x79982773d440)
03-08 10:38:05.422  1354  4582 E SurfaceFlinger: ro.sf.lcd_density must be defined as a build property
03-08 10:38:05.423  5692  5692 D         : HostConnection::get() New Host Connection established 0x79981e5c6be0, tid 5692
03-08 10:38:05.454  5692  5709 D         : HostConnection::get() New Host Connection established 0x79982101d4e0, tid 5709
03-08 10:38:05.455  5692  5709 I OpenGLRenderer: Initialized EGL, version 1.4
03-08 10:38:05.455  5692  5709 D OpenGLRenderer: Swap behavior 1
03-08 10:38:05.457  5692  5709 D EGL_emulation: eglCreateContext: 0x7998210400a0: maj 3 min 0 rcv 3
03-08 10:38:05.457  5692  5709 D EGL_emulation: eglMakeCurrent: 0x7998210400a0: ver 3 0 (tinfo 0x79982100c340)
03-08 10:38:05.458  5692  5692 D AndroidRuntime: Shutting down VM
--------- beginning of crash
03-08 10:38:05.458  5692  5692 E AndroidRuntime: FATAL EXCEPTION: main
03-08 10:38:05.458  5692  5692 E AndroidRuntime: Process: com.timebomb, PID: 5692
03-08 10:38:05.458  5692  5692 E AndroidRuntime: java.lang.ExceptionInInitializerError
03-08 10:38:05.458  5692  5692 E AndroidRuntime: 	at androidx.core.view.ViewConfigurationCompat.shouldShowMenuShortcutsWhenKeyboardPresent(ViewConfigurationCompat.java)
03-08 10:38:05.458  5692  5692 E AndroidRuntime: 	at androidx.appcompat.view.menu.MenuBuilder.setShortcutsVisibleInner(MenuBuilder.java)
03-08 10:38:05.458  5692  5692 E AndroidRuntime: 	at androidx.appcompat.view.menu.MenuBuilder.<init>(MenuBuilder.java)
03-08 10:38:05.458  5692  5692 E AndroidRuntime: 	at androidx.appcompat.app.AppCompatDelegateImpl.initializePanelMenu(AppCompatDelegateImpl.java)
03-08 10:38:05.458  5692  5692 E AndroidRuntime: 	at androidx.appcompat.app.AppCompatDelegateImpl.preparePanel(AppCompatDelegateImpl.java)
03-08 10:38:05.458  5692  5692 E AndroidRuntime: 	at androidx.appcompat.app.AppCompatDelegateImpl.doInvalidatePanelMenu(AppCompatDelegateImpl.java)
03-08 10:38:05.458  5692  5692 E AndroidRuntime: 	at androidx.appcompat.app.AppCompatDelegateImpl$2.run(AppCompatDelegateImpl.java)
03-08 10:38:05.458  5692  5692 E AndroidRuntime: 	at android.os.Handler.handleCallback(Handler.java:751)
03-08 10:38:05.458  5692  5692 E AndroidRuntime: 	at android.os.Handler.dispatchMessage(Handler.java:95)
03-08 10:38:05.458  5692  5692 E AndroidRuntime: 	at android.os.Looper.loop(Looper.java:154)
03-08 10:38:05.458  5692  5692 E AndroidRuntime: 	at android.app.ActivityThread.main(ActivityThread.java:6119)
03-08 10:38:05.458  5692  5692 E AndroidRuntime: 	at java.lang.reflect.Method.invoke(Native Method)
03-08 10:38:05.458  5692  5692 E AndroidRuntime: 	at com.android.internal.os.ZygoteInit$MethodAndArgsCaller.run(ZygoteInit.java:886)
03-08 10:38:05.458  5692  5692 E AndroidRuntime: 	at com.android.internal.os.ZygoteInit.main(ZygoteInit.java:776)
03-08 10:38:05.458  5692  5692 E AndroidRuntime: Caused by: java.lang.NoSuchMethodException: getScaledScrollFactor []
03-08 10:38:05.458  5692  5692 E AndroidRuntime: 	at java.lang.Class.getMethod(Class.java:1981)
03-08 10:38:05.458  5692  5692 E AndroidRuntime: 	at java.lang.Class.getDeclaredMethod(Class.java:1960)
03-08 10:38:05.458  5692  5692 E AndroidRuntime: 	at androidx.core.view.ViewConfigurationCompat.<clinit>(ViewConfigurationCompat.java)
03-08 10:38:05.458  5692  5692 E AndroidRuntime: 	... 14 more
03-08 10:38:05.458  1731  1749 W ActivityManager:   Force finishing activity com.timebomb/.MainActivity
03-08 10:38:05.464  1354  2257 E SurfaceFlinger: ro.sf.lcd_density must be defined as a build property
03-08 10:38:05.475  2691  2691 W SearchService: Abort, client detached.
03-08 10:38:05.486  1731  5712 D         : HostConnection::get() New Host Connection established 0x7998210b08a0, tid 5712
03-08 10:38:05.490  1731  5712 I OpenGLRenderer: Initialized EGL, version 1.4
03-08 10:38:05.490  1731  5712 D OpenGLRenderer: Swap behavior 1
03-08 10:38:05.490  1731  5712 D EGL_emulation: eglCreateContext: 0x79980c65fce0: maj 3 min 0 rcv 3
03-08 10:38:05.490  1731  5712 D EGL_emulation: eglMakeCurrent: 0x79980c65fce0: ver 3 0 (tinfo 0x79980c6427c0)
03-08 10:38:05.492  1731  5712 D EGL_emulation: eglMakeCurrent: 0x79980c65fce0: ver 3 0 (tinfo 0x79980c6427c0)
03-08 10:38:05.959  1731  1753 W ActivityManager: Activity pause timeout for ActivityRecord{db0adc u0 com.timebomb/.MainActivity t9 f}
03-08 10:38:05.985  2691  2908 D EGL_emulation: eglMakeCurrent: 0xda29c8e0: ver 3 0 (tinfo 0xb357ca00)
03-08 10:38:05.986  2658  2742 D EGL_emulation: eglMakeCurrent: 0x799827659940: ver 3 0 (tinfo 0x79982773d440)
03-08 10:38:05.987  2658  2742 W OpenGLRenderer: Incorrectly called buildLayer on View: ShortcutAndWidgetContainer, destroying layer...
03-08 10:38:05.992  1354  1376 D gralloc_ranchu: gralloc_alloc: Creating ashmem region of size 1253376
03-08 10:38:05.993  1731  1753 D         : HostConnection::get() New Host Connection established 0x7998056ae640, tid 1753
03-08 10:38:06.061  2691  2691 I OptInState: There is a new client and it does not support opt-in. Dropping request.
03-08 10:38:06.062  2691  5602 W LocationOracle: No location history returned by ContextManager
03-08 10:38:06.063  2691  2691 I MicroDetectionWorker: Micro detection mode: [mDetectionMode: [1]].
03-08 10:38:06.063  2691  2691 I AudioController: Using mInputStreamFactoryBuilder
03-08 10:38:06.064  1883  2878 W GCoreFlp: No location to return for getLastLocation()
03-08 10:38:06.064  2691  5716 I MicroRecognitionRunner: Starting detection.
03-08 10:38:06.064  2691  2781 I MicrophoneInputStream: mic_starting com.google.android.apps.gsa.staticplugins.z.c@28c3c97
03-08 10:38:06.064  1439  5719 I AudioFlinger: AudioFlinger's thread 0xe9c03f80 ready to run
03-08 10:38:06.065  1439  3073 E AudioFlinger: not enough memory for AudioTrack size=131296
03-08 10:38:06.065  1439  3073 D MemoryDealer:   AudioTrack (0xf039ceb0, size=4194304)
03-08 10:38:06.065  1439  3073 D MemoryDealer:     0: 0xf039cec0 | 0x00000000 | 0x000200E0 | A 
03-08 10:38:06.065  1439  3073 D MemoryDealer:     1: 0xf039cee0 | 0x000200E0 | 0x000200E0 | A 
03-08 10:38:06.065  1439  3073 D MemoryDealer:     2: 0xf039cf50 | 0x000401C0 | 0x000200E0 | A 
03-08 10:38:06.065  1439  3073 D MemoryDealer:     3: 0xefa660c0 | 0x000602A0 | 0x000200E0 | A 
03-08 10:38:06.065  1439  3073 D MemoryDealer:     4: 0xefa661e0 | 0x00080380 | 0x000200E0 | A 
03-08 10:38:06.065  1439  3073 D MemoryDealer:     5: 0xefa66360 | 0x000A0460 | 0x000200E0 | A 
03-08 10:38:06.065  1439  3073 D MemoryDealer:     6: 0xefa66570 | 0x000C0540 | 0x000200E0 | A 
03-08 10:38:06.065  1439  3073 D MemoryDealer:     7: 0xefa890d0 | 0x000E0620 | 0x000200E0 | A 
03-08 10:38:06.065  1439  3073 D MemoryDealer:     8: 0xf039cd70 | 0x00100700 | 0x000200E0 | A 
03-08 10:38:06.065  1439  3073 D MemoryDealer:     9: 0xefa89150 | 0x001207E0 | 0x000200E0 | A 
03-08 10:38:06.065  1439  3073 D MemoryDealer:    10: 0xefa66c30 | 0x001408C0 | 0x000200E0 | A 
03-08 10:38:06.065  1439  3073 D MemoryDealer:    11: 0xefa66070 | 0x001609A0 | 0x000200E0 | A 
03-08 10:38:06.065  1439  3073 D MemoryDealer:    12: 0xefa66d80 | 0x00180A80 | 0x000200E0 | A 
03-08 10:38:06.065  1439  3073 D MemoryDealer:    13: 0xed7fd210 | 0x001A0B60 | 0x000200E0 | A 
03-08 10:38:06.065  1439  3073 D MemoryDealer:    14: 0xed7fd110 | 0x001C0C40 | 0x000200E0 | A 
03-08 10:38:06.065  1439  3073 D MemoryDealer:    15: 0xed7fd3b0 | 0x001E0D20 | 0x000200E0 | A 
03-08 10:38:06.065  1439  3073 D MemoryDealer:    16: 0xefa66e70 | 0x00200E00 | 0x000200E0 | A 
03-08 10:38:06.065  1439  3073 D MemoryDealer:    17: 0xed7fd720 | 0x00220EE0 | 0x000200E0 | A 
03-08 10:38:06.065  1439  3073 D MemoryDealer:    18: 0xed7fda10 | 0x00240FC0 | 0x000200E0 | A 
03-08 10:38:06.065  1439  3073 D MemoryDealer:    19: 0xed7fdbc0 | 0x002610A0 | 0x000200E0 | A 
03-08 10:38:06.065  1439  3073 D MemoryDealer:    
03-08 10:38:06.065  1439  3073 E AudioFlinger: createRecordTrack_l() initCheck failed -12; no control block?
03-08 10:38:06.065  2691  2781 E AudioRecord: AudioFlinger could not create record track, status: -12
03-08 10:38:06.065  2691  2781 E AudioRecord-JNI: Error creating AudioRecord instance: initialization check failed with status -12.
03-08 10:38:06.065  2691  2781 E android.media.AudioRecord: Error code -20 when initializing native AudioRecord object.
03-08 10:38:06.065  2691  2781 I MicrophoneInputStream: mic_started com.google.android.apps.gsa.staticplugins.z.c@28c3c97
03-08 10:38:06.065  2691  2781 E ActivityThread: Failed to find provider info for com.google.android.apps.gsa.testing.ui.audio.recorded
03-08 10:38:06.068  2691  2691 I MicroDetectionWorker: onReady
03-08 10:38:06.068  2691  2781 I MicrophoneInputStream: mic_close com.google.android.apps.gsa.staticplugins.z.c@28c3c97
03-08 10:38:06.068  2691  5716 I MicroRecognitionRunner: Detection finished
03-08 10:38:06.069  2691  5716 W ErrorReporter: reportError [type: 211, code: 524300]: Error reading from input stream
03-08 10:38:06.069  2691  3047 I MicroRecognitionRunner: Stopping hotword detection.
03-08 10:38:06.069  2691  5716 W ErrorProcessor: onFatalError, processing error from engine(4)
03-08 10:38:06.069  2691  5716 W ErrorProcessor: com.google.android.apps.gsa.shared.speech.a.g: Error reading from input stream
03-08 10:38:06.069  2691  5716 W ErrorProcessor: 	at com.google.android.apps.gsa.staticplugins.recognizer.i.a.a(SourceFile:342)
03-08 10:38:06.069  2691  5716 W ErrorProcessor: 	at com.google.android.apps.gsa.staticplugins.recognizer.i.a$1.run(SourceFile:1367)
03-08 10:38:06.069  2691  5716 W ErrorProcessor: 	at java.util.concurrent.Executors$RunnableAdapter.call(Executors.java:428)
03-08 10:38:06.069  2691  5716 W ErrorProcessor: 	at java.util.concurrent.FutureTask.run(FutureTask.java:237)
03-08 10:38:06.069  2691  5716 W ErrorProcessor: 	at com.google.android.apps.gsa.shared.util.concurrent.a.ak.run(SourceFile:66)
03-08 10:38:06.069  2691  5716 W ErrorProcessor: 	at java.util.concurrent.ThreadPoolExecutor.runWorker(ThreadPoolExecutor.java:1133)
03-08 10:38:06.069  2691  5716 W ErrorProcessor: 	at java.util.concurrent.ThreadPoolExecutor$Worker.run(ThreadPoolExecutor.java:607)
03-08 10:38:06.069  2691  5716 W ErrorProcessor: 	at java.lang.Thread.run(Thread.java:761)
03-08 10:38:06.069  2691  5716 W ErrorProcessor: 	at com.google.android.apps.gsa.shared.util.concurrent.a.ad$1.run(SourceFile:85)
03-08 10:38:06.069  2691  5716 W ErrorProcessor: Caused by: com.google.android.apps.gsa.shared.exception.GsaIOException: Error code: 393238 | Buffer overflow, no available space.
03-08 10:38:06.069  2691  5716 W ErrorProcessor: 	at com.google.android.apps.gsa.speech.audio.Tee.g(SourceFile:2531)
03-08 10:38:06.069  2691  5716 W ErrorProcessor: 	at com.google.android.apps.gsa.speech.audio.ap.read(SourceFile:555)
03-08 10:38:06.069  2691  5716 W ErrorProcessor: 	at java.io.InputStream.read(InputStream.java:101)
03-08 10:38:06.069  2691  5716 W ErrorProcessor: 	at com.google.android.apps.gsa.speech.audio.al.run(SourceFile:362)
03-08 10:38:06.069  2691  5716 W ErrorProcessor: 	at com.google.android.apps.gsa.speech.audio.ak$1.run(SourceFile:471)
03-08 10:38:06.069  2691  5716 W ErrorProcessor: 	at java.util.concurrent.Executors$RunnableAdapter.call(Executors.java:428)
03-08 10:38:06.069  2691  5716 W ErrorProcessor: 	at java.util.concurrent.FutureTask.run(FutureTask.java:237)
03-08 10:38:06.069  2691  5716 W ErrorProcessor: 	at com.google.android.apps.gsa.shared.util.concurrent.a.ak.run(SourceFile:66)
03-08 10:38:06.069  2691  5716 W ErrorProcessor: 	at com.google.android.apps.gsa.shared.util.concurrent.a.ax.run(SourceFile:139)
03-08 10:38:06.069  2691  5716 W ErrorProcessor: 	at com.google.android.apps.gsa.shared.util.concurrent.a.ax.run(SourceFile:139)
03-08 10:38:06.069  2691  5716 W ErrorProcessor: 	... 4 more
03-08 10:38:06.069  2691  5716 I AudioController: internalShutdown
03-08 10:38:06.069  2691  2691 I MicroDetector: Keeping mic open: false
03-08 10:38:06.069  2691  2691 I MicroDetectionWorker: #onError(false)
03-08 10:38:06.069  2691  5715 I DeviceStateChecker: DeviceStateChecker cancelled
03-08 10:38:06.502  2658  2742 W OpenGLRenderer: Incorrectly called buildLayer on View: ShortcutAndWidgetContainer, destroying layer...
03-08 10:38:06.523  1731  1765 W WindowManager: Failed looking up window
03-08 10:38:06.523  1731  1765 W WindowManager: java.lang.IllegalArgumentException: Requested window android.view.ViewRootImpl$W@ef51e9d does not exist
03-08 10:38:06.523  1731  1765 W WindowManager: 	at com.android.server.wm.WindowManagerService.windowForClientLocked(WindowManagerService.java:9422)
03-08 10:38:06.523  1731  1765 W WindowManager: 	at com.android.server.wm.WindowManagerService.windowForClientLocked(WindowManagerService.java:9413)
03-08 10:38:06.523  1731  1765 W WindowManager: 	at com.android.server.wm.WindowManagerService.removeWindow(WindowManagerService.java:2393)
03-08 10:38:06.523  1731  1765 W WindowManager: 	at com.android.server.wm.Session.remove(Session.java:202)
03-08 10:38:06.523  1731  1765 W WindowManager: 	at android.view.ViewRootImpl.dispatchDetachedFromWindow(ViewRootImpl.java:3290)
03-08 10:38:06.523  1731  1765 W WindowManager: 	at android.view.ViewRootImpl.doDie(ViewRootImpl.java:5917)
03-08 10:38:06.523  1731  1765 W WindowManager: 	at android.view.ViewRootImpl$ViewRootHandler.handleMessage(ViewRootImpl.java:3626)
03-08 10:38:06.523  1731  1765 W WindowManager: 	at android.os.Handler.dispatchMessage(Handler.java:102)
03-08 10:38:06.523  1731  1765 W WindowManager: 	at android.os.Looper.loop(Looper.java:154)
03-08 10:38:06.523  1731  1765 W WindowManager: 	at android.os.HandlerThread.run(HandlerThread.java:61)
03-08 10:38:06.523  1731  1765 W WindowManager: 	at com.android.server.ServiceThread.run(ServiceThread.java:46)
03-08 10:38:08.023  1439  1461 W audio_hw_generic: Not supplying enough data to HAL, expected position 927412 , only wrote 927360
03-08 10:38:08.035  1731  1749 I ActivityManager: Killing 5692:com.timebomb/u0a87 (adj 900): crash
03-08 10:38:08.035  1731  1749 D ActivityManager: cleanUpApplicationRecord -- 5692
03-08 10:38:08.039  1731  5712 D EGL_emulation: eglMakeCurrent: 0x79980c65fce0: ver 3 0 (tinfo 0x79980c6427c0)
03-08 10:38:08.041  1731  5712 D OpenGLRenderer: endAllActiveAnimators on 0x79980571ac00 (RippleDrawable) with handle 0x79980c707dc0
03-08 10:38:08.069  1731  1749 I ActivityManager: START u0 {act=android.intent.action.MAIN cat=[android.intent.category.LAUNCHER] flg=0x10200000 cmp=com.timebomb/.MainActivity} from uid 2000 on display 0
03-08 10:38:08.069  1731  5660 W InputMethodManagerService: Window already focused, ignoring focus gain of: com.android.internal.view.IInputMethodClient$Stub$Proxy@c78b693 attribute=null, token = android.os.BinderProxy@3bc3b04
03-08 10:38:08.084  1731  2509 D GraphicsStats: Buffer count: 4
03-08 10:38:08.086  1731  4128 E ActivityManager: applyOptionsLocked: Unknown animationType=0
03-08 10:38:08.089  5720  5720 I art     : Late-enabling -Xcheck:jni
03-08 10:38:08.089  5720  5720 W art     : Unexpected CPU variant for X86 using defaults: x86_64
03-08 10:38:08.096  1731  4128 I ActivityManager: Start proc 5720:com.timebomb/u0a87 for activity com.timebomb/.MainActivity
03-08 10:38:08.106  1354  1376 D gralloc_ranchu: gralloc_alloc: Creating ashmem region of size 3932160
03-08 10:38:08.108  5720  5720 W System  : ClassLoader referenced unknown path: /data/app/com.timebomb-1/lib/x86_64
03-08 10:38:08.113  5720  5720 W art     : Before Android 4.1, method android.graphics.PorterDuffColorFilter androidx.vectordrawable.graphics.drawable.VectorDrawableCompat.updateTintFilter(android.graphics.PorterDuffColorFilter, android.content.res.ColorStateList, android.graphics.PorterDuff$Mode) would have incorrectly overridden the package-private method in android.graphics.drawable.Drawable
03-08 10:38:08.122  5720  5720 V TimeBomb: [bombAfterDays] Bomb in 1d Build Date=08.03.2023 Today=08.03.2023 Passed Days=0
03-08 10:38:08.123  2691  2908 D EGL_emulation: eglMakeCurrent: 0xda29c8e0: ver 3 0 (tinfo 0xb357ca00)
03-08 10:38:08.126  1354  1376 E SurfaceFlinger: ro.sf.lcd_density must be defined as a build property
03-08 10:38:08.126  2658  2742 D EGL_emulation: eglMakeCurrent: 0x799827659940: ver 3 0 (tinfo 0x79982773d440)
03-08 10:38:08.127  5720  5720 D         : HostConnection::get() New Host Connection established 0x79981e5c6be0, tid 5720
03-08 10:38:08.153  5720  5735 D         : HostConnection::get() New Host Connection established 0x79982101d4e0, tid 5735
03-08 10:38:08.156  5720  5735 I OpenGLRenderer: Initialized EGL, version 1.4
03-08 10:38:08.156  5720  5735 D OpenGLRenderer: Swap behavior 1
03-08 10:38:08.165  5720  5735 D EGL_emulation: eglCreateContext: 0x7998210400a0: maj 3 min 0 rcv 3
03-08 10:38:08.166  5720  5735 D EGL_emulation: eglMakeCurrent: 0x7998210400a0: ver 3 0 (tinfo 0x79982100c340)
03-08 10:38:08.166  5720  5720 D AndroidRuntime: Shutting down VM
03-08 10:38:08.166  5720  5720 E AndroidRuntime: FATAL EXCEPTION: main
03-08 10:38:08.166  5720  5720 E AndroidRuntime: Process: com.timebomb, PID: 5720
03-08 10:38:08.166  5720  5720 E AndroidRuntime: java.lang.ExceptionInInitializerError
03-08 10:38:08.166  5720  5720 E AndroidRuntime: 	at androidx.core.view.ViewConfigurationCompat.shouldShowMenuShortcutsWhenKeyboardPresent(ViewConfigurationCompat.java)
03-08 10:38:08.166  5720  5720 E AndroidRuntime: 	at androidx.appcompat.view.menu.MenuBuilder.setShortcutsVisibleInner(MenuBuilder.java)
03-08 10:38:08.166  5720  5720 E AndroidRuntime: 	at androidx.appcompat.view.menu.MenuBuilder.<init>(MenuBuilder.java)
03-08 10:38:08.166  5720  5720 E AndroidRuntime: 	at androidx.appcompat.app.AppCompatDelegateImpl.initializePanelMenu(AppCompatDelegateImpl.java)
03-08 10:38:08.166  5720  5720 E AndroidRuntime: 	at androidx.appcompat.app.AppCompatDelegateImpl.preparePanel(AppCompatDelegateImpl.java)
03-08 10:38:08.166  5720  5720 E AndroidRuntime: 	at androidx.appcompat.app.AppCompatDelegateImpl.doInvalidatePanelMenu(AppCompatDelegateImpl.java)
03-08 10:38:08.166  5720  5720 E AndroidRuntime: 	at androidx.appcompat.app.AppCompatDelegateImpl$2.run(AppCompatDelegateImpl.java)
03-08 10:38:08.166  5720  5720 E AndroidRuntime: 	at android.os.Handler.handleCallback(Handler.java:751)
03-08 10:38:08.166  5720  5720 E AndroidRuntime: 	at android.os.Handler.dispatchMessage(Handler.java:95)
03-08 10:38:08.166  5720  5720 E AndroidRuntime: 	at android.os.Looper.loop(Looper.java:154)
03-08 10:38:08.166  5720  5720 E AndroidRuntime: 	at android.app.ActivityThread.main(ActivityThread.java:6119)
03-08 10:38:08.166  5720  5720 E AndroidRuntime: 	at java.lang.reflect.Method.invoke(Native Method)
03-08 10:38:08.166  5720  5720 E AndroidRuntime: 	at com.android.internal.os.ZygoteInit$MethodAndArgsCaller.run(ZygoteInit.java:886)
03-08 10:38:08.166  5720  5720 E AndroidRuntime: 	at com.android.internal.os.ZygoteInit.main(ZygoteInit.java:776)
03-08 10:38:08.166  5720  5720 E AndroidRuntime: Caused by: java.lang.NoSuchMethodException: getScaledScrollFactor []
03-08 10:38:08.166  5720  5720 E AndroidRuntime: 	at java.lang.Class.getMethod(Class.java:1981)
03-08 10:38:08.166  5720  5720 E AndroidRuntime: 	at java.lang.Class.getDeclaredMethod(Class.java:1960)
03-08 10:38:08.166  5720  5720 E AndroidRuntime: 	at androidx.core.view.ViewConfigurationCompat.<clinit>(ViewConfigurationCompat.java)
03-08 10:38:08.166  5720  5720 E AndroidRuntime: 	... 14 more
03-08 10:38:08.167  1731  2519 W ActivityManager:   Force finishing activity com.timebomb/.MainActivity
03-08 10:38:08.174  2691  2691 W SearchService: Abort, client detached.
03-08 10:38:08.205  1731  5712 I OpenGLRenderer: Initialized EGL, version 1.4
03-08 10:38:08.205  1731  5712 D OpenGLRenderer: Swap behavior 1
03-08 10:38:08.206  1731  5712 D EGL_emulation: eglCreateContext: 0x79980c65fce0: maj 3 min 0 rcv 3
03-08 10:38:08.208  1731  5712 D EGL_emulation: eglMakeCurrent: 0x79980c65fce0: ver 3 0 (tinfo 0x79980c6427c0)
03-08 10:38:08.209  1731  5712 D EGL_emulation: eglMakeCurrent: 0x79980c65fce0: ver 3 0 (tinfo 0x79980c6427c0)
03-08 10:38:08.254  1731  1765 W AppOps  : Finishing op nesting under-run: uid 1000 pkg android code 24 time=0 duration=0 nesting=0
03-08 10:38:08.668  1731  1753 W ActivityManager: Activity pause timeout for ActivityRecord{e3966c9 u0 com.timebomb/.MainActivity t10 f}
03-08 10:38:08.815  2691  2908 D EGL_emulation: eglMakeCurrent: 0xda29c8e0: ver 3 0 (tinfo 0xb357ca00)
03-08 10:38:08.845  2658  2742 D EGL_emulation: eglMakeCurrent: 0x799827659940: ver 3 0 (tinfo 0x79982773d440)
03-08 10:38:08.851  1354  2257 D gralloc_ranchu: gralloc_alloc: Creating ashmem region of size 1253376
03-08 10:38:08.927  2691  2691 I OptInState: There is a new client and it does not support opt-in. Dropping request.
03-08 10:38:08.929  2691  2784 W LocationOracle: No location history returned by ContextManager
03-08 10:38:08.933  2691  2691 I MicroDetectionWorker: Micro detection mode: [mDetectionMode: [1]].
03-08 10:38:08.933  2691  2691 I AudioController: Using mInputStreamFactoryBuilder
03-08 10:38:08.933  1883  2878 W GCoreFlp: No location to return for getLastLocation()
03-08 10:38:08.934  2691  5739 I MicroRecognitionRunner: Starting detection.
03-08 10:38:08.934  2691  2781 I MicrophoneInputStream: mic_starting com.google.android.apps.gsa.staticplugins.z.c@eba3658
03-08 10:38:08.935  1439  5742 I AudioFlinger: AudioFlinger's thread 0xe9c03e40 ready to run
03-08 10:38:08.935  1439  5354 E AudioFlinger: not enough memory for AudioTrack size=131296
03-08 10:38:08.935  1439  5354 D MemoryDealer:   AudioTrack (0xf039ceb0, size=4194304)
03-08 10:38:08.935  1439  5354 D MemoryDealer:     0: 0xf039cec0 | 0x00000000 | 0x000200E0 | A 
03-08 10:38:08.935  1439  5354 D MemoryDealer:     1: 0xf039cee0 | 0x000200E0 | 0x000200E0 | A 
03-08 10:38:08.935  1439  5354 D MemoryDealer:     2: 0xf039cf50 | 0x000401C0 | 0x000200E0 | A 
03-08 10:38:08.935  1439  5354 D MemoryDealer:     3: 0xefa660c0 | 0x000602A0 | 0x000200E0 | A 
03-08 10:38:08.935  1439  5354 D MemoryDealer:     4: 0xefa661e0 | 0x00080380 | 0x000200E0 | A 
03-08 10:38:08.935  1439  5354 D MemoryDealer:     5: 0xefa66360 | 0x000A0460 | 0x000200E0 | A 
03-08 10:38:08.935  1439  5354 D MemoryDealer:     6: 0xefa66570 | 0x000C0540 | 0x000200E0 | A 
03-08 10:38:08.935  1439  5354 D MemoryDealer:     7: 0xefa890d0 | 0x000E0620 | 0x000200E0 | A 
03-08 10:38:08.935  1439  5354 D MemoryDealer:     8: 0xf039cd70 | 0x00100700 | 0x000200E0 | A 
03-08 10:38:08.935  1439  5354 D MemoryDealer:     9: 0xefa89150 | 0x001207E0 | 0x000200E0 | A 
03-08 10:38:08.935  1439  5354 D MemoryDealer:    10: 0xefa66c30 | 0x001408C0 | 0x000200E0 | A 
03-08 10:38:08.935  1439  5354 D MemoryDealer:    11: 0xefa66070 | 0x001609A0 | 0x000200E0 | A 
03-08 10:38:08.935  1439  5354 D MemoryDealer:    12: 0xefa66d80 | 0x00180A80 | 0x000200E0 | A 
03-08 10:38:08.935  1439  5354 D MemoryDealer:    13: 0xed7fd210 | 0x001A0B60 | 0x000200E0 | A 
03-08 10:38:08.935  1439  5354 D MemoryDealer:    14: 0xed7fd110 | 0x001C0C40 | 0x000200E0 | A 
03-08 10:38:08.935  1439  5354 D MemoryDealer:    15: 0xed7fd3b0 | 0x001E0D20 | 0x000200E0 | A 
03-08 10:38:08.935  1439  5354 D MemoryDealer:    16: 0xefa66e70 | 0x00200E00 | 0x000200E0 | A 
03-08 10:38:08.935  1439  5354 D MemoryDealer:    17: 0xed7fd720 | 0x00220EE0 | 0x000200E0 | A 
03-08 10:38:08.935  1439  5354 D MemoryDealer:    18: 0xed7fda10 | 0x00240FC0 | 0x000200E0 | A 
03-08 10:38:08.935  1439  5354 D MemoryDealer:    19: 0xed7fdbc0 | 0x002610A0 | 0x000200E0 | A 
03-08 10:38:08.935  1439  5354 D MemoryDealer:    
03-08 10:38:08.935  1439  5354 E AudioFlinger: createRecordTrack_l() initCheck failed -12; no control block?
03-08 10:38:08.935  2691  2781 E AudioRecord: AudioFlinger could not create record track, status: -12
03-08 10:38:08.939  2691  2781 E AudioRecord-JNI: Error creating AudioRecord instance: initialization check failed with status -12.
03-08 10:38:08.939  2691  2781 E android.media.AudioRecord: Error code -20 when initializing native AudioRecord object.
03-08 10:38:08.939  2691  2781 I MicrophoneInputStream: mic_started com.google.android.apps.gsa.staticplugins.z.c@eba3658
03-08 10:38:08.939  2691  2781 E ActivityThread: Failed to find provider info for com.google.android.apps.gsa.testing.ui.audio.recorded
03-08 10:38:08.939  2691  2691 I MicroDetectionWorker: onReady
03-08 10:38:08.941  2691  2781 I MicrophoneInputStream: mic_close com.google.android.apps.gsa.staticplugins.z.c@eba3658
03-08 10:38:08.941  2691  5739 I MicroRecognitionRunner: Detection finished
03-08 10:38:08.941  2691  5739 W ErrorReporter: reportError [type: 211, code: 524300]: Error reading from input stream
03-08 10:38:08.941  2691  3047 I MicroRecognitionRunner: Stopping hotword detection.
03-08 10:38:08.941  2691  5739 W ErrorProcessor: onFatalError, processing error from engine(4)
03-08 10:38:08.941  2691  5739 W ErrorProcessor: com.google.android.apps.gsa.shared.speech.a.g: Error reading from input stream
03-08 10:38:08.941  2691  5739 W ErrorProcessor: 	at com.google.android.apps.gsa.staticplugins.recognizer.i.a.a(SourceFile:342)
03-08 10:38:08.941  2691  5739 W ErrorProcessor: 	at com.google.android.apps.gsa.staticplugins.recognizer.i.a$1.run(SourceFile:1367)
03-08 10:38:08.941  2691  5739 W ErrorProcessor: 	at java.util.concurrent.Executors$RunnableAdapter.call(Executors.java:428)
03-08 10:38:08.941  2691  5739 W ErrorProcessor: 	at java.util.concurrent.FutureTask.run(FutureTask.java:237)
03-08 10:38:08.941  2691  5739 W ErrorProcessor: 	at com.google.android.apps.gsa.shared.util.concurrent.a.ak.run(SourceFile:66)
03-08 10:38:08.941  2691  5739 W ErrorProcessor: 	at java.util.concurrent.ThreadPoolExecutor.runWorker(ThreadPoolExecutor.java:1133)
03-08 10:38:08.941  2691  5739 W ErrorProcessor: 	at java.util.concurrent.ThreadPoolExecutor$Worker.run(ThreadPoolExecutor.java:607)
03-08 10:38:08.941  2691  5739 W ErrorProcessor: 	at java.lang.Thread.run(Thread.java:761)
03-08 10:38:08.941  2691  5739 W ErrorProcessor: 	at com.google.android.apps.gsa.shared.util.concurrent.a.ad$1.run(SourceFile:85)
03-08 10:38:08.941  2691  5739 W ErrorProcessor: Caused by: com.google.android.apps.gsa.shared.exception.GsaIOException: Error code: 393238 | Buffer overflow, no available space.
03-08 10:38:08.941  2691  5739 W ErrorProcessor: 	at com.google.android.apps.gsa.speech.audio.Tee.g(SourceFile:2531)
03-08 10:38:08.941  2691  5739 W ErrorProcessor: 	at com.google.android.apps.gsa.speech.audio.ap.read(SourceFile:555)
03-08 10:38:08.941  2691  5739 W ErrorProcessor: 	at java.io.InputStream.read(InputStream.java:101)
03-08 10:38:08.941  2691  5739 W ErrorProcessor: 	at com.google.android.apps.gsa.speech.audio.al.run(SourceFile:362)
03-08 10:38:08.941  2691  5739 W ErrorProcessor: 	at com.google.android.apps.gsa.speech.audio.ak$1.run(SourceFile:471)
03-08 10:38:08.941  2691  5739 W ErrorProcessor: 	at java.util.concurrent.Executors$RunnableAdapter.call(Executors.java:428)
03-08 10:38:08.941  2691  5739 W ErrorProcessor: 	at java.util.concurrent.FutureTask.run(FutureTask.java:237)
03-08 10:38:08.941  2691  5739 W ErrorProcessor: 	at com.google.android.apps.gsa.shared.util.concurrent.a.ak.run(SourceFile:66)
03-08 10:38:08.941  2691  5739 W ErrorProcessor: 	at com.google.android.apps.gsa.shared.util.concurrent.a.ax.run(SourceFile:139)
03-08 10:38:08.941  2691  5739 W ErrorProcessor: 	at com.google.android.apps.gsa.shared.util.concurrent.a.ax.run(SourceFile:139)
03-08 10:38:08.941  2691  5739 W ErrorProcessor: 	... 4 more
03-08 10:38:08.941  2691  5739 I AudioController: internalShutdown
03-08 10:38:08.942  2691  2691 I MicroDetector: Keeping mic open: false
03-08 10:38:08.942  2691  2691 I MicroDetectionWorker: #onError(false)
03-08 10:38:08.942  2691  5738 I DeviceStateChecker: DeviceStateChecker cancelled
03-08 10:38:09.351  2658  2742 W OpenGLRenderer: Incorrectly called buildLayer on View: ShortcutAndWidgetContainer, destroying layer...
03-08 10:38:09.369  1731  1765 W WindowManager: Failed looking up window
03-08 10:38:09.369  1731  1765 W WindowManager: java.lang.IllegalArgumentException: Requested window android.view.ViewRootImpl$W@c94aca6 does not exist
03-08 10:38:09.369  1731  1765 W WindowManager: 	at com.android.server.wm.WindowManagerService.windowForClientLocked(WindowManagerService.java:9422)
03-08 10:38:09.369  1731  1765 W WindowManager: 	at com.android.server.wm.WindowManagerService.windowForClientLocked(WindowManagerService.java:9413)
03-08 10:38:09.369  1731  1765 W WindowManager: 	at com.android.server.wm.WindowManagerService.removeWindow(WindowManagerService.java:2393)
03-08 10:38:09.369  1731  1765 W WindowManager: 	at com.android.server.wm.Session.remove(Session.java:202)
03-08 10:38:09.369  1731  1765 W WindowManager: 	at android.view.ViewRootImpl.dispatchDetachedFromWindow(ViewRootImpl.java:3290)
03-08 10:38:09.369  1731  1765 W WindowManager: 	at android.view.ViewRootImpl.doDie(ViewRootImpl.java:5917)
03-08 10:38:09.369  1731  1765 W WindowManager: 	at android.view.ViewRootImpl$ViewRootHandler.handleMessage(ViewRootImpl.java:3626)
03-08 10:38:09.369  1731  1765 W WindowManager: 	at android.os.Handler.dispatchMessage(Handler.java:102)
03-08 10:38:09.369  1731  1765 W WindowManager: 	at android.os.Looper.loop(Looper.java:154)
03-08 10:38:09.369  1731  1765 W WindowManager: 	at android.os.HandlerThread.run(HandlerThread.java:61)
03-08 10:38:09.369  1731  1765 W WindowManager: 	at com.android.server.ServiceThread.run(ServiceThread.java:46)
03-08 10:38:09.391  1731  2519 W ActivityManager:   Force finishing activity com.timebomb/.MainActivity
03-08 10:38:09.391  1731  5712 D EGL_emulation: eglMakeCurrent: 0x79980c65fce0: ver 3 0 (tinfo 0x79980c6427c0)
03-08 10:38:09.418  1731  2519 I ActivityManager: Killing 5720:com.timebomb/u0a87 (adj 900): crash
03-08 10:38:09.418  1731  2519 D ActivityManager: cleanUpApplicationRecord -- 5720
03-08 10:38:09.420  1731  1749 W InputMethodManagerService: Window already focused, ignoring focus gain of: com.android.internal.view.IInputMethodClient$Stub$Proxy@fcc9731 attribute=null, token = android.os.BinderProxy@3bc3b04
03-08 10:38:09.474  1731  1949 D GraphicsStats: Buffer count: 4
03-08 10:38:09.585  1731  1765 W AppOps  : Finishing op nesting under-run: uid 1000 pkg android code 24 time=0 duration=0 nesting=0
03-08 10:38:11.166  1731  2509 I ActivityManager: START u0 {act=android.intent.action.MAIN cat=[android.intent.category.LAUNCHER] flg=0x10200000 cmp=com.timebomb/.MainActivity bnds=[457,1096][603,1272] (has extras)} from uid 10022 on display 0
03-08 10:38:11.170  5744  5744 I art     : Late-enabling -Xcheck:jni
03-08 10:38:11.170  5744  5744 W art     : Unexpected CPU variant for X86 using defaults: x86_64
03-08 10:38:11.178  1731  1750 I ActivityManager: Start proc 5744:com.timebomb/u0a87 for activity com.timebomb/.MainActivity
03-08 10:38:11.191  5744  5744 W System  : ClassLoader referenced unknown path: /data/app/com.timebomb-1/lib/x86_64
03-08 10:38:11.195  5744  5744 W art     : Before Android 4.1, method android.graphics.PorterDuffColorFilter androidx.vectordrawable.graphics.drawable.VectorDrawableCompat.updateTintFilter(android.graphics.PorterDuffColorFilter, android.content.res.ColorStateList, android.graphics.PorterDuff$Mode) would have incorrectly overridden the package-private method in android.graphics.drawable.Drawable
03-08 10:38:11.201  5744  5744 V TimeBomb: [bombAfterDays] Bomb in 1d Build Date=08.03.2023 Today=08.03.2023 Passed Days=0
03-08 10:38:11.202  1354  1376 D gralloc_ranchu: gralloc_alloc: Creating ashmem region of size 3932160
03-08 10:38:11.205  1354  4582 E SurfaceFlinger: ro.sf.lcd_density must be defined as a build property
03-08 10:38:11.206  5744  5744 D         : HostConnection::get() New Host Connection established 0x79981e5c6be0, tid 5744
03-08 10:38:11.218  2691  2908 D EGL_emulation: eglMakeCurrent: 0xda29c8e0: ver 3 0 (tinfo 0xb357ca00)
03-08 10:38:11.219  2658  2742 D EGL_emulation: eglMakeCurrent: 0x799827659940: ver 3 0 (tinfo 0x79982773d440)
03-08 10:38:11.236  5744  5759 D         : HostConnection::get() New Host Connection established 0x79982101d4e0, tid 5759
03-08 10:38:11.236  5744  5759 I OpenGLRenderer: Initialized EGL, version 1.4
03-08 10:38:11.236  5744  5759 D OpenGLRenderer: Swap behavior 1
03-08 10:38:11.237  5744  5759 D EGL_emulation: eglCreateContext: 0x7998210400a0: maj 3 min 0 rcv 3
03-08 10:38:11.237  5744  5744 D AndroidRuntime: Shutting down VM
03-08 10:38:11.237  5744  5744 E AndroidRuntime: FATAL EXCEPTION: main
03-08 10:38:11.237  5744  5744 E AndroidRuntime: Process: com.timebomb, PID: 5744
03-08 10:38:11.237  5744  5744 E AndroidRuntime: java.lang.ExceptionInInitializerError
03-08 10:38:11.237  5744  5744 E AndroidRuntime: 	at androidx.core.view.ViewConfigurationCompat.shouldShowMenuShortcutsWhenKeyboardPresent(ViewConfigurationCompat.java)
03-08 10:38:11.237  5744  5744 E AndroidRuntime: 	at androidx.appcompat.view.menu.MenuBuilder.setShortcutsVisibleInner(MenuBuilder.java)
03-08 10:38:11.237  5744  5744 E AndroidRuntime: 	at androidx.appcompat.view.menu.MenuBuilder.<init>(MenuBuilder.java)
03-08 10:38:11.237  5744  5744 E AndroidRuntime: 	at androidx.appcompat.app.AppCompatDelegateImpl.initializePanelMenu(AppCompatDelegateImpl.java)
03-08 10:38:11.237  5744  5744 E AndroidRuntime: 	at androidx.appcompat.app.AppCompatDelegateImpl.preparePanel(AppCompatDelegateImpl.java)
03-08 10:38:11.237  5744  5744 E AndroidRuntime: 	at androidx.appcompat.app.AppCompatDelegateImpl.doInvalidatePanelMenu(AppCompatDelegateImpl.java)
03-08 10:38:11.237  5744  5744 E AndroidRuntime: 	at androidx.appcompat.app.AppCompatDelegateImpl$2.run(AppCompatDelegateImpl.java)
03-08 10:38:11.237  5744  5744 E AndroidRuntime: 	at android.os.Handler.handleCallback(Handler.java:751)
03-08 10:38:11.237  5744  5744 E AndroidRuntime: 	at android.os.Handler.dispatchMessage(Handler.java:95)
03-08 10:38:11.237  5744  5744 E AndroidRuntime: 	at android.os.Looper.loop(Looper.java:154)
03-08 10:38:11.237  5744  5744 E AndroidRuntime: 	at android.app.ActivityThread.main(ActivityThread.java:6119)
03-08 10:38:11.237  5744  5744 E AndroidRuntime: 	at java.lang.reflect.Method.invoke(Native Method)
03-08 10:38:11.237  5744  5744 E AndroidRuntime: 	at com.android.internal.os.ZygoteInit$MethodAndArgsCaller.run(ZygoteInit.java:886)
03-08 10:38:11.237  5744  5744 E AndroidRuntime: 	at com.android.internal.os.ZygoteInit.main(ZygoteInit.java:776)
03-08 10:38:11.237  5744  5744 E AndroidRuntime: Caused by: java.lang.NoSuchMethodException: getScaledScrollFactor []
03-08 10:38:11.237  5744  5744 E AndroidRuntime: 	at java.lang.Class.getMethod(Class.java:1981)
03-08 10:38:11.237  5744  5744 E AndroidRuntime: 	at java.lang.Class.getDeclaredMethod(Class.java:1960)
03-08 10:38:11.237  5744  5744 E AndroidRuntime: 	at androidx.core.view.ViewConfigurationCompat.<clinit>(ViewConfigurationCompat.java)
03-08 10:38:11.237  5744  5744 E AndroidRuntime: 	... 14 more
03-08 10:38:11.238  1731  2238 W ActivityManager:   Force finishing activity com.timebomb/.MainActivity
03-08 10:38:11.240  5744  5759 D EGL_emulation: eglMakeCurrent: 0x7998210400a0: ver 3 0 (tinfo 0x79982100c340)
03-08 10:38:11.269  1731  5712 I OpenGLRenderer: Initialized EGL, version 1.4
03-08 10:38:11.269  1731  5712 D OpenGLRenderer: Swap behavior 1
03-08 10:38:11.270  1731  5712 D EGL_emulation: eglCreateContext: 0x79980c65fce0: maj 3 min 0 rcv 3
03-08 10:38:11.271  1731  5712 D EGL_emulation: eglMakeCurrent: 0x79980c65fce0: ver 3 0 (tinfo 0x79980c6427c0)
03-08 10:38:11.271  2691  2691 W SearchService: Abort, client detached.
03-08 10:38:11.273  1731  5712 D EGL_emulation: eglMakeCurrent: 0x79980c65fce0: ver 3 0 (tinfo 0x79980c6427c0)
03-08 10:38:11.739  1731  1753 W ActivityManager: Activity pause timeout for ActivityRecord{bb9397 u0 com.timebomb/.MainActivity t11 f}
03-08 10:38:11.753  1731  1753 I WindowManager: Failed to capture screenshot of Token{4a00984 ActivityRecord{bb9397 u0 com.timebomb/.MainActivity t11 f}} appWin=Window{d0598c6 u0 com.timebomb/com.timebomb.MainActivity} drawState=1
03-08 10:38:11.768  2691  2908 D EGL_emulation: eglMakeCurrent: 0xda29c8e0: ver 3 0 (tinfo 0xb357ca00)
03-08 10:38:11.770  2658  2742 D EGL_emulation: eglMakeCurrent: 0x799827659940: ver 3 0 (tinfo 0x79982773d440)
03-08 10:38:11.828  2691  2691 I OptInState: There is a new client and it does not support opt-in. Dropping request.
03-08 10:38:11.829  2691  2787 W LocationOracle: No location history returned by ContextManager
03-08 10:38:11.830  2691  2691 I MicroDetectionWorker: Micro detection mode: [mDetectionMode: [1]].
03-08 10:38:11.830  2691  2691 I AudioController: Using mInputStreamFactoryBuilder
03-08 10:38:11.830  1883  2878 W GCoreFlp: No location to return for getLastLocation()
03-08 10:38:11.831  2691  5763 I MicroRecognitionRunner: Starting detection.
03-08 10:38:11.834  2691  2781 I MicrophoneInputStream: mic_starting com.google.android.apps.gsa.staticplugins.z.c@859bcb5
03-08 10:38:11.834  1439  5766 I AudioFlinger: AudioFlinger's thread 0xe9b03600 ready to run
03-08 10:38:11.834  1439  3073 E AudioFlinger: not enough memory for AudioTrack size=131296
03-08 10:38:11.834  1439  3073 D MemoryDealer:   AudioTrack (0xf039ceb0, size=4194304)
03-08 10:38:11.834  1439  3073 D MemoryDealer:     0: 0xf039cec0 | 0x00000000 | 0x000200E0 | A 
03-08 10:38:11.834  1439  3073 D MemoryDealer:     1: 0xf039cee0 | 0x000200E0 | 0x000200E0 | A 
03-08 10:38:11.834  1439  3073 D MemoryDealer:     2: 0xf039cf50 | 0x000401C0 | 0x000200E0 | A 
03-08 10:38:11.834  1439  3073 D MemoryDealer:     3: 0xefa660c0 | 0x000602A0 | 0x000200E0 | A 
03-08 10:38:11.834  1439  3073 D MemoryDealer:     4: 0xefa661e0 | 0x00080380 | 0x000200E0 | A 
03-08 10:38:11.834  1439  3073 D MemoryDealer:     5: 0xefa66360 | 0x000A0460 | 0x000200E0 | A 
03-08 10:38:11.834  1439  3073 D MemoryDealer:     6: 0xefa66570 | 0x000C0540 | 0x000200E0 | A 
03-08 10:38:11.834  1439  3073 D MemoryDealer:     7: 0xefa890d0 | 0x000E0620 | 0x000200E0 | A 
03-08 10:38:11.834  1439  3073 D MemoryDealer:     8: 0xf039cd70 | 0x00100700 | 0x000200E0 | A 
03-08 10:38:11.834  1439  3073 D MemoryDealer:     9: 0xefa89150 | 0x001207E0 | 0x000200E0 | A 
03-08 10:38:11.834  1439  3073 D MemoryDealer:    10: 0xefa66c30 | 0x001408C0 | 0x000200E0 | A 
03-08 10:38:11.834  1439  3073 D MemoryDealer:    11: 0xefa66070 | 0x001609A0 | 0x000200E0 | A 
03-08 10:38:11.834  1439  3073 D MemoryDealer:    12: 0xefa66d80 | 0x00180A80 | 0x000200E0 | A 
03-08 10:38:11.834  1439  3073 D MemoryDealer:    13: 0xed7fd210 | 0x001A0B60 | 0x000200E0 | A 
03-08 10:38:11.834  1439  3073 D MemoryDealer:    14: 0xed7fd110 | 0x001C0C40 | 0x000200E0 | A 
03-08 10:38:11.834  1439  3073 D MemoryDealer:    15: 0xed7fd3b0 | 0x001E0D20 | 0x000200E0 | A 
03-08 10:38:11.834  1439  3073 D MemoryDealer:    16: 0xefa66e70 | 0x00200E00 | 0x000200E0 | A 
03-08 10:38:11.834  1439  3073 D MemoryDealer:    17: 0xed7fd720 | 0x00220EE0 | 0x000200E0 | A 
03-08 10:38:11.834  1439  3073 D MemoryDealer:    18: 0xed7fda10 | 0x00240FC0 | 0x000200E0 | A 
03-08 10:38:11.834  1439  3073 D MemoryDealer:    19: 0xed7fdbc0 | 0x002610A0 | 0x000200E0 | A 
03-08 10:38:11.834  1439  3073 D MemoryDealer:    
03-08 10:38:11.834  1439  3073 E AudioFlinger: createRecordTrack_l() initCheck failed -12; no control block?
03-08 10:38:11.834  2691  2781 E AudioRecord: AudioFlinger could not create record track, status: -12
03-08 10:38:11.835  2691  2781 E AudioRecord-JNI: Error creating AudioRecord instance: initialization check failed with status -12.
03-08 10:38:11.835  2691  2781 E android.media.AudioRecord: Error code -20 when initializing native AudioRecord object.
03-08 10:38:11.835  2691  2781 I MicrophoneInputStream: mic_started com.google.android.apps.gsa.staticplugins.z.c@859bcb5
03-08 10:38:11.836  2691  2781 E ActivityThread: Failed to find provider info for com.google.android.apps.gsa.testing.ui.audio.recorded
03-08 10:38:11.836  2691  2691 I MicroDetectionWorker: onReady
03-08 10:38:11.838  2691  2781 I MicrophoneInputStream: mic_close com.google.android.apps.gsa.staticplugins.z.c@859bcb5
03-08 10:38:11.838  2691  5763 I MicroRecognitionRunner: Detection finished
03-08 10:38:11.838  2691  5763 W ErrorReporter: reportError [type: 211, code: 524300]: Error reading from input stream
03-08 10:38:11.838  2691  3047 I MicroRecognitionRunner: Stopping hotword detection.
03-08 10:38:11.838  2691  5763 W ErrorProcessor: onFatalError, processing error from engine(4)
03-08 10:38:11.838  2691  5763 W ErrorProcessor: com.google.android.apps.gsa.shared.speech.a.g: Error reading from input stream
03-08 10:38:11.838  2691  5763 W ErrorProcessor: 	at com.google.android.apps.gsa.staticplugins.recognizer.i.a.a(SourceFile:342)
03-08 10:38:11.838  2691  5763 W ErrorProcessor: 	at com.google.android.apps.gsa.staticplugins.recognizer.i.a$1.run(SourceFile:1367)
03-08 10:38:11.838  2691  5763 W ErrorProcessor: 	at java.util.concurrent.Executors$RunnableAdapter.call(Executors.java:428)
03-08 10:38:11.838  2691  5763 W ErrorProcessor: 	at java.util.concurrent.FutureTask.run(FutureTask.java:237)
03-08 10:38:11.838  2691  5763 W ErrorProcessor: 	at com.google.android.apps.gsa.shared.util.concurrent.a.ak.run(SourceFile:66)
03-08 10:38:11.838  2691  5763 W ErrorProcessor: 	at java.util.concurrent.ThreadPoolExecutor.runWorker(ThreadPoolExecutor.java:1133)
03-08 10:38:11.838  2691  5763 W ErrorProcessor: 	at java.util.concurrent.ThreadPoolExecutor$Worker.run(ThreadPoolExecutor.java:607)
03-08 10:38:11.838  2691  5763 W ErrorProcessor: 	at java.lang.Thread.run(Thread.java:761)
03-08 10:38:11.838  2691  5763 W ErrorProcessor: 	at com.google.android.apps.gsa.shared.util.concurrent.a.ad$1.run(SourceFile:85)
03-08 10:38:11.838  2691  5763 W ErrorProcessor: Caused by: com.google.android.apps.gsa.shared.exception.GsaIOException: Error code: 393238 | Buffer overflow, no available space.
03-08 10:38:11.838  2691  5763 W ErrorProcessor: 	at com.google.android.apps.gsa.speech.audio.Tee.g(SourceFile:2531)
03-08 10:38:11.838  2691  5763 W ErrorProcessor: 	at com.google.android.apps.gsa.speech.audio.ap.read(SourceFile:555)
03-08 10:38:11.838  2691  5763 W ErrorProcessor: 	at java.io.InputStream.read(InputStream.java:101)
03-08 10:38:11.838  2691  5763 W ErrorProcessor: 	at com.google.android.apps.gsa.speech.audio.al.run(SourceFile:362)
03-08 10:38:11.838  2691  5763 W ErrorProcessor: 	at com.google.android.apps.gsa.speech.audio.ak$1.run(SourceFile:471)
03-08 10:38:11.838  2691  5763 W ErrorProcessor: 	at java.util.concurrent.Executors$RunnableAdapter.call(Executors.java:428)
03-08 10:38:11.838  2691  5763 W ErrorProcessor: 	at java.util.concurrent.FutureTask.run(FutureTask.java:237)
03-08 10:38:11.838  2691  5763 W ErrorProcessor: 	at com.google.android.apps.gsa.shared.util.concurrent.a.ak.run(SourceFile:66)
03-08 10:38:11.838  2691  5763 W ErrorProcessor: 	at com.google.android.apps.gsa.shared.util.concurrent.a.ax.run(SourceFile:139)
03-08 10:38:11.838  2691  5763 W ErrorProcessor: 	at com.google.android.apps.gsa.shared.util.concurrent.a.ax.run(SourceFile:139)
03-08 10:38:11.838  2691  5763 W ErrorProcessor: 	... 4 more
03-08 10:38:11.838  2691  5763 I AudioController: internalShutdown
03-08 10:38:11.838  2691  2691 I MicroDetector: Keeping mic open: false
03-08 10:38:11.838  2691  2691 I MicroDetectionWorker: #onError(false)
03-08 10:38:11.838  2691  5762 I DeviceStateChecker: DeviceStateChecker cancelled
03-08 10:38:12.285  2658  2742 W OpenGLRenderer: Incorrectly called buildLayer on View: ShortcutAndWidgetContainer, destroying layer...
03-08 10:38:12.287  1731  1765 W WindowManager: Failed looking up window
