--------- beginning of main
03-08 10:33:54.920  1883  5082 W GCM     : Unexpected forwarded intent: Intent { act=android.intent.action.PACKAGE_ADDED dat=package:com.timebomb flg=0x4000010 cmp=com.google.android.gms/.chimera.PersistentIntentOperationService (has extras) }
03-08 10:33:54.920  1883  5084 W GCM     : Unexpected forwarded intent: Intent { act=android.intent.action.PACKAGE_ADDED dat=package:com.timebomb flg=0x4000010 cmp=com.google.android.gms/.chimera.PersistentIntentOperationService (has extras) }
03-08 10:33:54.921  2691  5184 I UpdateIcingCorporaServi: Updating corpora: APPS=com.timebomb, CONTACTS=MAYBE
03-08 10:33:54.923  2224  5061 I Auth    : [SupervisedAccountIntentOperation] onHandleIntent(): android.intent.action.PACKAGE_ADDED
03-08 10:33:54.923  2224  5061 I ChromeSync: [Sync,SyncIntentOperation] Handling the intent: Intent { act=android.intent.action.PACKAGE_ADDED dat=package:com.timebomb flg=0x4000010 cmp=com.google.android.gms/.chimera.GmsIntentOperationService (has extras) }.
03-08 10:33:54.923  2224  5090 I FontLog : Package com.timebomb has no metadata [CONTEXT service_id=132 ]
--------- beginning of system
03-08 10:33:54.924  1731  2238 W ActivityManager: Unable to start service Intent { act=com.google.android.gms.auth.key.retrieval.service.START pkg=com.google.android.gms } U=0: not found
03-08 10:33:54.924  1731  2543 W ActivityManager: Unbind failed: could not find connection for android.os.BinderProxy@b001915
03-08 10:33:54.925  2224  2589 E GmsClient: unable to connect to service: com.google.android.gms.auth.key.retrieval.service.START on com.google.android.gms
03-08 10:33:54.927  1731  1751 W InputMethodInfo: Duplicated subtype definition found: , voice
03-08 10:33:54.930  2224  5061 I ChromeSync: [Persistence,AffiliationManager] One of affiliation or grouping data for android://E7sVhSlRpIoUuFi3TXydW5NVzoIlaqKGEd_pB6KYkenV_09VYcDDP6jUIhVVqCkFDwr-LlKgh3MKbJyg6W5j9A==@com.timebomb/ was not found. Marking affiliation data as stale...
03-08 10:33:54.931  2224  2495 I Icing   : IndexChimeraService.getServiceInterface callingPackage=com.google.android.googlequicksearchbox componentName=null serviceId=36
03-08 10:33:54.931  2224  5076 I ChimeraConfigurator: Starting update, reason: 4 urgentFeatures: pay:-1
03-08 10:33:54.932  2224  5076 E ConfigFileUtils: Failed to read config file: /data/user_de/0/com.google.android.gms/app_chimera/next_container.pb (No such file or directory)
03-08 10:33:54.934  2224  3198 W Icing   : No valid account for uploading user actions
03-08 10:33:54.937  2224  5076 I ChmraDebugLogger: [73] 1801
03-08 10:33:54.937  2224  5076 I ChmraDebugLogger: [30] [Pay.optional:202414020000] permitMetered=true,
03-08 10:33:54.938  2224  5076 W ChimeraConfigService: Retry attempt was throttled.
03-08 10:33:54.943  5161  5161 W main-FieldDefinition: Ignoring isIndexed constraint as field also has uniqueness constraint (on just this field, and therefore SQLite will have to create an index on that. For field: com.google.android.apps.docs.database.common.FieldDefinition$a@4b82d83
03-08 10:33:54.943  2224  3198 I Icing   : Usage reports ok 0, Failed Usage reports 0, indexed 0, rejected 0
03-08 10:33:54.945  5161  5193 I GAv4    : Google Analytics 11.9.10 is starting up. To enable debug logging on a device run:
03-08 10:33:54.945  5161  5193 I GAv4    :   adb shell setprop log.tag.GAv4 DEBUG
03-08 10:33:54.945  5161  5193 I GAv4    :   adb logcat -s GAv4
03-08 10:33:54.950  5161  5197 W GAv4    : CampaignTrackingReceiver is not registered, not exported or is disabled. Installation campaign tracking is not possible. See http://goo.gl/8Rd3yj for instructions.
03-08 10:33:54.950  5161  5193 W TaskScheduler0-CoreComponentFactoryImpl: RetainedComponent will not be retained if  eec does not inherit FragmentActivity and fulfill lfi contract.
03-08 10:33:54.951  2691  5184 I UpdateIcingCorporaServi: UpdateCorporaTask done [took 30 ms] updated apps [took 30 ms] 
03-08 10:33:54.952  2224  5190 I Icing   : Indexing com.google.android.gms-apps from com.google.android.gms
03-08 10:33:54.955  2224  5190 I Icing   : Indexing com.google.android.googlequicksearchbox-applications_uri from com.google.android.googlequicksearchbox
03-08 10:33:54.962  2224  5190 I Icing   : Indexing done com.google.android.gms-apps
03-08 10:33:54.965  2224  5190 I Icing   : Indexing done com.google.android.googlequicksearchbox-applications_uri
03-08 10:33:54.965  2224  5190 I Icing   : Indexing com.google.android.gms-internal.3p:MobileApplication from com.google.android.gms
03-08 10:33:54.967  5161  5199 W Open database in background-DatabaseHelper: Creating a new database at version 227 for /data/user/0/com.google.android.apps.docs/databases/DocList.db
03-08 10:33:54.967  2224  5190 I Icing   : Indexing done com.google.android.gms-internal.3p:MobileApplication
03-08 10:33:55.010  1883  2757 I aoqb    : Removed 0 invalid users [CONTEXT service_id=51 ]
03-08 10:33:55.028  5188  5188 D AndroidRuntime: >>>>>> START com.android.internal.os.RuntimeInit uid 2000 <<<<<<
03-08 10:33:55.028  5188  5188 D AndroidRuntime: CheckJNI is OFF
03-08 10:33:55.046  5188  5188 W art     : Unexpected CPU variant for X86 using defaults: x86_64
03-08 10:33:55.047  5188  5188 D ICU     : No timezone override file found: /data/misc/zoneinfo/current/icu/icu_tzdata.dat
03-08 10:33:55.052  5188  5188 E memtrack: Couldn't load memtrack module (No such file or directory)
03-08 10:33:55.052  5188  5188 E android.os.Debug: failed to load memtrack module: -2
03-08 10:33:55.053  5188  5188 I Radio-JNI: register_android_hardware_Radio DONE
03-08 10:33:55.055  5188  5188 D AndroidRuntime: Calling main entry com.android.commands.pm.Pm
03-08 10:33:55.056  1731  4128 D VoldConnector: SND -> {47 volume remount_uid 10085 read}
03-08 10:33:55.056  1731  1731 I GnssLocationProvider: WakeLock acquired by sendMessage(3, 0, com.android.server.location.GnssLocationProvider$GpsRequest@60cead7)
03-08 10:33:55.056  1309  1344 D vold    : Remounting 10085 as mode read
03-08 10:33:55.056  1731  1751 I GnssLocationProvider: WakeLock released by handleMessage(3, 0, com.android.server.location.GnssLocationProvider$GpsRequest@60cead7)
03-08 10:33:55.057  1731  1789 D VoldConnector: RCV <- {200 47 Command succeeded}
03-08 10:33:55.057  5188  5188 I art     : System.exit called, status: 0
03-08 10:33:55.057  5188  5188 I AndroidRuntime: VM exiting with result code 0.
03-08 10:33:55.118  2658  2742 W OpenGLRenderer: Incorrectly called buildLayer on View: ShortcutAndWidgetContainer, destroying layer...
03-08 10:33:55.157  5220  5220 D AndroidRuntime: >>>>>> START com.android.internal.os.RuntimeInit uid 2000 <<<<<<
03-08 10:33:55.157  5220  5220 D AndroidRuntime: CheckJNI is OFF
03-08 10:33:55.171  5220  5220 W art     : Unexpected CPU variant for X86 using defaults: x86_64
03-08 10:33:55.172  5220  5220 D ICU     : No timezone override file found: /data/misc/zoneinfo/current/icu/icu_tzdata.dat
03-08 10:33:55.177  5220  5220 E memtrack: Couldn't load memtrack module (No such file or directory)
03-08 10:33:55.177  5220  5220 E android.os.Debug: failed to load memtrack module: -2
03-08 10:33:55.177  5220  5220 I Radio-JNI: register_android_hardware_Radio DONE
03-08 10:33:55.180  5220  5220 D AndroidRuntime: Calling main entry com.android.commands.pm.Pm
03-08 10:33:55.180  1731  2525 D VoldConnector: SND -> {48 volume remount_uid 10085 write}
03-08 10:33:55.180  1309  1344 D vold    : Remounting 10085 as mode write
03-08 10:33:55.180  1731  1731 I GnssLocationProvider: WakeLock acquired by sendMessage(3, 0, com.android.server.location.GnssLocationProvider$GpsRequest@c57afc4)
03-08 10:33:55.181  1731  1751 I GnssLocationProvider: WakeLock released by handleMessage(3, 0, com.android.server.location.GnssLocationProvider$GpsRequest@c57afc4)
03-08 10:33:55.181  1731  1789 D VoldConnector: RCV <- {200 48 Command succeeded}
03-08 10:33:55.181  5220  5220 I art     : System.exit called, status: 0
03-08 10:33:55.181  5220  5220 I AndroidRuntime: VM exiting with result code 0.
03-08 10:33:55.269  5231  5231 D AndroidRuntime: >>>>>> START com.android.internal.os.RuntimeInit uid 2000 <<<<<<
03-08 10:33:55.269  5231  5231 D AndroidRuntime: CheckJNI is OFF
03-08 10:33:55.283  5231  5231 W art     : Unexpected CPU variant for X86 using defaults: x86_64
03-08 10:33:55.284  5231  5231 D ICU     : No timezone override file found: /data/misc/zoneinfo/current/icu/icu_tzdata.dat
03-08 10:33:55.290  5231  5231 E memtrack: Couldn't load memtrack module (No such file or directory)
03-08 10:33:55.290  5231  5231 E android.os.Debug: failed to load memtrack module: -2
03-08 10:33:55.290  5231  5231 I Radio-JNI: register_android_hardware_Radio DONE
03-08 10:33:55.292  5231  5231 D AndroidRuntime: Calling main entry com.android.commands.am.Am
03-08 10:33:55.293  1731  2545 I ActivityManager: Force stopping com.timebomb appid=10085 user=0: start instr
03-08 10:33:55.295  5241  5241 I art     : Late-enabling -Xcheck:jni
03-08 10:33:55.295  5241  5241 W art     : Unexpected CPU variant for X86 using defaults: x86_64
03-08 10:33:55.303  1731  2545 I ActivityManager: Start proc 5241:com.timebomb/u0a85 for added application com.timebomb
03-08 10:33:55.303  5231  5231 D AndroidRuntime: Shutting down VM
03-08 10:33:55.306  5241  5241 W System  : ClassLoader referenced unknown path: /data/app/com.timebomb-1/lib/x86_64
03-08 10:33:55.308  5241  5241 D AcvInstrumentation: ------------------------------------------------------------
03-08 10:33:55.308  5241  5241 D AcvInstrumentation: onCreate: main ---------
03-08 10:33:55.308  5241  5241 D AcvInstrumentation: onCreate: mkdirs: false ---------
03-08 10:33:55.308  5241  5241 D AcvInstrumentation: onCreate end: main ---------
03-08 10:33:55.941  1883  2757 I aopq    : Scheduling Phenotype for a PhenotypeSyncImmediately(13, com.google.apps.drive.android) one off with window [1, 2] in seconds [CONTEXT service_id=51 ]
03-08 10:33:55.946  5260  5260 W art     : Unexpected CPU variant for X86 using defaults: x86_64
03-08 10:33:55.954  1731  1750 I ActivityManager: Start proc 5260:com.google.android.gms.ui/u0a13 for service com.google.android.gms/.chimera.UiIntentOperationService
03-08 10:33:55.960  5260  5260 W System  : ClassLoader referenced unknown path: /system/priv-app/PrebuiltGmsCore/lib/x86_64
03-08 10:33:55.960  1883  5082 I Auth    : [AuthManaged,PasswordComplexityHelperImpl] Updating password complexity components state.
03-08 10:33:55.960  1883  5082 I Auth    : [AuthManaged,PasswordComplexityHelperImpl] Enabling com.google.android.gms.auth.managed.ui.SetNewPasswordActivity
03-08 10:33:55.961  1883  5086 I aorp    : updateFromConfigurations using legacy put method [CONTEXT service_id=204 ]
03-08 10:33:55.968  1883  5082 I Auth    : [AuthManaged,PasswordComplexityHelperImpl] Updating password complexity components state.
03-08 10:33:55.968  1883  5082 I Auth    : [AuthManaged,PasswordComplexityHelperImpl] Enabling com.google.android.gms.auth.managed.ui.SetNewPasswordActivity
03-08 10:33:55.979  1883  5082 I Auth    : [AuthManaged,PasswordComplexityHelperImpl] Updating password complexity components state.
03-08 10:33:55.979  1883  5082 I Auth    : [AuthManaged,PasswordComplexityHelperImpl] Enabling com.google.android.gms.auth.managed.ui.SetNewPasswordActivity
03-08 10:33:55.980  2224  5061 I ChromeSync: [Sync,SyncIntentOperation] Handling the intent: Intent { act=com.google.android.gms.phenotype.COMMITTED flg=0x10 pkg=com.google.android.gms cmp=com.google.android.gms/.chimera.GmsIntentOperationService (has extras) }.
03-08 10:33:55.981  1731  1749 W ActivityManager: Unable to start service Intent { act=com.google.android.gms.auth.key.retrieval.service.START pkg=com.google.android.gms } U=0: not found
03-08 10:33:55.981  2224  5079 I MdiSyncModule: flag handling is skipping irrelevant intent.
03-08 10:33:55.981  1883  5085 I PTCommittedOperation: Receive new configuration for com.google.android.gms.romanesco
03-08 10:33:55.982  2224  5061 W ModuleInitIntentOp: Dropping unexpected action com.google.android.gms.phenotype.COMMITTED
03-08 10:33:55.982  1731  2544 W ActivityManager: Unbind failed: could not find connection for android.os.BinderProxy@3c17f3a
03-08 10:33:55.982  2224  2589 E GmsClient: unable to connect to service: com.google.android.gms.auth.key.retrieval.service.START on com.google.android.gms
03-08 10:33:55.987  5260  5260 W DynamiteModule: Local module descriptor class for providerinstaller not found.
03-08 10:33:55.989  5260  5260 W ProviderHelper: Unknown dynamite feature providerinstaller
03-08 10:33:55.990  5260  5260 I DynamiteModule: Considering local module providerinstaller:0 and remote module providerinstaller:0
03-08 10:33:55.990  5260  5260 W ProviderInstaller: Failed to load providerinstaller module: No acceptable module found. Local version is 0 and remote version is 0.
03-08 10:33:55.990  5260  5260 W System  : ClassLoader referenced unknown path: /system/priv-app/PrebuiltGmsCore/lib/x86_64
03-08 10:33:55.991  5260  5260 W System  : ClassLoader referenced unknown path: /system/priv-app/PrebuiltGmsCore/lib/x86_64
03-08 10:33:55.992  5260  5260 V NativeCrypto: Registering com/google/android/gms/org/conscrypt/NativeCrypto's 286 native methods...
03-08 10:33:55.994  1883  5087 I PTCommittedOperation: Receive new configuration for com.google.android.gms.people
03-08 10:33:55.994  2224  5076 I ChromeSync: [Sync,SyncIntentOperation] Handling the intent: Intent { act=com.google.android.gms.phenotype.COMMITTED flg=0x10 pkg=com.google.android.gms cmp=com.google.android.gms/.chimera.GmsIntentOperationService (has extras) }.
03-08 10:33:55.994  2224  5077 I MdiSyncModule: flag handling is skipping irrelevant intent.
03-08 10:33:55.995  2224  5280 W ModuleInitIntentOp: Dropping unexpected action com.google.android.gms.phenotype.COMMITTED
03-08 10:33:55.997  2224  5077 I FsaEntryPointSwitcher: setting component enabled=1 for com.google.android.gms.people.sync.focus.ContactsSyncAdapterService
03-08 10:33:55.997  2224  5077 I FsaEntryPointSwitcher: Setting component enabled succeeds.
03-08 10:33:55.997  2224  5077 I FsaEntryPointSwitcher: setting component enabled=2 for com.google.android.syncadapters.contacts.ContactsSyncAdapterService
03-08 10:33:55.998  2224  5077 I FsaEntryPointSwitcher: Setting component enabled succeeds.
03-08 10:33:56.000  5260  5260 D NetworkSecurityConfig: Using Network Security Config from resource network_security_config debugBuild: false
03-08 10:33:56.001  5260  5260 I ProviderInstaller: Installed default security provider GmsCore_OpenSSL
03-08 10:33:56.001  5260  5260 I Safeboot: Checking safeboot...
03-08 10:33:56.001  5260  5260 I Safeboot: Not entering safeboot; wrong process.
03-08 10:33:56.002  1883  5082 I Auth    : [AuthManaged,PasswordComplexityHelperImpl] Updating password complexity components state.
03-08 10:33:56.002  1883  5082 I Auth    : [AuthManaged,PasswordComplexityHelperImpl] Enabling com.google.android.gms.auth.managed.ui.SetNewPasswordActivity
03-08 10:33:56.003  2224  5278 I ChromeSync: [Sync,SyncIntentOperation] Handling the intent: Intent { act=com.google.android.gms.phenotype.COMMITTED flg=0x10 pkg=com.google.android.gms cmp=com.google.android.gms/.chimera.GmsIntentOperationService (has extras) }.
03-08 10:33:56.003  1883  5286 I PTCommittedOperation: Receive new configuration for com.google.android.location
03-08 10:33:56.003  2224  5091 I MdiSyncModule: flag handling is skipping irrelevant intent.
03-08 10:33:56.003  2224  5076 W ModuleInitIntentOp: Dropping unexpected action com.google.android.gms.phenotype.COMMITTED
03-08 10:33:56.014  1883  5082 I Auth    : [AuthManaged,PasswordComplexityHelperImpl] Updating password complexity components state.
03-08 10:33:56.014  1883  5082 I Auth    : [AuthManaged,PasswordComplexityHelperImpl] Enabling com.google.android.gms.auth.managed.ui.SetNewPasswordActivity
03-08 10:33:56.015  5260  5260 I bezb    : Primes not initialized, returning default (no-op) Primes instance which will ignore all calls. Please call Primes.initialize(...) before using any Primes API.
03-08 10:33:56.016  2224  5287 I ChromeSync: [Sync,SyncIntentOperation] Handling the intent: Intent { act=com.google.android.gms.phenotype.COMMITTED flg=0x10 pkg=com.google.android.gms cmp=com.google.android.gms/.chimera.GmsIntentOperationService (has extras) }.
03-08 10:33:56.016  2224  5061 I MdiSyncModule: flag handling is skipping irrelevant intent.
03-08 10:33:56.016  2224  5090 W ModuleInitIntentOp: Dropping unexpected action com.google.android.gms.phenotype.COMMITTED
03-08 10:33:56.017  1883  5086 I PTCommittedOperation: Receive new configuration for com.google.android.gms.growth
03-08 10:33:56.027  1883  5082 I Auth    : [AuthManaged,PasswordComplexityHelperImpl] Updating password complexity components state.
03-08 10:33:56.027  1883  5082 I Auth    : [AuthManaged,PasswordComplexityHelperImpl] Enabling com.google.android.gms.auth.managed.ui.SetNewPasswordActivity
03-08 10:33:56.030  2224  5281 I ChromeSync: [Sync,SyncIntentOperation] Handling the intent: Intent { act=com.google.android.gms.phenotype.COMMITTED flg=0x10 pkg=com.google.android.gms cmp=com.google.android.gms/.chimera.GmsIntentOperationService (has extras) }.
03-08 10:33:56.030  1883  5085 I PTCommittedOperation: Receive new configuration for com.google.android.gms.places
03-08 10:33:56.031  2224  5288 I MdiSyncModule: flag handling is skipping irrelevant intent.
03-08 10:33:56.031  2224  5288 W ModuleInitIntentOp: Dropping unexpected action com.google.android.gms.phenotype.COMMITTED
03-08 10:33:56.040  1883  5082 I Auth    : [AuthManaged,PasswordComplexityHelperImpl] Updating password complexity components state.
03-08 10:33:56.040  1883  5082 I Auth    : [AuthManaged,PasswordComplexityHelperImpl] Enabling com.google.android.gms.auth.managed.ui.SetNewPasswordActivity
03-08 10:33:56.047  1883  5285 I Auth    : [AuthManaged,PasswordComplexityHelperImpl] Updating password complexity components state.
03-08 10:33:56.047  1883  5285 I Auth    : [AuthManaged,PasswordComplexityHelperImpl] Enabling com.google.android.gms.auth.managed.ui.SetNewPasswordActivity
03-08 10:33:56.048  1883  5086 I PTCommittedOperation: Receive new configuration for com.google.android.gms.tron.metrics
03-08 10:33:56.048  2224  5280 I ChromeSync: [Sync,SyncIntentOperation] Handling the intent: Intent { act=com.google.android.gms.phenotype.COMMITTED flg=0x10 pkg=com.google.android.gms cmp=com.google.android.gms/.chimera.GmsIntentOperationService (has extras) }.
03-08 10:33:56.048  2224  5287 I MdiSyncModule: flag handling is skipping irrelevant intent.
03-08 10:33:56.050  2224  5088 W ModuleInitIntentOp: Dropping unexpected action com.google.android.gms.phenotype.COMMITTED
03-08 10:33:56.054  1883  5082 I Auth    : [AuthManaged,PasswordComplexityHelperImpl] Updating password complexity components state.
03-08 10:33:56.054  1883  5082 I Auth    : [AuthManaged,PasswordComplexityHelperImpl] Enabling com.google.android.gms.auth.managed.ui.SetNewPasswordActivity
03-08 10:33:56.063  1883  5082 I Auth    : [AuthManaged,PasswordComplexityHelperImpl] Updating password complexity components state.
03-08 10:33:56.063  1883  5082 I Auth    : [AuthManaged,PasswordComplexityHelperImpl] Enabling com.google.android.gms.auth.managed.ui.SetNewPasswordActivity
03-08 10:33:56.070  2224  5059 I MS_RegisterService: Tachyon host: www.google.com, Tachyon port: 443
03-08 10:33:56.071  2224  5287 I MS_RegisterService: RegisterService intent:Intent { act=com.google.android.gms.matchstick.register_intent_action cat=[targeted_intent_op_prefix:com.google.android.libraries.matchstick.net.SilentRegisterIntentOperation] cmp=com.google.android.gms/.chimera.GmsIntentOperationService } isPeriodic:false
03-08 10:33:56.073  1883  5082 I Auth    : [AuthManaged,PasswordComplexityHelperImpl] Updating password complexity components state.
03-08 10:33:56.073  1883  5082 I Auth    : [AuthManaged,PasswordComplexityHelperImpl] Enabling com.google.android.gms.auth.managed.ui.SetNewPasswordActivity
03-08 10:33:56.074  1883  5275 I PTCommittedOperation: Receive new configuration for com.google.android.gms.clearcut.public
03-08 10:33:56.074  2224  5278 I ChromeSync: [Sync,SyncIntentOperation] Handling the intent: Intent { act=com.google.android.gms.phenotype.COMMITTED flg=0x10 pkg=com.google.android.gms cmp=com.google.android.gms/.chimera.GmsIntentOperationService (has extras) }.
03-08 10:33:56.075  2224  5280 I MdiSyncModule: flag handling is skipping irrelevant intent.
03-08 10:33:56.075  2224  5077 W ModuleInitIntentOp: Dropping unexpected action com.google.android.gms.phenotype.COMMITTED
03-08 10:33:56.077  2224  5287 W DynamiteModule: Local module descriptor class for providerinstaller not found.
03-08 10:33:56.077  2224  5287 I DynamiteModule: Considering local module providerinstaller:0 and remote module providerinstaller:0
03-08 10:33:56.077  2224  5287 W ProviderInstaller: Failed to load providerinstaller module: No acceptable module found. Local version is 0 and remote version is 0.
03-08 10:33:56.087  1883  5082 I Auth    : [AuthManaged,PasswordComplexityHelperImpl] Updating password complexity components state.
03-08 10:33:56.087  1883  5082 I Auth    : [AuthManaged,PasswordComplexityHelperImpl] Enabling com.google.android.gms.auth.managed.ui.SetNewPasswordActivity
03-08 10:33:56.095  1883  5275 I Auth    : [AuthManaged,PasswordComplexityHelperImpl] Updating password complexity components state.
03-08 10:33:56.095  1883  5275 I Auth    : [AuthManaged,PasswordComplexityHelperImpl] Enabling com.google.android.gms.auth.managed.ui.SetNewPasswordActivity
03-08 10:33:56.096  2224  5287 I ChromeSync: [Sync,SyncIntentOperation] Handling the intent: Intent { act=com.google.android.gms.phenotype.COMMITTED flg=0x10 pkg=com.google.android.gms cmp=com.google.android.gms/.chimera.GmsIntentOperationService (has extras) }.
03-08 10:33:56.097  1731  1949 W ActivityManager: Unable to start service Intent { act=com.google.android.gms.auth.key.retrieval.service.START pkg=com.google.android.gms } U=0: not found
03-08 10:33:56.097  2224  5090 I MdiSyncModule: flag handling is skipping irrelevant intent.
03-08 10:33:56.097  1883  5086 I PTCommittedOperation: Receive new configuration for com.google.android.gms.cast
03-08 10:33:56.097  2224  5090 W ModuleInitIntentOp: Dropping unexpected action com.google.android.gms.phenotype.COMMITTED
03-08 10:33:56.098  1731  2544 W ActivityManager: Unbind failed: could not find connection for android.os.BinderProxy@d553533
03-08 10:33:56.098  2224  2589 E GmsClient: unable to connect to service: com.google.android.gms.auth.key.retrieval.service.START on com.google.android.gms
03-08 10:33:56.102  2224  5090 I ChromeSync: [Sync,SyncIntentOperation] Handling the intent: Intent { act=com.google.android.gms.phenotype.COMMITTED flg=0x10 pkg=com.google.android.gms cmp=com.google.android.gms/.chimera.GmsIntentOperationService (has extras) }.
03-08 10:33:56.103  1883  5275 I Auth    : [AuthManaged,PasswordComplexityHelperImpl] Updating password complexity components state.
03-08 10:33:56.103  1883  5275 I Auth    : [AuthManaged,PasswordComplexityHelperImpl] Enabling com.google.android.gms.auth.managed.ui.SetNewPasswordActivity
03-08 10:33:56.103  2224  5061 I MdiSyncModule: flag handling is skipping irrelevant intent.
03-08 10:33:56.103  2224  5301 W ModuleInitIntentOp: Dropping unexpected action com.google.android.gms.phenotype.COMMITTED
03-08 10:33:56.103  1883  5082 I PTCommittedOperation: Receive new configuration for com.google.android.gms.fido
03-08 10:33:56.106  1883  1883 I Fido    : [CableAuthenticatorChimeraService] Unregistering receiver.
03-08 10:33:56.106  1883  1883 I Fido    : [CableAuthenticatorChimeraService] Registering broadcast receiver.
03-08 10:33:56.112  1883  5084 I Auth    : [AuthManaged,PasswordComplexityHelperImpl] Updating password complexity components state.
03-08 10:33:56.112  1883  5084 I Auth    : [AuthManaged,PasswordComplexityHelperImpl] Enabling com.google.android.gms.auth.managed.ui.SetNewPasswordActivity
03-08 10:33:56.117  1883  5087 I Auth    : [AuthManaged,PasswordComplexityHelperImpl] Updating password complexity components state.
03-08 10:33:56.117  1883  5087 I Auth    : [AuthManaged,PasswordComplexityHelperImpl] Enabling com.google.android.gms.auth.managed.ui.SetNewPasswordActivity
03-08 10:33:56.117  2224  5287 I ChromeSync: [Sync,SyncIntentOperation] Handling the intent: Intent { act=com.google.android.gms.phenotype.COMMITTED flg=0x10 pkg=com.google.android.gms cmp=com.google.android.gms/.chimera.GmsIntentOperationService (has extras) }.
03-08 10:33:56.118  1883  5084 I PTCommittedOperation: Receive new configuration for com.google.android.gms.smartdevice
03-08 10:33:56.118  2224  5278 I MdiSyncModule: flag handling is skipping irrelevant intent.
03-08 10:33:56.119  1883  5087 I Auth    : [AuthManaged,PasswordComplexityHelperImpl] Updating password complexity components state.
03-08 10:33:56.119  1883  5087 I Auth    : [AuthManaged,PasswordComplexityHelperImpl] Enabling com.google.android.gms.auth.managed.ui.SetNewPasswordActivity
03-08 10:33:56.119  2224  5287 W ModuleInitIntentOp: Dropping unexpected action com.google.android.gms.phenotype.COMMITTED
03-08 10:33:56.125  2224  5281 I Vision  : Requesting optional module download of ocr.
03-08 10:33:56.125  2224  5281 I Vision  : Checking for download completion for 312191 -- ocr
03-08 10:33:56.130  1883  5087 I Auth    : [AuthManaged,PasswordComplexityHelperImpl] Updating password complexity components state.
03-08 10:33:56.130  1883  5087 I Auth    : [AuthManaged,PasswordComplexityHelperImpl] Enabling com.google.android.gms.auth.managed.ui.SetNewPasswordActivity
03-08 10:33:56.131  1883  5087 I PTCommittedOperation: Receive new configuration for com.google.android.gms
03-08 10:33:56.131  1883  5087 I PTCommittedOperation: Running Fixer Framework for com.google.android.gms
03-08 10:33:58.062  5161  5195 W System  : ClassLoader referenced unknown path: /system/priv-app/PrebuiltGmsCore/lib/x86_64
03-08 10:33:58.063  5161  5195 D ApplicationLoaders: ignored Vulkan layer search path /system/priv-app/PrebuiltGmsCore/lib/x86_64:/system/priv-app/PrebuiltGmsCore/PrebuiltGmsCore.apk!/lib/x86_64:/system/lib64:/vendor/lib64 for namespace 0x79982d36d0f0
03-08 10:33:58.072  5161  5195 W System  : ClassLoader referenced unknown path: /system/priv-app/PrebuiltGmsCore/lib/x86_64
03-08 10:33:58.073  5161  5195 W System  : ClassLoader referenced unknown path: /system/priv-app/PrebuiltGmsCore/lib/x86_64
03-08 10:33:58.075  5161  5195 V NativeCrypto: Registering com/google/android/gms/org/conscrypt/NativeCrypto's 286 native methods...
03-08 10:33:58.106  5161  5195 D NetworkSecurityConfig: No Network Security Config specified, using platform default
03-08 10:33:58.106  5161  5195 I ProviderInstaller: Installed default security provider GmsCore_OpenSSL
03-08 10:33:59.595  2691  2691 I MicroDetectionWorker: Micro detection mode: [mDetectionMode: [1]].
03-08 10:33:59.596  2691  2691 I AudioController: Using mInputStreamFactoryBuilder
03-08 10:33:59.612  2691  5308 I MicroRecognitionRunner: Starting detection.
03-08 10:33:59.612  2691  2781 I MicrophoneInputStream: mic_starting com.google.android.apps.gsa.staticplugins.z.c@3dea826
03-08 10:33:59.614  1439  5311 I AudioFlinger: AudioFlinger's thread 0xed7835c0 ready to run
03-08 10:33:59.617  2691  2781 I MicrophoneInputStream: mic_started com.google.android.apps.gsa.staticplugins.z.c@3dea826
03-08 10:33:59.617  2691  2781 E ActivityThread: Failed to find provider info for com.google.android.apps.gsa.testing.ui.audio.recorded
03-08 10:33:59.617  2691  2691 I MicroDetectionWorker: onReady
03-08 10:33:59.624  2691  2781 I MicrophoneInputStream: mic_close com.google.android.apps.gsa.staticplugins.z.c@3dea826
03-08 10:33:59.626  2691  5308 I MicroRecognitionRunner: Detection finished
03-08 10:33:59.626  2691  5308 W ErrorReporter: reportError [type: 211, code: 524300]: Error reading from input stream
03-08 10:33:59.626  2691  3047 I MicroRecognitionRunner: Stopping hotword detection.
03-08 10:33:59.626  2691  5308 W ErrorProcessor: onFatalError, processing error from engine(4)
03-08 10:33:59.626  2691  5308 W ErrorProcessor: com.google.android.apps.gsa.shared.speech.a.g: Error reading from input stream
03-08 10:33:59.626  2691  5308 W ErrorProcessor: 	at com.google.android.apps.gsa.staticplugins.recognizer.i.a.a(SourceFile:342)
03-08 10:33:59.626  2691  5308 W ErrorProcessor: 	at com.google.android.apps.gsa.staticplugins.recognizer.i.a$1.run(SourceFile:1367)
03-08 10:33:59.626  2691  5308 W ErrorProcessor: 	at java.util.concurrent.Executors$RunnableAdapter.call(Executors.java:428)
03-08 10:33:59.626  2691  5308 W ErrorProcessor: 	at java.util.concurrent.FutureTask.run(FutureTask.java:237)
03-08 10:33:59.626  2691  5308 W ErrorProcessor: 	at com.google.android.apps.gsa.shared.util.concurrent.a.ak.run(SourceFile:66)
03-08 10:33:59.626  2691  5308 W ErrorProcessor: 	at java.util.concurrent.ThreadPoolExecutor.runWorker(ThreadPoolExecutor.java:1133)
03-08 10:33:59.626  2691  5308 W ErrorProcessor: 	at java.util.concurrent.ThreadPoolExecutor$Worker.run(ThreadPoolExecutor.java:607)
03-08 10:33:59.626  2691  5308 W ErrorProcessor: 	at java.lang.Thread.run(Thread.java:761)
03-08 10:33:59.626  2691  5308 W ErrorProcessor: 	at com.google.android.apps.gsa.shared.util.concurrent.a.ad$1.run(SourceFile:85)
03-08 10:33:59.626  2691  5308 W ErrorProcessor: Caused by: com.google.android.apps.gsa.shared.exception.GsaIOException: Error code: 393238 | Buffer overflow, no available space.
03-08 10:33:59.626  2691  5308 W ErrorProcessor: 	at com.google.android.apps.gsa.speech.audio.Tee.g(SourceFile:2531)
03-08 10:33:59.626  2691  5308 W ErrorProcessor: 	at com.google.android.apps.gsa.speech.audio.ap.read(SourceFile:555)
03-08 10:33:59.626  2691  5308 W ErrorProcessor: 	at java.io.InputStream.read(InputStream.java:101)
03-08 10:33:59.626  2691  5308 W ErrorProcessor: 	at com.google.android.apps.gsa.speech.audio.al.run(SourceFile:362)
03-08 10:33:59.626  2691  5308 W ErrorProcessor: 	at com.google.android.apps.gsa.speech.audio.ak$1.run(SourceFile:471)
03-08 10:33:59.626  2691  5308 W ErrorProcessor: 	at java.util.concurrent.Executors$RunnableAdapter.call(Executors.java:428)
03-08 10:33:59.626  2691  5308 W ErrorProcessor: 	at java.util.concurrent.FutureTask.run(FutureTask.java:237)
03-08 10:33:59.626  2691  5308 W ErrorProcessor: 	at com.google.android.apps.gsa.shared.util.concurrent.a.ak.run(SourceFile:66)
03-08 10:33:59.626  2691  5308 W ErrorProcessor: 	at com.google.android.apps.gsa.shared.util.concurrent.a.ax.run(SourceFile:139)
03-08 10:33:59.626  2691  5308 W ErrorProcessor: 	at com.google.android.apps.gsa.shared.util.concurrent.a.ax.run(SourceFile:139)
03-08 10:33:59.626  2691  5308 W ErrorProcessor: 	... 4 more
03-08 10:33:59.626  2691  5308 I AudioController: internalShutdown
03-08 10:33:59.627  2691  2691 I MicroDetector: Keeping mic open: false
03-08 10:33:59.627  2691  2691 I MicroDetectionWorker: #onError(false)
03-08 10:33:59.627  2691  5307 I DeviceStateChecker: DeviceStateChecker cancelled
03-08 10:33:59.666  1731  2509 I ActivityManager: Killing 3407:com.google.android.calendar/u0a34 (adj 906): empty #17
03-08 10:33:59.704  1731  2543 D ActivityManager: cleanUpApplicationRecord -- 3407
03-08 10:34:01.102  1883  2292 I NetworkScheduler.Stats: Task com.google.android.gms/com.google.android.gms.phenotype.service.sync.PhenotypeConfigurator started execution. cause:4 exec_start_elapsed_seconds: 307 [CONTEXT service_id=218 ]
03-08 10:34:01.108  1883  2314 I aoqb    : Removed 0 invalid users [CONTEXT service_id=51 ]
03-08 10:34:01.595  1883  2314 I aopq    : Scheduling adaptive one off task with window [14400, 604800] in seconds [CONTEXT service_id=51 ]
03-08 10:34:01.605  1883  3432 I NetworkScheduler.Stats: Task com.google.android.gms/com.google.android.gms.phenotype.service.sync.PhenotypeConfigurator finished executing. cause:4 result: 1 elapsed_millis: 505 uptime_millis: 505 exec_start_elapsed_seconds: 307 [CONTEXT service_id=218 ]
03-08 10:34:03.082  1731  4127 I ActivityManager: Killing 4331:com.google.android.deskclock/u0a67 (adj 906): empty #17
03-08 10:34:03.087  1731  2509 D ActivityManager: cleanUpApplicationRecord -- 4331
03-08 10:34:04.633  2691  2691 I MicroDetectionWorker: Micro detection mode: [mDetectionMode: [1]].
03-08 10:34:04.634  2691  2691 I AudioController: Using mInputStreamFactoryBuilder
03-08 10:34:04.639  2691  5317 I MicroRecognitionRunner: Starting detection.
03-08 10:34:04.639  2691  2781 I MicrophoneInputStream: mic_starting com.google.android.apps.gsa.staticplugins.z.c@2de0044
03-08 10:34:04.641  1439  5320 I AudioFlinger: AudioFlinger's thread 0xef983340 ready to run
03-08 10:34:04.642  2691  2781 I MicrophoneInputStream: mic_started com.google.android.apps.gsa.staticplugins.z.c@2de0044
03-08 10:34:04.642  2691  2781 E ActivityThread: Failed to find provider info for com.google.android.apps.gsa.testing.ui.audio.recorded
03-08 10:34:04.642  2691  2691 I MicroDetectionWorker: onReady
03-08 10:34:04.644  2691  2781 I MicrophoneInputStream: mic_close com.google.android.apps.gsa.staticplugins.z.c@2de0044
03-08 10:34:04.644  2691  5317 I MicroRecognitionRunner: Detection finished
03-08 10:34:04.644  2691  5317 W ErrorReporter: reportError [type: 211, code: 524300]: Error reading from input stream
03-08 10:34:04.644  2691  3047 I MicroRecognitionRunner: Stopping hotword detection.
03-08 10:34:04.644  2691  5317 W ErrorProcessor: onFatalError, processing error from engine(4)
03-08 10:34:04.644  2691  5317 W ErrorProcessor: com.google.android.apps.gsa.shared.speech.a.g: Error reading from input stream
03-08 10:34:04.644  2691  5317 W ErrorProcessor: 	at com.google.android.apps.gsa.staticplugins.recognizer.i.a.a(SourceFile:342)
03-08 10:34:04.644  2691  5317 W ErrorProcessor: 	at com.google.android.apps.gsa.staticplugins.recognizer.i.a$1.run(SourceFile:1367)
03-08 10:34:04.644  2691  5317 W ErrorProcessor: 	at java.util.concurrent.Executors$RunnableAdapter.call(Executors.java:428)
03-08 10:34:04.644  2691  5317 W ErrorProcessor: 	at java.util.concurrent.FutureTask.run(FutureTask.java:237)
03-08 10:34:04.644  2691  5317 W ErrorProcessor: 	at com.google.android.apps.gsa.shared.util.concurrent.a.ak.run(SourceFile:66)
03-08 10:34:04.644  2691  5317 W ErrorProcessor: 	at java.util.concurrent.ThreadPoolExecutor.runWorker(ThreadPoolExecutor.java:1133)
03-08 10:34:04.644  2691  5317 W ErrorProcessor: 	at java.util.concurrent.ThreadPoolExecutor$Worker.run(ThreadPoolExecutor.java:607)
03-08 10:34:04.644  2691  5317 W ErrorProcessor: 	at java.lang.Thread.run(Thread.java:761)
03-08 10:34:04.644  2691  5317 W ErrorProcessor: 	at com.google.android.apps.gsa.shared.util.concurrent.a.ad$1.run(SourceFile:85)
03-08 10:34:04.644  2691  5317 W ErrorProcessor: Caused by: com.google.android.apps.gsa.shared.exception.GsaIOException: Error code: 393238 | Buffer overflow, no available space.
03-08 10:34:04.644  2691  5317 W ErrorProcessor: 	at com.google.android.apps.gsa.speech.audio.Tee.g(SourceFile:2531)
03-08 10:34:04.644  2691  5317 W ErrorProcessor: 	at com.google.android.apps.gsa.speech.audio.ap.read(SourceFile:555)
03-08 10:34:04.644  2691  5317 W ErrorProcessor: 	at java.io.InputStream.read(InputStream.java:101)
03-08 10:34:04.644  2691  5317 W ErrorProcessor: 	at com.google.android.apps.gsa.speech.audio.al.run(SourceFile:362)
03-08 10:34:04.644  2691  5317 W ErrorProcessor: 	at com.google.android.apps.gsa.speech.audio.ak$1.run(SourceFile:471)
03-08 10:34:04.644  2691  5317 W ErrorProcessor: 	at java.util.concurrent.Executors$RunnableAdapter.call(Executors.java:428)
03-08 10:34:04.644  2691  5317 W ErrorProcessor: 	at java.util.concurrent.FutureTask.run(FutureTask.java:237)
03-08 10:34:04.644  2691  5317 W ErrorProcessor: 	at com.google.android.apps.gsa.shared.util.concurrent.a.ak.run(SourceFile:66)
03-08 10:34:04.644  2691  5317 W ErrorProcessor: 	at com.google.android.apps.gsa.shared.util.concurrent.a.ax.run(SourceFile:139)
03-08 10:34:04.644  2691  5317 W ErrorProcessor: 	at com.google.android.apps.gsa.shared.util.concurrent.a.ax.run(SourceFile:139)
03-08 10:34:04.644  2691  5317 W ErrorProcessor: 	... 4 more
03-08 10:34:04.644  2691  5317 I AudioController: internalShutdown
03-08 10:34:04.644  1731  2543 I ActivityManager: Killing 3729:com.google.android.talk/u0a52 (adj 906): empty #17
03-08 10:34:04.648  1731  2508 D ActivityManager: cleanUpApplicationRecord -- 3729
03-08 10:34:04.652  2691  2691 I MicroDetector: Keeping mic open: false
03-08 10:34:04.652  2691  2691 I MicroDetectionWorker: #onError(false)
03-08 10:34:04.652  2691  5316 I DeviceStateChecker: DeviceStateChecker cancelled
03-08 10:34:04.871  1731  2239 I ActivityManager: START u0 {act=android.intent.action.MAIN cat=[android.intent.category.LAUNCHER] flg=0x10200000 cmp=com.timebomb/.MainActivity bnds=[457,1096][603,1272] (has extras)} from uid 10022 on display 0
03-08 10:34:04.876  1439  1461 W audio_hw_generic: Not supplying enough data to HAL, expected position 309075 , only wrote 308880
03-08 10:34:04.878  5241  5241 W art     : Before Android 4.1, method android.graphics.PorterDuffColorFilter androidx.vectordrawable.graphics.drawable.VectorDrawableCompat.updateTintFilter(android.graphics.PorterDuffColorFilter, android.content.res.ColorStateList, android.graphics.PorterDuff$Mode) would have incorrectly overridden the package-private method in android.graphics.drawable.Drawable
03-08 10:34:04.882  5241  5241 I art     : Rejecting re-init on previously-failed class java.lang.Class<androidx.core.view.ViewCompat$OnUnhandledKeyEventListenerWrapper>: java.lang.NoClassDefFoundError: Failed resolution of: Landroid/view/View$OnUnhandledKeyEventListener;
03-08 10:34:04.882  5241  5241 I art     :   at void androidx.core.view.ViewCompat.setBackground(android.view.View, android.graphics.drawable.Drawable) (ViewCompat.java:-1)
03-08 10:34:04.882  5241  5241 I art     :   at void androidx.appcompat.widget.ActionBarContainer.<init>(android.content.Context, android.util.AttributeSet) (ActionBarContainer.java:-1)
03-08 10:34:04.882  5241  5241 I art     :   at java.lang.Object java.lang.reflect.Constructor.newInstance0!(java.lang.Object[]) (Constructor.java:-2)
03-08 10:34:04.882  5241  5241 I art     :   at java.lang.Object java.lang.reflect.Constructor.newInstance(java.lang.Object[]) (Constructor.java:430)
03-08 10:34:04.882  5241  5241 I art     :   at android.view.View android.view.LayoutInflater.createView(java.lang.String, java.lang.String, android.util.AttributeSet) (LayoutInflater.java:645)
03-08 10:34:04.882  5241  5241 I art     :   at android.view.View android.view.LayoutInflater.createViewFromTag(android.view.View, java.lang.String, android.content.Context, android.util.AttributeSet, boolean) (LayoutInflater.java:787)
03-08 10:34:04.882  5241  5241 I art     :   at android.view.View android.view.LayoutInflater.createViewFromTag(android.view.View, java.lang.String, android.content.Context, android.util.AttributeSet) (LayoutInflater.java:727)
03-08 10:34:04.882  5241  5241 I art     :   at void android.view.LayoutInflater.rInflate(org.xmlpull.v1.XmlPullParser, android.view.View, android.content.Context, android.util.AttributeSet, boolean) (LayoutInflater.java:858)
03-08 10:34:04.882  5241  5241 I art     :   at void android.view.LayoutInflater.rInflateChildren(org.xmlpull.v1.XmlPullParser, android.view.View, android.util.AttributeSet, boolean) (LayoutInflater.java:821)
03-08 10:34:04.882  5241  5241 I art     :   at android.view.View android.view.LayoutInflater.inflate(org.xmlpull.v1.XmlPullParser, android.view.ViewGroup, boolean) (LayoutInflater.java:518)
03-08 10:34:04.882  5241  5241 I art     :   at android.view.View android.view.LayoutInflater.inflate(int, android.view.ViewGroup, boolean) (LayoutInflater.java:426)
03-08 10:34:04.882  5241  5241 I art     :   at android.view.View android.view.LayoutInflater.inflate(int, android.view.ViewGroup) (LayoutInflater.java:377)
03-08 10:34:04.882  5241  5241 I art     :   at android.view.ViewGroup androidx.appcompat.app.AppCompatDelegateImpl.createSubDecor() (AppCompatDelegateImpl.java:-1)
03-08 10:34:04.882  5241  5241 I art     :   at void androidx.appcompat.app.AppCompatDelegateImpl.ensureSubDecor() (AppCompatDelegateImpl.java:-1)
03-08 10:34:04.882  5241  5241 I art     :   at void androidx.appcompat.app.AppCompatDelegateImpl.setContentView(int) (AppCompatDelegateImpl.java:-1)
03-08 10:34:04.882  5241  5241 I art     :   at void androidx.appcompat.app.AppCompatActivity.setContentView(int) (AppCompatActivity.java:-1)
03-08 10:34:04.882  5241  5241 I art     :   at void com.timebomb.MainActivity.onCreate(android.os.Bundle) (MainActivity.java:13)
03-08 10:34:04.882  5241  5241 I art     :   at void android.app.Activity.performCreate(android.os.Bundle) (Activity.java:6679)
03-08 10:34:04.882  5241  5241 I art     :   at void android.app.Instrumentation.callActivityOnCreate(android.app.Activity, android.os.Bundle) (Instrumentation.java:1118)
03-08 10:34:04.882  5241  5241 I art     :   at android.app.Activity android.app.ActivityThread.performLaunchActivity(android.app.ActivityThread$ActivityClientRecord, android.content.Intent) (ActivityThread.java:2618)
03-08 10:34:04.882  5241  5241 I art     :   at void android.app.ActivityThread.handleLaunchActivity(android.app.ActivityThread$ActivityClientRecord, android.content.Intent, java.lang.String) (ActivityThread.java:2726)
03-08 10:34:04.882  5241  5241 I art     :   at void android.app.ActivityThread.-wrap12(android.app.ActivityThread, android.app.ActivityThread$ActivityClientRecord, android.content.Intent, java.lang.String) (ActivityThread.java:-1)
03-08 10:34:04.882  5241  5241 I art     :   at void android.app.ActivityThread$H.handleMessage(android.os.Message) (ActivityThread.java:1477)
03-08 10:34:04.882  5241  5241 I art     :   at void android.os.Handler.dispatchMessage(android.os.Message) (Handler.java:102)
03-08 10:34:04.882  5241  5241 I art     :   at void android.os.Looper.loop() (Looper.java:154)
03-08 10:34:04.882  5241  5241 I art     :   at void android.app.ActivityThread.main(java.lang.String[]) (ActivityThread.java:6119)
03-08 10:34:04.882  5241  5241 I art     :   at java.lang.Object java.lang.reflect.Method.invoke!(java.lang.Object, java.lang.Object[]) (Method.java:-2)
03-08 10:34:04.882  5241  5241 I art     :   at void com.android.internal.os.ZygoteInit$MethodAndArgsCaller.run() (ZygoteInit.java:886)
03-08 10:34:04.882  5241  5241 I art     :   at void com.android.internal.os.ZygoteInit.main(java.lang.String[]) (ZygoteInit.java:776)
03-08 10:34:04.882  5241  5241 I art     : Caused by: java.lang.ClassNotFoundException: Didn't find class "android.view.View$OnUnhandledKeyEventListener" on path: DexPathList[[zip file "/data/app/com.timebomb-1/base.apk"],nativeLibraryDirectories=[/data/app/com.timebomb-1/lib/x86_64, /system/lib64, /vendor/lib64]]
03-08 10:34:04.882  5241  5241 I art     :   at java.lang.Class dalvik.system.BaseDexClassLoader.findClass(java.lang.String) (BaseDexClassLoader.java:56)
03-08 10:34:04.882  5241  5241 I art     :   at java.lang.Class java.lang.ClassLoader.loadClass(java.lang.String, boolean) (ClassLoader.java:380)
03-08 10:34:04.882  5241  5241 I art     :   at java.lang.Class java.lang.ClassLoader.loadClass(java.lang.String) (ClassLoader.java:312)
03-08 10:34:04.882  5241  5241 I art     :   at void androidx.core.view.ViewCompat.setBackground(android.view.View, android.graphics.drawable.Drawable) (ViewCompat.java:-1)
03-08 10:34:04.882  5241  5241 I art     :   at void androidx.appcompat.widget.ActionBarContainer.<init>(android.content.Context, android.util.AttributeSet) (ActionBarContainer.java:-1)
03-08 10:34:04.882  5241  5241 I art     :   at java.lang.Object java.lang.reflect.Constructor.newInstance0!(java.lang.Object[]) (Constructor.java:-2)
03-08 10:34:04.882  5241  5241 I art     :   at java.lang.Object java.lang.reflect.Constructor.newInstance(java.lang.Object[]) (Constructor.java:430)
03-08 10:34:04.882  5241  5241 I art     :   at android.view.View android.view.LayoutInflater.createView(java.lang.String, java.lang.String, android.util.AttributeSet) (LayoutInflater.java:645)
03-08 10:34:04.882  5241  5241 I art     :   at android.view.View android.view.LayoutInflater.createViewFromTag(android.view.View, java.lang.String, android.content.Context, android.util.AttributeSet, boolean) (LayoutInflater.java:787)
03-08 10:34:04.882  5241  5241 I art     :   at android.view.View android.view.LayoutInflater.createViewFromTag(android.view.View, java.lang.String, android.content.Context, android.util.AttributeSet) (LayoutInflater.java:727)
03-08 10:34:04.882  5241  5241 I art     :   at void android.view.LayoutInflater.rInflate(org.xmlpull.v1.XmlPullParser, android.view.View, android.content.Context, android.util.AttributeSet, boolean) (LayoutInflater.java:858)
03-08 10:34:04.882  5241  5241 I art     :   at void android.view.LayoutInflater.rInflateChildren(org.xmlpull.v1.XmlPullParser, android.view.View, android.util.AttributeSet, boolean) (LayoutInflater.java:821)
03-08 10:34:04.882  5241  5241 I art     :   at android.view.View android.view.LayoutInflater.inflate(org.xmlpull.v1.XmlPullParser, android.view.ViewGroup, boolean) (LayoutInflater.java:518)
03-08 10:34:04.882  5241  5241 I art     :   at android.view.View android.view.LayoutInflater.inflate(int, android.view.ViewGroup, boolean) (LayoutInflater.java:426)
03-08 10:34:04.882  5241  5241 I art     :   at android.view.View android.view.LayoutInflater.inflate(int, android.view.ViewGroup) (LayoutInflater.java:377)
03-08 10:34:04.882  5241  5241 I art     :   at android.view.ViewGroup androidx.appcompat.app.AppCompatDelegateImpl.createSubDecor() (AppCompatDelegateImpl.java:-1)
03-08 10:34:04.882  5241  5241 I art     :   at void androidx.appcompat.app.AppCompatDelegateImpl.ensureSubDecor() (AppCompatDelegateImpl.java:-1)
03-08 10:34:04.882  5241  5241 I art     :   at void androidx.appcompat.app.AppCompatDelegateImpl.setContentView(int) (AppCompatDelegateImpl.java:-1)
03-08 10:34:04.882  5241  5241 I art     :   at void androidx.appcompat.app.AppCompatActivity.setContentView(int) (AppCompatActivity.java:-1)
03-08 10:34:04.882  5241  5241 I art     :   at void com.timebomb.MainActivity.onCreate(android.os.Bundle) (MainActivity.java:13)
03-08 10:34:04.882  5241  5241 I art     :   at void android.app.Activity.performCreate(android.os.Bundle) (Activity.java:6679)
03-08 10:34:04.882  5241  5241 I art     :   at void android.app.Instrumentation.callActivityOnCreate(android.app.Activity, android.os.Bundle) (Instrumentation.java:1118)
03-08 10:34:04.882  5241  5241 I art     :   at android.app.Activity android.app.ActivityThread.performLaunchActivity(android.app.ActivityThread$ActivityClientRecord, android.content.Intent) (ActivityThread.java:2618)
03-08 10:34:04.882  5241  5241 I art     :   at void android.app.ActivityThread.handleLaunchActivity(android.app.ActivityThread$ActivityClientRecord, android.content.Intent, java.lang.String) (ActivityThread.java:2726)
03-08 10:34:04.882  5241  5241 I art     :   at void android.app.ActivityThread.-wrap12(android.app.ActivityThread, android.app.ActivityThread$ActivityClientRecord, android.content.Intent, java.lang.String) (ActivityThread.java:-1)
03-08 10:34:04.882  5241  5241 I art     :   at void android.app.ActivityThread$H.handleMessage(android.os.Message) (ActivityThread.java:1477)
03-08 10:34:04.882  5241  5241 I art     :   at void android.os.Handler.dispatchMessage(android.os.Message) (Handler.java:102)
03-08 10:34:04.882  5241  5241 I art     :   at void android.os.Looper.loop() (Looper.java:154)
03-08 10:34:04.882  5241  5241 I art     :   at void android.app.ActivityThread.main(java.lang.String[]) (ActivityThread.java:6119)
03-08 10:34:04.882  5241  5241 I art     :   at java.lang.Object java.lang.reflect.Method.invoke!(java.lang.Object, java.lang.Object[]) (Method.java:-2)
03-08 10:34:04.882  5241  5241 I art     :   at void com.android.internal.os.ZygoteInit$MethodAndArgsCaller.run() (ZygoteInit.java:886)
03-08 10:34:04.882  5241  5241 I art     :   at void com.android.internal.os.ZygoteInit.main(java.lang.String[]) (ZygoteInit.java:776)
03-08 10:34:04.882  5241  5241 I art     : 
03-08 10:34:04.892  5241  5241 V TimeBomb: [bombAfterDays] Bomb in 1d Build Date=08.03.2023 Today=08.03.2023 Passed Days=0
03-08 10:34:04.904  1354  2257 D gralloc_ranchu: gralloc_alloc: Creating ashmem region of size 3932160
03-08 10:34:04.904  1354  1376 E SurfaceFlinger: ro.sf.lcd_density must be defined as a build property
03-08 10:34:04.906  5241  5241 D         : HostConnection::get() New Host Connection established 0x79981e5c6be0, tid 5241
03-08 10:34:04.919  2691  2908 D EGL_emulation: eglMakeCurrent: 0xda29c8e0: ver 3 0 (tinfo 0xb357ca00)
03-08 10:34:04.919  2658  2742 D EGL_emulation: eglMakeCurrent: 0x799827659940: ver 3 0 (tinfo 0x79982773d440)
03-08 10:34:04.936  5241  5322 D         : HostConnection::get() New Host Connection established 0x79982101d4e0, tid 5322
03-08 10:34:04.938  5241  5322 I OpenGLRenderer: Initialized EGL, version 1.4
03-08 10:34:04.938  5241  5322 D OpenGLRenderer: Swap behavior 1
03-08 10:34:04.940  5241  5241 I ViewConfigCompat: Could not find method getScaledScrollFactor() on ViewConfiguration
03-08 10:34:04.942  5241  5322 D EGL_emulation: eglCreateContext: 0x7998210400a0: maj 3 min 0 rcv 3
03-08 10:34:04.942  5241  5322 D EGL_emulation: eglMakeCurrent: 0x7998210400a0: ver 3 0 (tinfo 0x79982100c340)
03-08 10:34:04.954  5241  5322 D EGL_emulation: eglMakeCurrent: 0x7998210400a0: ver 3 0 (tinfo 0x79982100c340)
03-08 10:34:04.976  2691  2691 W SearchService: Abort, client detached.
03-08 10:34:05.185  1731  1765 I ActivityManager: Displayed com.timebomb/.MainActivity: +312ms
