03-07 16:48:30.038  1737  2533 I ActivityManager: Killing 4226:com.google.android.talk:matchstick/u0a52 (adj 906): empty #17
03-07 16:48:30.042  1737  4155 D ActivityManager: cleanUpApplicationRecord -- 4226
03-07 16:48:30.295  2300  5099 I Vision  : Requesting optional module download of ocr.
03-07 16:48:30.296  2300  5099 I Vision  : Checking for download completion for 151936 -- ocr
03-07 16:48:33.349  2783  2783 I MicroDetectionWorker: Micro detection mode: [mDetectionMode: [1]].
03-07 16:48:33.349  2783  2783 I AudioController: Using mInputStreamFactoryBuilder
03-07 16:48:33.351  2783  5105 I MicroRecognitionRunner: Starting detection.
03-07 16:48:33.351  2783  2962 I MicrophoneInputStream: mic_starting com.google.android.apps.gsa.staticplugins.z.c@4d4537
03-07 16:48:33.352  1441  5108 I AudioFlinger: AudioFlinger's thread 0xe3c83c00 ready to run
03-07 16:48:33.352  2783  2962 I MicrophoneInputStream: mic_started com.google.android.apps.gsa.staticplugins.z.c@4d4537
03-07 16:48:33.353  2783  2962 E ActivityThread: Failed to find provider info for com.google.android.apps.gsa.testing.ui.audio.recorded
03-07 16:48:33.353  2783  2783 I MicroDetectionWorker: onReady
03-07 16:48:33.355  2783  2962 I MicrophoneInputStream: mic_close com.google.android.apps.gsa.staticplugins.z.c@4d4537
03-07 16:48:33.355  2783  5105 I MicroRecognitionRunner: Detection finished
03-07 16:48:33.355  2783  5105 W ErrorReporter: reportError [type: 211, code: 524300]: Error reading from input stream
03-07 16:48:33.355  2783  3087 I MicroRecognitionRunner: Stopping hotword detection.
03-07 16:48:33.356  2783  5105 W ErrorProcessor: onFatalError, processing error from engine(4)
03-07 16:48:33.356  2783  5105 W ErrorProcessor: com.google.android.apps.gsa.shared.speech.a.g: Error reading from input stream
03-07 16:48:33.356  2783  5105 W ErrorProcessor: 	at com.google.android.apps.gsa.staticplugins.recognizer.i.a.a(SourceFile:342)
03-07 16:48:33.356  2783  5105 W ErrorProcessor: 	at com.google.android.apps.gsa.staticplugins.recognizer.i.a$1.run(SourceFile:1367)
03-07 16:48:33.356  2783  5105 W ErrorProcessor: 	at java.util.concurrent.Executors$RunnableAdapter.call(Executors.java:428)
03-07 16:48:33.356  2783  5105 W ErrorProcessor: 	at java.util.concurrent.FutureTask.run(FutureTask.java:237)
03-07 16:48:33.356  2783  5105 W ErrorProcessor: 	at com.google.android.apps.gsa.shared.util.concurrent.a.ak.run(SourceFile:66)
03-07 16:48:33.356  2783  5105 W ErrorProcessor: 	at java.util.concurrent.ThreadPoolExecutor.runWorker(ThreadPoolExecutor.java:1133)
03-07 16:48:33.356  2783  5105 W ErrorProcessor: 	at java.util.concurrent.ThreadPoolExecutor$Worker.run(ThreadPoolExecutor.java:607)
03-07 16:48:33.356  2783  5105 W ErrorProcessor: 	at java.lang.Thread.run(Thread.java:761)
03-07 16:48:33.356  2783  5105 W ErrorProcessor: 	at com.google.android.apps.gsa.shared.util.concurrent.a.ad$1.run(SourceFile:85)
03-07 16:48:33.356  2783  5105 W ErrorProcessor: Caused by: com.google.android.apps.gsa.shared.exception.GsaIOException: Error code: 393238 | Buffer overflow, no available space.
03-07 16:48:33.356  2783  5105 W ErrorProcessor: 	at com.google.android.apps.gsa.speech.audio.Tee.g(SourceFile:2531)
03-07 16:48:33.356  2783  5105 W ErrorProcessor: 	at com.google.android.apps.gsa.speech.audio.ap.read(SourceFile:555)
03-07 16:48:33.356  2783  5105 W ErrorProcessor: 	at java.io.InputStream.read(InputStream.java:101)
03-07 16:48:33.356  2783  5105 W ErrorProcessor: 	at com.google.android.apps.gsa.speech.audio.al.run(SourceFile:362)
03-07 16:48:33.356  2783  5105 W ErrorProcessor: 	at com.google.android.apps.gsa.speech.audio.ak$1.run(SourceFile:471)
03-07 16:48:33.356  2783  5105 W ErrorProcessor: 	at java.util.concurrent.Executors$RunnableAdapter.call(Executors.java:428)
03-07 16:48:33.356  2783  5105 W ErrorProcessor: 	at java.util.concurrent.FutureTask.run(FutureTask.java:237)
03-07 16:48:33.356  2783  5105 W ErrorProcessor: 	at com.google.android.apps.gsa.shared.util.concurrent.a.ak.run(SourceFile:66)
03-07 16:48:33.356  2783  5105 W ErrorProcessor: 	at com.google.android.apps.gsa.shared.util.concurrent.a.ax.run(SourceFile:139)
03-07 16:48:33.356  2783  5105 W ErrorProcessor: 	at com.google.android.apps.gsa.shared.util.concurrent.a.ax.run(SourceFile:139)
03-07 16:48:33.356  2783  5105 W ErrorProcessor: 	... 4 more
03-07 16:48:33.356  2783  5105 I AudioController: internalShutdown
03-07 16:48:33.361  2783  2783 I MicroDetector: Keeping mic open: false
03-07 16:48:33.361  2783  2783 I MicroDetectionWorker: #onError(false)
03-07 16:48:33.361  2783  5104 I DeviceStateChecker: DeviceStateChecker cancelled
03-07 16:48:34.316  2058  2777 V VvmTaskScheduler: executing task com.android.phone.vvm.omtp.ActivationTask@ccbf2f1
03-07 16:48:34.339  2058  2777 I VvmActivationTask: VVM content provider configured - vvm_type_cvvm
03-07 16:48:34.339  2058  2777 I OmtpVvmCarrierCfgHlpr: OmtpEvent:CONFIG_ACTIVATING
03-07 16:48:34.343  2058  2777 V OmtpMessageSender: Sending BINARY sms 'Activate:dt=15' to 122:1808
03-07 16:48:34.345  2058  2058 D VvmStatusSmsFetcher: Request SMS successfully sent
03-07 16:48:34.969  1888  2824 W Nearby  : Failed attempt #3 out of 3 for RestoreDeviceName [CONTEXT service_id=49 ]
03-07 16:48:34.969  1888  2824 W Nearby  : java.lang.IllegalStateException: BluetoothAdapter not ready yet!
03-07 16:48:34.969  1888  2824 W Nearby  : 	at ajpy.d(:com.google.android.gms@202414023@20.24.14 (040800-319035315):2)
03-07 16:48:34.969  1888  2824 W Nearby  : 	at ajpx.run(Unknown Source)
03-07 16:48:34.969  1888  2824 W Nearby  : 	at bwuj.call(Unknown Source)
03-07 16:48:34.969  1888  2824 W Nearby  : 	at bwuo.a(:com.google.android.gms@202414023@20.24.14 (040800-319035315):2)
03-07 16:48:34.969  1888  2824 W Nearby  : 	at bwuo.a(:com.google.android.gms@202414023@20.24.14 (040800-319035315):9)
03-07 16:48:34.969  1888  2824 W Nearby  : 	at ajpw.run(Unknown Source)
03-07 16:48:34.969  1888  2824 W Nearby  : 	at java.lang.Thread.run(Thread.java:761)
03-07 16:48:34.969  1888  2824 W Nearby  : 	at sow.run(Unknown Source)
03-07 16:48:34.969  1888  2824 W Nearby  : 	at java.util.concurrent.ThreadPoolExecutor.runWorker(ThreadPoolExecutor.java:1133)
03-07 16:48:34.969  1888  2824 W Nearby  : 	at java.util.concurrent.ThreadPoolExecutor$Worker.run(ThreadPoolExecutor.java:607)
03-07 16:48:34.969  1888  2824 W Nearby  : 	at sux.run(:com.google.android.gms@202414023@20.24.14 (040800-319035315):0)
03-07 16:48:34.969  1888  2824 W Nearby  : 	at java.lang.Thread.run(Thread.java:761)
03-07 16:48:38.264  2783  3008 W GmsLocationProvider: Error removing location updates: 16
03-07 16:48:38.365  2783  2783 I MicroDetectionWorker: Micro detection mode: [mDetectionMode: [1]].
03-07 16:48:38.366  2783  2783 I AudioController: Using mInputStreamFactoryBuilder
03-07 16:48:38.370  2783  5114 I MicroRecognitionRunner: Starting detection.
03-07 16:48:38.371  2783  2962 I MicrophoneInputStream: mic_starting com.google.android.apps.gsa.staticplugins.z.c@cc0967d
03-07 16:48:38.372  1441  5117 I AudioFlinger: AudioFlinger's thread 0xe3a03d00 ready to run
03-07 16:48:38.375  2783  2962 I MicrophoneInputStream: mic_started com.google.android.apps.gsa.staticplugins.z.c@cc0967d
03-07 16:48:38.375  2783  2962 E ActivityThread: Failed to find provider info for com.google.android.apps.gsa.testing.ui.audio.recorded
03-07 16:48:38.376  2783  2783 I MicroDetectionWorker: onReady
03-07 16:48:38.385  2783  2962 I MicrophoneInputStream: mic_close com.google.android.apps.gsa.staticplugins.z.c@cc0967d
03-07 16:48:38.385  2783  5114 I MicroRecognitionRunner: Detection finished
03-07 16:48:38.385  2783  5114 W ErrorReporter: reportError [type: 211, code: 524300]: Error reading from input stream
03-07 16:48:38.386  2783  3087 I MicroRecognitionRunner: Stopping hotword detection.
03-07 16:48:38.386  2783  5114 W ErrorProcessor: onFatalError, processing error from engine(4)
03-07 16:48:38.386  2783  5114 W ErrorProcessor: com.google.android.apps.gsa.shared.speech.a.g: Error reading from input stream
03-07 16:48:38.386  2783  5114 W ErrorProcessor: 	at com.google.android.apps.gsa.staticplugins.recognizer.i.a.a(SourceFile:342)
03-07 16:48:38.386  2783  5114 W ErrorProcessor: 	at com.google.android.apps.gsa.staticplugins.recognizer.i.a$1.run(SourceFile:1367)
03-07 16:48:38.386  2783  5114 W ErrorProcessor: 	at java.util.concurrent.Executors$RunnableAdapter.call(Executors.java:428)
03-07 16:48:38.386  2783  5114 W ErrorProcessor: 	at java.util.concurrent.FutureTask.run(FutureTask.java:237)
03-07 16:48:38.386  2783  5114 W ErrorProcessor: 	at com.google.android.apps.gsa.shared.util.concurrent.a.ak.run(SourceFile:66)
03-07 16:48:38.386  2783  5114 W ErrorProcessor: 	at java.util.concurrent.ThreadPoolExecutor.runWorker(ThreadPoolExecutor.java:1133)
03-07 16:48:38.386  2783  5114 W ErrorProcessor: 	at java.util.concurrent.ThreadPoolExecutor$Worker.run(ThreadPoolExecutor.java:607)
03-07 16:48:38.386  2783  5114 W ErrorProcessor: 	at java.lang.Thread.run(Thread.java:761)
03-07 16:48:38.386  2783  5114 W ErrorProcessor: 	at com.google.android.apps.gsa.shared.util.concurrent.a.ad$1.run(SourceFile:85)
03-07 16:48:38.386  2783  5114 W ErrorProcessor: Caused by: com.google.android.apps.gsa.shared.exception.GsaIOException: Error code: 393238 | Buffer overflow, no available space.
03-07 16:48:38.386  2783  5114 W ErrorProcessor: 	at com.google.android.apps.gsa.speech.audio.Tee.g(SourceFile:2531)
03-07 16:48:38.386  2783  5114 W ErrorProcessor: 	at com.google.android.apps.gsa.speech.audio.ap.read(SourceFile:555)
03-07 16:48:38.386  2783  5114 W ErrorProcessor: 	at java.io.InputStream.read(InputStream.java:101)
03-07 16:48:38.386  2783  5114 W ErrorProcessor: 	at com.google.android.apps.gsa.speech.audio.al.run(SourceFile:362)
03-07 16:48:38.386  2783  5114 W ErrorProcessor: 	at com.google.android.apps.gsa.speech.audio.ak$1.run(SourceFile:471)
03-07 16:48:38.386  2783  5114 W ErrorProcessor: 	at java.util.concurrent.Executors$RunnableAdapter.call(Executors.java:428)
03-07 16:48:38.386  2783  5114 W ErrorProcessor: 	at java.util.concurrent.FutureTask.run(FutureTask.java:237)
03-07 16:48:38.386  2783  5114 W ErrorProcessor: 	at com.google.android.apps.gsa.shared.util.concurrent.a.ak.run(SourceFile:66)
03-07 16:48:38.386  2783  5114 W ErrorProcessor: 	at com.google.android.apps.gsa.shared.util.concurrent.a.ax.run(SourceFile:139)
03-07 16:48:38.386  2783  5114 W ErrorProcessor: 	at com.google.android.apps.gsa.shared.util.concurrent.a.ax.run(SourceFile:139)
03-07 16:48:38.386  2783  5114 W ErrorProcessor: 	... 4 more
03-07 16:48:38.386  2783  5114 I AudioController: internalShutdown
03-07 16:48:38.387  2783  2783 I MicroDetector: Keeping mic open: false
03-07 16:48:38.388  2783  2783 I MicroDetectionWorker: #onError(false)
03-07 16:48:38.388  2783  5113 I DeviceStateChecker: DeviceStateChecker cancelled
03-07 16:48:39.445  2300  2370 I ContentMaintenance: Internal cache bytes used: 0; limit: 100000000; download size: 0
03-07 16:48:39.450  2300  2370 I RealtimeCacheCleanup: Beginning Realtime garbage collection.
03-07 16:48:39.450  2300  2370 I RealtimeCacheCleanup: Finished Realtime garbage collection.
03-07 16:48:40.303  2300  5121 I Vision  : Requesting optional module download of ocr.
03-07 16:48:40.303  2300  5121 I Vision  : Checking for download completion for 161943 -- ocr
03-07 16:48:43.390  2783  2783 I MicroDetectionWorker: Micro detection mode: [mDetectionMode: [1]].
03-07 16:48:43.392  2783  2783 I AudioController: Using mInputStreamFactoryBuilder
03-07 16:48:43.395  2783  5127 I MicroRecognitionRunner: Starting detection.
03-07 16:48:43.396  2783  2962 I MicrophoneInputStream: mic_starting com.google.android.apps.gsa.staticplugins.z.c@28fe1b3
03-07 16:48:43.396  1441  5130 I AudioFlinger: AudioFlinger's thread 0xe3783080 ready to run
03-07 16:48:43.397  2783  2962 I MicrophoneInputStream: mic_started com.google.android.apps.gsa.staticplugins.z.c@28fe1b3
03-07 16:48:43.397  2783  2962 E ActivityThread: Failed to find provider info for com.google.android.apps.gsa.testing.ui.audio.recorded
03-07 16:48:43.398  2783  2783 I MicroDetectionWorker: onReady
03-07 16:48:43.399  2783  2962 I MicrophoneInputStream: mic_close com.google.android.apps.gsa.staticplugins.z.c@28fe1b3
03-07 16:48:43.399  2783  5127 I MicroRecognitionRunner: Detection finished
03-07 16:48:43.399  2783  5127 W ErrorReporter: reportError [type: 211, code: 524300]: Error reading from input stream
03-07 16:48:43.399  2783  3087 I MicroRecognitionRunner: Stopping hotword detection.
03-07 16:48:43.399  2783  5127 W ErrorProcessor: onFatalError, processing error from engine(4)
03-07 16:48:43.399  2783  5127 W ErrorProcessor: com.google.android.apps.gsa.shared.speech.a.g: Error reading from input stream
03-07 16:48:43.399  2783  5127 W ErrorProcessor: 	at com.google.android.apps.gsa.staticplugins.recognizer.i.a.a(SourceFile:342)
03-07 16:48:43.399  2783  5127 W ErrorProcessor: 	at com.google.android.apps.gsa.staticplugins.recognizer.i.a$1.run(SourceFile:1367)
03-07 16:48:43.399  2783  5127 W ErrorProcessor: 	at java.util.concurrent.Executors$RunnableAdapter.call(Executors.java:428)
03-07 16:48:43.399  2783  5127 W ErrorProcessor: 	at java.util.concurrent.FutureTask.run(FutureTask.java:237)
03-07 16:48:43.399  2783  5127 W ErrorProcessor: 	at com.google.android.apps.gsa.shared.util.concurrent.a.ak.run(SourceFile:66)
03-07 16:48:43.399  2783  5127 W ErrorProcessor: 	at java.util.concurrent.ThreadPoolExecutor.runWorker(ThreadPoolExecutor.java:1133)
03-07 16:48:43.399  2783  5127 W ErrorProcessor: 	at java.util.concurrent.ThreadPoolExecutor$Worker.run(ThreadPoolExecutor.java:607)
03-07 16:48:43.399  2783  5127 W ErrorProcessor: 	at java.lang.Thread.run(Thread.java:761)
03-07 16:48:43.399  2783  5127 W ErrorProcessor: 	at com.google.android.apps.gsa.shared.util.concurrent.a.ad$1.run(SourceFile:85)
03-07 16:48:43.399  2783  5127 W ErrorProcessor: Caused by: com.google.android.apps.gsa.shared.exception.GsaIOException: Error code: 393238 | Buffer overflow, no available space.
03-07 16:48:43.399  2783  5127 W ErrorProcessor: 	at com.google.android.apps.gsa.speech.audio.Tee.g(SourceFile:2531)
03-07 16:48:43.399  2783  5127 W ErrorProcessor: 	at com.google.android.apps.gsa.speech.audio.ap.read(SourceFile:555)
03-07 16:48:43.399  2783  5127 W ErrorProcessor: 	at java.io.InputStream.read(InputStream.java:101)
03-07 16:48:43.399  2783  5127 W ErrorProcessor: 	at com.google.android.apps.gsa.speech.audio.al.run(SourceFile:362)
03-07 16:48:43.399  2783  5127 W ErrorProcessor: 	at com.google.android.apps.gsa.speech.audio.ak$1.run(SourceFile:471)
03-07 16:48:43.399  2783  5127 W ErrorProcessor: 	at java.util.concurrent.Executors$RunnableAdapter.call(Executors.java:428)
03-07 16:48:43.399  2783  5127 W ErrorProcessor: 	at java.util.concurrent.FutureTask.run(FutureTask.java:237)
03-07 16:48:43.399  2783  5127 W ErrorProcessor: 	at com.google.android.apps.gsa.shared.util.concurrent.a.ak.run(SourceFile:66)
03-07 16:48:43.399  2783  5127 W ErrorProcessor: 	at com.google.android.apps.gsa.shared.util.concurrent.a.ax.run(SourceFile:139)
03-07 16:48:43.399  2783  5127 W ErrorProcessor: 	at com.google.android.apps.gsa.shared.util.concurrent.a.ax.run(SourceFile:139)
03-07 16:48:43.399  2783  5127 W ErrorProcessor: 	... 4 more
03-07 16:48:43.399  2783  5127 I AudioController: internalShutdown
03-07 16:48:43.411  2783  2783 I MicroDetector: Keeping mic open: false
03-07 16:48:43.411  2783  2783 I MicroDetectionWorker: #onError(false)
03-07 16:48:43.411  2783  5126 I DeviceStateChecker: DeviceStateChecker cancelled
03-07 16:48:48.415  2783  2783 I MicroDetectionWorker: Micro detection mode: [mDetectionMode: [1]].
03-07 16:48:48.416  2783  2783 I AudioController: Using mInputStreamFactoryBuilder
03-07 16:48:48.421  2783  5136 I MicroRecognitionRunner: Starting detection.
03-07 16:48:48.422  2783  2962 I MicrophoneInputStream: mic_starting com.google.android.apps.gsa.staticplugins.z.c@28acc59
03-07 16:48:48.424  1441  5139 I AudioFlinger: AudioFlinger's thread 0xe3503840 ready to run
03-07 16:48:48.428  2783  2962 I MicrophoneInputStream: mic_started com.google.android.apps.gsa.staticplugins.z.c@28acc59
03-07 16:48:48.429  2783  2962 E ActivityThread: Failed to find provider info for com.google.android.apps.gsa.testing.ui.audio.recorded
03-07 16:48:48.429  2783  2783 I MicroDetectionWorker: onReady
03-07 16:48:48.435  2783  2962 I MicrophoneInputStream: mic_close com.google.android.apps.gsa.staticplugins.z.c@28acc59
03-07 16:48:48.435  2783  5136 I MicroRecognitionRunner: Detection finished
03-07 16:48:48.435  2783  5136 W ErrorReporter: reportError [type: 211, code: 524300]: Error reading from input stream
03-07 16:48:48.435  2783  3087 I MicroRecognitionRunner: Stopping hotword detection.
03-07 16:48:48.436  2783  5136 W ErrorProcessor: onFatalError, processing error from engine(4)
03-07 16:48:48.436  2783  5136 W ErrorProcessor: com.google.android.apps.gsa.shared.speech.a.g: Error reading from input stream
03-07 16:48:48.436  2783  5136 W ErrorProcessor: 	at com.google.android.apps.gsa.staticplugins.recognizer.i.a.a(SourceFile:342)
03-07 16:48:48.436  2783  5136 W ErrorProcessor: 	at com.google.android.apps.gsa.staticplugins.recognizer.i.a$1.run(SourceFile:1367)
03-07 16:48:48.436  2783  5136 W ErrorProcessor: 	at java.util.concurrent.Executors$RunnableAdapter.call(Executors.java:428)
03-07 16:48:48.436  2783  5136 W ErrorProcessor: 	at java.util.concurrent.FutureTask.run(FutureTask.java:237)
03-07 16:48:48.436  2783  5136 W ErrorProcessor: 	at com.google.android.apps.gsa.shared.util.concurrent.a.ak.run(SourceFile:66)
03-07 16:48:48.436  2783  5136 W ErrorProcessor: 	at java.util.concurrent.ThreadPoolExecutor.runWorker(ThreadPoolExecutor.java:1133)
03-07 16:48:48.436  2783  5136 W ErrorProcessor: 	at java.util.concurrent.ThreadPoolExecutor$Worker.run(ThreadPoolExecutor.java:607)
03-07 16:48:48.436  2783  5136 W ErrorProcessor: 	at java.lang.Thread.run(Thread.java:761)
03-07 16:48:48.436  2783  5136 W ErrorProcessor: 	at com.google.android.apps.gsa.shared.util.concurrent.a.ad$1.run(SourceFile:85)
03-07 16:48:48.436  2783  5136 W ErrorProcessor: Caused by: com.google.android.apps.gsa.shared.exception.GsaIOException: Error code: 393238 | Buffer overflow, no available space.
03-07 16:48:48.436  2783  5136 W ErrorProcessor: 	at com.google.android.apps.gsa.speech.audio.Tee.g(SourceFile:2531)
03-07 16:48:48.436  2783  5136 W ErrorProcessor: 	at com.google.android.apps.gsa.speech.audio.ap.read(SourceFile:555)
03-07 16:48:48.436  2783  5136 W ErrorProcessor: 	at java.io.InputStream.read(InputStream.java:101)
03-07 16:48:48.436  2783  5136 W ErrorProcessor: 	at com.google.android.apps.gsa.speech.audio.al.run(SourceFile:362)
03-07 16:48:48.436  2783  5136 W ErrorProcessor: 	at com.google.android.apps.gsa.speech.audio.ak$1.run(SourceFile:471)
03-07 16:48:48.436  2783  5136 W ErrorProcessor: 	at java.util.concurrent.Executors$RunnableAdapter.call(Executors.java:428)
03-07 16:48:48.436  2783  5136 W ErrorProcessor: 	at java.util.concurrent.FutureTask.run(FutureTask.java:237)
03-07 16:48:48.436  2783  5136 W ErrorProcessor: 	at com.google.android.apps.gsa.shared.util.concurrent.a.ak.run(SourceFile:66)
03-07 16:48:48.436  2783  5136 W ErrorProcessor: 	at com.google.android.apps.gsa.shared.util.concurrent.a.ax.run(SourceFile:139)
03-07 16:48:48.436  2783  5136 W ErrorProcessor: 	at com.google.android.apps.gsa.shared.util.concurrent.a.ax.run(SourceFile:139)
03-07 16:48:48.436  2783  5136 W ErrorProcessor: 	... 4 more
03-07 16:48:48.436  2783  5136 I AudioController: internalShutdown
03-07 16:48:48.444  2783  2783 I MicroDetector: Keeping mic open: false
03-07 16:48:48.444  2783  2783 I MicroDetectionWorker: #onError(false)
03-07 16:48:48.444  2783  5135 I DeviceStateChecker: DeviceStateChecker cancelled
03-07 16:48:50.306  2300  5143 I Vision  : Requesting optional module download of ocr.
03-07 16:48:50.306  2300  5143 I Vision  : Checking for download completion for 171947 -- ocr
03-07 16:48:53.449  2783  2783 I MicroDetectionWorker: Micro detection mode: [mDetectionMode: [1]].
03-07 16:48:53.450  2783  2783 I AudioController: Using mInputStreamFactoryBuilder
03-07 16:48:53.455  2783  5149 I MicroRecognitionRunner: Starting detection.
03-07 16:48:53.456  2783  2962 I MicrophoneInputStream: mic_starting com.google.android.apps.gsa.staticplugins.z.c@76697ef
03-07 16:48:53.457  1441  5152 I AudioFlinger: AudioFlinger's thread 0xe3283580 ready to run
03-07 16:48:53.461  2783  2962 I MicrophoneInputStream: mic_started com.google.android.apps.gsa.staticplugins.z.c@76697ef
03-07 16:48:53.461  2783  2962 E ActivityThread: Failed to find provider info for com.google.android.apps.gsa.testing.ui.audio.recorded
03-07 16:48:53.462  2783  2783 I MicroDetectionWorker: onReady
03-07 16:48:53.467  2783  2962 I MicrophoneInputStream: mic_close com.google.android.apps.gsa.staticplugins.z.c@76697ef
03-07 16:48:53.467  2783  5149 I MicroRecognitionRunner: Detection finished
03-07 16:48:53.467  2783  5149 W ErrorReporter: reportError [type: 211, code: 524300]: Error reading from input stream
03-07 16:48:53.467  2783  3087 I MicroRecognitionRunner: Stopping hotword detection.
03-07 16:48:53.468  2783  5149 W ErrorProcessor: onFatalError, processing error from engine(4)
03-07 16:48:53.468  2783  5149 W ErrorProcessor: com.google.android.apps.gsa.shared.speech.a.g: Error reading from input stream
03-07 16:48:53.468  2783  5149 W ErrorProcessor: 	at com.google.android.apps.gsa.staticplugins.recognizer.i.a.a(SourceFile:342)
03-07 16:48:53.468  2783  5149 W ErrorProcessor: 	at com.google.android.apps.gsa.staticplugins.recognizer.i.a$1.run(SourceFile:1367)
03-07 16:48:53.468  2783  5149 W ErrorProcessor: 	at java.util.concurrent.Executors$RunnableAdapter.call(Executors.java:428)
03-07 16:48:53.468  2783  5149 W ErrorProcessor: 	at java.util.concurrent.FutureTask.run(FutureTask.java:237)
03-07 16:48:53.468  2783  5149 W ErrorProcessor: 	at com.google.android.apps.gsa.shared.util.concurrent.a.ak.run(SourceFile:66)
03-07 16:48:53.468  2783  5149 W ErrorProcessor: 	at java.util.concurrent.ThreadPoolExecutor.runWorker(ThreadPoolExecutor.java:1133)
03-07 16:48:53.468  2783  5149 W ErrorProcessor: 	at java.util.concurrent.ThreadPoolExecutor$Worker.run(ThreadPoolExecutor.java:607)
03-07 16:48:53.468  2783  5149 W ErrorProcessor: 	at java.lang.Thread.run(Thread.java:761)
03-07 16:48:53.468  2783  5149 W ErrorProcessor: 	at com.google.android.apps.gsa.shared.util.concurrent.a.ad$1.run(SourceFile:85)
03-07 16:48:53.468  2783  5149 W ErrorProcessor: Caused by: com.google.android.apps.gsa.shared.exception.GsaIOException: Error code: 393238 | Buffer overflow, no available space.
03-07 16:48:53.468  2783  5149 W ErrorProcessor: 	at com.google.android.apps.gsa.speech.audio.Tee.g(SourceFile:2531)
03-07 16:48:53.468  2783  5149 W ErrorProcessor: 	at com.google.android.apps.gsa.speech.audio.ap.read(SourceFile:555)
03-07 16:48:53.468  2783  5149 W ErrorProcessor: 	at java.io.InputStream.read(InputStream.java:101)
03-07 16:48:53.468  2783  5149 W ErrorProcessor: 	at com.google.android.apps.gsa.speech.audio.al.run(SourceFile:362)
03-07 16:48:53.468  2783  5149 W ErrorProcessor: 	at com.google.android.apps.gsa.speech.audio.ak$1.run(SourceFile:471)
03-07 16:48:53.468  2783  5149 W ErrorProcessor: 	at java.util.concurrent.Executors$RunnableAdapter.call(Executors.java:428)
03-07 16:48:53.468  2783  5149 W ErrorProcessor: 	at java.util.concurrent.FutureTask.run(FutureTask.java:237)
03-07 16:48:53.468  2783  5149 W ErrorProcessor: 	at com.google.android.apps.gsa.shared.util.concurrent.a.ak.run(SourceFile:66)
03-07 16:48:53.468  2783  5149 W ErrorProcessor: 	at com.google.android.apps.gsa.shared.util.concurrent.a.ax.run(SourceFile:139)
03-07 16:48:53.468  2783  5149 W ErrorProcessor: 	at com.google.android.apps.gsa.shared.util.concurrent.a.ax.run(SourceFile:139)
03-07 16:48:53.468  2783  5149 W ErrorProcessor: 	... 4 more
03-07 16:48:53.468  2783  5149 I AudioController: internalShutdown
03-07 16:48:53.477  2783  2783 I MicroDetector: Keeping mic open: false
03-07 16:48:53.477  2783  2783 I MicroDetectionWorker: #onError(false)
03-07 16:48:53.477  2783  5148 I DeviceStateChecker: DeviceStateChecker cancelled
03-07 16:48:58.482  2783  2783 I MicroDetectionWorker: Micro detection mode: [mDetectionMode: [1]].
03-07 16:48:58.483  2783  2783 I AudioController: Using mInputStreamFactoryBuilder
03-07 16:48:58.488  2783  5158 I MicroRecognitionRunner: Starting detection.
03-07 16:48:58.489  2783  2962 I MicrophoneInputStream: mic_starting com.google.android.apps.gsa.staticplugins.z.c@c1481f5
03-07 16:48:58.490  1441  5161 I AudioFlinger: AudioFlinger's thread 0xe3003dc0 ready to run
03-07 16:48:58.494  2783  2962 I MicrophoneInputStream: mic_started com.google.android.apps.gsa.staticplugins.z.c@c1481f5
03-07 16:48:58.495  2783  2962 E ActivityThread: Failed to find provider info for com.google.android.apps.gsa.testing.ui.audio.recorded
03-07 16:48:58.496  2783  2783 I MicroDetectionWorker: onReady
03-07 16:48:58.504  2783  2962 I MicrophoneInputStream: mic_close com.google.android.apps.gsa.staticplugins.z.c@c1481f5
03-07 16:48:58.504  2783  5158 I MicroRecognitionRunner: Detection finished
03-07 16:48:58.504  2783  5158 W ErrorReporter: reportError [type: 211, code: 524300]: Error reading from input stream
03-07 16:48:58.505  2783  3087 I MicroRecognitionRunner: Stopping hotword detection.
03-07 16:48:58.505  2783  5158 W ErrorProcessor: onFatalError, processing error from engine(4)
03-07 16:48:58.505  2783  5158 W ErrorProcessor: com.google.android.apps.gsa.shared.speech.a.g: Error reading from input stream
03-07 16:48:58.505  2783  5158 W ErrorProcessor: 	at com.google.android.apps.gsa.staticplugins.recognizer.i.a.a(SourceFile:342)
03-07 16:48:58.505  2783  5158 W ErrorProcessor: 	at com.google.android.apps.gsa.staticplugins.recognizer.i.a$1.run(SourceFile:1367)
03-07 16:48:58.505  2783  5158 W ErrorProcessor: 	at java.util.concurrent.Executors$RunnableAdapter.call(Executors.java:428)
03-07 16:48:58.505  2783  5158 W ErrorProcessor: 	at java.util.concurrent.FutureTask.run(FutureTask.java:237)
03-07 16:48:58.505  2783  5158 W ErrorProcessor: 	at com.google.android.apps.gsa.shared.util.concurrent.a.ak.run(SourceFile:66)
03-07 16:48:58.505  2783  5158 W ErrorProcessor: 	at java.util.concurrent.ThreadPoolExecutor.runWorker(ThreadPoolExecutor.java:1133)
03-07 16:48:58.505  2783  5158 W ErrorProcessor: 	at java.util.concurrent.ThreadPoolExecutor$Worker.run(ThreadPoolExecutor.java:607)
03-07 16:48:58.505  2783  5158 W ErrorProcessor: 	at java.lang.Thread.run(Thread.java:761)
03-07 16:48:58.505  2783  5158 W ErrorProcessor: 	at com.google.android.apps.gsa.shared.util.concurrent.a.ad$1.run(SourceFile:85)
03-07 16:48:58.505  2783  5158 W ErrorProcessor: Caused by: com.google.android.apps.gsa.shared.exception.GsaIOException: Error code: 393238 | Buffer overflow, no available space.
03-07 16:48:58.505  2783  5158 W ErrorProcessor: 	at com.google.android.apps.gsa.speech.audio.Tee.g(SourceFile:2531)
03-07 16:48:58.505  2783  5158 W ErrorProcessor: 	at com.google.android.apps.gsa.speech.audio.ap.read(SourceFile:555)
03-07 16:48:58.505  2783  5158 W ErrorProcessor: 	at java.io.InputStream.read(InputStream.java:101)
03-07 16:48:58.505  2783  5158 W ErrorProcessor: 	at com.google.android.apps.gsa.speech.audio.al.run(SourceFile:362)
03-07 16:48:58.505  2783  5158 W ErrorProcessor: 	at com.google.android.apps.gsa.speech.audio.ak$1.run(SourceFile:471)
03-07 16:48:58.505  2783  5158 W ErrorProcessor: 	at java.util.concurrent.Executors$RunnableAdapter.call(Executors.java:428)
03-07 16:48:58.505  2783  5158 W ErrorProcessor: 	at java.util.concurrent.FutureTask.run(FutureTask.java:237)
03-07 16:48:58.505  2783  5158 W ErrorProcessor: 	at com.google.android.apps.gsa.shared.util.concurrent.a.ak.run(SourceFile:66)
03-07 16:48:58.505  2783  5158 W ErrorProcessor: 	at com.google.android.apps.gsa.shared.util.concurrent.a.ax.run(SourceFile:139)
03-07 16:48:58.505  2783  5158 W ErrorProcessor: 	at com.google.android.apps.gsa.shared.util.concurrent.a.ax.run(SourceFile:139)
03-07 16:48:58.505  2783  5158 W ErrorProcessor: 	... 4 more
03-07 16:48:58.505  2783  5158 I AudioController: internalShutdown
03-07 16:48:58.512  2783  2783 I MicroDetector: Keeping mic open: false
03-07 16:48:58.512  2783  2783 I MicroDetectionWorker: #onError(false)
03-07 16:48:58.512  2783  5157 I DeviceStateChecker: DeviceStateChecker cancelled
03-07 16:49:00.002  1737  1737 I ActivityManager: Killing 2692:com.android.providers.calendar/u0a2 (adj 906): empty #17
03-07 16:49:00.060  1737  2514 D ActivityManager: cleanUpApplicationRecord -- 2692
03-07 16:49:00.317  2300  5165 I Vision  : Requesting optional module download of ocr.
03-07 16:49:00.317  2300  5165 I Vision  : Exceeded maximum feature download tries for ocr
03-07 16:49:00.317  2300  5165 W Vision  : Request of optional module download of ocr failed.
03-07 16:49:00.317  2300  5165 I Vision  : Checking for download completion for 181958 -- ocr
03-07 16:49:03.516  2783  2783 I MicroDetectionWorker: Micro detection mode: [mDetectionMode: [1]].
03-07 16:49:03.517  2783  2783 I AudioController: Using mInputStreamFactoryBuilder
03-07 16:49:03.522  2783  5171 I MicroRecognitionRunner: Starting detection.
03-07 16:49:03.522  2783  2962 I MicrophoneInputStream: mic_starting com.google.android.apps.gsa.staticplugins.z.c@10723eb
03-07 16:49:03.523  1441  5174 I AudioFlinger: AudioFlinger's thread 0xe2d83400 ready to run
03-07 16:49:03.527  2783  2962 I MicrophoneInputStream: mic_started com.google.android.apps.gsa.staticplugins.z.c@10723eb
03-07 16:49:03.527  2783  2962 E ActivityThread: Failed to find provider info for com.google.android.apps.gsa.testing.ui.audio.recorded
03-07 16:49:03.528  2783  2783 I MicroDetectionWorker: onReady
03-07 16:49:03.532  2783  2962 I MicrophoneInputStream: mic_close com.google.android.apps.gsa.staticplugins.z.c@10723eb
03-07 16:49:03.532  2783  5171 I MicroRecognitionRunner: Detection finished
03-07 16:49:03.532  2783  5171 W ErrorReporter: reportError [type: 211, code: 524300]: Error reading from input stream
03-07 16:49:03.532  2783  3087 I MicroRecognitionRunner: Stopping hotword detection.
03-07 16:49:03.532  2783  5171 W ErrorProcessor: onFatalError, processing error from engine(4)
03-07 16:49:03.532  2783  5171 W ErrorProcessor: com.google.android.apps.gsa.shared.speech.a.g: Error reading from input stream
03-07 16:49:03.532  2783  5171 W ErrorProcessor: 	at com.google.android.apps.gsa.staticplugins.recognizer.i.a.a(SourceFile:342)
03-07 16:49:03.532  2783  5171 W ErrorProcessor: 	at com.google.android.apps.gsa.staticplugins.recognizer.i.a$1.run(SourceFile:1367)
03-07 16:49:03.532  2783  5171 W ErrorProcessor: 	at java.util.concurrent.Executors$RunnableAdapter.call(Executors.java:428)
03-07 16:49:03.532  2783  5171 W ErrorProcessor: 	at java.util.concurrent.FutureTask.run(FutureTask.java:237)
03-07 16:49:03.532  2783  5171 W ErrorProcessor: 	at com.google.android.apps.gsa.shared.util.concurrent.a.ak.run(SourceFile:66)
03-07 16:49:03.532  2783  5171 W ErrorProcessor: 	at java.util.concurrent.ThreadPoolExecutor.runWorker(ThreadPoolExecutor.java:1133)
03-07 16:49:03.532  2783  5171 W ErrorProcessor: 	at java.util.concurrent.ThreadPoolExecutor$Worker.run(ThreadPoolExecutor.java:607)
03-07 16:49:03.532  2783  5171 W ErrorProcessor: 	at java.lang.Thread.run(Thread.java:761)
03-07 16:49:03.532  2783  5171 W ErrorProcessor: 	at com.google.android.apps.gsa.shared.util.concurrent.a.ad$1.run(SourceFile:85)
03-07 16:49:03.532  2783  5171 W ErrorProcessor: Caused by: com.google.android.apps.gsa.shared.exception.GsaIOException: Error code: 393238 | Buffer overflow, no available space.
03-07 16:49:03.532  2783  5171 W ErrorProcessor: 	at com.google.android.apps.gsa.speech.audio.Tee.g(SourceFile:2531)
03-07 16:49:03.532  2783  5171 W ErrorProcessor: 	at com.google.android.apps.gsa.speech.audio.ap.read(SourceFile:555)
03-07 16:49:03.532  2783  5171 W ErrorProcessor: 	at java.io.InputStream.read(InputStream.java:101)
03-07 16:49:03.532  2783  5171 W ErrorProcessor: 	at com.google.android.apps.gsa.speech.audio.al.run(SourceFile:362)
03-07 16:49:03.532  2783  5171 W ErrorProcessor: 	at com.google.android.apps.gsa.speech.audio.ak$1.run(SourceFile:471)
03-07 16:49:03.532  2783  5171 W ErrorProcessor: 	at java.util.concurrent.Executors$RunnableAdapter.call(Executors.java:428)
03-07 16:49:03.532  2783  5171 W ErrorProcessor: 	at java.util.concurrent.FutureTask.run(FutureTask.java:237)
03-07 16:49:03.532  2783  5171 W ErrorProcessor: 	at com.google.android.apps.gsa.shared.util.concurrent.a.ak.run(SourceFile:66)
03-07 16:49:03.532  2783  5171 W ErrorProcessor: 	at com.google.android.apps.gsa.shared.util.concurrent.a.ax.run(SourceFile:139)
03-07 16:49:03.532  2783  5171 W ErrorProcessor: 	at com.google.android.apps.gsa.shared.util.concurrent.a.ax.run(SourceFile:139)
03-07 16:49:03.532  2783  5171 W ErrorProcessor: 	... 4 more
03-07 16:49:03.532  2783  5171 I AudioController: internalShutdown
03-07 16:49:03.544  2783  2783 I MicroDetector: Keeping mic open: false
03-07 16:49:03.544  2783  2783 I MicroDetectionWorker: #onError(false)
03-07 16:49:03.544  2783  5170 I DeviceStateChecker: DeviceStateChecker cancelled
03-07 16:49:08.256  2783  2783 I GrammarCompilationSvcCt: #startService for null, APP_NAMES.
03-07 16:49:08.261  2783  5179 I ContextCompilationHandl: Compiling grammar for: en-US, type=APP_NAMES
03-07 16:49:08.262  2783  5179 I ContextCompilationHandl: No grammar compilation resources for VOICE_ACTIONS_COMPILER, aborting. 
03-07 16:49:08.457  2783  2783 I GrammarCompilationSvcCt: #startService for null, APP_NAMES.
03-07 16:49:08.458  2783  5180 I ContextCompilationHandl: Compiling grammar for: en-US, type=APP_NAMES
03-07 16:49:08.458  2783  5180 I ContextCompilationHandl: No grammar compilation resources for VOICE_ACTIONS_COMPILER, aborting. 
03-07 16:49:08.544  2783  2783 I MicroDetectionWorker: Micro detection mode: [mDetectionMode: [1]].
03-07 16:49:08.545  2783  2783 I AudioController: Using mInputStreamFactoryBuilder
03-07 16:49:08.550  2783  5182 I MicroRecognitionRunner: Starting detection.
03-07 16:49:08.550  2783  2962 I MicrophoneInputStream: mic_starting com.google.android.apps.gsa.staticplugins.z.c@4a72d53
03-07 16:49:08.552  1441  5185 I AudioFlinger: AudioFlinger's thread 0xe2b03540 ready to run
03-07 16:49:08.554  2783  2962 I MicrophoneInputStream: mic_started com.google.android.apps.gsa.staticplugins.z.c@4a72d53
03-07 16:49:08.555  2783  2962 E ActivityThread: Failed to find provider info for com.google.android.apps.gsa.testing.ui.audio.recorded
03-07 16:49:08.555  2783  2783 I MicroDetectionWorker: onReady
03-07 16:49:08.562  2783  2962 I MicrophoneInputStream: mic_close com.google.android.apps.gsa.staticplugins.z.c@4a72d53
03-07 16:49:08.563  2783  5182 I MicroRecognitionRunner: Detection finished
03-07 16:49:08.563  2783  5182 W ErrorReporter: reportError [type: 211, code: 524300]: Error reading from input stream
03-07 16:49:08.563  2783  3087 I MicroRecognitionRunner: Stopping hotword detection.
03-07 16:49:08.564  2783  5182 W ErrorProcessor: onFatalError, processing error from engine(4)
03-07 16:49:08.564  2783  5182 W ErrorProcessor: com.google.android.apps.gsa.shared.speech.a.g: Error reading from input stream
03-07 16:49:08.564  2783  5182 W ErrorProcessor: 	at com.google.android.apps.gsa.staticplugins.recognizer.i.a.a(SourceFile:342)
03-07 16:49:08.564  2783  5182 W ErrorProcessor: 	at com.google.android.apps.gsa.staticplugins.recognizer.i.a$1.run(SourceFile:1367)
03-07 16:49:08.564  2783  5182 W ErrorProcessor: 	at java.util.concurrent.Executors$RunnableAdapter.call(Executors.java:428)
03-07 16:49:08.564  2783  5182 W ErrorProcessor: 	at java.util.concurrent.FutureTask.run(FutureTask.java:237)
03-07 16:49:08.564  2783  5182 W ErrorProcessor: 	at com.google.android.apps.gsa.shared.util.concurrent.a.ak.run(SourceFile:66)
03-07 16:49:08.564  2783  5182 W ErrorProcessor: 	at java.util.concurrent.ThreadPoolExecutor.runWorker(ThreadPoolExecutor.java:1133)
03-07 16:49:08.564  2783  5182 W ErrorProcessor: 	at java.util.concurrent.ThreadPoolExecutor$Worker.run(ThreadPoolExecutor.java:607)
03-07 16:49:08.564  2783  5182 W ErrorProcessor: 	at java.lang.Thread.run(Thread.java:761)
03-07 16:49:08.564  2783  5182 W ErrorProcessor: 	at com.google.android.apps.gsa.shared.util.concurrent.a.ad$1.run(SourceFile:85)
03-07 16:49:08.564  2783  5182 W ErrorProcessor: Caused by: com.google.android.apps.gsa.shared.exception.GsaIOException: Error code: 393238 | Buffer overflow, no available space.
03-07 16:49:08.564  2783  5182 W ErrorProcessor: 	at com.google.android.apps.gsa.speech.audio.Tee.g(SourceFile:2531)
03-07 16:49:08.564  2783  5182 W ErrorProcessor: 	at com.google.android.apps.gsa.speech.audio.ap.read(SourceFile:555)
03-07 16:49:08.564  2783  5182 W ErrorProcessor: 	at java.io.InputStream.read(InputStream.java:101)
03-07 16:49:08.564  2783  5182 W ErrorProcessor: 	at com.google.android.apps.gsa.speech.audio.al.run(SourceFile:362)
03-07 16:49:08.564  2783  5182 W ErrorProcessor: 	at com.google.android.apps.gsa.speech.audio.ak$1.run(SourceFile:471)
03-07 16:49:08.564  2783  5182 W ErrorProcessor: 	at java.util.concurrent.Executors$RunnableAdapter.call(Executors.java:428)
03-07 16:49:08.564  2783  5182 W ErrorProcessor: 	at java.util.concurrent.FutureTask.run(FutureTask.java:237)
03-07 16:49:08.564  2783  5182 W ErrorProcessor: 	at com.google.android.apps.gsa.shared.util.concurrent.a.ak.run(SourceFile:66)
03-07 16:49:08.564  2783  5182 W ErrorProcessor: 	at com.google.android.apps.gsa.shared.util.concurrent.a.ax.run(SourceFile:139)
03-07 16:49:08.564  2783  5182 W ErrorProcessor: 	at com.google.android.apps.gsa.shared.util.concurrent.a.ax.run(SourceFile:139)
03-07 16:49:08.564  2783  5182 W ErrorProcessor: 	... 4 more
03-07 16:49:08.564  2783  5182 I AudioController: internalShutdown
03-07 16:49:08.565  2783  2783 I MicroDetector: Keeping mic open: false
03-07 16:49:08.565  2783  2783 I MicroDetectionWorker: #onError(false)
03-07 16:49:08.565  2783  5181 I DeviceStateChecker: DeviceStateChecker cancelled
03-07 16:49:10.321  2300  5189 I Vision  : Requesting optional module download of ocr.
03-07 16:49:10.323  2300  5189 I Vision  : Checking for download completion for 191963 -- ocr
03-07 16:49:10.326  2300  5189 I ChimeraConfigurator: Starting update, reason: 4 urgentFeatures: vision.ocr:-1
03-07 16:49:10.326  2300  5189 E ConfigFileUtils: Failed to read config file: /data/user_de/0/com.google.android.gms/app_chimera/next_container.pb (No such file or directory)
03-07 16:49:10.329  1888  2369 I NetworkScheduler.Stats: Task com.google.android.gms/com.google.android.gms.auth.account.be.legacy.AuthCronService started execution. cause:4 exec_start_elapsed_seconds: 181 [CONTEXT service_id=218 ]
03-07 16:49:10.334  2300  5189 I ChmraDebugLogger: [73] 1801
03-07 16:49:10.335  2300  5189 I ChmraDebugLogger: [30] [VisionOcrDynamite.integ:223610901000800] permitMetered=true,
03-07 16:49:10.339  2300  5189 W ChimeraConfigService: Retry attempt was throttled.
03-07 16:49:10.380  1888  2824 I Auth    : [ReflectiveChannelBinder] Successfully bound channel!
03-07 16:49:10.386  1888  2824 W Conscrypt: Could not set socket write timeout: java.net.SocketException: Socket closed
03-07 16:49:10.386  1888  2824 W Conscrypt: 	at com.google.android.gms.org.conscrypt.Platform.setSocketWriteTimeout(:com.google.android.gms@202414023@20.24.14 (040800-319035315):2)
03-07 16:49:10.386  1888  2824 W Conscrypt: 	at com.google.android.gms.org.conscrypt.ConscryptFileDescriptorSocket.setSoWriteTimeout(:com.google.android.gms@202414023@20.24.14 (040800-319035315):0)
03-07 16:49:12.141  1888  2824 W Conscrypt: Could not set socket write timeout: java.net.SocketException: Socket closed
03-07 16:49:12.142  1888  2824 W Conscrypt: 	at com.google.android.gms.org.conscrypt.Platform.setSocketWriteTimeout(:com.google.android.gms@202414023@20.24.14 (040800-319035315):2)
03-07 16:49:12.142  1888  2824 W Conscrypt: 	at com.google.android.gms.org.conscrypt.ConscryptFileDescriptorSocket.setSoWriteTimeout(:com.google.android.gms@202414023@20.24.14 (040800-319035315):0)
03-07 16:49:12.155  1888  2824 E GmsTaskScheduler: sendWakeUpEvent called on SchedulerClientBroadcastStrategy
03-07 16:49:12.156  1888  2824 W GLSUser : [AppCertManager] IOException while requesting key: 
03-07 16:49:12.156  1888  2824 W GLSUser : java.io.IOException: Invalid device key response.
03-07 16:49:12.156  1888  2824 W GLSUser : 	at hwy.a(:com.google.android.gms@202414023@20.24.14 (040800-319035315):49)
03-07 16:49:12.156  1888  2824 W GLSUser : 	at hww.a(:com.google.android.gms@202414023@20.24.14 (040800-319035315):45)
03-07 16:49:12.156  1888  2824 W GLSUser : 	at hwr.a(:com.google.android.gms@202414023@20.24.14 (040800-319035315):0)
03-07 16:49:12.156  1888  2824 W GLSUser : 	at hwu.a(:com.google.android.gms@202414023@20.24.14 (040800-319035315):10)
03-07 16:49:12.156  1888  2824 W GLSUser : 	at gbi.call(:com.google.android.gms@202414023@20.24.14 (040800-319035315):0)
03-07 16:49:12.156  1888  2824 W GLSUser : 	at java.util.concurrent.FutureTask.run(FutureTask.java:237)
03-07 16:49:12.156  1888  2824 W GLSUser : 	at soy.b(:com.google.android.gms@202414023@20.24.14 (040800-319035315):12)
03-07 16:49:12.156  1888  2824 W GLSUser : 	at soy.run(:com.google.android.gms@202414023@20.24.14 (040800-319035315):7)
03-07 16:49:12.156  1888  2824 W GLSUser : 	at java.util.concurrent.ThreadPoolExecutor.runWorker(ThreadPoolExecutor.java:1133)
03-07 16:49:12.156  1888  2824 W GLSUser : 	at java.util.concurrent.ThreadPoolExecutor$Worker.run(ThreadPoolExecutor.java:607)
03-07 16:49:12.156  1888  2824 W GLSUser : 	at sux.run(:com.google.android.gms@202414023@20.24.14 (040800-319035315):0)
03-07 16:49:12.156  1888  2824 W GLSUser : 	at java.lang.Thread.run(Thread.java:761)
03-07 16:49:12.156  1888  2369 I NetworkScheduler.Stats: Task com.google.android.gms/com.google.android.gms.auth.account.be.legacy.AuthCronService finished executing. cause:4 result: 3 elapsed_millis: 1830 uptime_millis: 1830 exec_start_elapsed_seconds: 181 [CONTEXT service_id=218 ]
03-07 16:49:12.168  1888  2398 I NetworkScheduler.Stats: Task com.google.android.gms/com.google.android.gms.clearcut.uploader.QosUploaderService started execution. cause:5 exec_start_elapsed_seconds: 183 [CONTEXT service_id=218 ]
03-07 16:49:12.182  1888  2398 I NetworkScheduler.Stats: Task com.google.android.gms/com.google.android.gms.clearcut.uploader.QosUploaderService finished executing. cause:5 result: 1 elapsed_millis: 20 uptime_millis: 20 exec_start_elapsed_seconds: 183 [CONTEXT service_id=218 ]
03-07 16:49:13.573  2783  2783 I MicroDetectionWorker: Micro detection mode: [mDetectionMode: [1]].
03-07 16:49:13.575  2783  2783 I AudioController: Using mInputStreamFactoryBuilder
03-07 16:49:13.578  2783  5201 I MicroRecognitionRunner: Starting detection.
03-07 16:49:13.578  2783  2962 I MicrophoneInputStream: mic_starting com.google.android.apps.gsa.staticplugins.z.c@34178f9
03-07 16:49:13.579  1441  5204 I AudioFlinger: AudioFlinger's thread 0xe2883800 ready to run
03-07 16:49:13.580  2783  2962 I MicrophoneInputStream: mic_started com.google.android.apps.gsa.staticplugins.z.c@34178f9
03-07 16:49:13.581  2783  2962 E ActivityThread: Failed to find provider info for com.google.android.apps.gsa.testing.ui.audio.recorded
03-07 16:49:13.581  2783  2783 I MicroDetectionWorker: onReady
03-07 16:49:13.583  2783  2962 I MicrophoneInputStream: mic_close com.google.android.apps.gsa.staticplugins.z.c@34178f9
03-07 16:49:13.583  2783  5201 I MicroRecognitionRunner: Detection finished
03-07 16:49:13.583  2783  5201 W ErrorReporter: reportError [type: 211, code: 524300]: Error reading from input stream
03-07 16:49:13.583  2783  3087 I MicroRecognitionRunner: Stopping hotword detection.
03-07 16:49:13.583  2783  5201 W ErrorProcessor: onFatalError, processing error from engine(4)
03-07 16:49:13.583  2783  5201 W ErrorProcessor: com.google.android.apps.gsa.shared.speech.a.g: Error reading from input stream
03-07 16:49:13.583  2783  5201 W ErrorProcessor: 	at com.google.android.apps.gsa.staticplugins.recognizer.i.a.a(SourceFile:342)
03-07 16:49:13.583  2783  5201 W ErrorProcessor: 	at com.google.android.apps.gsa.staticplugins.recognizer.i.a$1.run(SourceFile:1367)
03-07 16:49:13.583  2783  5201 W ErrorProcessor: 	at java.util.concurrent.Executors$RunnableAdapter.call(Executors.java:428)
03-07 16:49:13.583  2783  5201 W ErrorProcessor: 	at java.util.concurrent.FutureTask.run(FutureTask.java:237)
03-07 16:49:13.583  2783  5201 W ErrorProcessor: 	at com.google.android.apps.gsa.shared.util.concurrent.a.ak.run(SourceFile:66)
03-07 16:49:13.583  2783  5201 W ErrorProcessor: 	at java.util.concurrent.ThreadPoolExecutor.runWorker(ThreadPoolExecutor.java:1133)
03-07 16:49:13.583  2783  5201 W ErrorProcessor: 	at java.util.concurrent.ThreadPoolExecutor$Worker.run(ThreadPoolExecutor.java:607)
03-07 16:49:13.583  2783  5201 W ErrorProcessor: 	at java.lang.Thread.run(Thread.java:761)
03-07 16:49:13.583  2783  5201 W ErrorProcessor: 	at com.google.android.apps.gsa.shared.util.concurrent.a.ad$1.run(SourceFile:85)
03-07 16:49:13.583  2783  5201 W ErrorProcessor: Caused by: com.google.android.apps.gsa.shared.exception.GsaIOException: Error code: 393238 | Buffer overflow, no available space.
03-07 16:49:13.583  2783  5201 W ErrorProcessor: 	at com.google.android.apps.gsa.speech.audio.Tee.g(SourceFile:2531)
03-07 16:49:13.583  2783  5201 W ErrorProcessor: 	at com.google.android.apps.gsa.speech.audio.ap.read(SourceFile:555)
03-07 16:49:13.583  2783  5201 W ErrorProcessor: 	at java.io.InputStream.read(InputStream.java:101)
03-07 16:49:13.583  2783  5201 W ErrorProcessor: 	at com.google.android.apps.gsa.speech.audio.al.run(SourceFile:362)
03-07 16:49:13.583  2783  5201 W ErrorProcessor: 	at com.google.android.apps.gsa.speech.audio.ak$1.run(SourceFile:471)
03-07 16:49:13.583  2783  5201 W ErrorProcessor: 	at java.util.concurrent.Executors$RunnableAdapter.call(Executors.java:428)
03-07 16:49:13.583  2783  5201 W ErrorProcessor: 	at java.util.concurrent.FutureTask.run(FutureTask.java:237)
03-07 16:49:13.583  2783  5201 W ErrorProcessor: 	at com.google.android.apps.gsa.shared.util.concurrent.a.ak.run(SourceFile:66)
03-07 16:49:13.583  2783  5201 W ErrorProcessor: 	at com.google.android.apps.gsa.shared.util.concurrent.a.ax.run(SourceFile:139)
03-07 16:49:13.583  2783  5201 W ErrorProcessor: 	at com.google.android.apps.gsa.shared.util.concurrent.a.ax.run(SourceFile:139)
03-07 16:49:13.583  2783  5201 W ErrorProcessor: 	... 4 more
03-07 16:49:13.583  2783  5201 I AudioController: internalShutdown
03-07 16:49:13.594  2783  2783 I MicroDetector: Keeping mic open: false
03-07 16:49:13.594  2783  2783 I MicroDetectionWorker: #onError(false)
03-07 16:49:13.594  2783  5200 I DeviceStateChecker: DeviceStateChecker cancelled
03-07 16:49:18.599  2783  2783 I MicroDetectionWorker: Micro detection mode: [mDetectionMode: [1]].
03-07 16:49:18.600  2783  2783 I AudioController: Using mInputStreamFactoryBuilder
03-07 16:49:18.605  2783  5210 I MicroRecognitionRunner: Starting detection.
03-07 16:49:18.606  2783  2962 I MicrophoneInputStream: mic_starting com.google.android.apps.gsa.staticplugins.z.c@21a4d8f
03-07 16:49:18.607  1441  5213 I AudioFlinger: AudioFlinger's thread 0xe2603700 ready to run
03-07 16:49:18.611  2783  2962 I MicrophoneInputStream: mic_started com.google.android.apps.gsa.staticplugins.z.c@21a4d8f
03-07 16:49:18.611  2783  2962 E ActivityThread: Failed to find provider info for com.google.android.apps.gsa.testing.ui.audio.recorded
03-07 16:49:18.611  2783  2783 I MicroDetectionWorker: onReady
03-07 16:49:18.612  2783  2962 I MicrophoneInputStream: mic_close com.google.android.apps.gsa.staticplugins.z.c@21a4d8f
03-07 16:49:18.612  2783  5210 I MicroRecognitionRunner: Detection finished
03-07 16:49:18.613  2783  5210 W ErrorReporter: reportError [type: 211, code: 524300]: Error reading from input stream
03-07 16:49:18.613  2783  3087 I MicroRecognitionRunner: Stopping hotword detection.
03-07 16:49:18.613  2783  5210 W ErrorProcessor: onFatalError, processing error from engine(4)
03-07 16:49:18.613  2783  5210 W ErrorProcessor: com.google.android.apps.gsa.shared.speech.a.g: Error reading from input stream
03-07 16:49:18.613  2783  5210 W ErrorProcessor: 	at com.google.android.apps.gsa.staticplugins.recognizer.i.a.a(SourceFile:342)
03-07 16:49:18.613  2783  5210 W ErrorProcessor: 	at com.google.android.apps.gsa.staticplugins.recognizer.i.a$1.run(SourceFile:1367)
03-07 16:49:18.613  2783  5210 W ErrorProcessor: 	at java.util.concurrent.Executors$RunnableAdapter.call(Executors.java:428)
03-07 16:49:18.613  2783  5210 W ErrorProcessor: 	at java.util.concurrent.FutureTask.run(FutureTask.java:237)
03-07 16:49:18.613  2783  5210 W ErrorProcessor: 	at com.google.android.apps.gsa.shared.util.concurrent.a.ak.run(SourceFile:66)
03-07 16:49:18.613  2783  5210 W ErrorProcessor: 	at java.util.concurrent.ThreadPoolExecutor.runWorker(ThreadPoolExecutor.java:1133)
03-07 16:49:18.613  2783  5210 W ErrorProcessor: 	at java.util.concurrent.ThreadPoolExecutor$Worker.run(ThreadPoolExecutor.java:607)
03-07 16:49:18.613  2783  5210 W ErrorProcessor: 	at java.lang.Thread.run(Thread.java:761)
03-07 16:49:18.613  2783  5210 W ErrorProcessor: 	at com.google.android.apps.gsa.shared.util.concurrent.a.ad$1.run(SourceFile:85)
03-07 16:49:18.613  2783  5210 W ErrorProcessor: Caused by: com.google.android.apps.gsa.shared.exception.GsaIOException: Error code: 393238 | Buffer overflow, no available space.
03-07 16:49:18.613  2783  5210 W ErrorProcessor: 	at com.google.android.apps.gsa.speech.audio.Tee.g(SourceFile:2531)
