03-08 10:41:33.902  4622  4669 W ProcStatsManager: No process com.google.android.talk/10052 for service com.google.android.apps.hangouts.service.NetworkConnectionCheckingService
03-08 10:41:33.902  4622  4669 W ProcStatsManager: No process com.google.android.talk/10052 for service com.google.android.apps.hangouts.realtimechat.RealTimeChatService
03-08 10:41:33.902  4622  4669 W ProcStatsManager: No process com.google.android.talk:matchstick/10052 for service com.google.android.libraries.matchstick.net.SilentRegisterService
03-08 10:41:33.902  4622  4669 W ProcStatsManager: No process com.google.android.talk/10052 for service com.google.android.apps.hangouts.mergedcontacts.impl.MergeContactsService
03-08 10:41:33.902  4622  4669 W ProcStatsManager: No process com.google.android.talk/10052 for service com.google.android.apps.hangouts.requestwriter.RequestWriter
03-08 10:41:33.902  4622  4669 W ProcStatsManager: No process system/1000 for service com.android.location.fused.FusedLocationService
03-08 10:41:33.904  1725  2496 E KernelCpuSpeedReader: Failed to read cpu-freq: /sys/devices/system/cpu/cpu0/cpufreq/stats/time_in_state (No such file or directory)
03-08 10:41:33.904  1725  2496 E KernelUidCpuTimeReader: Failed to read uid_cputime: /proc/uid_cputime/show_uid_stat (No such file or directory)
03-08 10:41:33.905  1725  2496 E BatteryStatsService: modem info is invalid: ModemActivityInfo{ mTimestamp=0 mSleepTimeMs=0 mIdleTimeMs=0 mTxTimeMs[]=[0, 0, 0, 0, 0] mRxTimeMs=0 mEnergyUsed=0}
03-08 10:41:33.907  4622  4669 W StorageManager: Could not read /sys/block/mmcblk0/size
03-08 10:41:33.907  4622  4669 W StorageManager: java.io.FileNotFoundException: /sys/block/mmcblk0/size (No such file or directory)
03-08 10:41:33.907  4622  4669 W StorageManager: 	at java.io.FileInputStream.open(Native Method)
03-08 10:41:33.907  4622  4669 W StorageManager: 	at java.io.FileInputStream.<init>(FileInputStream.java:146)
03-08 10:41:33.907  4622  4669 W StorageManager: 	at java.io.FileInputStream.<init>(FileInputStream.java:99)
03-08 10:41:33.907  4622  4669 W StorageManager: 	at android.os.storage.StorageManager.readLong(StorageManager.java:944)
03-08 10:41:33.907  4622  4669 W StorageManager: 	at android.os.storage.StorageManager.getPrimaryStorageSize(StorageManager.java:935)
03-08 10:41:33.907  4622  4669 W StorageManager: 	at com.android.settings.deviceinfo.StorageSettings$SummaryProvider.updateSummary(StorageSettings.java:510)
03-08 10:41:33.907  4622  4669 W StorageManager: 	at com.android.settings.deviceinfo.StorageSettings$SummaryProvider.setListening(StorageSettings.java:502)
03-08 10:41:33.907  4622  4669 W StorageManager: 	at com.android.settings.dashboard.SummaryLoader.setListeningW(SummaryLoader.java:192)
03-08 10:41:33.907  4622  4669 W StorageManager: 	at com.android.settings.dashboard.SummaryLoader.-wrap2(SummaryLoader.java)
03-08 10:41:33.907  4622  4669 W StorageManager: 	at com.android.settings.dashboard.SummaryLoader$Worker.handleMessage(SummaryLoader.java:253)
03-08 10:41:33.907  4622  4669 W StorageManager: 	at android.os.Handler.dispatchMessage(Handler.java:102)
03-08 10:41:33.907  4622  4669 W StorageManager: 	at android.os.Looper.loop(Looper.java:154)
03-08 10:41:33.907  4622  4669 W StorageManager: 	at android.os.HandlerThread.run(HandlerThread.java:61)
03-08 10:41:33.907  4622  4669 W StorageManager: Could not read /sys/block/sda/size
03-08 10:41:33.907  4622  4669 W StorageManager: java.io.FileNotFoundException: /sys/block/sda/size (No such file or directory)
03-08 10:41:33.907  4622  4669 W StorageManager: 	at java.io.FileInputStream.open(Native Method)
03-08 10:41:33.907  4622  4669 W StorageManager: 	at java.io.FileInputStream.<init>(FileInputStream.java:146)
03-08 10:41:33.907  4622  4669 W StorageManager: 	at java.io.FileInputStream.<init>(FileInputStream.java:99)
03-08 10:41:33.907  4622  4669 W StorageManager: 	at android.os.storage.StorageManager.readLong(StorageManager.java:944)
03-08 10:41:33.907  4622  4669 W StorageManager: 	at android.os.storage.StorageManager.getPrimaryStorageSize(StorageManager.java:935)
03-08 10:41:33.907  4622  4669 W StorageManager: 	at com.android.settings.deviceinfo.StorageSettings$SummaryProvider.updateSummary(StorageSettings.java:510)
03-08 10:41:33.907  4622  4669 W StorageManager: 	at com.android.settings.deviceinfo.StorageSettings$SummaryProvider.setListening(StorageSettings.java:502)
03-08 10:41:33.907  4622  4669 W StorageManager: 	at com.android.settings.dashboard.SummaryLoader.setListeningW(SummaryLoader.java:192)
03-08 10:41:33.907  4622  4669 W StorageManager: 	at com.android.settings.dashboard.SummaryLoader.-wrap2(SummaryLoader.java)
03-08 10:41:33.907  4622  4669 W StorageManager: 	at com.android.settings.dashboard.SummaryLoader$Worker.handleMessage(SummaryLoader.java:253)
03-08 10:41:33.907  4622  4669 W StorageManager: 	at android.os.Handler.dispatchMessage(Handler.java:102)
03-08 10:41:33.907  4622  4669 W StorageManager: 	at android.os.Looper.loop(Looper.java:154)
03-08 10:41:33.907  4622  4669 W StorageManager: 	at android.os.HandlerThread.run(HandlerThread.java:61)
03-08 10:41:33.910  4622  4622 D DashboardSummary: onConditionsChanged
03-08 10:41:33.923  4622  4667 D EGL_emulation: eglMakeCurrent: 0x7673c26420a0: ver 3 0 (tinfo 0x7673c260c360)
03-08 10:41:34.304  2227  4615 I Vision  : Requesting optional module download of ocr.
03-08 10:41:34.305  2227  4615 I Vision  : Checking for download completion for 72168 -- ocr
03-08 10:41:34.556  1725  1778 I InputReader: Reconfiguring input devices.  changes=0x00000010
03-08 10:41:34.556  1725  1778 I InputReader: Reconfiguring input devices.  changes=0x00000010
03-08 10:41:34.571  2024  2024 D CarrierSvcBindHelper: No carrier app for: 0
03-08 10:41:34.583  2024  2024 D CarrierSvcBindHelper: No carrier app for: 0
03-08 10:41:34.597  1725  1739 W ResourceType: No known package when getting value for resource number 0x7f0200fc
03-08 10:41:34.597  1725  1739 W ResourceType: No known package when getting value for resource number 0x7f0e03a5
03-08 10:41:34.597  1725  1739 W ResourceType: No known package when getting value for resource number 0x7f0200fb
03-08 10:41:34.597  1725  1739 W ResourceType: No known package when getting value for resource number 0x7f0e0927
03-08 10:41:34.598  1725  1739 W ResourceType: No known package when getting value for resource number 0x7f0200fa
03-08 10:41:34.598  1725  1739 W ResourceType: No known package when getting value for resource number 0x7f0e07e1
03-08 10:41:35.625  1725  1725 W WindowManager: Attempted to remove non-existing token: android.os.Binder@1adcd85
03-08 10:41:36.973  1431  1451 W audio_hw_generic: Not supplying enough data to HAL, expected position 855445 , only wrote 583200
03-08 10:41:37.235  1725  1857 E TaskPersister: File error accessing recents directory (directory doesn't exist?).
03-08 10:41:40.640  1725  2496 I ActivityManager: START u0 {flg=0x8000 cmp=com.android.settings/.Settings$DevelopmentSettingsActivity (has extras)} from uid 1000 on display 0
03-08 10:41:40.644  1431  1450 W audio_hw_generic: Not supplying enough data to HAL, expected position 583354 , only wrote 583200
03-08 10:41:40.663  1725  1953 E UserRestrictionsUtils: Unknown restriction: null
03-08 10:41:40.663  1725  2496 E UserRestrictionsUtils: Unknown restriction: null
03-08 10:41:40.664  1725  1737 D CryptdConnector: SND -> {8 cryptfs isConvertibleToFBE}
03-08 10:41:40.665  1310  1346 D VoldCryptCmdListener: cryptfs isConvertibleToFBE
03-08 10:41:40.665  1725  1781 D CryptdConnector: RCV <- {200 8 0}
03-08 10:41:40.671  4622  4696 D Index   : Indexing locale 'en_US' took 1 millis
03-08 10:41:40.671  4622  4622 W Settings: Setting bugreport_in_power_menu has moved from android.provider.Settings.Secure to android.provider.Settings.Global.
03-08 10:41:40.673  1355  1855 D PermissionCache: checking android.permission.HARDWARE_TEST for uid=1000 => granted (185 us)
03-08 10:41:40.675  4622  4696 D Index   : Indexing locale 'en_US' took 1 millis
03-08 10:41:40.676  4622  4622 W Settings: Setting bugreport_in_power_menu has moved from android.provider.Settings.Secure to android.provider.Settings.Global.
03-08 10:41:40.697  1354  1354 E SELinux : avc:  denied  { find } for service=netd pid=4622 uid=1000 scontext=u:r:system_app:s0 tcontext=u:object_r:netd_service:s0 tclass=service_manager permissive=0
03-08 10:41:40.691  4622  4622 W com.android.settings: type=1400 audit(0.0:39): avc: denied { call } for comm=4173796E635461736B202332 scontext=u:r:system_app:s0 tcontext=u:r:fingerprintd:s0 tclass=binder permissive=0
03-08 10:41:40.699  4622  4667 D EGL_emulation: eglMakeCurrent: 0x7673c26420a0: ver 3 0 (tinfo 0x7673c260c360)
03-08 10:41:40.699  4622  4696 E JavaBinder: !!! FAILED BINDER TRANSACTION !!!  (parcel size = 0)
03-08 10:41:40.777  4622  4667 D EGL_emulation: eglMakeCurrent: 0x7673c26420a0: ver 3 0 (tinfo 0x7673c260c360)
03-08 10:41:40.780  1725  1756 I ActivityManager: Displayed com.android.settings/.Settings$DevelopmentSettingsActivity: +136ms
03-08 10:41:40.781  4622  4667 D EGL_emulation: eglMakeCurrent: 0x7673c26420a0: ver 3 0 (tinfo 0x7673c260c360)
03-08 10:41:40.784  4622  4667 D EGL_emulation: eglMakeCurrent: 0x7673c26420a0: ver 3 0 (tinfo 0x7673c260c360)
03-08 10:41:40.790  4622  4667 D EGL_emulation: eglMakeCurrent: 0x7673c26420a0: ver 3 0 (tinfo 0x7673c260c360)
03-08 10:41:40.791  4622  4667 D OpenGLRenderer: endAllActiveAnimators on 0x7673afa3d000 (RippleDrawable) with handle 0x7673b013dca0
03-08 10:41:41.139  4622  4669 E BluetoothAdapter: Bluetooth binder is null
03-08 10:41:41.320  1725  2496 I ActivityManager: Killing 3377:com.google.android.calendar/u0a34 (adj 906): empty #17
03-08 10:41:41.347  1725  1766 D ActivityManager: cleanUpApplicationRecord -- 3377
03-08 10:41:42.205  4622  4667 D EGL_emulation: eglMakeCurrent: 0x7673c26420a0: ver 3 0 (tinfo 0x7673c260c360)
03-08 10:41:43.678  1725  1857 E TaskPersister: File error accessing recents directory (directory doesn't exist?).
03-08 10:41:43.854  1431  1451 W audio_hw_generic: Not supplying enough data to HAL, expected position 889262 , only wrote 737280
03-08 10:41:47.161  1725  1738 I ActivityManager: Killing 3277:com.google.android.gms.unstable/u0a13 (adj 906): empty #17
03-08 10:41:47.162  1725  1738 I ActivityManager: Killing 3818:com.google.android.talk/u0a52 (adj 906): empty #18
03-08 10:41:47.163  1725  1738 I ActivityManager: Killing 3951:com.google.android.youtube/u0a76 (adj 906): empty #19
03-08 10:41:47.165  1725  1738 I ActivityManager: Killing 3985:com.google.android.gm/u0a68 (adj 906): empty #20
03-08 10:41:47.175  1725  1737 D ConnectivityService: ConnectivityService NetworkRequestInfo binderDied(NetworkRequest [ LISTEN id=9, [ Capabilities: INTERNET&NOT_RESTRICTED&TRUSTED&FOREGROUND] ], android.os.BinderProxy@bf13ee0)
03-08 10:41:47.175  1725  2659 D ActivityManager: cleanUpApplicationRecord -- 3951
03-08 10:41:47.175  1725  1834 E ConnectivityService: RemoteException caught trying to send a callback msg for NetworkRequest [ LISTEN id=9, [ Capabilities: INTERNET&NOT_RESTRICTED&TRUSTED&FOREGROUND] ]
03-08 10:41:47.207  1725  2509 D ActivityManager: cleanUpApplicationRecord -- 3985
03-08 10:41:47.207  1725  1953 D ActivityManager: cleanUpApplicationRecord -- 3818
03-08 10:41:47.208  1725  2058 D ActivityManager: cleanUpApplicationRecord -- 3277
03-08 10:41:49.421  2024  3466 I OmtpVvmCarrierCfgHlpr: OmtpEvent:CONFIG_STATUS_SMS_TIME_OUT
03-08 10:41:49.422  2024  2024 I RetryPolicy: discarding deferred status: configuration_state=4
03-08 10:41:49.429  2024  2024 D VvmTaskScheduler: No more tasks, stopping service if no task are added in 5000 millis
03-08 10:41:49.431  2024  2024 D VvmTaskScheduler: create task:com.android.phone.vvm.omtp.ActivationTask
03-08 10:41:49.431  2024  2024 D RetryPolicy: retry #1 for com.android.phone.vvm.omtp.ActivationTask@31a284e queued, executing in 5000
03-08 10:41:49.439  2024  2024 D VvmTaskScheduler: minimal wait time:4992
03-08 10:41:49.442  2024  2024 D VvmTaskScheduler: minimal wait time:4989
03-08 10:41:50.744  4725  4725 W art     : Unexpected CPU variant for X86 using defaults: x86_64
03-08 10:41:50.745  1725  2668 I ActivityManager: Start proc 4725:com.google.android.apps.wallpaper/u0a72 for broadcast com.google.android.apps.wallpaper/.module.DailyLoggingAlarmReceiver
03-08 10:41:50.751  2227  4734 I Vision  : Requesting optional module download of ocr.
03-08 10:41:50.751  2227  4734 I Vision  : Checking for download completion for 88614 -- ocr
03-08 10:41:50.757  2227  4724 W System  : ClassLoader referenced unknown path: /system/priv-app/PrebuiltGmsCore/lib/x86_64
03-08 10:41:50.788  4725  4725 W System  : ClassLoader referenced unknown path: /system/app/WallpaperPickerGooglePrebuilt/lib/x86_64
03-08 10:41:53.633  1431  1450 W audio_hw_generic: Not supplying enough data to HAL, expected position 737430 , only wrote 737280
03-08 10:41:54.327  2557  2723 W GmsLocationProvider: Error removing location updates: 16
03-08 10:41:54.432  2024  3466 V VvmTaskScheduler: executing task com.android.phone.vvm.omtp.ActivationTask@31a284e
03-08 10:41:54.436  2024  3466 I VvmActivationTask: VVM content provider configured - vvm_type_cvvm
03-08 10:41:54.436  2024  3466 I OmtpVvmCarrierCfgHlpr: OmtpEvent:CONFIG_ACTIVATING
03-08 10:41:54.442  2024  3466 V OmtpMessageSender: Sending BINARY sms 'Activate:dt=15' to 122:1808
03-08 10:41:54.445  2024  2024 D VvmStatusSmsFetcher: Request SMS successfully sent
03-08 10:41:59.871  1931  2196 D EGL_emulation: eglMakeCurrent: 0x7673c90c23e0: ver 3 0 (tinfo 0x7673c908f020)
03-08 10:42:00.752  2227  4724 I Vision  : Requesting optional module download of ocr.
03-08 10:42:00.752  2227  4724 I Vision  : Checking for download completion for 98615 -- ocr
03-08 10:42:04.024  1725  1756 I InputManager-JNI: Setting show touches feature to enabled.
03-08 10:42:04.024  1725  1778 I InputReader: Reconfiguring input devices.  changes=0x00000008
03-08 10:42:07.209  1431  1451 W audio_hw_generic: Not supplying enough data to HAL, expected position 2038429 , only wrote 1388880
03-08 10:42:09.980  1355  1372 D gralloc_ranchu: gralloc_alloc: Creating ashmem region of size 20480
03-08 10:42:10.001  1431  1450 W audio_hw_generic: Not supplying enough data to HAL, expected position 1389084 , only wrote 1388880
03-08 10:42:10.005  1931  2196 D EGL_emulation: eglMakeCurrent: 0x7673c90c23e0: ver 3 0 (tinfo 0x7673c908f020)
03-08 10:42:10.098  1725  1777 I ActivityManager: START u0 {act=android.intent.action.MAIN cat=[android.intent.category.HOME] flg=0x10200000 cmp=com.google.android.apps.nexuslauncher/.NexusLauncherActivity (has extras)} from uid 1000 on display 0
03-08 10:42:10.105  1355  1372 D PermissionCache: checking android.permission.READ_FRAME_BUFFER for uid=1000 => granted (53 us)
03-08 10:42:10.109  1355  1372 D gralloc_ranchu: gralloc_alloc: Creating ashmem region of size 1253376
03-08 10:42:10.109  1725  1777 D         : HostConnection::get() New Host Connection established 0x7673a7db6f00, tid 1777
03-08 10:42:10.118  4622  4667 D EGL_emulation: eglMakeCurrent: 0x7673c26420a0: ver 3 0 (tinfo 0x7673c260c360)
03-08 10:42:10.121  1931  2196 D EGL_emulation: eglMakeCurrent: 0x7673c90c23e0: ver 3 0 (tinfo 0x7673c908f020)
03-08 10:42:10.125  1931  2196 D EGL_emulation: eglMakeCurrent: 0x7673c90c23e0: ver 3 0 (tinfo 0x7673c908f020)
03-08 10:42:10.139  2557  2841 D EGL_emulation: eglMakeCurrent: 0xe685dd80: ver 3 0 (tinfo 0xcafa70a0)
03-08 10:42:10.153  2557  2557 I OptInState: There is a new client and it does not support opt-in. Dropping request.
03-08 10:42:10.154  2557  2735 W LocationOracle: No location history returned by ContextManager
03-08 10:42:10.155  2557  2557 I MicroDetectionWorker: Micro detection mode: [mDetectionMode: [1]].
03-08 10:42:10.156  2557  2557 I AudioController: Using mInputStreamFactoryBuilder
03-08 10:42:10.157  2644  2764 D EGL_emulation: eglMakeCurrent: 0x7673c9099740: ver 3 0 (tinfo 0x7673c916b880)
03-08 10:42:10.157  2557  4748 I MicroRecognitionRunner: Starting detection.
03-08 10:42:10.158  2557  2674 I MicrophoneInputStream: mic_starting com.google.android.apps.gsa.staticplugins.z.c@732efe5
03-08 10:42:10.159  1431  4751 I AudioFlinger: AudioFlinger's thread 0xe44035c0 ready to run
03-08 10:42:10.161  2557  2674 I MicrophoneInputStream: mic_started com.google.android.apps.gsa.staticplugins.z.c@732efe5
03-08 10:42:10.161  2557  2674 E ActivityThread: Failed to find provider info for com.google.android.apps.gsa.testing.ui.audio.recorded
03-08 10:42:10.164  1874  2857 W GCoreFlp: No location to return for getLastLocation()
03-08 10:42:10.166  1874  2857 W GCoreFlp: No location to return for getLastLocation()
03-08 10:42:10.168  2557  2674 I MicrophoneInputStream: mic_close com.google.android.apps.gsa.staticplugins.z.c@732efe5
03-08 10:42:10.169  2557  4748 I MicroRecognitionRunner: Detection finished
03-08 10:42:10.169  2557  4748 W ErrorReporter: reportError [type: 211, code: 524300]: Error reading from input stream
03-08 10:42:10.169  2557  2914 I MicroRecognitionRunner: Stopping hotword detection.
03-08 10:42:10.169  2557  4748 W ErrorProcessor: onFatalError, processing error from engine(4)
03-08 10:42:10.169  2557  4748 W ErrorProcessor: com.google.android.apps.gsa.shared.speech.a.g: Error reading from input stream
03-08 10:42:10.169  2557  4748 W ErrorProcessor: 	at com.google.android.apps.gsa.staticplugins.recognizer.i.a.a(SourceFile:342)
03-08 10:42:10.169  2557  4748 W ErrorProcessor: 	at com.google.android.apps.gsa.staticplugins.recognizer.i.a$1.run(SourceFile:1367)
03-08 10:42:10.169  2557  4748 W ErrorProcessor: 	at java.util.concurrent.Executors$RunnableAdapter.call(Executors.java:428)
03-08 10:42:10.169  2557  4748 W ErrorProcessor: 	at java.util.concurrent.FutureTask.run(FutureTask.java:237)
03-08 10:42:10.169  2557  4748 W ErrorProcessor: 	at com.google.android.apps.gsa.shared.util.concurrent.a.ak.run(SourceFile:66)
03-08 10:42:10.169  2557  4748 W ErrorProcessor: 	at java.util.concurrent.ThreadPoolExecutor.runWorker(ThreadPoolExecutor.java:1133)
03-08 10:42:10.169  2557  4748 W ErrorProcessor: 	at java.util.concurrent.ThreadPoolExecutor$Worker.run(ThreadPoolExecutor.java:607)
03-08 10:42:10.169  2557  4748 W ErrorProcessor: 	at java.lang.Thread.run(Thread.java:761)
03-08 10:42:10.169  2557  4748 W ErrorProcessor: 	at com.google.android.apps.gsa.shared.util.concurrent.a.ad$1.run(SourceFile:85)
03-08 10:42:10.169  2557  4748 W ErrorProcessor: Caused by: com.google.android.apps.gsa.shared.exception.GsaIOException: Error code: 393238 | Buffer overflow, no available space.
03-08 10:42:10.169  2557  4748 W ErrorProcessor: 	at com.google.android.apps.gsa.speech.audio.Tee.g(SourceFile:2531)
03-08 10:42:10.169  2557  4748 W ErrorProcessor: 	at com.google.android.apps.gsa.speech.audio.ap.read(SourceFile:555)
03-08 10:42:10.169  2557  4748 W ErrorProcessor: 	at java.io.InputStream.read(InputStream.java:101)
03-08 10:42:10.169  2557  4748 W ErrorProcessor: 	at com.google.android.apps.gsa.speech.audio.al.run(SourceFile:362)
03-08 10:42:10.169  2557  4748 W ErrorProcessor: 	at com.google.android.apps.gsa.speech.audio.ak$1.run(SourceFile:471)
03-08 10:42:10.169  2557  4748 W ErrorProcessor: 	at java.util.concurrent.Executors$RunnableAdapter.call(Executors.java:428)
03-08 10:42:10.169  2557  4748 W ErrorProcessor: 	at java.util.concurrent.FutureTask.run(FutureTask.java:237)
03-08 10:42:10.169  2557  4748 W ErrorProcessor: 	at com.google.android.apps.gsa.shared.util.concurrent.a.ak.run(SourceFile:66)
03-08 10:42:10.169  2557  4748 W ErrorProcessor: 	at com.google.android.apps.gsa.shared.util.concurrent.a.ax.run(SourceFile:139)
03-08 10:42:10.169  2557  4748 W ErrorProcessor: 	at com.google.android.apps.gsa.shared.util.concurrent.a.ax.run(SourceFile:139)
03-08 10:42:10.169  2557  4748 W ErrorProcessor: 	... 4 more
03-08 10:42:10.169  2557  4748 I AudioController: internalShutdown
03-08 10:42:10.172  2557  2557 I MicroDetectionWorker: onReady
03-08 10:42:10.172  2557  2557 I MicroDetector: Keeping mic open: false
03-08 10:42:10.172  2557  2557 I MicroDetectionWorker: #onError(false)
03-08 10:42:10.172  2557  4747 I DeviceStateChecker: DeviceStateChecker cancelled
03-08 10:42:10.657  2644  2764 W OpenGLRenderer: Incorrectly called buildLayer on View: ShortcutAndWidgetContainer, destroying layer...
03-08 10:42:11.577  1355  1371 D gralloc_ranchu: gralloc_alloc: Creating ashmem region of size 20480
03-08 10:42:12.138  1931  2196 D EGL_emulation: eglMakeCurrent: 0x7673c90c23e0: ver 3 0 (tinfo 0x7673c908f020)
03-08 10:42:13.226  1431  1451 W audio_hw_generic: Not supplying enough data to HAL, expected position 1696356 , only wrote 1543680
03-08 10:42:13.727  2557  2557 I GrammarCompilationSvcCt: #startService for null, APP_NAMES.
03-08 10:42:13.742  2557  4754 I ContextCompilationHandl: Compiling grammar for: en-US, type=APP_NAMES
03-08 10:42:13.751  2557  4754 I ContextCompilationHandl: No grammar compilation resources for VOICE_ACTIONS_COMPILER, aborting. 
03-08 10:42:14.307  2227  4758 I Vision  : Requesting optional module download of ocr.
03-08 10:42:14.308  2227  4758 I Vision  : Checking for download completion for 112171 -- ocr
03-08 10:42:14.310  2227  4757 W System  : ClassLoader referenced unknown path: /system/priv-app/PrebuiltGmsCore/lib/x86_64
03-08 10:42:14.314  2227  4757 W System  : ClassLoader referenced unknown path: /system/priv-app/PrebuiltGmsCore/lib/x86_64
03-08 10:42:14.314  1874  2327 I NetworkScheduler.Stats: Task com.google.android.gms/com.google.android.gms.auth.account.be.legacy.AuthCronService started execution. cause:4 exec_start_elapsed_seconds: 102 [CONTEXT service_id=218 ]
03-08 10:42:14.328  4759  4759 W art     : Unexpected CPU variant for X86 using defaults: x86_64
03-08 10:42:14.332  1725  2668 I ActivityManager: Start proc 4759:com.google.android.gms.unstable/u0a13 for service com.google.android.gms/.droidguard.DroidGuardService
03-08 10:42:14.337  4759  4759 W System  : ClassLoader referenced unknown path: /system/priv-app/PrebuiltGmsCore/lib/x86_64
03-08 10:42:14.360  4759  4759 W DynamiteModule: Local module descriptor class for providerinstaller not found.
03-08 10:42:14.362  4759  4759 W ProviderHelper: Unknown dynamite feature providerinstaller
03-08 10:42:14.363  4759  4759 I DynamiteModule: Considering local module providerinstaller:0 and remote module providerinstaller:0
03-08 10:42:14.363  4759  4759 W ProviderInstaller: Failed to load providerinstaller module: No acceptable module found. Local version is 0 and remote version is 0.
03-08 10:42:14.363  4759  4759 W System  : ClassLoader referenced unknown path: /system/priv-app/PrebuiltGmsCore/lib/x86_64
03-08 10:42:14.364  4759  4759 W System  : ClassLoader referenced unknown path: /system/priv-app/PrebuiltGmsCore/lib/x86_64
03-08 10:42:14.364  4759  4759 V NativeCrypto: Registering com/google/android/gms/org/conscrypt/NativeCrypto's 286 native methods...
03-08 10:42:14.370  4759  4759 D NetworkSecurityConfig: Using Network Security Config from resource network_security_config debugBuild: false
03-08 10:42:14.371  4759  4759 I ProviderInstaller: Installed default security provider GmsCore_OpenSSL
03-08 10:42:14.371  4759  4759 I Safeboot: Checking safeboot...
03-08 10:42:14.371  4759  4759 I Safeboot: Not entering safeboot; wrong process.
03-08 10:42:14.380  4759  4759 I Watchcat: Started
03-08 10:42:14.381  4759  4759 I bezb    : Primes not initialized, returning default (no-op) Primes instance which will ignore all calls. Please call Primes.initialize(...) before using any Primes API.
03-08 10:42:14.675  1874  3302 E GmsTaskScheduler: sendWakeUpEvent called on SchedulerClientBroadcastStrategy
03-08 10:42:14.697  1874  2903 I Auth    : [ReflectiveChannelBinder] Successfully bound channel!
03-08 10:42:15.174  2557  2557 I MicroDetectionWorker: Micro detection mode: [mDetectionMode: [1]].
03-08 10:42:15.174  2557  2557 I AudioController: Using mInputStreamFactoryBuilder
03-08 10:42:15.175  2557  4791 I MicroRecognitionRunner: Starting detection.
03-08 10:42:15.175  2557  2674 I MicrophoneInputStream: mic_starting com.google.android.apps.gsa.staticplugins.z.c@e687328
03-08 10:42:15.176  1431  4794 I AudioFlinger: AudioFlinger's thread 0xe6603480 ready to run
03-08 10:42:15.176  2557  2674 I MicrophoneInputStream: mic_started com.google.android.apps.gsa.staticplugins.z.c@e687328
03-08 10:42:15.177  2557  2674 E ActivityThread: Failed to find provider info for com.google.android.apps.gsa.testing.ui.audio.recorded
03-08 10:42:15.177  2557  2557 I MicroDetectionWorker: onReady
03-08 10:42:15.178  2557  2674 I MicrophoneInputStream: mic_close com.google.android.apps.gsa.staticplugins.z.c@e687328
03-08 10:42:15.178  2557  4791 I MicroRecognitionRunner: Detection finished
03-08 10:42:15.178  2557  4791 W ErrorReporter: reportError [type: 211, code: 524300]: Error reading from input stream
03-08 10:42:15.178  2557  2914 I MicroRecognitionRunner: Stopping hotword detection.
03-08 10:42:15.178  2557  4791 W ErrorProcessor: onFatalError, processing error from engine(4)
03-08 10:42:15.178  2557  4791 W ErrorProcessor: com.google.android.apps.gsa.shared.speech.a.g: Error reading from input stream
03-08 10:42:15.178  2557  4791 W ErrorProcessor: 	at com.google.android.apps.gsa.staticplugins.recognizer.i.a.a(SourceFile:342)
03-08 10:42:15.178  2557  4791 W ErrorProcessor: 	at com.google.android.apps.gsa.staticplugins.recognizer.i.a$1.run(SourceFile:1367)
03-08 10:42:15.178  2557  4791 W ErrorProcessor: 	at java.util.concurrent.Executors$RunnableAdapter.call(Executors.java:428)
03-08 10:42:15.178  2557  4791 W ErrorProcessor: 	at java.util.concurrent.FutureTask.run(FutureTask.java:237)
03-08 10:42:15.178  2557  4791 W ErrorProcessor: 	at com.google.android.apps.gsa.shared.util.concurrent.a.ak.run(SourceFile:66)
03-08 10:42:15.178  2557  4791 W ErrorProcessor: 	at java.util.concurrent.ThreadPoolExecutor.runWorker(ThreadPoolExecutor.java:1133)
03-08 10:42:15.178  2557  4791 W ErrorProcessor: 	at java.util.concurrent.ThreadPoolExecutor$Worker.run(ThreadPoolExecutor.java:607)
03-08 10:42:15.178  2557  4791 W ErrorProcessor: 	at java.lang.Thread.run(Thread.java:761)
03-08 10:42:15.178  2557  4791 W ErrorProcessor: 	at com.google.android.apps.gsa.shared.util.concurrent.a.ad$1.run(SourceFile:85)
03-08 10:42:15.178  2557  4791 W ErrorProcessor: Caused by: com.google.android.apps.gsa.shared.exception.GsaIOException: Error code: 393238 | Buffer overflow, no available space.
03-08 10:42:15.178  2557  4791 W ErrorProcessor: 	at com.google.android.apps.gsa.speech.audio.Tee.g(SourceFile:2531)
03-08 10:42:15.178  2557  4791 W ErrorProcessor: 	at com.google.android.apps.gsa.speech.audio.ap.read(SourceFile:555)
03-08 10:42:15.178  2557  4791 W ErrorProcessor: 	at java.io.InputStream.read(InputStream.java:101)
03-08 10:42:15.178  2557  4791 W ErrorProcessor: 	at com.google.android.apps.gsa.speech.audio.al.run(SourceFile:362)
03-08 10:42:15.178  2557  4791 W ErrorProcessor: 	at com.google.android.apps.gsa.speech.audio.ak$1.run(SourceFile:471)
03-08 10:42:15.178  2557  4791 W ErrorProcessor: 	at java.util.concurrent.Executors$RunnableAdapter.call(Executors.java:428)
03-08 10:42:15.178  2557  4791 W ErrorProcessor: 	at java.util.concurrent.FutureTask.run(FutureTask.java:237)
03-08 10:42:15.178  2557  4791 W ErrorProcessor: 	at com.google.android.apps.gsa.shared.util.concurrent.a.ak.run(SourceFile:66)
03-08 10:42:15.178  2557  4791 W ErrorProcessor: 	at com.google.android.apps.gsa.shared.util.concurrent.a.ax.run(SourceFile:139)
03-08 10:42:15.178  2557  4791 W ErrorProcessor: 	at com.google.android.apps.gsa.shared.util.concurrent.a.ax.run(SourceFile:139)
03-08 10:42:15.178  2557  4791 W ErrorProcessor: 	... 4 more
03-08 10:42:15.178  2557  4791 I AudioController: internalShutdown
03-08 10:42:15.188  2557  2557 I MicroDetector: Keeping mic open: false
03-08 10:42:15.188  2557  2557 I MicroDetectionWorker: #onError(false)
03-08 10:42:15.188  2557  4790 I DeviceStateChecker: DeviceStateChecker cancelled
03-08 10:42:16.112  1874  2903 W Conscrypt: Could not set socket write timeout: java.net.SocketException: Socket closed
03-08 10:42:16.113  1874  2903 W Conscrypt: 	at com.google.android.gms.org.conscrypt.Platform.setSocketWriteTimeout(:com.google.android.gms@202414023@20.24.14 (040800-319035315):2)
03-08 10:42:16.113  1874  2903 W Conscrypt: 	at com.google.android.gms.org.conscrypt.ConscryptFileDescriptorSocket.setSoWriteTimeout(:com.google.android.gms@202414023@20.24.14 (040800-319035315):0)
03-08 10:42:16.136  1874  2903 W Conscrypt: Could not set socket write timeout: java.net.SocketException: Socket closed
03-08 10:42:16.137  1874  2903 W Conscrypt: 	at com.google.android.gms.org.conscrypt.Platform.setSocketWriteTimeout(:com.google.android.gms@202414023@20.24.14 (040800-319035315):2)
03-08 10:42:16.137  1874  2903 W Conscrypt: 	at com.google.android.gms.org.conscrypt.ConscryptFileDescriptorSocket.setSoWriteTimeout(:com.google.android.gms@202414023@20.24.14 (040800-319035315):0)
03-08 10:42:16.151  1874  2903 E GmsTaskScheduler: sendWakeUpEvent called on SchedulerClientBroadcastStrategy
03-08 10:42:16.153  1874  2903 W GLSUser : [AppCertManager] IOException while requesting key: 
03-08 10:42:16.153  1874  2903 W GLSUser : java.io.IOException: Invalid device key response.
03-08 10:42:16.153  1874  2903 W GLSUser : 	at hwy.a(:com.google.android.gms@202414023@20.24.14 (040800-319035315):49)
03-08 10:42:16.153  1874  2903 W GLSUser : 	at hww.a(:com.google.android.gms@202414023@20.24.14 (040800-319035315):45)
03-08 10:42:16.153  1874  2903 W GLSUser : 	at hwr.a(:com.google.android.gms@202414023@20.24.14 (040800-319035315):0)
03-08 10:42:16.153  1874  2903 W GLSUser : 	at hwu.a(:com.google.android.gms@202414023@20.24.14 (040800-319035315):10)
03-08 10:42:16.153  1874  2903 W GLSUser : 	at gbi.call(:com.google.android.gms@202414023@20.24.14 (040800-319035315):0)
03-08 10:42:16.153  1874  2903 W GLSUser : 	at java.util.concurrent.FutureTask.run(FutureTask.java:237)
03-08 10:42:16.153  1874  2903 W GLSUser : 	at soy.b(:com.google.android.gms@202414023@20.24.14 (040800-319035315):12)
03-08 10:42:16.153  1874  2903 W GLSUser : 	at soy.run(:com.google.android.gms@202414023@20.24.14 (040800-319035315):7)
03-08 10:42:16.153  1874  2903 W GLSUser : 	at java.util.concurrent.ThreadPoolExecutor.runWorker(ThreadPoolExecutor.java:1133)
03-08 10:42:16.153  1874  2903 W GLSUser : 	at java.util.concurrent.ThreadPoolExecutor$Worker.run(ThreadPoolExecutor.java:607)
03-08 10:42:16.153  1874  2903 W GLSUser : 	at sux.run(:com.google.android.gms@202414023@20.24.14 (040800-319035315):0)
03-08 10:42:16.153  1874  2903 W GLSUser : 	at java.lang.Thread.run(Thread.java:761)
03-08 10:42:16.154  1874  2306 I NetworkScheduler.Stats: Task com.google.android.gms/com.google.android.gms.auth.account.be.legacy.AuthCronService finished executing. cause:4 result: 3 elapsed_millis: 1843 uptime_millis: 1843 exec_start_elapsed_seconds: 102 [CONTEXT service_id=218 ]
03-08 10:42:16.165  1874  2327 I NetworkScheduler.Stats: Task com.google.android.gms/com.google.android.gms.clearcut.uploader.QosUploaderService started execution. cause:5 exec_start_elapsed_seconds: 104 [CONTEXT service_id=218 ]
03-08 10:42:16.166  1874  2306 I NetworkScheduler.Stats: Task com.google.android.gms/com.google.android.gms.clearcut.uploader.QosUploaderService started execution. cause:5 exec_start_elapsed_seconds: 104 [CONTEXT service_id=218 ]
03-08 10:42:16.187  1874  3302 I NetworkScheduler.Stats: Task com.google.android.gms/com.google.android.gms.clearcut.uploader.QosUploaderService finished executing. cause:5 result: 1 elapsed_millis: 26 uptime_millis: 26 exec_start_elapsed_seconds: 104 [CONTEXT service_id=218 ]
03-08 10:42:16.196  1874  3302 I NetworkScheduler.Stats: Task com.google.android.gms/com.google.android.gms.chimera.container.ConfigService started execution. cause:5 exec_start_elapsed_seconds: 104 [CONTEXT service_id=218 ]
03-08 10:42:16.196  2227  4467 I ChimeraConfigurator: Starting update, reason: 1 urgentFeatures: 
03-08 10:42:16.199  2227  4467 E ConfigFileUtils: Failed to read config file: /data/user_de/0/com.google.android.gms/app_chimera/next_container.pb (No such file or directory)
03-08 10:42:16.203  2227  4467 I ChmraDebugLogger: [73] 1801
03-08 10:42:16.203  2227  4467 I ChmraDebugLogger: [30] [VisionOcrDynamite.integ:223610901000800] permitMetered=false,[Pay.optional:202414020000] permitMetered=true,
03-08 10:42:16.204  2227  4467 I ChimeraConfigService: Scheduling checkin for one-off execution between [3300,43200] seconds from now (1678243336204)
03-08 10:42:16.207  2227  4467 I ChimeraConfigService: Scheduling checkin every 43200 seconds, with flex of 1800 seconds
03-08 10:42:16.208  1874  3302 I NetworkScheduler.Stats: Task com.google.android.gms/com.google.android.gms.chimera.container.ConfigService finished executing. cause:5 result: 2 elapsed_millis: 16 uptime_millis: 16 exec_start_elapsed_seconds: 104 [CONTEXT service_id=218 ]
03-08 10:42:16.225  1874  2306 I NetworkScheduler.Stats: Task com.google.android.gms/com.google.android.gms.telephonyspam.sync.SpamListSyncTaskService started execution. cause:5 exec_start_elapsed_seconds: 104 [CONTEXT service_id=218 ]
03-08 10:42:16.225  2227  4468 I TelephonySpam: TelephonySpamChimeraService - Running Telephony Spam Chimera Service
03-08 10:42:16.225  2227  4468 I TelephonySpam: TelephonySpamChimeraService - Cleaning SIP Header local table of old entries
03-08 10:42:16.226  2227  4468 I TelephonySpam: SpamListSync - Call spam module disabled. Skipping cleaning cache sip header table.
03-08 10:42:16.226  2227  4468 I TelephonySpam: TelephonySpamChimeraService - Syncing Call Spam List
03-08 10:42:16.226  2227  4468 I TelephonySpam: SpamListSync - SpamListSyncChimeraService.syncSpamList called with tag: telephonyspam.SpamListSyncOneOffTask, extras: Bundle[{SpamList Type=0, Action=1.0}]
03-08 10:42:16.226  2227  4468 I TelephonySpam: SpamListSync - Call spam module disabled. Skipping spam list syncing.
03-08 10:42:16.226  1874  3302 I NetworkScheduler.Stats: Task com.google.android.gms/com.google.android.gms.telephonyspam.sync.SpamListSyncTaskService finished executing. cause:5 result: 1 elapsed_millis: 4 uptime_millis: 4 exec_start_elapsed_seconds: 104 [CONTEXT service_id=218 ]
03-08 10:42:16.259  1874  2327 W Conscrypt: Could not set socket write timeout: java.net.SocketException: Socket closed
03-08 10:42:16.259  1874  2327 W Conscrypt: 	at com.google.android.gms.org.conscrypt.Platform.setSocketWriteTimeout(:com.google.android.gms@202414023@20.24.14 (040800-319035315):2)
03-08 10:42:16.259  1874  2327 W Conscrypt: 	at com.google.android.gms.org.conscrypt.ConscryptFileDescriptorSocket.setSoWriteTimeout(:com.google.android.gms@202414023@20.24.14 (040800-319035315):0)
03-08 10:42:16.265  1874  2327 W Conscrypt: Could not set socket write timeout: java.net.SocketException: Socket closed
03-08 10:42:16.265  1874  2327 W Conscrypt: 	at com.google.android.gms.org.conscrypt.Platform.setSocketWriteTimeout(:com.google.android.gms@202414023@20.24.14 (040800-319035315):2)
03-08 10:42:16.265  1874  2327 W Conscrypt: 	at com.google.android.gms.org.conscrypt.ConscryptFileDescriptorSocket.setSoWriteTimeout(:com.google.android.gms@202414023@20.24.14 (040800-319035315):0)
03-08 10:42:16.374  1874  2327 E GmsTaskScheduler: sendWakeUpEvent called on SchedulerClientBroadcastStrategy
03-08 10:42:16.512  1874  2327 E GmsTaskScheduler: sendWakeUpEvent called on SchedulerClientBroadcastStrategy
03-08 10:42:16.515  1874  2327 I CCTUploader: Failed to get auth token for log sources [[HANGOUT_LOG_REQUEST]] because the account doesn't exist on the device.
03-08 10:42:16.522  1874  2327 W Conscrypt: Could not set socket write timeout: java.net.SocketException: Socket closed
03-08 10:42:16.522  1874  2327 W Conscrypt: 	at com.google.android.gms.org.conscrypt.Platform.setSocketWriteTimeout(:com.google.android.gms@202414023@20.24.14 (040800-319035315):2)
03-08 10:42:16.522  1874  2327 W Conscrypt: 	at com.google.android.gms.org.conscrypt.ConscryptFileDescriptorSocket.setSoWriteTimeout(:com.google.android.gms@202414023@20.24.14 (040800-319035315):0)
03-08 10:42:16.527  1874  2327 W Conscrypt: Could not set socket write timeout: java.net.SocketException: Socket closed
03-08 10:42:16.527  1874  2327 W Conscrypt: 	at com.google.android.gms.org.conscrypt.Platform.setSocketWriteTimeout(:com.google.android.gms@202414023@20.24.14 (040800-319035315):2)
03-08 10:42:16.527  1874  2327 W Conscrypt: 	at com.google.android.gms.org.conscrypt.ConscryptFileDescriptorSocket.setSoWriteTimeout(:com.google.android.gms@202414023@20.24.14 (040800-319035315):0)
03-08 10:42:16.608  1874  2327 E GmsTaskScheduler: sendWakeUpEvent called on SchedulerClientBroadcastStrategy
03-08 10:42:16.616  1874  2306 I NetworkScheduler.Stats: Task com.google.android.gms/com.google.android.gms.clearcut.uploader.QosUploaderService finished executing. cause:5 result: 1 elapsed_millis: 451 uptime_millis: 451 exec_start_elapsed_seconds: 104 [CONTEXT service_id=218 ]
03-08 10:42:19.459  1725  1737 I ActivityManager: Killing 3333:com.google.android.dialer/u0a14 (adj 906): empty #17
03-08 10:42:19.468  1725  2509 D ActivityManager: cleanUpApplicationRecord -- 3333
03-08 10:42:20.193  2557  2557 I MicroDetectionWorker: Micro detection mode: [mDetectionMode: [1]].
03-08 10:42:20.193  2557  2557 I AudioController: Using mInputStreamFactoryBuilder
03-08 10:42:20.194  2557  4805 I MicroRecognitionRunner: Starting detection.
03-08 10:42:20.195  2557  2674 I MicrophoneInputStream: mic_starting com.google.android.apps.gsa.staticplugins.z.c@2a41096
03-08 10:42:20.195  1431  4808 I AudioFlinger: AudioFlinger's thread 0xe3e83740 ready to run
03-08 10:42:20.196  2557  2674 I MicrophoneInputStream: mic_started com.google.android.apps.gsa.staticplugins.z.c@2a41096
03-08 10:42:20.196  2557  2674 E ActivityThread: Failed to find provider info for com.google.android.apps.gsa.testing.ui.audio.recorded
03-08 10:42:20.196  2557  2557 I MicroDetectionWorker: onReady
03-08 10:42:20.199  2557  2674 I MicrophoneInputStream: mic_close com.google.android.apps.gsa.staticplugins.z.c@2a41096
03-08 10:42:20.199  2557  4805 I MicroRecognitionRunner: Detection finished
03-08 10:42:20.199  2557  4805 W ErrorReporter: reportError [type: 211, code: 524300]: Error reading from input stream
03-08 10:42:20.199  2557  2914 I MicroRecognitionRunner: Stopping hotword detection.
03-08 10:42:20.199  2557  4805 W ErrorProcessor: onFatalError, processing error from engine(4)
03-08 10:42:20.199  2557  4805 W ErrorProcessor: com.google.android.apps.gsa.shared.speech.a.g: Error reading from input stream
03-08 10:42:20.199  2557  4805 W ErrorProcessor: 	at com.google.android.apps.gsa.staticplugins.recognizer.i.a.a(SourceFile:342)
03-08 10:42:20.199  2557  4805 W ErrorProcessor: 	at com.google.android.apps.gsa.staticplugins.recognizer.i.a$1.run(SourceFile:1367)
03-08 10:42:20.199  2557  4805 W ErrorProcessor: 	at java.util.concurrent.Executors$RunnableAdapter.call(Executors.java:428)
03-08 10:42:20.199  2557  4805 W ErrorProcessor: 	at java.util.concurrent.FutureTask.run(FutureTask.java:237)
03-08 10:42:20.199  2557  4805 W ErrorProcessor: 	at com.google.android.apps.gsa.shared.util.concurrent.a.ak.run(SourceFile:66)
03-08 10:42:20.199  2557  4805 W ErrorProcessor: 	at java.util.concurrent.ThreadPoolExecutor.runWorker(ThreadPoolExecutor.java:1133)
03-08 10:42:20.199  2557  4805 W ErrorProcessor: 	at java.util.concurrent.ThreadPoolExecutor$Worker.run(ThreadPoolExecutor.java:607)
03-08 10:42:20.199  2557  4805 W ErrorProcessor: 	at java.lang.Thread.run(Thread.java:761)
03-08 10:42:20.199  2557  4805 W ErrorProcessor: 	at com.google.android.apps.gsa.shared.util.concurrent.a.ad$1.run(SourceFile:85)
03-08 10:42:20.199  2557  4805 W ErrorProcessor: Caused by: com.google.android.apps.gsa.shared.exception.GsaIOException: Error code: 393238 | Buffer overflow, no available space.
03-08 10:42:20.199  2557  4805 W ErrorProcessor: 	at com.google.android.apps.gsa.speech.audio.Tee.g(SourceFile:2531)
03-08 10:42:20.199  2557  4805 W ErrorProcessor: 	at com.google.android.apps.gsa.speech.audio.ap.read(SourceFile:555)
03-08 10:42:20.199  2557  4805 W ErrorProcessor: 	at java.io.InputStream.read(InputStream.java:101)
03-08 10:42:20.199  2557  4805 W ErrorProcessor: 	at com.google.android.apps.gsa.speech.audio.al.run(SourceFile:362)
03-08 10:42:20.199  2557  4805 W ErrorProcessor: 	at com.google.android.apps.gsa.speech.audio.ak$1.run(SourceFile:471)
03-08 10:42:20.199  2557  4805 W ErrorProcessor: 	at java.util.concurrent.Executors$RunnableAdapter.call(Executors.java:428)
03-08 10:42:20.199  2557  4805 W ErrorProcessor: 	at java.util.concurrent.FutureTask.run(FutureTask.java:237)
03-08 10:42:20.199  2557  4805 W ErrorProcessor: 	at com.google.android.apps.gsa.shared.util.concurrent.a.ak.run(SourceFile:66)
03-08 10:42:20.199  2557  4805 W ErrorProcessor: 	at com.google.android.apps.gsa.shared.util.concurrent.a.ax.run(SourceFile:139)
03-08 10:42:20.199  2557  4805 W ErrorProcessor: 	at com.google.android.apps.gsa.shared.util.concurrent.a.ax.run(SourceFile:139)
03-08 10:42:20.199  2557  4805 W ErrorProcessor: 	... 4 more
03-08 10:42:20.199  2557  4805 I AudioController: internalShutdown
03-08 10:42:20.205  2557  2557 I MicroDetector: Keeping mic open: false
03-08 10:42:20.205  2557  2557 I MicroDetectionWorker: #onError(false)
03-08 10:42:20.205  2557  4804 I DeviceStateChecker: DeviceStateChecker cancelled
03-08 10:42:22.471  1725  2494 I ActivityManager: START u0 {act=android.intent.action.MAIN cat=[android.intent.category.LAUNCHER] flg=0x10200000 cmp=com.twitter.android.lite/.TwitterLiteActivity bnds=[457,1096][603,1272] (has extras)} from uid 10022 on display 0
03-08 10:42:22.475  1431  1450 W audio_hw_generic: Not supplying enough data to HAL, expected position 1543874 , only wrote 1543680
03-08 10:42:22.506  1355  1401 D gralloc_ranchu: gralloc_alloc: Creating ashmem region of size 3932160
03-08 10:42:22.514  4502  4578 I chatty  : uid=10084(com.twitter.android.lite) AudioThread expire 1 line
03-08 10:42:22.514  4502  4811 I chatty  : uid=10084(com.twitter.android.lite) Chrome_InProcGp expire 8 lines
03-08 10:42:22.518  4502  4817 I chatty  : uid=10084(com.twitter.android.lite) expire 1 line
03-08 10:42:22.523  1355  1401 E SurfaceFlinger: ro.sf.lcd_density must be defined as a build property
03-08 10:42:22.527  4502  4502 I chatty  : uid=10084(com.twitter.android.lite) expire 1 line
03-08 10:42:22.538  2557  2841 D EGL_emulation: eglMakeCurrent: 0xe685dd80: ver 3 0 (tinfo 0xcafa70a0)
03-08 10:42:22.539  1355  4753 D         : HostConnection::get() New Host Connection established 0x7e5a73882660, tid 4753
03-08 10:42:22.541  2644  2764 D EGL_emulation: eglMakeCurrent: 0x7673c9099740: ver 3 0 (tinfo 0x7673c916b880)
03-08 10:42:22.555  4502  4821 I chatty  : uid=10084(com.twitter.android.lite) RenderThread expire 426 lines
03-08 10:42:22.576  2557  2557 W SearchService: Abort, client detached.
03-08 10:42:22.738  1725  1756 I ActivityManager: Displayed com.twitter.android.lite/.TwitterLiteActivity: +265ms
03-08 10:42:22.971  1355  1355 W SurfaceFlinger: couldn't log to binary event log: overflow.
03-08 10:42:25.686  1431  1451 W audio_hw_generic: Not supplying enough data to HAL, expected position 1849734 , only wrote 1697760
03-08 10:42:26.124  4502  4502 I chatty  : uid=10084(com.twitter.android.lite) expire 1 line
03-08 10:42:27.758  2227  4841 I Vision  : Requesting optional module download of ocr.
03-08 10:42:27.759  2227  4841 I Vision  : Exceeded maximum feature download tries for ocr
03-08 10:42:27.759  2227  4841 W Vision  : Request of optional module download of ocr failed.
03-08 10:42:27.759  2227  4841 I Vision  : Checking for download completion for 125622 -- ocr
03-08 10:42:27.769  1874  2327 I NetworkScheduler.Stats: Task com.google.android.gms/com.google.android.gms.checkin.CheckinService started execution. cause:4 exec_start_elapsed_seconds: 115 [CONTEXT service_id=218 ]
03-08 10:42:27.771  1874  2306 I NetworkScheduler.Stats: Task com.google.android.gms/com.google.android.gms.checkin.CheckinService finished executing. cause:4 result: 3 elapsed_millis: 6 uptime_millis: 6 exec_start_elapsed_seconds: 115 [CONTEXT service_id=218 ]
03-08 10:42:28.085  4502  4821 I chatty  : uid=10084(com.twitter.android.lite) RenderThread expire 235 lines
03-08 10:42:29.922  4502  4578 I chatty  : uid=10084(com.twitter.android.lite) AudioThread expire 2 lines
03-08 10:42:29.923  1431  1843 W AudioFlinger: createTrack_l(): mismatch between requested flags (00000008) and output flags (00000006)
03-08 10:42:30.194  4502  4811 I chatty  : uid=10084(com.twitter.android.lite) Chrome_InProcGp expire 4 lines
03-08 10:42:30.194  4502  4849 I chatty  : uid=10084(com.twitter.android.lite) expire 2 lines
03-08 10:42:30.195  1439  1461 I MediaPlayerService: MediaPlayerService::getOMX
03-08 10:42:30.195  4502  4852 I chatty  : uid=10084(com.twitter.android.lite) expire 2 lines
03-08 10:42:30.195  1436  2190 I OMXMaster: makeComponentInstance(OMX.google.h264.decoder) in mediacodec process
03-08 10:42:30.210  4502  4851 I chatty  : uid=10084(com.twitter.android.lite) expire 4 lines
03-08 10:42:30.217  1436  2189 W OMXNodeInstance: [59c0022:google.h264.decoder] component does not support metadata mode; using fallback
03-08 10:42:30.227  1436  1436 D SoftVideoDecoderOMXComponent: Color Aspects preference: 1 
03-08 10:42:30.228  1436  2180 E OMXNodeInstance: getConfig(59c0022:google.h264.decoder, ??(0x7f000003)) ERROR: UnsupportedSetting(0x80001019)
03-08 10:42:30.244  1436  4853 D SoftVideoDecoderOMXComponent: Color Aspects preference: 1 
03-08 10:42:30.250  1436  1436 E OMXNodeInstance: getConfig(59c0022:google.h264.decoder, ??(0x7f000003)) ERROR: UnsupportedSetting(0x80001019)
03-08 10:42:30.260  1355  1855 D gralloc_ranchu: gralloc_alloc: Creating ashmem region of size 786432
03-08 10:42:30.358  1355  1372 D gralloc_ranchu: gralloc_alloc: Creating ashmem region of size 786432
03-08 10:42:30.568  1439  1925 I MediaPlayerService: MediaPlayerService::getOMX
03-08 10:42:30.568  4502  4885 I chatty  : uid=10084(com.twitter.android.lite) expire 2 lines
03-08 10:42:30.568  1436  1436 I OMXMaster: makeComponentInstance(OMX.google.h264.decoder) in mediacodec process
03-08 10:42:30.569  4502  4884 I chatty  : uid=10084(com.twitter.android.lite) expire 4 lines
03-08 10:42:30.569  1436  2190 W OMXNodeInstance: [59c0023:google.h264.decoder] component does not support metadata mode; using fallback
03-08 10:42:30.569  1436  1448 D SoftVideoDecoderOMXComponent: Color Aspects preference: 1 
03-08 10:42:30.569  1436  1436 E OMXNodeInstance: getConfig(59c0023:google.h264.decoder, ??(0x7f000003)) ERROR: UnsupportedSetting(0x80001019)
03-08 10:42:30.598  1436  4886 D SoftVideoDecoderOMXComponent: Color Aspects preference: 1 
03-08 10:42:30.602  1436  1436 E OMXNodeInstance: getConfig(59c0023:google.h264.decoder, ??(0x7f000003)) ERROR: UnsupportedSetting(0x80001019)
03-08 10:42:30.615  1355  4753 D gralloc_ranchu: gralloc_alloc: Creating ashmem region of size 348160
03-08 10:42:30.670  1355  4753 D gralloc_ranchu: gralloc_alloc: Creating ashmem region of size 348160
03-08 10:42:30.959  4502  4821 I chatty  : uid=10084(com.twitter.android.lite) RenderThread expire 248 lines
03-08 10:42:32.204  4502  4811 I chatty  : uid=10084(com.twitter.android.lite) Chrome_InProcGp expire 1 line
03-08 10:42:35.404  4502  4849 I chatty  : uid=10084(com.twitter.android.lite) expire 4 lines
03-08 10:42:35.471  4502  4502 I chatty  : uid=10084(com.twitter.android.lite) expire 8 lines
03-08 10:42:36.192  4502  4821 I chatty  : uid=10084(com.twitter.android.lite) RenderThread expire 227 lines
03-08 10:42:37.106  4502  4811 I chatty  : uid=10084(com.twitter.android.lite) Chrome_InProcGp expire 4 lines
03-08 10:42:37.107  4502  4954 I chatty  : uid=10084(com.twitter.android.lite) expire 6 lines
03-08 10:42:37.108  1439  1920 I MediaPlayerService: MediaPlayerService::getOMX
03-08 10:42:37.108  4502  4957 I chatty  : uid=10084(com.twitter.android.lite) expire 2 lines
03-08 10:42:37.109  1436  2180 I OMXMaster: makeComponentInstance(OMX.google.h264.decoder) in mediacodec process
03-08 10:42:37.118  4502  4956 I chatty  : uid=10084(com.twitter.android.lite) expire 4 lines
03-08 10:42:37.118  1436  2190 W OMXNodeInstance: [59c0024:google.h264.decoder] component does not support metadata mode; using fallback
03-08 10:42:37.119  1436  1930 D SoftVideoDecoderOMXComponent: Color Aspects preference: 1 
03-08 10:42:37.119  1436  1448 E OMXNodeInstance: getConfig(59c0024:google.h264.decoder, ??(0x7f000003)) ERROR: UnsupportedSetting(0x80001019)
03-08 10:42:37.134  1436  4958 D SoftVideoDecoderOMXComponent: Color Aspects preference: 1 
03-08 10:42:37.139  1436  2189 E OMXNodeInstance: getConfig(59c0024:google.h264.decoder, ??(0x7f000003)) ERROR: UnsupportedSetting(0x80001019)
03-08 10:42:37.152  1355  1401 D gralloc_ranchu: gralloc_alloc: Creating ashmem region of size 786432
03-08 10:42:37.198  1355  1372 D gralloc_ranchu: gralloc_alloc: Creating ashmem region of size 786432
03-08 10:42:37.624  1439  1925 I MediaPlayerService: MediaPlayerService::getOMX
03-08 10:42:37.624  4502  4990 I chatty  : uid=10084(com.twitter.android.lite) expire 2 lines
03-08 10:42:37.624  1436  2189 I OMXMaster: makeComponentInstance(OMX.google.h264.decoder) in mediacodec process
03-08 10:42:37.625  4502  4989 I chatty  : uid=10084(com.twitter.android.lite) expire 4 lines
03-08 10:42:37.625  1436  1436 W OMXNodeInstance: [59c0025:google.h264.decoder] component does not support metadata mode; using fallback
03-08 10:42:37.625  1436  2190 D SoftVideoDecoderOMXComponent: Color Aspects preference: 1 
