03-08 10:48:21.336  2038  2197 D DcNetworkAgent: NetworkAgent: DcNetworkAgent: [unwanted]: disconnect apnContext={mApnType=default mState=CONNECTED mWaitingApns={[[ApnSettingV3] T-Mobile US, 1, 310260, epc.tmobile.com, , http://mms.msg.eng.t-mobile.com/mms/wapenc, , , , -1, *, IP, IP, true, 0, 0, 0, false, 0, 0, 0, 0, , , false]} mApnSetting={[ApnSettingV3] T-Mobile US, 1, 310260, epc.tmobile.com, , http://mms.msg.eng.t-mobile.com/mms/wapenc, , , , -1, *, IP, IP, true, 0, 0, 0, false, 0, 0, 0, 0, , , false} mReason=dataDisabled mDataEnabled=false mDependencyMet=true}
03-08 10:48:21.344  1731  1853 D DnsEventListenerService: Logging 20 results for netId 100
03-08 10:48:21.353  1440  1726 E Netd    : netlink response contains error (No such file or directory)
03-08 10:48:22.936  2231  3151 I GmscoreIpa: how are you::
03-08 10:48:24.202  1874  2539 I NetworkScheduler.Stats: Task com.google.android.gms/com.google.android.gms.checkin.CheckinService started execution. cause:4 exec_start_elapsed_seconds: 50 [CONTEXT service_id=218 ]
03-08 10:48:24.209  1874  2288 I NetworkScheduler.Stats: Task com.google.android.gms/com.google.android.gms.checkin.CheckinService finished executing. cause:4 result: 3 elapsed_millis: 13 uptime_millis: 13 exec_start_elapsed_seconds: 50 [CONTEXT service_id=218 ]
03-08 10:48:25.110  2231  2821 I Icing   : IndexChimeraService.getServiceInterface callingPackage=com.google.android.gms componentName=null serviceId=36
03-08 10:48:25.110  2231  2740 I Icing   : IndexChimeraService.getServiceInterface callingPackage=com.google.android.music componentName=null serviceId=36
03-08 10:48:25.113  2231  4603 I Icing   : updateResources: need to parse acek{com.google.android.music}
03-08 10:48:25.147  2231  4603 W Icing   : No valid account for uploading user actions
03-08 10:48:25.151  2231  2740 I Icing   : IndexChimeraService.getServiceInterface callingPackage=com.google.android.music componentName=null serviceId=36
03-08 10:48:25.152  2231  2821 I Icing   : IndexChimeraService.getServiceInterface callingPackage=com.google.android.gms componentName=null serviceId=30
03-08 10:48:25.154  2231  2821 I Icing   : IndexChimeraService.getServiceInterface callingPackage=com.google.android.music componentName=null serviceId=36
03-08 10:48:25.156  2231  2821 I Icing   : IndexChimeraService.getServiceInterface callingPackage=com.google.android.music componentName=null serviceId=36
03-08 10:48:25.158  2231  2821 I Icing   : IndexChimeraService.getServiceInterface callingPackage=com.google.android.music componentName=null serviceId=36
03-08 10:48:25.160  2231  2821 I Icing   : IndexChimeraService.getServiceInterface callingPackage=com.google.android.music componentName=null serviceId=36
03-08 10:48:25.162  2231  2821 I Icing   : IndexChimeraService.getServiceInterface callingPackage=com.google.android.music componentName=null serviceId=36
03-08 10:48:25.403  4461  4608 W art     : Thread attaching while runtime is shutting down: Binder:4461_3
03-08 10:48:25.403  4461  4608 I AndroidRuntime: NOTE: attach of thread 'Binder:4461_3' failed
03-08 10:48:25.419  2231  4603 I Icing   : Usage reports ok 2, Failed Usage reports 0, indexed 1, rejected 0
03-08 10:48:25.420  2231  4603 W Icing   : No valid account for uploading user actions
03-08 10:48:25.422  2231  4603 I Icing   : Usage reports ok 0, Failed Usage reports 0, indexed 0, rejected 0
03-08 10:48:25.422  2231  4603 I Icing   : Indexing com.google.android.music-songs from com.google.android.music
03-08 10:48:25.428  2231  4603 I Icing   : Indexing done com.google.android.music-songs
03-08 10:48:25.428  2231  4603 I Icing   : Indexing com.google.android.music-albums from com.google.android.music
03-08 10:48:25.433  2231  4603 I Icing   : Indexing done com.google.android.music-albums
03-08 10:48:25.433  2231  4603 I Icing   : Indexing com.google.android.music-artists from com.google.android.music
03-08 10:48:25.437  2231  4603 I Icing   : Indexing done com.google.android.music-artists
03-08 10:48:25.437  2231  4603 I Icing   : Indexing com.google.android.music-playlists from com.google.android.music
03-08 10:48:25.441  2231  4603 I Icing   : Indexing done com.google.android.music-playlists
03-08 10:48:25.441  2231  4603 I Icing   : Indexing com.google.android.music-top_albums from com.google.android.music
03-08 10:48:25.445  2231  4603 I Icing   : Indexing done com.google.android.music-top_albums
03-08 10:48:25.445  2231  4603 I Icing   : Indexing com.google.android.music-top_artists from com.google.android.music
03-08 10:48:25.449  2231  4603 I Icing   : Indexing done com.google.android.music-top_artists
03-08 10:48:25.449  2231  4603 I Icing   : Indexing com.google.android.music-top_tracks from com.google.android.music
03-08 10:48:25.452  2231  4603 I Icing   : Indexing done com.google.android.music-top_tracks
03-08 10:48:25.453  2231  4603 W Icing   : No valid account for uploading user actions
03-08 10:48:25.454  2231  4603 I Icing   : Usage reports ok 0, Failed Usage reports 0, indexed 0, rejected 0
03-08 10:48:25.454  2231  4603 W Icing   : No valid account for uploading user actions
03-08 10:48:25.456  2231  4603 I Icing   : Usage reports ok 0, Failed Usage reports 0, indexed 0, rejected 0
03-08 10:48:25.456  2231  4603 W Icing   : No valid account for uploading user actions
03-08 10:48:25.457  2231  4603 I Icing   : Usage reports ok 0, Failed Usage reports 0, indexed 0, rejected 0
03-08 10:48:25.457  2231  4603 W Icing   : No valid account for uploading user actions
03-08 10:48:25.458  2231  4603 I Icing   : Usage reports ok 0, Failed Usage reports 0, indexed 0, rejected 0
03-08 10:48:25.459  2231  4603 W Icing   : No valid account for uploading user actions
03-08 10:48:25.459  2231  4603 I Icing   : Usage reports ok 0, Failed Usage reports 0, indexed 0, rejected 0
03-08 10:48:25.460  2231  4603 W Icing   : No valid account for uploading user actions
03-08 10:48:25.461  2231  4603 I Icing   : Usage reports ok 0, Failed Usage reports 0, indexed 0, rejected 0
03-08 10:48:25.461  2231  4603 W Icing   : No valid account for uploading user actions
03-08 10:48:25.462  2231  4603 I Icing   : Usage reports ok 0, Failed Usage reports 0, indexed 0, rejected 0
03-08 10:48:26.410  2231  3151 I Vision  : Requesting optional module download of ocr.
03-08 10:48:26.413  2231  3151 I Vision  : Checking for download completion for 62376 -- ocr
03-08 10:48:26.414  2231  4610 I ChimeraConfigurator: Starting update, reason: 4 urgentFeatures: vision.ocr:-1
03-08 10:48:26.414  2231  4610 E ConfigFileUtils: Failed to read config file: /data/user_de/0/com.google.android.gms/app_chimera/next_container.pb (No such file or directory)
03-08 10:48:26.419  2231  4610 I ChmraDebugLogger: [73] 1801
03-08 10:48:26.419  2231  4610 I ChmraDebugLogger: [30] [VisionOcrDynamite.integ:223610901000800] permitMetered=true,
03-08 10:48:26.420  2231  4610 W ChimeraConfigService: Retry attempt was throttled.
03-08 10:48:36.419  2231  4611 I Vision  : Requesting optional module download of ocr.
03-08 10:48:36.419  2231  4611 I Vision  : Checking for download completion for 72382 -- ocr
03-08 10:48:46.420  1731  1751 I ActivityManager: Killing 3137:com.google.android.gms.unstable/u0a13 (adj 906): empty #17
03-08 10:48:46.420  1731  1751 I ActivityManager: Killing 3978:com.google.android.youtube/u0a76 (adj 906): empty #18
03-08 10:48:46.421  1731  1751 I ActivityManager: Killing 4021:com.google.android.gm/u0a68 (adj 906): empty #19
03-08 10:48:46.430  2231  4621 I Vision  : Requesting optional module download of ocr.
03-08 10:48:46.430  2231  4621 I Vision  : Checking for download completion for 82393 -- ocr
03-08 10:48:46.468  1731  2056 D ActivityManager: cleanUpApplicationRecord -- 3978
03-08 10:48:46.468  1731  2053 D ConnectivityService: ConnectivityService NetworkRequestInfo binderDied(NetworkRequest [ LISTEN id=9, [ Capabilities: INTERNET&NOT_RESTRICTED&TRUSTED&FOREGROUND] ], android.os.BinderProxy@8f8b61d)
03-08 10:48:46.468  1731  1834 E ConnectivityService: RemoteException caught trying to send a callback msg for NetworkRequest [ LISTEN id=9, [ Capabilities: INTERNET&NOT_RESTRICTED&TRUSTED&FOREGROUND] ]
03-08 10:48:46.477  1731  2075 D ActivityManager: cleanUpApplicationRecord -- 3137
03-08 10:48:46.497  1731  2462 D ActivityManager: cleanUpApplicationRecord -- 4021
03-08 10:48:49.452  2038  3010 I OmtpVvmCarrierCfgHlpr: OmtpEvent:CONFIG_STATUS_SMS_TIME_OUT
03-08 10:48:49.452  2038  2038 I RetryPolicy: discarding deferred status: configuration_state=4
03-08 10:48:49.453  2038  2038 D VvmTaskScheduler: No more tasks, stopping service if no task are added in 5000 millis
03-08 10:48:49.453  2038  2038 D VvmTaskScheduler: create task:com.android.phone.vvm.omtp.ActivationTask
03-08 10:48:49.453  2038  2038 D RetryPolicy: retry #1 for com.android.phone.vvm.omtp.ActivationTask@78b701b queued, executing in 5000
03-08 10:48:49.454  2038  2038 D VvmTaskScheduler: minimal wait time:5000
03-08 10:48:49.455  2038  2038 D VvmTaskScheduler: minimal wait time:4999
03-08 10:48:50.040  2231  4621 W System  : ClassLoader referenced unknown path: /system/priv-app/PrebuiltGmsCore/lib/x86_64
03-08 10:48:54.456  2038  3010 V VvmTaskScheduler: executing task com.android.phone.vvm.omtp.ActivationTask@78b701b
03-08 10:48:54.467  2038  3010 I VvmActivationTask: VVM content provider configured - vvm_type_cvvm
03-08 10:48:54.467  2038  3010 I OmtpVvmCarrierCfgHlpr: OmtpEvent:CONFIG_ACTIVATING
03-08 10:48:54.471  2038  3010 V OmtpMessageSender: Sending BINARY sms 'Activate:dt=15' to 122:1808
03-08 10:48:54.474  2038  2038 D VvmStatusSmsFetcher: Request SMS successfully sent
03-08 10:48:56.434  2231  4621 W System  : ClassLoader referenced unknown path: /system/priv-app/PrebuiltGmsCore/lib/x86_64
03-08 10:48:56.434  2231  4624 I Vision  : Requesting optional module download of ocr.
03-08 10:48:56.434  2231  4624 I Vision  : Checking for download completion for 92397 -- ocr
03-08 10:48:56.438  4625  4625 W art     : Unexpected CPU variant for X86 using defaults: x86_64
03-08 10:48:56.444  1731  2052 I ActivityManager: Start proc 4625:com.google.android.apps.wallpaper/u0a72 for broadcast com.google.android.apps.wallpaper/.module.DailyLoggingAlarmReceiver
03-08 10:48:56.448  4625  4625 W System  : ClassLoader referenced unknown path: /system/app/WallpaperPickerGooglePrebuilt/lib/x86_64
03-08 10:48:56.452  1874  4268 I NetworkScheduler.Stats: Task com.google.android.gms/com.google.android.gms.auth.account.be.legacy.AuthCronService started execution. cause:4 exec_start_elapsed_seconds: 82 [CONTEXT service_id=218 ]
03-08 10:48:56.460  4642  4642 W art     : Unexpected CPU variant for X86 using defaults: x86_64
03-08 10:48:56.468  1731  2463 I ActivityManager: Start proc 4642:com.google.android.gms.unstable/u0a13 for service com.google.android.gms/.droidguard.DroidGuardService
03-08 10:48:56.473  4642  4642 W System  : ClassLoader referenced unknown path: /system/priv-app/PrebuiltGmsCore/lib/x86_64
03-08 10:48:56.495  4642  4642 W DynamiteModule: Local module descriptor class for providerinstaller not found.
03-08 10:48:56.497  4642  4642 W ProviderHelper: Unknown dynamite feature providerinstaller
03-08 10:48:56.498  4642  4642 I DynamiteModule: Considering local module providerinstaller:0 and remote module providerinstaller:0
03-08 10:48:56.498  4642  4642 W ProviderInstaller: Failed to load providerinstaller module: No acceptable module found. Local version is 0 and remote version is 0.
03-08 10:48:56.498  4642  4642 W System  : ClassLoader referenced unknown path: /system/priv-app/PrebuiltGmsCore/lib/x86_64
03-08 10:48:56.498  4642  4642 W System  : ClassLoader referenced unknown path: /system/priv-app/PrebuiltGmsCore/lib/x86_64
03-08 10:48:56.499  4642  4642 V NativeCrypto: Registering com/google/android/gms/org/conscrypt/NativeCrypto's 286 native methods...
03-08 10:48:56.505  4642  4642 D NetworkSecurityConfig: Using Network Security Config from resource network_security_config debugBuild: false
03-08 10:48:56.506  4642  4642 I ProviderInstaller: Installed default security provider GmsCore_OpenSSL
03-08 10:48:56.506  4642  4642 I Safeboot: Checking safeboot...
03-08 10:48:56.506  4642  4642 I Safeboot: Not entering safeboot; wrong process.
03-08 10:48:56.515  4642  4642 I Watchcat: Started
03-08 10:48:56.516  4642  4642 I bezb    : Primes not initialized, returning default (no-op) Primes instance which will ignore all calls. Please call Primes.initialize(...) before using any Primes API.
03-08 10:48:56.936  1874  4268 E GmsTaskScheduler: sendWakeUpEvent called on SchedulerClientBroadcastStrategy
03-08 10:48:56.957  1874  2845 I Auth    : [ReflectiveChannelBinder] Successfully bound channel!
03-08 10:48:56.967  1874  2845 W Conscrypt: Could not set socket write timeout: java.net.SocketException: Socket closed
03-08 10:48:56.967  1874  2845 W Conscrypt: 	at com.google.android.gms.org.conscrypt.Platform.setSocketWriteTimeout(:com.google.android.gms@202414023@20.24.14 (040800-319035315):2)
03-08 10:48:56.967  1874  2845 W Conscrypt: 	at com.google.android.gms.org.conscrypt.ConscryptFileDescriptorSocket.setSoWriteTimeout(:com.google.android.gms@202414023@20.24.14 (040800-319035315):0)
03-08 10:48:56.974  1874  2845 W Conscrypt: Could not set socket write timeout: java.net.SocketException: Socket closed
03-08 10:48:56.975  1874  2845 W Conscrypt: 	at com.google.android.gms.org.conscrypt.Platform.setSocketWriteTimeout(:com.google.android.gms@202414023@20.24.14 (040800-319035315):2)
03-08 10:48:56.975  1874  2845 W Conscrypt: 	at com.google.android.gms.org.conscrypt.ConscryptFileDescriptorSocket.setSoWriteTimeout(:com.google.android.gms@202414023@20.24.14 (040800-319035315):0)
03-08 10:48:56.990  1874  2845 E GmsTaskScheduler: sendWakeUpEvent called on SchedulerClientBroadcastStrategy
03-08 10:48:56.992  1874  2845 W GLSUser : [AppCertManager] IOException while requesting key: 
03-08 10:48:56.992  1874  2845 W GLSUser : java.io.IOException: Invalid device key response.
03-08 10:48:56.992  1874  2845 W GLSUser : 	at hwy.a(:com.google.android.gms@202414023@20.24.14 (040800-319035315):49)
03-08 10:48:56.992  1874  2845 W GLSUser : 	at hww.a(:com.google.android.gms@202414023@20.24.14 (040800-319035315):45)
03-08 10:48:56.992  1874  2845 W GLSUser : 	at hwr.a(:com.google.android.gms@202414023@20.24.14 (040800-319035315):0)
03-08 10:48:56.992  1874  2845 W GLSUser : 	at hwu.a(:com.google.android.gms@202414023@20.24.14 (040800-319035315):10)
03-08 10:48:56.992  1874  2845 W GLSUser : 	at gbi.call(:com.google.android.gms@202414023@20.24.14 (040800-319035315):0)
03-08 10:48:56.992  1874  2845 W GLSUser : 	at java.util.concurrent.FutureTask.run(FutureTask.java:237)
03-08 10:48:56.992  1874  2845 W GLSUser : 	at soy.b(:com.google.android.gms@202414023@20.24.14 (040800-319035315):12)
03-08 10:48:56.992  1874  2845 W GLSUser : 	at soy.run(:com.google.android.gms@202414023@20.24.14 (040800-319035315):7)
03-08 10:48:56.992  1874  2845 W GLSUser : 	at java.util.concurrent.ThreadPoolExecutor.runWorker(ThreadPoolExecutor.java:1133)
03-08 10:48:56.992  1874  2845 W GLSUser : 	at java.util.concurrent.ThreadPoolExecutor$Worker.run(ThreadPoolExecutor.java:607)
03-08 10:48:56.992  1874  2845 W GLSUser : 	at sux.run(:com.google.android.gms@202414023@20.24.14 (040800-319035315):0)
03-08 10:48:56.992  1874  2845 W GLSUser : 	at java.lang.Thread.run(Thread.java:761)
03-08 10:48:56.994  1874  2539 I NetworkScheduler.Stats: Task com.google.android.gms/com.google.android.gms.auth.account.be.legacy.AuthCronService finished executing. cause:4 result: 3 elapsed_millis: 544 uptime_millis: 544 exec_start_elapsed_seconds: 82 [CONTEXT service_id=218 ]
03-08 10:48:57.006  1874  2658 I NetworkScheduler.Stats: Task com.google.android.gms/com.google.android.gms.clearcut.uploader.QosUploaderService started execution. cause:5 exec_start_elapsed_seconds: 82 [CONTEXT service_id=218 ]
03-08 10:48:57.007  1874  4268 I NetworkScheduler.Stats: Task com.google.android.gms/com.google.android.gms.clearcut.uploader.QosUploaderService started execution. cause:5 exec_start_elapsed_seconds: 82 [CONTEXT service_id=218 ]
03-08 10:48:57.018  1874  2658 I NetworkScheduler.Stats: Task com.google.android.gms/com.google.android.gms.clearcut.uploader.QosUploaderService finished executing. cause:5 result: 1 elapsed_millis: 17 uptime_millis: 17 exec_start_elapsed_seconds: 82 [CONTEXT service_id=218 ]
03-08 10:48:57.027  1874  2288 I NetworkScheduler.Stats: Task com.google.android.gms/com.google.android.gms.chimera.container.ConfigService started execution. cause:5 exec_start_elapsed_seconds: 82 [CONTEXT service_id=218 ]
03-08 10:48:57.028  2231  2724 I ChimeraConfigurator: Starting update, reason: 1 urgentFeatures: 
03-08 10:48:57.032  2231  2724 E ConfigFileUtils: Failed to read config file: /data/user_de/0/com.google.android.gms/app_chimera/next_container.pb (No such file or directory)
03-08 10:48:57.035  2231  2724 I ChmraDebugLogger: [73] 1801
03-08 10:48:57.036  2231  2724 I ChmraDebugLogger: [30] [VisionOcrDynamite.integ:223610901000800] permitMetered=false,[Pay.optional:202414020000] permitMetered=true,
03-08 10:48:57.037  2231  2724 I ChimeraConfigService: Scheduling checkin for one-off execution between [3300,43200] seconds from now (1678243737037)
03-08 10:48:57.040  2231  2724 I ChimeraConfigService: Scheduling checkin every 43200 seconds, with flex of 1800 seconds
03-08 10:48:57.042  1874  4268 I NetworkScheduler.Stats: Task com.google.android.gms/com.google.android.gms.chimera.container.ConfigService finished executing. cause:5 result: 2 elapsed_millis: 19 uptime_millis: 19 exec_start_elapsed_seconds: 82 [CONTEXT service_id=218 ]
03-08 10:48:57.052  1874  2288 I NetworkScheduler.Stats: Task com.google.android.gms/com.google.android.gms.telephonyspam.sync.SpamListSyncTaskService started execution. cause:5 exec_start_elapsed_seconds: 83 [CONTEXT service_id=218 ]
03-08 10:48:57.052  2231  4603 I TelephonySpam: TelephonySpamChimeraService - Running Telephony Spam Chimera Service
03-08 10:48:57.052  2231  4603 I TelephonySpam: TelephonySpamChimeraService - Cleaning SIP Header local table of old entries
03-08 10:48:57.052  2231  4603 I TelephonySpam: SpamListSync - Call spam module disabled. Skipping cleaning cache sip header table.
03-08 10:48:57.052  2231  4603 I TelephonySpam: TelephonySpamChimeraService - Syncing Call Spam List
03-08 10:48:57.052  2231  4603 I TelephonySpam: SpamListSync - SpamListSyncChimeraService.syncSpamList called with tag: telephonyspam.SpamListSyncOneOffTask, extras: Bundle[{SpamList Type=0, Action=1.0}]
03-08 10:48:57.052  2231  4603 I TelephonySpam: SpamListSync - Call spam module disabled. Skipping spam list syncing.
03-08 10:48:57.053  1874  4268 I NetworkScheduler.Stats: Task com.google.android.gms/com.google.android.gms.telephonyspam.sync.SpamListSyncTaskService finished executing. cause:5 result: 1 elapsed_millis: 5 uptime_millis: 5 exec_start_elapsed_seconds: 83 [CONTEXT service_id=218 ]
03-08 10:48:57.096  1874  2539 W Conscrypt: Could not set socket write timeout: java.net.SocketException: Socket closed
03-08 10:48:57.096  1874  2539 W Conscrypt: 	at com.google.android.gms.org.conscrypt.Platform.setSocketWriteTimeout(:com.google.android.gms@202414023@20.24.14 (040800-319035315):2)
03-08 10:48:57.096  1874  2539 W Conscrypt: 	at com.google.android.gms.org.conscrypt.ConscryptFileDescriptorSocket.setSoWriteTimeout(:com.google.android.gms@202414023@20.24.14 (040800-319035315):0)
03-08 10:48:57.102  1874  2539 W Conscrypt: Could not set socket write timeout: java.net.SocketException: Socket closed
03-08 10:48:57.102  1874  2539 W Conscrypt: 	at com.google.android.gms.org.conscrypt.Platform.setSocketWriteTimeout(:com.google.android.gms@202414023@20.24.14 (040800-319035315):2)
03-08 10:48:57.102  1874  2539 W Conscrypt: 	at com.google.android.gms.org.conscrypt.ConscryptFileDescriptorSocket.setSoWriteTimeout(:com.google.android.gms@202414023@20.24.14 (040800-319035315):0)
03-08 10:48:57.618  1874  2539 E GmsTaskScheduler: sendWakeUpEvent called on SchedulerClientBroadcastStrategy
03-08 10:48:57.714  1874  2539 E GmsTaskScheduler: sendWakeUpEvent called on SchedulerClientBroadcastStrategy
03-08 10:48:57.718  1874  2539 I CCTUploader: Failed to get auth token for log sources [[HANGOUT_LOG_REQUEST]] because the account doesn't exist on the device.
03-08 10:48:57.729  1874  2539 W Conscrypt: Could not set socket write timeout: java.net.SocketException: Socket closed
03-08 10:48:57.729  1874  2539 W Conscrypt: 	at com.google.android.gms.org.conscrypt.Platform.setSocketWriteTimeout(:com.google.android.gms@202414023@20.24.14 (040800-319035315):2)
03-08 10:48:57.729  1874  2539 W Conscrypt: 	at com.google.android.gms.org.conscrypt.ConscryptFileDescriptorSocket.setSoWriteTimeout(:com.google.android.gms@202414023@20.24.14 (040800-319035315):0)
03-08 10:48:57.736  1874  2539 W Conscrypt: Could not set socket write timeout: java.net.SocketException: Socket closed
03-08 10:48:57.736  1874  2539 W Conscrypt: 	at com.google.android.gms.org.conscrypt.Platform.setSocketWriteTimeout(:com.google.android.gms@202414023@20.24.14 (040800-319035315):2)
03-08 10:48:57.736  1874  2539 W Conscrypt: 	at com.google.android.gms.org.conscrypt.ConscryptFileDescriptorSocket.setSoWriteTimeout(:com.google.android.gms@202414023@20.24.14 (040800-319035315):0)
03-08 10:48:57.809  1874  2539 E GmsTaskScheduler: sendWakeUpEvent called on SchedulerClientBroadcastStrategy
03-08 10:48:57.817  1874  2288 I NetworkScheduler.Stats: Task com.google.android.gms/com.google.android.gms.clearcut.uploader.QosUploaderService finished executing. cause:5 result: 1 elapsed_millis: 812 uptime_millis: 812 exec_start_elapsed_seconds: 82 [CONTEXT service_id=218 ]
03-08 10:49:06.106  2540  2540 I GrammarCompilationSvcCt: #startService for null, APP_NAMES.
03-08 10:49:06.114  2540  4681 I ContextCompilationHandl: Compiling grammar for: en-US, type=APP_NAMES
03-08 10:49:06.116  2540  4681 I ContextCompilationHandl: No grammar compilation resources for VOICE_ACTIONS_COMPILER, aborting. 
03-08 10:49:06.437  2231  4683 I Vision  : Requesting optional module download of ocr.
03-08 10:49:06.438  2231  4683 I Vision  : Checking for download completion for 102401 -- ocr
03-08 10:49:06.480  2231  4621 W System  : ClassLoader referenced unknown path: /system/priv-app/PrebuiltGmsCore/lib/x86_64
03-08 10:49:16.439  1731  1751 I ActivityManager: Killing 3475:com.google.android.dialer/u0a14 (adj 906): empty #17
03-08 10:49:16.445  2231  4686 I Vision  : Requesting optional module download of ocr.
03-08 10:49:16.445  2231  4686 I Vision  : Exceeded maximum feature download tries for ocr
03-08 10:49:16.445  2231  4686 W Vision  : Request of optional module download of ocr failed.
03-08 10:49:16.446  2231  4686 I Vision  : Checking for download completion for 112409 -- ocr
03-08 10:49:16.498  1731  2697 D ActivityManager: cleanUpApplicationRecord -- 3475
03-08 10:49:26.453  2231  4688 I Vision  : Requesting optional module download of ocr.
03-08 10:49:26.455  2231  4688 I Vision  : Checking for download completion for 122418 -- ocr
03-08 10:49:26.455  2231  4688 I ChimeraConfigurator: Starting update, reason: 4 urgentFeatures: vision.ocr:-1
03-08 10:49:26.456  2231  4688 E ConfigFileUtils: Failed to read config file: /data/user_de/0/com.google.android.gms/app_chimera/next_container.pb (No such file or directory)
03-08 10:49:26.460  2231  4688 I ChmraDebugLogger: [73] 1801
03-08 10:49:26.460  2231  4688 I ChmraDebugLogger: [30] [VisionOcrDynamite.integ:223610901000800] permitMetered=true,
03-08 10:49:26.461  2231  4688 W ChimeraConfigService: Retry attempt was throttled.
03-08 10:49:36.460  1731  1751 I ActivityManager: Killing 4364:com.google.android.apps.photos:CameraShortcut/u0a65 (adj 906): empty #17
03-08 10:49:36.462  1731  1772 W ActivityManager: Unable to start service Intent { act=com.google.android.gms.drive.ApiService.RESET_AFTER_BOOT flg=0x4 cmp=com.google.android.gms/.drive.api.ApiService (has extras) } U=0: not found
03-08 10:49:36.468  2231  4695 I Vision  : Requesting optional module download of ocr.
03-08 10:49:36.468  2231  4695 I Vision  : Checking for download completion for 132431 -- ocr
03-08 10:49:36.476  1874  2539 I NetworkScheduler.Stats: Task com.google.android.gms/com.google.android.gms.checkin.CheckinService started execution. cause:4 exec_start_elapsed_seconds: 122 [CONTEXT service_id=218 ]
03-08 10:49:36.479  1874  2288 I NetworkScheduler.Stats: Task com.google.android.gms/com.google.android.gms.checkin.CheckinService finished executing. cause:4 result: 3 elapsed_millis: 7 uptime_millis: 7 exec_start_elapsed_seconds: 122 [CONTEXT service_id=218 ]
03-08 10:49:36.507  1731  2697 D ActivityManager: cleanUpApplicationRecord -- 4364
03-08 10:49:46.470  2231  4697 I Vision  : Requesting optional module download of ocr.
03-08 10:49:46.470  2231  4697 I Vision  : Checking for download completion for 142433 -- ocr
03-08 10:49:54.477  2038  3010 I OmtpVvmCarrierCfgHlpr: OmtpEvent:CONFIG_STATUS_SMS_TIME_OUT
03-08 10:49:54.478  2038  2038 I RetryPolicy: discarding deferred status: configuration_state=4
03-08 10:49:54.481  2038  2038 D VvmTaskScheduler: No more tasks, stopping service if no task are added in 5000 millis
03-08 10:49:54.482  2038  2038 D VvmTaskScheduler: create task:com.android.phone.vvm.omtp.ActivationTask
03-08 10:49:54.482  2038  2038 D RetryPolicy: retry #2 for com.android.phone.vvm.omtp.ActivationTask@de6f2f7 queued, executing in 5000
03-08 10:49:54.484  2038  2038 D VvmTaskScheduler: minimal wait time:4998
03-08 10:49:54.484  2038  2038 D VvmTaskScheduler: minimal wait time:4998
03-08 10:49:56.477  2231  4699 I Vision  : Requesting optional module download of ocr.
03-08 10:49:56.477  2231  4699 I Vision  : Checking for download completion for 152440 -- ocr
03-08 10:49:59.488  2038  3010 V VvmTaskScheduler: executing task com.android.phone.vvm.omtp.ActivationTask@de6f2f7
03-08 10:49:59.534  2038  3010 I VvmActivationTask: VVM content provider configured - vvm_type_cvvm
03-08 10:49:59.534  2038  3010 I OmtpVvmCarrierCfgHlpr: OmtpEvent:CONFIG_ACTIVATING
03-08 10:49:59.553  2038  3010 V OmtpMessageSender: Sending BINARY sms 'Activate:dt=15' to 122:1808
03-08 10:49:59.557  2038  2038 D VvmStatusSmsFetcher: Request SMS successfully sent
03-08 10:50:06.485  2231  4701 I Vision  : Requesting optional module download of ocr.
03-08 10:50:06.485  2231  4701 I Vision  : Checking for download completion for 162448 -- ocr
03-08 10:50:16.492  2231  4703 I Vision  : Requesting optional module download of ocr.
03-08 10:50:16.493  2231  4703 I Vision  : Exceeded maximum feature download tries for ocr
03-08 10:50:16.493  2231  4703 W Vision  : Request of optional module download of ocr failed.
03-08 10:50:16.493  2231  4703 I Vision  : Checking for download completion for 172456 -- ocr
