03-08 10:42:37.626  1436  2189 E OMXNodeInstance: getConfig(59c0025:google.h264.decoder, ??(0x7f000003)) ERROR: UnsupportedSetting(0x80001019)
03-08 10:42:37.643  1436  4991 D SoftVideoDecoderOMXComponent: Color Aspects preference: 1 
03-08 10:42:37.659  1436  2190 E OMXNodeInstance: getConfig(59c0025:google.h264.decoder, ??(0x7f000003)) ERROR: UnsupportedSetting(0x80001019)
03-08 10:42:37.668  1355  4753 D gralloc_ranchu: gralloc_alloc: Creating ashmem region of size 786432
03-08 10:42:37.714  1355  4753 D gralloc_ranchu: gralloc_alloc: Creating ashmem region of size 786432
03-08 10:42:37.759  1725  1772 W ActivityManager: Unable to start service Intent { act=com.google.android.gms.drive.ApiService.RESET_AFTER_BOOT flg=0x4 cmp=com.google.android.gms/.drive.api.ApiService (has extras) } U=0: not found
03-08 10:42:37.764  2227  4841 I Vision  : Requesting optional module download of ocr.
03-08 10:42:37.766  2227  4841 I Vision  : Checking for download completion for 135629 -- ocr
03-08 10:42:37.767  2227  4841 I ChimeraConfigurator: Starting update, reason: 4 urgentFeatures: vision.ocr:-1
03-08 10:42:37.768  2227  4841 E ConfigFileUtils: Failed to read config file: /data/user_de/0/com.google.android.gms/app_chimera/next_container.pb (No such file or directory)
03-08 10:42:37.775  2227  4841 I ChmraDebugLogger: [73] 1801
03-08 10:42:37.775  2227  4841 I ChmraDebugLogger: [30] [VisionOcrDynamite.integ:223610901000800] permitMetered=true,
03-08 10:42:37.776  2227  4841 W ChimeraConfigService: Retry attempt was throttled.
03-08 10:42:38.592  4502  4821 I chatty  : uid=10084(com.twitter.android.lite) RenderThread expire 252 lines
03-08 10:42:38.686  4502  4502 I chatty  : uid=10084(com.twitter.android.lite) expire 3 lines
03-08 10:42:40.993  1431  1451 W audio_hw_generic: Not supplying enough data to HAL, expected position 2758448 , only wrote 2229120
03-08 10:42:41.943  4502  4821 I chatty  : uid=10084(com.twitter.android.lite) RenderThread expire 241 lines
03-08 10:42:44.817  1725  1737 I ActivityManager: Killing 4354:com.google.android.apps.photos:CameraShortcut/u0a65 (adj 906): empty #17
03-08 10:42:44.852  4502  4578 I chatty  : uid=10084(com.twitter.android.lite) AudioThread expire 2 lines
03-08 10:42:44.852  1431  1455 W AudioFlinger: createTrack_l(): mismatch between requested flags (00000008) and output flags (00000006)
03-08 10:42:44.867  1725  2496 D ActivityManager: cleanUpApplicationRecord -- 4354
03-08 10:42:44.868  4502  4811 I chatty  : uid=10084(com.twitter.android.lite) Chrome_InProcGp expire 4 lines
03-08 10:42:44.868  4502  5061 I chatty  : uid=10084(com.twitter.android.lite) expire 2 lines
03-08 10:42:44.869  1439  1461 I MediaPlayerService: MediaPlayerService::getOMX
03-08 10:42:44.869  4502  5064 I chatty  : uid=10084(com.twitter.android.lite) expire 2 lines
03-08 10:42:44.870  1436  5036 I OMXMaster: makeComponentInstance(OMX.google.h264.decoder) in mediacodec process
03-08 10:42:44.879  4502  5063 I chatty  : uid=10084(com.twitter.android.lite) expire 1 line
03-08 10:42:44.879  1436  1448 W OMXNodeInstance: [59c0026:google.h264.decoder] component does not support metadata mode; using fallback
03-08 10:42:44.879  1436  5036 D SoftVideoDecoderOMXComponent: Color Aspects preference: 1 
03-08 10:42:44.880  1436  2189 E OMXNodeInstance: getConfig(59c0026:google.h264.decoder, ??(0x7f000003)) ERROR: UnsupportedSetting(0x80001019)
03-08 10:42:44.882  1439  1920 I MediaPlayerService: MediaPlayerService::getOMX
03-08 10:42:44.882  4502  5068 I chatty  : uid=10084(com.twitter.android.lite) expire 2 lines
03-08 10:42:44.882  1436  2180 I OMXMaster: makeComponentInstance(OMX.google.h264.decoder) in mediacodec process
03-08 10:42:44.883  4502  5067 I chatty  : uid=10084(com.twitter.android.lite) expire 4 lines
03-08 10:42:44.883  1436  2190 W OMXNodeInstance: [59c0027:google.h264.decoder] component does not support metadata mode; using fallback
03-08 10:42:44.884  1436  2180 D SoftVideoDecoderOMXComponent: Color Aspects preference: 1 
03-08 10:42:44.884  1436  2189 E OMXNodeInstance: getConfig(59c0027:google.h264.decoder, ??(0x7f000003)) ERROR: UnsupportedSetting(0x80001019)
03-08 10:42:44.893  4502  4821 I chatty  : uid=10084(com.twitter.android.lite) RenderThread expire 231 lines
03-08 10:42:44.894  4502  4811 I chatty  : uid=10084(com.twitter.android.lite) Chrome_InProcGp expire 4 lines
03-08 10:42:44.894  4502  5061 I chatty  : uid=10084(com.twitter.android.lite) expire 2 lines
03-08 10:42:44.894  1439  1925 I MediaPlayerService: MediaPlayerService::getOMX
03-08 10:42:44.894  4502  5074 I chatty  : uid=10084(com.twitter.android.lite) expire 2 lines
03-08 10:42:44.895  1436  1930 I OMXMaster: makeComponentInstance(OMX.google.h264.decoder) in mediacodec process
03-08 10:42:44.895  4502  5073 I chatty  : uid=10084(com.twitter.android.lite) expire 4 lines
03-08 10:42:44.895  1436  5036 W OMXNodeInstance: [59c0028:google.h264.decoder] component does not support metadata mode; using fallback
03-08 10:42:44.895  1436  1930 D SoftVideoDecoderOMXComponent: Color Aspects preference: 1 
03-08 10:42:44.896  1436  2189 E OMXNodeInstance: getConfig(59c0028:google.h264.decoder, ??(0x7f000003)) ERROR: UnsupportedSetting(0x80001019)
03-08 10:42:44.900  1436  5065 D SoftVideoDecoderOMXComponent: Color Aspects preference: 1 
03-08 10:42:44.902  1436  5069 D SoftVideoDecoderOMXComponent: Color Aspects preference: 1 
03-08 10:42:44.907  1436  2190 E OMXNodeInstance: getConfig(59c0026:google.h264.decoder, ??(0x7f000003)) ERROR: UnsupportedSetting(0x80001019)
03-08 10:42:44.913  1436  5075 D SoftVideoDecoderOMXComponent: Color Aspects preference: 1 
03-08 10:42:44.917  1436  2190 E OMXNodeInstance: getConfig(59c0027:google.h264.decoder, ??(0x7f000003)) ERROR: UnsupportedSetting(0x80001019)
03-08 10:42:44.918  4502  5063 I chatty  : uid=10084(com.twitter.android.lite) expire 3 lines
03-08 10:42:44.919  1439  1439 I MediaPlayerService: MediaPlayerService::getOMX
03-08 10:42:44.919  4502  5100 I chatty  : uid=10084(com.twitter.android.lite) expire 2 lines
03-08 10:42:44.920  1436  1436 I OMXMaster: makeComponentInstance(OMX.google.h264.decoder) in mediacodec process
03-08 10:42:44.922  4502  5099 I chatty  : uid=10084(com.twitter.android.lite) expire 4 lines
03-08 10:42:44.922  1436  1436 E OMXNodeInstance: getConfig(59c0028:google.h264.decoder, ??(0x7f000003)) ERROR: UnsupportedSetting(0x80001019)
03-08 10:42:44.922  1436  2180 W OMXNodeInstance: [59c0029:google.h264.decoder] component does not support metadata mode; using fallback
03-08 10:42:44.926  1355  1401 D gralloc_ranchu: gralloc_alloc: Creating ashmem region of size 348160
03-08 10:42:44.929  1436  1436 D SoftVideoDecoderOMXComponent: Color Aspects preference: 1 
03-08 10:42:44.934  1436  1448 E OMXNodeInstance: getConfig(59c0029:google.h264.decoder, ??(0x7f000003)) ERROR: UnsupportedSetting(0x80001019)
03-08 10:42:44.977  1355  1401 D gralloc_ranchu: gralloc_alloc: Creating ashmem region of size 786432
03-08 10:42:45.024  1355  4753 D gralloc_ranchu: gralloc_alloc: Creating ashmem region of size 348160
03-08 10:42:45.067  1355  1371 D gralloc_ranchu: gralloc_alloc: Creating ashmem region of size 348160
03-08 10:42:45.077  1436  5103 D SoftVideoDecoderOMXComponent: Color Aspects preference: 1 
03-08 10:42:45.085  1436  1930 E OMXNodeInstance: getConfig(59c0029:google.h264.decoder, ??(0x7f000003)) ERROR: UnsupportedSetting(0x80001019)
03-08 10:42:45.124  1355  1372 D gralloc_ranchu: gralloc_alloc: Creating ashmem region of size 348160
03-08 10:42:45.165  1355  1401 D gralloc_ranchu: gralloc_alloc: Creating ashmem region of size 786432
03-08 10:42:45.247  1355  4753 D gralloc_ranchu: gralloc_alloc: Creating ashmem region of size 786432
03-08 10:42:45.292  1355  1371 D gralloc_ranchu: gralloc_alloc: Creating ashmem region of size 786432
03-08 10:42:45.385  1355  4753 D gralloc_ranchu: gralloc_alloc: Creating ashmem region of size 786432
03-08 10:42:45.597  1725  2509 I MediaFocusControl:  AudioFocus  requestAudioFocus() from uid/pid 10084/4502 clientId=android.media.AudioManager@94a218borg.chromium.content.browser.AudioFocusDelegate@74ad268 req=1 flags=0x0
03-08 10:42:47.768  2227  5350 I Vision  : Requesting optional module download of ocr.
03-08 10:42:47.768  2227  5350 I Vision  : Checking for download completion for 145631 -- ocr
03-08 10:42:47.793  4502  4821 I chatty  : uid=10084(com.twitter.android.lite) RenderThread expire 246 lines
03-08 10:42:49.308  4502  4811 I chatty  : uid=10084(com.twitter.android.lite) Chrome_InProcGp expire 2 lines
03-08 10:42:49.308  4502  5061 I chatty  : uid=10084(com.twitter.android.lite) expire 1 line
03-08 10:42:49.308  1439  1461 I MediaPlayerService: MediaPlayerService::getOMX
03-08 10:42:49.308  4502  5445 I chatty  : uid=10084(com.twitter.android.lite) expire 2 lines
03-08 10:42:49.309  1436  1448 I OMXMaster: makeComponentInstance(OMX.google.h264.decoder) in mediacodec process
03-08 10:42:49.309  4502  5444 I chatty  : uid=10084(com.twitter.android.lite) expire 4 lines
03-08 10:42:49.310  1436  2190 W OMXNodeInstance: [59c002a:google.h264.decoder] component does not support metadata mode; using fallback
03-08 10:42:49.310  1436  1448 D SoftVideoDecoderOMXComponent: Color Aspects preference: 1 
03-08 10:42:49.310  1436  1436 E OMXNodeInstance: getConfig(59c002a:google.h264.decoder, ??(0x7f000003)) ERROR: UnsupportedSetting(0x80001019)
03-08 10:42:49.328  1436  5446 D SoftVideoDecoderOMXComponent: Color Aspects preference: 1 
03-08 10:42:49.343  1436  1448 E OMXNodeInstance: getConfig(59c002a:google.h264.decoder, ??(0x7f000003)) ERROR: UnsupportedSetting(0x80001019)
03-08 10:42:49.357  1355  1401 D gralloc_ranchu: gralloc_alloc: Creating ashmem region of size 348160
03-08 10:42:49.404  1355  4753 D gralloc_ranchu: gralloc_alloc: Creating ashmem region of size 348160
03-08 10:42:50.342  4502  4821 I chatty  : uid=10084(com.twitter.android.lite) RenderThread expire 85 lines
03-08 10:42:51.357  1725  2057 I ActivityManager: START u0 {act=android.intent.action.VIEW dat=https://t.co/... flg=0x40000000 cmp=android/com.android.internal.app.ResolverActivity (has extras)} from uid 10084 on display 0
03-08 10:42:51.370  5610  5610 W art     : Unexpected CPU variant for X86 using defaults: x86_64
03-08 10:42:51.371  1725  2659 I ActivityManager: Start proc 5610:system:ui/1000 for activity android/com.android.internal.app.ResolverActivity
03-08 10:42:51.379  4502  5061 I chatty  : uid=10084(com.twitter.android.lite) expire 10 lines
03-08 10:42:51.440  1355  4753 D gralloc_ranchu: gralloc_alloc: Creating ashmem region of size 5046272
03-08 10:42:51.441  5610  5610 D         : HostConnection::get() New Host Connection established 0x7673c8e2fca0, tid 5610
03-08 10:42:51.455  1725  1756 I ActivityManager: Displayed android/com.android.internal.app.ResolverActivity: +95ms
03-08 10:42:51.455  1355  1372 D gralloc_ranchu: gralloc_alloc: Creating ashmem region of size 5046272
03-08 10:42:51.471  1355  1372 D gralloc_ranchu: gralloc_alloc: Creating ashmem region of size 5046272
03-08 10:42:54.438  1431  1451 W audio_hw_generic: Not supplying enough data to HAL, expected position 3147142 , only wrote 2689200
03-08 10:42:54.447  2024  3466 I OmtpVvmCarrierCfgHlpr: OmtpEvent:CONFIG_STATUS_SMS_TIME_OUT
03-08 10:42:54.447  2024  2024 I RetryPolicy: discarding deferred status: configuration_state=4
03-08 10:42:54.448  2024  2024 D VvmTaskScheduler: No more tasks, stopping service if no task are added in 5000 millis
03-08 10:42:54.448  2024  2024 D VvmTaskScheduler: create task:com.android.phone.vvm.omtp.ActivationTask
03-08 10:42:54.448  2024  2024 D RetryPolicy: retry #2 for com.android.phone.vvm.omtp.ActivationTask@af47b5a queued, executing in 5000
03-08 10:42:54.449  2024  2024 D VvmTaskScheduler: minimal wait time:4999
03-08 10:42:54.449  2024  2024 D VvmTaskScheduler: minimal wait time:4999
03-08 10:42:54.521  1431  1450 W audio_hw_generic: Not supplying enough data to HAL, expected position 2689398 , only wrote 2689200
03-08 10:42:55.169  1725  1953 I PackageManager: Setting last chosen activity com.android.chrome/com.google.android.apps.chrome.IntentDispatcher for user 0:
03-08 10:42:55.169  1725  1953 I PackageManager:   Action: "android.intent.action.VIEW"
03-08 10:42:55.169  1725  1953 I PackageManager:   Category: "android.intent.category.DEFAULT"
03-08 10:42:55.169  1725  1953 I PackageManager:   Scheme: "https"
03-08 10:42:55.169  1725  1953 I PackageManager:   AutoVerify=false
03-08 10:42:55.169  1725  1738 I ActivityManager: START u0 {act=android.intent.action.VIEW dat=https://t.co/... flg=0x43000000 cmp=com.android.chrome/com.google.android.apps.chrome.IntentDispatcher (has extras)} from uid 10084 on display 0
03-08 10:42:55.192  5689  5689 W art     : Unexpected CPU variant for X86 using defaults: x86
03-08 10:42:55.199  1725  2509 I ActivityManager: Start proc 5689:com.android.chrome/u0a37 for activity com.android.chrome/com.google.android.apps.chrome.IntentDispatcher
03-08 10:42:55.211  1355  4753 D gralloc_ranchu: gralloc_alloc: Creating ashmem region of size 1253376
03-08 10:42:55.212  1725  2509 D         : HostConnection::get() New Host Connection established 0x7673a7db6c60, tid 2509
03-08 10:42:55.274  5689  5689 W System  : ClassLoader referenced unknown path: /system/app/Chrome/lib/x86
03-08 10:42:55.337  1725  2659 I ActivityManager: START u0 {act=android.intent.action.VIEW dat=https://t.co/... flg=0x53800000 cmp=com.android.chrome/com.google.android.apps.chrome.IntentDispatcher (has extras)} from uid 10037 on display 0
03-08 10:42:55.380  1725  2496 I ActivityManager: START u0 {cmp=com.android.chrome/org.chromium.chrome.browser.firstrun.FirstRunActivity (has extras)} from uid 10037 on display 0
03-08 10:42:55.438  1355  1855 D gralloc_ranchu: gralloc_alloc: Creating ashmem region of size 3932160
03-08 10:42:55.475  5689  5708 W DynamiteModule: Local module descriptor class for com.google.android.gms.googlecertificates not found.
03-08 10:42:55.481  5689  5708 W System  : ClassLoader referenced unknown path: /system/priv-app/PrebuiltGmsCore/lib/x86
03-08 10:42:55.482  5689  5708 D ApplicationLoaders: ignored Vulkan layer search path /system/priv-app/PrebuiltGmsCore/lib/x86:/system/priv-app/PrebuiltGmsCore/PrebuiltGmsCore.apk!/lib/x86:/system/lib:/vendor/lib for namespace 0xf4ff8090
03-08 10:42:55.496  5689  5714 I cr_LibraryLoader: Time to load native libraries: 17 ms (timestamps 3341-3358)
03-08 10:42:55.496  5689  5714 I chromium: [INFO:library_loader_hooks.cc(36)] Chromium logging enabled: level = 0, default verbosity = 0
03-08 10:42:55.496  5689  5714 I cr_LibraryLoader: Expected native library version number "69.0.3497.100", actual native library version number "69.0.3497.100"
03-08 10:42:55.500  5689  5708 I DynamiteModule: Considering local module com.google.android.gms.googlecertificates:0 and remote module com.google.android.gms.googlecertificates:4
03-08 10:42:55.500  5689  5708 I DynamiteModule: Selected remote version of com.google.android.gms.googlecertificates, version >= 4
03-08 10:42:55.503  5689  5708 W System  : ClassLoader referenced unknown path: 
03-08 10:42:55.503  5689  5708 W System  : ClassLoader referenced unknown path: /system/priv-app/PrebuiltGmsCore/lib/x86
03-08 10:42:55.504  5689  5708 D ApplicationLoaders: ignored Vulkan layer search path /system/priv-app/PrebuiltGmsCore/lib/x86:/system/priv-app/PrebuiltGmsCore/PrebuiltGmsCore.apk!/lib/x86:/system/lib:/vendor/lib for namespace 0xf4ff80d0
03-08 10:42:55.506  5689  5708 W ChimeraDebugLogger: Singleton logger instance not set.
03-08 10:42:55.506  5689  5708 W System  : ClassLoader referenced unknown path: /data/user_de/0/com.google.android.gms/app_chimera/m/00000005/n/x86
03-08 10:42:55.523  1355  4753 E SurfaceFlinger: ro.sf.lcd_density must be defined as a build property
03-08 10:42:55.528  5689  5708 I cr_ui   : Using UI locale en, system locale: en (Android name: en)
03-08 10:42:55.528  5689  5708 I cr_ui   : Missing asset file: locales#lang_en/en-US.pak
03-08 10:42:55.528  5689  5708 I cr_ui   : Found asset file: locales/en-GB.pak
03-08 10:42:55.528  5689  5708 I cr_ui   : Using app bundle locale directory: locales
03-08 10:42:55.528  5689  5708 I cr_ui   : UI Language: en requires .pak files: [en-GB, en-US]
03-08 10:42:55.529  5689  5708 I cr_FileUtils: Writing to /data/user/0/com.android.chrome/app_chrome/paks/en-GB.pak@14d826f3
03-08 10:42:55.529  5689  5708 I cr_FileUtils: Writing to /data/user/0/com.android.chrome/app_chrome/paks/en-US.pak@14d826f3
03-08 10:42:55.556  5689  5715 D         : HostConnection::get() New Host Connection established 0xd7324740, tid 5715
03-08 10:42:55.557  5689  5715 I OpenGLRenderer: Initialized EGL, version 1.4
03-08 10:42:55.557  5689  5715 D OpenGLRenderer: Swap behavior 1
03-08 10:42:55.558  5689  5715 D EGL_emulation: eglCreateContext: 0xf4b85480: maj 3 min 0 rcv 3
03-08 10:42:55.562  5689  5715 D EGL_emulation: eglMakeCurrent: 0xf4b85480: ver 3 0 (tinfo 0xf4b837c0)
03-08 10:42:55.567  5689  5706 D NetworkSecurityConfig: Using Network Security Config from resource network_security_config debugBuild: false
03-08 10:42:55.585  5689  5715 D EGL_emulation: eglMakeCurrent: 0xf4b85480: ver 3 0 (tinfo 0xf4b837c0)
03-08 10:42:55.906  1725  1756 I ActivityManager: Displayed com.android.chrome/org.chromium.chrome.browser.firstrun.FirstRunActivity: +485ms (total +717ms)
03-08 10:42:55.907  5689  5689 I art     : Starting a blocking GC Explicit
03-08 10:42:55.913  5689  5689 I art     : Explicit concurrent mark sweep GC freed 20561(1564KB) AllocSpace objects, 6(140KB) LOS objects, 39% free, 3MB/6MB, paused 61us total 5.822ms
03-08 10:42:55.913  5689  5689 I art     : Starting a blocking GC Explicit
03-08 10:42:55.916  5689  5689 I art     : Explicit concurrent mark sweep GC freed 1407(98KB) AllocSpace objects, 0(0B) LOS objects, 39% free, 3MB/6MB, paused 47us total 3.364ms
03-08 10:42:56.026  5689  5706 I cr_VariationsSeedFetch: Fetched first run seed in 469 ms
03-08 10:42:56.028  5689  5723 W cr_ChildProcLH: Create a new ChildConnectionAllocator with package name = com.android.chrome, sandboxed = true
03-08 10:42:56.028  5689  5689 I cr_BrowserStartup: Initializing chromium process, singleProcess=false
03-08 10:42:56.060  5725  5725 W art     : Unexpected CPU variant for X86 using defaults: x86
03-08 10:42:56.067  1725  2494 I ActivityManager: Start proc 5725:com.android.chrome:sandboxed_process0/u0i0 for service com.android.chrome/org.chromium.content.app.SandboxedProcessService0
03-08 10:42:56.070  5725  5725 W System  : ClassLoader referenced unknown path: /system/app/Chrome/lib/x86
03-08 10:42:56.061  5725  5725 W dboxed_process0: type=1400 audit(0.0:40): avc: denied { getattr } for path="/data/data/com.android.chrome" dev="dm-0" ino=114866 scontext=u:r:isolated_app:s0:c512,c768 tcontext=u:object_r:app_data_file:s0:c512,c768 tclass=dir permissive=0
03-08 10:42:56.078  5725  5725 I cr_ChildProcessService: Creating new ChildProcessService pid=5725
03-08 10:42:56.121  5749  5749 W art     : Unexpected CPU variant for X86 using defaults: x86
03-08 10:42:56.129  1725  2494 I ActivityManager: Start proc 5749:com.android.chrome:privileged_process0/u0a37 for service com.android.chrome/org.chromium.content.app.PrivilegedProcessService0
03-08 10:42:56.131  5749  5749 W System  : ClassLoader referenced unknown path: /system/app/Chrome/lib/x86
03-08 10:42:56.135  5749  5749 I cr_ChildProcessService: Creating new ChildProcessService pid=5749
03-08 10:42:56.158  5749  5766 I cr_LibraryLoader: Time to load native libraries: 1 ms (timestamps 4020-4021)
03-08 10:42:56.158  5749  5766 I chromium: [INFO:library_loader_hooks.cc(36)] Chromium logging enabled: level = 0, default verbosity = 0
03-08 10:42:56.158  5749  5766 I cr_LibraryLoader: Expected native library version number "69.0.3497.100", actual native library version number "69.0.3497.100"
03-08 10:42:56.160  5749  5766 E libEGL  : validate_display:99 error 3008 (EGL_BAD_DISPLAY)
03-08 10:42:56.160  5749  5766 D         : HostConnection::get() New Host Connection established 0xe7a9d540, tid 5766
03-08 10:42:56.162  5689  5689 W cr_KnoxSettingsProvider: Permission to read device policy denied.
03-08 10:42:56.167  5749  5766 D EGL_emulation: eglCreateContext: 0xe6852d20: maj 3 min 0 rcv 3
03-08 10:42:56.167  5749  5766 D EGL_emulation: eglMakeCurrent: 0xe6852d20: ver 3 0 (tinfo 0xf0f70590)
03-08 10:42:56.181  5749  5766 I VideoCapabilities: Unsupported profile 4 for video/mp4v-es
03-08 10:42:56.181  5749  5766 W cr_MediaCodecUtil: HW encoder for video/avc is not available on this device.
03-08 10:42:56.205  5689  5689 I cr_SnippetsLauncher: Scheduling: 172800 172800
03-08 10:42:56.822  1931  2196 D EGL_emulation: eglMakeCurrent: 0x7673c90c23e0: ver 3 0 (tinfo 0x7673c908f020)
03-08 10:42:57.770  2227  5774 I Vision  : Requesting optional module download of ocr.
03-08 10:42:57.770  2227  5774 I Vision  : Checking for download completion for 155633 -- ocr
03-08 10:42:59.449  2024  3466 V VvmTaskScheduler: executing task com.android.phone.vvm.omtp.ActivationTask@af47b5a
03-08 10:42:59.455  2024  3466 I VvmActivationTask: VVM content provider configured - vvm_type_cvvm
03-08 10:42:59.455  2024  3466 I OmtpVvmCarrierCfgHlpr: OmtpEvent:CONFIG_ACTIVATING
03-08 10:42:59.459  2024  3466 V OmtpMessageSender: Sending BINARY sms 'Activate:dt=15' to 122:1808
03-08 10:42:59.462  2024  2024 D VvmStatusSmsFetcher: Request SMS successfully sent
03-08 10:43:00.005  1931  2196 D EGL_emulation: eglMakeCurrent: 0x7673c90c23e0: ver 3 0 (tinfo 0x7673c908f020)
03-08 10:43:00.011  1431  1451 W audio_hw_generic: Not supplying enough data to HAL, expected position 3214129 , only wrote 2952720
03-08 10:43:00.765  1431  1450 W audio_hw_generic: Not supplying enough data to HAL, expected position 2952914 , only wrote 2952720
03-08 10:43:00.807  2227  2239 I PeopleChimeraService: onService. callbacks = aabq@5a6b3fa, request = com.google.android.gms.common.internal.GetServiceRequest@5b44c08
03-08 10:43:00.807  2227  2874 I PeopleChimeraService: onService. callbacks = aabq@2cfdab, request = com.google.android.gms.common.internal.GetServiceRequest@31effa1
03-08 10:43:02.528  1725  1738 I ActivityManager: START u0 {act=android.intent.action.VIEW dat=https://t.co/... flg=0x53800000 cmp=com.android.chrome/com.google.android.apps.chrome.IntentDispatcher (has extras)} from uid 10037 on display 0
03-08 10:43:02.579  1725  2658 I ActivityManager: START u0 {act=android.intent.action.VIEW dat=customtab://0c34be2a-beb9-4036-9e02-f6c70fef7e22?https://t.co/Bq8SOvYMso flg=0x5b080000 cmp=com.android.chrome/org.chromium.chrome.browser.customtabs.SeparateTaskCustomTabActivity (has extras)} from uid 10037 on display 0
03-08 10:43:02.621  1355  1401 D gralloc_ranchu: gralloc_alloc: Creating ashmem region of size 3932160
03-08 10:43:02.655  1355  1401 D gralloc_ranchu: gralloc_alloc: Creating ashmem region of size 1253376
03-08 10:43:02.655  1725  2496 D         : HostConnection::get() New Host Connection established 0x7673ac840620, tid 2496
03-08 10:43:02.707  5689  5706 I cr_tabmodel: Starting to fetch tab list for tab_state11
03-08 10:43:02.707  5689  5706 I cr_tabmodel: State file does not exist.
03-08 10:43:02.748  5689  5715 D EGL_emulation: eglMakeCurrent: 0xf4b85480: ver 3 0 (tinfo 0xf4b837c0)
03-08 10:43:02.748  5689  5715 D OpenGLRenderer: endAllActiveAnimators on 0xd737f580 (RippleDrawable) with handle 0xf4b83aa0
03-08 10:43:02.749  5689  5715 D OpenGLRenderer: endAllActiveAnimators on 0xc8afa980 (RippleDrawable) with handle 0xc75dc9c0
03-08 10:43:02.767  5689  5715 D EGL_emulation: eglMakeCurrent: 0xf4b85480: ver 3 0 (tinfo 0xf4b837c0)
03-08 10:43:02.807  1725  1756 I ActivityManager: Displayed com.android.chrome/org.chromium.chrome.browser.customtabs.SeparateTaskCustomTabActivity: +161ms (total +268ms)
03-08 10:43:02.818  5689  5689 I cr_ContextualSearch: Tap suppression enabled: false
03-08 10:43:02.818  5689  5689 I cr_ContextualSearch: Consructing ContextualSearchRankerLoggerImpl, enabled: true
03-08 10:43:02.821  5749  5766 D EGL_emulation: eglCreateContext: 0xe68533e0: maj 3 min 0 rcv 3
03-08 10:43:02.821  5749  5766 D EGL_emulation: eglMakeCurrent: 0xe68533e0: ver 3 0 (tinfo 0xf0f70590)
03-08 10:43:02.834  5725  5739 I cr_LibraryLoader: Time to load native libraries: 0 ms (timestamps 696-696)
03-08 10:43:02.834  5725  5739 I chromium: [INFO:library_loader_hooks.cc(36)] Chromium logging enabled: level = 0, default verbosity = 0
03-08 10:43:02.834  5725  5739 I cr_LibraryLoader: Expected native library version number "69.0.3497.100", actual native library version number "69.0.3497.100"
03-08 10:43:02.838  5689  5747 E BluetoothAdapter: Bluetooth binder is null
03-08 10:43:02.903  2227  2666 W System  : ClassLoader referenced unknown path: /system/priv-app/PrebuiltGmsCore/lib/x86_64
03-08 10:43:02.903  2227  2666 W System  : ClassLoader referenced unknown path: /system/priv-app/PrebuiltGmsCore/lib/x86_64
03-08 10:43:03.016  5749  5766 D EGL_emulation: eglCreateContext: 0xe68537a0: maj 3 min 0 rcv 3
03-08 10:43:03.020  5749  5766 D EGL_emulation: eglMakeCurrent: 0xe68537a0: ver 3 0 (tinfo 0xf0f70590)
03-08 10:43:03.030  5749  5766 D EGL_emulation: eglMakeCurrent: 0xe68533e0: ver 3 0 (tinfo 0xf0f70590)
03-08 10:43:03.031  5749  5766 D EGL_emulation: eglCreateContext: 0xe6853a40: maj 3 min 0 rcv 3
03-08 10:43:03.031  5749  5766 D EGL_emulation: eglMakeCurrent: 0xe6853a40: ver 3 0 (tinfo 0xf0f70590)
03-08 10:43:03.036  5749  5766 D EGL_emulation: eglMakeCurrent: 0xe68537a0: ver 3 0 (tinfo 0xf0f70590)
03-08 10:43:03.037  5749  5766 D EGL_emulation: eglMakeCurrent: 0xe6853a40: ver 3 0 (tinfo 0xf0f70590)
03-08 10:43:03.041  5749  5766 D EGL_emulation: eglMakeCurrent: 0xe68533e0: ver 3 0 (tinfo 0xf0f70590)
03-08 10:43:03.503  5689  5689 V NFC     : this device does not have NFC support
03-08 10:43:03.561  5689  5689 E cr_InstantAppsHandlerI: Exception when calling getInstantAppLaunchData
03-08 10:43:03.561  5689  5689 E cr_InstantAppsHandlerI: Ds: 19500: Not an instant app
03-08 10:43:03.561  5689  5689 E cr_InstantAppsHandlerI: 	at Gw.a(PG:3)
03-08 10:43:03.561  5689  5689 E cr_InstantAppsHandlerI: 	at Go.a(PG:7)
03-08 10:43:03.561  5689  5689 E cr_InstantAppsHandlerI: 	at com.google.android.gms.common.api.internal.BasePendingResult.c(PG:136)
03-08 10:43:03.561  5689  5689 E cr_InstantAppsHandlerI: 	at com.google.android.gms.common.api.internal.BasePendingResult.a(PG:97)
03-08 10:43:03.561  5689  5689 E cr_InstantAppsHandlerI: 	at KV.a(PG:2)
03-08 10:43:03.561  5689  5689 E cr_InstantAppsHandlerI: 	at KQ.onTransact(PG:32)
03-08 10:43:03.561  5689  5689 E cr_InstantAppsHandlerI: 	at android.os.Binder.execTransact(Binder.java:565)
03-08 10:43:03.562  5689  5689 W acm     : copyMemory is missing from platform - proto runtime falling back to safer methods.
03-08 10:43:03.567  5689  5723 I cr_BindingManager: Moderate binding enabled: maxSize=40
03-08 10:43:03.579  5803  5803 W dex2oat : Unexpected CPU variant for X86 using defaults: x86
03-08 10:43:03.579  5803  5803 W dex2oat : Mismatch between dex2oat instruction set features (ISA: X86 Feature string: smp,-ssse3,-sse4.1,-sse4.2,-avx,-avx2,-lock_add,-popcnt) and those of dex2oat executable (ISA: X86 Feature string: smp,ssse3,sse4.1,sse4.2,-avx,-avx2,-lock_add,popcnt) for the command line:
03-08 10:43:03.579  5803  5803 W dex2oat : /system/bin/dex2oat --runtime-arg -classpath --runtime-arg & --instruction-set=x86 --instruction-set-features=smp,ssse3,sse4.1,sse4.2,-avx,-avx2,-lock_add,popcnt --runtime-arg -Xrelocate --boot-image=/system/framework/boot.art --runtime-arg -Xms64m --runtime-arg -Xmx512m --instruction-set-variant=x86 --instruction-set-features=default --dex-file=/data/user/0/com.android.chrome/app_dex/webapk5.dex --oat-fd=160 --oat-location=/data/user/0/com.android.chrome/app_dex/oat/x86/webapk5.dex --compiler-filter=speed
03-08 10:43:03.579  5803  5803 I dex2oat : /system/bin/dex2oat --dex-file=/data/user/0/com.android.chrome/app_dex/webapk5.dex --oat-fd=160 --oat-location=/data/user/0/com.android.chrome/app_dex/oat/x86/webapk5.dex --compiler-filter=speed
03-08 10:43:03.612  2227  2664 I Icing   : IndexChimeraService.getServiceInterface callingPackage=com.google.android.gms componentName=null serviceId=36
03-08 10:43:03.612  2227  2666 I Icing   : IndexChimeraService.getServiceInterface callingPackage=com.android.chrome componentName=null serviceId=36
03-08 10:43:03.620  2227  4467 W Icing   : No valid account for uploading user actions
03-08 10:43:03.630  2227  2666 I Icing   : IndexChimeraService.getServiceInterface callingPackage=com.google.android.gms componentName=null serviceId=30
03-08 10:43:03.646  2227  4467 I Icing   : Usage reports ok 3, Failed Usage reports 0, indexed 0, rejected 0
03-08 10:43:03.646  2227  4467 I Icing   : updateResources: need to parse acek{com.android.chrome}
03-08 10:43:03.656  2227  4467 W Icing   : No valid account for uploading user actions
03-08 10:43:03.660  2227  2666 I Icing   : IndexChimeraService.getServiceInterface callingPackage=com.android.chrome componentName=null serviceId=36
03-08 10:43:03.668  2227  4467 I Icing   : Usage reports ok 0, Failed Usage reports 0, indexed 0, rejected 0
03-08 10:43:03.669  2227  4467 W Icing   : No valid account for uploading user actions
03-08 10:43:03.671  2227  4467 I Icing   : Usage reports ok 0, Failed Usage reports 0, indexed 0, rejected 0
03-08 10:43:03.671  2227  4467 I Icing   : Indexing com.android.chrome-omnibox from com.android.chrome
03-08 10:43:03.682  2227  4467 W Icing   : No valid account for uploading user actions
03-08 10:43:03.683  2227  4467 I Icing   : Usage reports ok 0, Failed Usage reports 0, indexed 0, rejected 0
03-08 10:43:03.684  2227  4467 I Icing   : Removing corpus key com.android.chrome-omnibox for package com.android.chrome
03-08 10:43:03.700  5803  5803 I dex2oat : dex2oat took 121.055ms (threads: 4) arena alloc=405KB (415472B) java alloc=107KB (110120B) native alloc=796KB (815336B) free=2MB (2330392B)
03-08 10:43:03.701  2227  4467 I native  : flash-index.cc:1509 Flash index sort hb 200 prefix-hits 442 -> 434 at 14.133ms
03-08 10:43:03.720  2227  4467 I Icing   : Indexing done com.android.chrome-omnibox
03-08 10:43:03.720  2227  4467 E Icing   : Aborting indexing of corpus omnibox
03-08 10:43:03.720  2227  4467 I Icing   : Indexing com.android.chrome-omnibox from com.android.chrome
03-08 10:43:03.727  2227  4467 I Icing   : Indexing done com.android.chrome-omnibox
03-08 10:43:05.038  5749  5766 D EGL_emulation: eglMakeCurrent: 0xe68537a0: ver 3 0 (tinfo 0xf0f70590)
03-08 10:43:05.565  5749  5766 D EGL_emulation: eglMakeCurrent: 0xe68533e0: ver 3 0 (tinfo 0xf0f70590)
03-08 10:43:05.587  5689  5689 I chromium: [INFO:CONSOLE(1)] "
03-08 10:43:05.587  5689  5689 I chromium:    ___ ___  ___         ___  ___ ___ 
03-08 10:43:05.587  5689  5689 I chromium:   / __| _ \/ __|  ___  | _ \/ __/ __|
03-08 10:43:05.587  5689  5689 I chromium:  | (__|  _| (__  |___| |  _| (_| (__ 
03-08 10:43:05.587  5689  5689 I chromium:   \___|_|  \___|       |_|  \___\___|
03-08 10:43:05.587  5689  5689 I chromium: ==================================
03-08 10:43:05.587  5689  5689 I chromium: Make a donation today! http://cpcp.cc/_qP5fL
03-08 10:43:05.587  5689  5689 I chromium: Faites un don aujourd'hui! http://cpcp.cc/ibWoPK
03-08 10:43:05.587  5689  5689 I chromium: ==================================", source: https://cpc-assets.conservative.ca/wp-content/plugins/cpc_console/console.js (1)
03-08 10:43:05.715  1431  1451 W audio_hw_generic: Not supplying enough data to HAL, expected position 3425787 , only wrote 3190320
03-08 10:43:05.801  5689  5689 I chromium: [INFO:CONSOLE(2)] "Uncaught TypeError: Cannot read property 'children' of null", source: https://www.conservative.ca/cpc/make-it-open-and-independent/ (2)
03-08 10:43:05.935  5749  5766 D EGL_emulation: eglMakeCurrent: 0xe6853a40: ver 3 0 (tinfo 0xf0f70590)
03-08 10:43:05.935  5749  5766 D EGL_emulation: eglMakeCurrent: 0xe68537a0: ver 3 0 (tinfo 0xf0f70590)
03-08 10:43:06.100  5749  5766 D EGL_emulation: eglMakeCurrent: 0xe68533e0: ver 3 0 (tinfo 0xf0f70590)
03-08 10:43:06.155  5749  5766 D EGL_emulation: eglMakeCurrent: 0xe6853a40: ver 3 0 (tinfo 0xf0f70590)
03-08 10:43:06.156  5749  5766 D EGL_emulation: eglMakeCurrent: 0xe68533e0: ver 3 0 (tinfo 0xf0f70590)
03-08 10:43:06.172  5749  5766 D EGL_emulation: eglMakeCurrent: 0xe6853a40: ver 3 0 (tinfo 0xf0f70590)
03-08 10:43:06.175  5749  5766 D EGL_emulation: eglMakeCurrent: 0xe68537a0: ver 3 0 (tinfo 0xf0f70590)
03-08 10:43:06.280  5749  5766 D EGL_emulation: eglMakeCurrent: 0xe68533e0: ver 3 0 (tinfo 0xf0f70590)
03-08 10:43:07.256  5749  5766 D EGL_emulation: eglMakeCurrent: 0xe6853a40: ver 3 0 (tinfo 0xf0f70590)
03-08 10:43:07.256  5749  5766 D EGL_emulation: eglMakeCurrent: 0xe68537a0: ver 3 0 (tinfo 0xf0f70590)
03-08 10:43:07.257  5749  5766 D EGL_emulation: eglMakeCurrent: 0xe68533e0: ver 3 0 (tinfo 0xf0f70590)
03-08 10:43:07.562  1431  1450 W audio_hw_generic: Not supplying enough data to HAL, expected position 3190514 , only wrote 3190320
03-08 10:43:07.578  1355  1401 D gralloc_ranchu: gralloc_alloc: Creating ashmem region of size 1253376
03-08 10:43:07.579  1725  1738 D         : HostConnection::get() New Host Connection established 0x7673b36bd8c0, tid 1738
03-08 10:43:07.598  1725  2057 I MediaFocusControl:  AudioFocus  requestAudioFocus() from uid/pid 10084/4502 clientId=android.media.AudioManager@94a218borg.chromium.content.browser.AudioFocusDelegate@74ad268 req=1 flags=0x0
03-08 10:43:07.608  4502  4821 I chatty  : uid=10084(com.twitter.android.lite) RenderThread expire 149 lines
03-08 10:43:07.609  4502  4578 I chatty  : uid=10084(com.twitter.android.lite) AudioThread expire 2 lines
03-08 10:43:07.609  1431  1431 W AudioFlinger: createTrack_l(): mismatch between requested flags (00000008) and output flags (00000006)
03-08 10:43:07.693  4502  4811 I chatty  : uid=10084(com.twitter.android.lite) Chrome_InProcGp expire 2 lines
03-08 10:43:07.697  4502  5816 I chatty  : uid=10084(com.twitter.android.lite) expire 1 line
03-08 10:43:07.705  1439  1439 I MediaPlayerService: MediaPlayerService::getOMX
03-08 10:43:07.705  4502  5819 I chatty  : uid=10084(com.twitter.android.lite) expire 2 lines
03-08 10:43:07.706  1436  2180 I OMXMaster: makeComponentInstance(OMX.google.h264.decoder) in mediacodec process
03-08 10:43:07.719  4502  5818 I chatty  : uid=10084(com.twitter.android.lite) expire 4 lines
03-08 10:43:07.720  1436  1930 W OMXNodeInstance: [59c002b:google.h264.decoder] component does not support metadata mode; using fallback
03-08 10:43:07.720  1436  2180 D SoftVideoDecoderOMXComponent: Color Aspects preference: 1 
03-08 10:43:07.720  1436  2189 E OMXNodeInstance: getConfig(59c002b:google.h264.decoder, ??(0x7f000003)) ERROR: UnsupportedSetting(0x80001019)
03-08 10:43:07.775  2227  5774 I Vision  : Requesting optional module download of ocr.
03-08 10:43:07.775  2227  5774 I Vision  : Checking for download completion for 165638 -- ocr
03-08 10:43:07.779  1436  5820 D SoftVideoDecoderOMXComponent: Color Aspects preference: 1 
03-08 10:43:07.781  1436  1448 E OMXNodeInstance: getConfig(59c002b:google.h264.decoder, ??(0x7f000003)) ERROR: UnsupportedSetting(0x80001019)
03-08 10:43:07.803  1355  1372 D gralloc_ranchu: gralloc_alloc: Creating ashmem region of size 786432
03-08 10:43:07.859  5749  5766 D EGL_emulation: eglMakeCurrent: 0xe6853a40: ver 3 0 (tinfo 0xf0f70590)
03-08 10:43:07.862  5749  5766 D EGL_emulation: eglMakeCurrent: 0xe68537a0: ver 3 0 (tinfo 0xf0f70590)
03-08 10:43:07.862  1355  1372 D gralloc_ranchu: gralloc_alloc: Creating ashmem region of size 786432
03-08 10:43:07.946  5749  5766 D EGL_emulation: eglMakeCurrent: 0xe68533e0: ver 3 0 (tinfo 0xf0f70590)
03-08 10:43:07.964  5689  5715 D EGL_emulation: eglMakeCurrent: 0xf4b85480: ver 3 0 (tinfo 0xf4b837c0)
03-08 10:43:07.965  5689  5715 D OpenGLRenderer: endAllActiveAnimators on 0xc8f27480 (RippleDrawable) with handle 0xc61dc2c0
03-08 10:43:08.067  5870  5870 W art     : Unexpected CPU variant for X86 using defaults: x86
03-08 10:43:08.073  1725  2509 I ActivityManager: Start proc 5870:com.android.chrome:sandboxed_process1/u0i1 for service com.android.chrome/org.chromium.content.app.SandboxedProcessService1
03-08 10:43:08.080  5870  5870 W System  : ClassLoader referenced unknown path: /system/app/Chrome/lib/x86
03-08 10:43:08.071  5870  5870 W dboxed_process1: type=1400 audit(0.0:41): avc: denied { getattr } for path="/data/data/com.android.chrome" dev="dm-0" ino=114866 scontext=u:r:isolated_app:s0:c512,c768 tcontext=u:object_r:app_data_file:s0:c512,c768 tclass=dir permissive=0
03-08 10:43:08.086  5870  5870 I cr_ChildProcessService: Creating new ChildProcessService pid=5870
03-08 10:43:08.103  5870  5886 I cr_LibraryLoader: Time to load native libraries: 2 ms (timestamps 5964-5966)
03-08 10:43:08.104  5870  5886 I chromium: [INFO:library_loader_hooks.cc(36)] Chromium logging enabled: level = 0, default verbosity = 0
03-08 10:43:08.104  5870  5886 I cr_LibraryLoader: Expected native library version number "69.0.3497.100", actual native library version number "69.0.3497.100"
03-08 10:43:08.129  5749  5766 D EGL_emulation: eglCreateContext: 0xe6853f20: maj 3 min 0 rcv 3
03-08 10:43:08.129  5749  5766 D EGL_emulation: eglMakeCurrent: 0xe6853f20: ver 3 0 (tinfo 0xf0f70590)
03-08 10:43:08.136  5749  5766 D EGL_emulation: eglCreateContext: 0xe6853440: maj 3 min 0 rcv 3
03-08 10:43:08.136  5749  5766 D EGL_emulation: eglMakeCurrent: 0xe6853440: ver 3 0 (tinfo 0xf0f70590)
03-08 10:43:08.150  5749  5766 D EGL_emulation: eglMakeCurrent: 0xe6853f20: ver 3 0 (tinfo 0xf0f70590)
03-08 10:43:08.153  5749  5766 D EGL_emulation: eglMakeCurrent: 0xe6853440: ver 3 0 (tinfo 0xf0f70590)
03-08 10:43:08.215  5689  5703 I cr_omaha: Request to Server Successful. Timestamp for next request:1678246988215
03-08 10:43:08.342  5689  5723 I cr_BindingManager: onTrimMemory: level=20, size=0
03-08 10:43:08.368  1725  2668 I MediaFocusControl:  AudioFocus  abandonAudioFocus() from uid/pid 10037/5689 clientId=android.media.AudioManager@b186c43org.chromium.content.browser.AudioFocusDelegate@934b2c0
03-08 10:43:08.368  5689  5689 W cr_ContextualSearch: Warning, the UNDEFINED state was aborted.
03-08 10:43:08.371  1355  1355 W SurfaceFlinger: couldn't log to binary event log: overflow.
03-08 10:43:08.371  1355  1355 W SurfaceFlinger: couldn't log to binary event log: overflow.
03-08 10:43:08.408  1725  2667 I ActivityManager: Process com.android.chrome:sandboxed_process0 (pid 5725) has died
03-08 10:43:08.408  1725  2667 D ActivityManager: cleanUpApplicationRecord -- 5725
03-08 10:43:08.408  1725  2667 W ActivityManager: Scheduling restart of crashed service com.android.chrome/org.chromium.content.app.SandboxedProcessService0 in 1000ms
03-08 10:43:08.409  5749  5766 D EGL_emulation: eglMakeCurrent: 0xe6853a40: ver 3 0 (tinfo 0xf0f70590)
03-08 10:43:08.409  1725  1749 E KernelCpuSpeedReader: Failed to read cpu-freq: /sys/devices/system/cpu/cpu0/cpufreq/stats/time_in_state (No such file or directory)
03-08 10:43:08.409  1725  1749 E KernelUidCpuTimeReader: Failed to read uid_cputime: /proc/uid_cputime/show_uid_stat (No such file or directory)
03-08 10:43:08.409  5689  5723 W cr_ChildProcessConn: onServiceDisconnected (crash or killed by oom): pid=5725
03-08 10:43:08.410  5749  5766 D EGL_emulation: eglMakeCurrent: 0xe68537a0: ver 3 0 (tinfo 0xf0f70590)
03-08 10:43:08.418  1725  1749 E KernelUidCpuTimeReader: failed to remove uid from uid_cputime module
03-08 10:43:08.418  1725  1749 E KernelUidCpuTimeReader: java.io.FileNotFoundException: /proc/uid_cputime/remove_uid_range (No such file or directory)
03-08 10:43:08.418  1725  1749 E KernelUidCpuTimeReader: 	at java.io.FileOutputStream.open(Native Method)
03-08 10:43:08.418  1725  1749 E KernelUidCpuTimeReader: 	at java.io.FileOutputStream.<init>(FileOutputStream.java:221)
03-08 10:43:08.418  1725  1749 E KernelUidCpuTimeReader: 	at java.io.FileOutputStream.<init>(FileOutputStream.java:108)
03-08 10:43:08.418  1725  1749 E KernelUidCpuTimeReader: 	at java.io.FileWriter.<init>(FileWriter.java:63)
03-08 10:43:08.418  1725  1749 E KernelUidCpuTimeReader: 	at com.android.internal.os.KernelUidCpuTimeReader.removeUid(KernelUidCpuTimeReader.java:158)
03-08 10:43:08.418  1725  1749 E KernelUidCpuTimeReader: 	at com.android.internal.os.BatteryStatsImpl.removeIsolatedUidLocked(BatteryStatsImpl.java:3143)
03-08 10:43:08.418  1725  1749 E KernelUidCpuTimeReader: 	at com.android.server.am.BatteryStatsService$BatteryStatsHandler.handleMessage(BatteryStatsService.java:141)
03-08 10:43:08.418  1725  1749 E KernelUidCpuTimeReader: 	at android.os.Handler.dispatchMessage(Handler.java:102)
03-08 10:43:08.418  1725  1749 E KernelUidCpuTimeReader: 	at android.os.Looper.loop(Looper.java:154)
03-08 10:43:08.418  1725  1749 E KernelUidCpuTimeReader: 	at android.os.HandlerThread.run(HandlerThread.java:61)
03-08 10:43:08.418  1725  1749 E KernelUidCpuTimeReader: 	at com.android.server.ServiceThread.run(ServiceThread.java:46)
03-08 10:43:08.980  5689  5703 I cr_omaha: Request to Server Successful. Timestamp for next request:1678246988980
03-08 10:43:08.980  5689  5703 I cr_omaha: Attempting to schedule next job for: Wed Mar 08 15:43:07 GMT+08:00 2023
03-08 10:43:08.982  5689  5689 I cr_omaha: Scheduled using JobService
03-08 10:43:08.982  5689  5689 E cr_BkgrdTaskJS: Tried finishing non-current BackgroundTask.
03-08 10:43:09.161  5749  5766 D EGL_emulation: eglMakeCurrent: 0xe6853f20: ver 3 0 (tinfo 0xf0f70590)
03-08 10:43:09.426  4502  4821 I chatty  : uid=10084(com.twitter.android.lite) RenderThread expire 252 lines
03-08 10:43:10.988  4502  4502 I chatty  : uid=10084(com.twitter.android.lite) expire 1 line
03-08 10:43:11.943  1725  1737 I MediaFocusControl:  AudioFocus  abandonAudioFocus() from uid/pid 10084/4502 clientId=android.media.AudioManager@94a218borg.chromium.content.browser.AudioFocusDelegate@74ad268
03-08 10:43:11.945  4502  5816 I chatty  : uid=10084(com.twitter.android.lite) expire 2 lines
03-08 10:43:12.066  4502  4502 I chatty  : uid=10084(com.twitter.android.lite) expire 6 lines
03-08 10:43:12.125  4502  4821 I chatty  : uid=10084(com.twitter.android.lite) RenderThread expire 238 lines
03-08 10:43:12.257  4502  4811 I chatty  : uid=10084(com.twitter.android.lite) Chrome_InProcGp expire 2 lines
03-08 10:43:12.257  4502  6137 I chatty  : uid=10084(com.twitter.android.lite) expire 3 lines
03-08 10:43:12.257  1439  1439 I MediaPlayerService: MediaPlayerService::getOMX
03-08 10:43:12.258  4502  6140 I chatty  : uid=10084(com.twitter.android.lite) expire 2 lines
03-08 10:43:12.258  1436  2190 I OMXMaster: makeComponentInstance(OMX.google.h264.decoder) in mediacodec process
03-08 10:43:12.265  4502  6139 I chatty  : uid=10084(com.twitter.android.lite) expire 4 lines
03-08 10:43:12.265  1436  1930 W OMXNodeInstance: [59c002c:google.h264.decoder] component does not support metadata mode; using fallback
03-08 10:43:12.265  1436  2180 D SoftVideoDecoderOMXComponent: Color Aspects preference: 1 
03-08 10:43:12.265  1436  2190 E OMXNodeInstance: getConfig(59c002c:google.h264.decoder, ??(0x7f000003)) ERROR: UnsupportedSetting(0x80001019)
03-08 10:43:12.282  1436  6141 D SoftVideoDecoderOMXComponent: Color Aspects preference: 1 
03-08 10:43:12.292  1436  1930 E OMXNodeInstance: getConfig(59c002c:google.h264.decoder, ??(0x7f000003)) ERROR: UnsupportedSetting(0x80001019)
03-08 10:43:12.298  1355  1855 D gralloc_ranchu: gralloc_alloc: Creating ashmem region of size 786432
03-08 10:43:12.339  1355  1372 D gralloc_ranchu: gralloc_alloc: Creating ashmem region of size 786432
03-08 10:43:13.699  1725  1739 W ResourceType: No known package when getting value for resource number 0x7f080295
03-08 10:43:13.699  1725  1739 W ResourceType: No known package when getting value for resource number 0x7f120387
03-08 10:43:13.699  1725  1739 W ResourceType: No known package when getting value for resource number 0x7f080294
03-08 10:43:13.699  1725  1739 W ResourceType: No known package when getting value for resource number 0x7f1200ec
03-08 10:43:13.699  1725  1739 W ResourceType: No known package when getting value for resource number 0x7f120386
03-08 10:43:13.699  1725  1739 W ResourceType: No known package when getting value for resource number 0x7f120266
03-08 10:43:13.699  1725  1778 I InputReader: Reconfiguring input devices.  changes=0x00000010
03-08 10:43:13.699  1725  1739 E ShortcutService: Ignoring excessive intent tag.
03-08 10:43:13.703  2024  2024 D CarrierSvcBindHelper: No carrier app for: 0
03-08 10:43:15.459  4502  4821 I chatty  : uid=10084(com.twitter.android.lite) RenderThread expire 230 lines
03-08 10:43:16.127  1431  1451 W audio_hw_generic: Not supplying enough data to HAL, expected position 4010446 , only wrote 3601440
03-08 10:43:17.128  4502  4811 I chatty  : uid=10084(com.twitter.android.lite) Chrome_InProcGp expire 4 lines
03-08 10:43:17.128  4502  6190 I chatty  : uid=10084(com.twitter.android.lite) expire 6 lines
03-08 10:43:17.129  1439  1439 I MediaPlayerService: MediaPlayerService::getOMX
03-08 10:43:17.129  4502  6193 I chatty  : uid=10084(com.twitter.android.lite) expire 2 lines
03-08 10:43:17.129  1436  5036 I OMXMaster: makeComponentInstance(OMX.google.h264.decoder) in mediacodec process
03-08 10:43:17.137  4502  6192 I chatty  : uid=10084(com.twitter.android.lite) expire 4 lines
03-08 10:43:17.137  1436  2180 W OMXNodeInstance: [59c002d:google.h264.decoder] component does not support metadata mode; using fallback
03-08 10:43:17.138  1436  2190 D SoftVideoDecoderOMXComponent: Color Aspects preference: 1 
03-08 10:43:17.138  1436  2189 E OMXNodeInstance: getConfig(59c002d:google.h264.decoder, ??(0x7f000003)) ERROR: UnsupportedSetting(0x80001019)
03-08 10:43:17.164  1436  6194 D SoftVideoDecoderOMXComponent: Color Aspects preference: 1 
03-08 10:43:17.166  1436  1448 E OMXNodeInstance: getConfig(59c002d:google.h264.decoder, ??(0x7f000003)) ERROR: UnsupportedSetting(0x80001019)
03-08 10:43:17.185  1355  1372 D gralloc_ranchu: gralloc_alloc: Creating ashmem region of size 786432
03-08 10:43:17.232  1355  1371 D gralloc_ranchu: gralloc_alloc: Creating ashmem region of size 786432
03-08 10:43:17.275  1439  1461 I MediaPlayerService: MediaPlayerService::getOMX
03-08 10:43:17.275  4502  6225 I chatty  : uid=10084(com.twitter.android.lite) expire 2 lines
03-08 10:43:17.275  1436  1930 I OMXMaster: makeComponentInstance(OMX.google.h264.decoder) in mediacodec process
03-08 10:43:17.276  4502  6224 I chatty  : uid=10084(com.twitter.android.lite) expire 4 lines
03-08 10:43:17.276  1436  2189 W OMXNodeInstance: [59c002e:google.h264.decoder] component does not support metadata mode; using fallback
03-08 10:43:17.278  1436  2190 D SoftVideoDecoderOMXComponent: Color Aspects preference: 1 
03-08 10:43:17.279  1436  5036 E OMXNodeInstance: getConfig(59c002e:google.h264.decoder, ??(0x7f000003)) ERROR: UnsupportedSetting(0x80001019)
03-08 10:43:17.300  1436  6226 D SoftVideoDecoderOMXComponent: Color Aspects preference: 1 
03-08 10:43:17.302  1436  2180 E OMXNodeInstance: getConfig(59c002e:google.h264.decoder, ??(0x7f000003)) ERROR: UnsupportedSetting(0x80001019)
03-08 10:43:17.307  1355  1372 D gralloc_ranchu: gralloc_alloc: Creating ashmem region of size 348160
03-08 10:43:17.357  1355  1372 D gralloc_ranchu: gralloc_alloc: Creating ashmem region of size 348160
03-08 10:43:17.778  2227  6257 I Vision  : Requesting optional module download of ocr.
03-08 10:43:17.778  2227  6257 I Vision  : Checking for download completion for 175641 -- ocr
03-08 10:43:18.802  4502  5814 I chatty  : uid=10084(com.twitter.android.lite) expire 1 line
03-08 10:43:18.821  4502  4502 I chatty  : uid=10084(com.twitter.android.lite) expire 6 lines
03-08 10:43:18.943  4502  4821 I chatty  : uid=10084(com.twitter.android.lite) RenderThread expire 499 lines
03-08 10:43:19.507  2227  4468 I CastDatabase: Saving the database
03-08 10:43:19.509  2227  4468 I SQLiteCastStore: [CastNetworkInfo] saved: 0, skipped: 0, [CastDeviceInfo]: saved 0, skipped 0, [Paired Guest Mode DeviceInfo] saved: 0, skipped: 0. [ProbedNetworks]: saved 0, skipped: 0, [ProbedSocketAddress]: saved 0, skipped: 0, [Network-Device pairs]: saved: 0
03-08 10:43:21.878  1431  1451 W audio_hw_generic: Not supplying enough data to HAL, expected position 4055860 , only wrote 3829680
03-08 10:43:24.819  1725  2496 I ActivityManager: Killing 4555:com.android.chrome:webview_service/u0a37 (adj 906): empty #17
03-08 10:43:24.819  1725  2496 I ActivityManager: Killing 3449:com.android.gallery3d/u0a46 (adj 906): empty #18
03-08 10:43:24.819  1725  2496 I ActivityManager: Killing 4203:com.google.android.talk:matchstick/u0a52 (adj 906): empty #19
03-08 10:43:24.819  1725  2496 I ActivityManager: Killing 3549:com.google.android.apps.photos/u0a65 (adj 906): empty #20
03-08 10:43:24.878  1725  2494 D ActivityManager: cleanUpApplicationRecord -- 4555
03-08 10:43:24.878  1725  1953 D ActivityManager: cleanUpApplicationRecord -- 3449
03-08 10:43:24.878  1725  2496 D ActivityManager: cleanUpApplicationRecord -- 3549
03-08 10:43:24.887  1725  1738 D ActivityManager: cleanUpApplicationRecord -- 4203
03-08 10:43:27.781  2227  6292 I Vision  : Requesting optional module download of ocr.
03-08 10:43:27.782  2227  6292 I Vision  : Exceeded maximum feature download tries for ocr
03-08 10:43:27.782  2227  6292 W Vision  : Request of optional module download of ocr failed.
03-08 10:43:27.782  2227  6292 I Vision  : Checking for download completion for 185645 -- ocr
03-08 10:43:32.351  4502  4502 I chatty  : uid=10084(com.twitter.android.lite) expire 7 lines
03-08 10:43:33.959  4502  4821 I chatty  : uid=10084(com.twitter.android.lite) RenderThread expire 495 lines
03-08 10:43:34.818  1725  1737 I ActivityManager: Killing 2577:android.process.media/u0a10 (adj 906): empty #17
