02-26 14:05:27.203  5077  5199 D eglCodecCommon: setVertexArrayObject: set vao to 4 (4) 0 0
02-26 14:05:27.225  5077  5205 D eglCodecCommon: setVertexArrayObject: set vao to 0 (0) 4 11
02-26 14:05:27.225  5077  5199 D eglCodecCommon: setVertexArrayObject: set vao to 2 (2) 0 0
02-26 14:05:27.227  5077  5199 D eglCodecCommon: setVertexArrayObject: set vao to 5 (5) 0 0
02-26 14:05:27.227  5077  5199 D eglCodecCommon: setVertexArrayObject: set vao to 2 (2) 0 0
02-26 14:05:27.228  5077  5205 D eglCodecCommon: setVertexArrayObject: set vao to 1 (1) 4 8
02-26 14:05:27.233  5077  5199 D eglCodecCommon: setVertexArrayObject: set vao to 4 (4) 0 0
02-26 14:05:27.258  5077  5205 D eglCodecCommon: setVertexArrayObject: set vao to 0 (0) 4 11
02-26 14:05:27.260  5077  5199 D eglCodecCommon: setVertexArrayObject: set vao to 2 (2) 0 0
02-26 14:05:27.260  5077  5199 D eglCodecCommon: setVertexArrayObject: set vao to 5 (5) 0 0
02-26 14:05:27.260  5077  5199 D eglCodecCommon: setVertexArrayObject: set vao to 2 (2) 0 0
02-26 14:05:27.261  5077  5205 D eglCodecCommon: setVertexArrayObject: set vao to 1 (1) 4 8
02-26 14:05:27.266  5077  5199 D eglCodecCommon: setVertexArrayObject: set vao to 4 (4) 0 0
02-26 14:05:27.279  5077  5205 D eglCodecCommon: setVertexArrayObject: set vao to 0 (0) 4 11
02-26 14:05:27.282  5077  5205 D eglCodecCommon: setVertexArrayObject: set vao to 1 (1) 4 8
02-26 14:05:27.292  5077  5199 D eglCodecCommon: setVertexArrayObject: set vao to 2 (2) 0 0
02-26 14:05:27.292  5077  5205 D eglCodecCommon: setVertexArrayObject: set vao to 0 (0) 4 11
02-26 14:05:27.294  5077  5205 D eglCodecCommon: setVertexArrayObject: set vao to 1 (1) 4 8
02-26 14:05:27.294  5077  5199 D eglCodecCommon: setVertexArrayObject: set vao to 5 (5) 0 0
02-26 14:05:27.295  5077  5199 D eglCodecCommon: setVertexArrayObject: set vao to 2 (2) 0 0
02-26 14:05:27.307  5077  5199 D eglCodecCommon: setVertexArrayObject: set vao to 4 (4) 0 0
02-26 14:05:27.326  5077  5205 D eglCodecCommon: setVertexArrayObject: set vao to 0 (0) 4 11
02-26 14:05:27.326  5077  5199 D eglCodecCommon: setVertexArrayObject: set vao to 2 (2) 0 0
02-26 14:05:27.327  5077  5199 D eglCodecCommon: setVertexArrayObject: set vao to 5 (5) 0 0
02-26 14:05:27.327  5077  5199 D eglCodecCommon: setVertexArrayObject: set vao to 2 (2) 0 0
02-26 14:05:27.329  5077  5205 D eglCodecCommon: setVertexArrayObject: set vao to 1 (1) 4 8
02-26 14:05:27.337  5077  5199 D eglCodecCommon: setVertexArrayObject: set vao to 4 (4) 0 0
02-26 14:05:27.359  5077  5205 D eglCodecCommon: setVertexArrayObject: set vao to 0 (0) 4 11
02-26 14:05:27.361  5077  5199 D eglCodecCommon: setVertexArrayObject: set vao to 2 (2) 0 0
02-26 14:05:27.362  5077  5199 D eglCodecCommon: setVertexArrayObject: set vao to 5 (5) 0 0
02-26 14:05:27.362  5077  5199 D eglCodecCommon: setVertexArrayObject: set vao to 2 (2) 0 0
02-26 14:05:27.362  5077  5205 D eglCodecCommon: setVertexArrayObject: set vao to 1 (1) 4 8
02-26 14:05:27.368  5077  5199 D eglCodecCommon: setVertexArrayObject: set vao to 4 (4) 0 0
02-26 14:05:27.380  5077  5205 D eglCodecCommon: setVertexArrayObject: set vao to 0 (0) 4 11
02-26 14:05:27.381  5077  5205 D eglCodecCommon: setVertexArrayObject: set vao to 1 (1) 4 8
02-26 14:05:27.396  5077  5199 D eglCodecCommon: setVertexArrayObject: set vao to 2 (2) 0 0
02-26 14:05:27.396  5077  5205 D eglCodecCommon: setVertexArrayObject: set vao to 0 (0) 4 11
02-26 14:05:27.397  5077  5199 D eglCodecCommon: setVertexArrayObject: set vao to 5 (5) 0 0
02-26 14:05:27.397  5077  5199 D eglCodecCommon: setVertexArrayObject: set vao to 2 (2) 0 0
02-26 14:05:27.399  5077  5205 D eglCodecCommon: setVertexArrayObject: set vao to 1 (1) 4 8
--------- beginning of system
02-26 14:05:27.416  1891  1906 I ActivityManager: Force stopping com.twitter.android.lite appid=10090 user=-1: deletePackageX
02-26 14:05:27.416  1891  1906 I ActivityManager: Killing 5077:com.twitter.android.lite/u0a90 (adj 0): stop com.twitter.android.lite
02-26 14:05:27.417  1891  1909 W libprocessgroup: kill(-5077, 9) failed: No such process
02-26 14:05:27.417  1891  1906 W ActivityManager: Force removing ActivityRecord{75a9845 u0 com.twitter.android.lite/.TwitterLiteActivity t9}: app died, no saved state
02-26 14:05:27.417  5157  5157 I cr_ChildProcessService: Destroying ChildProcessService pid=5157
02-26 14:05:27.441  2072  2072 I Zygote  : Process 5157 exited cleanly (0)
02-26 14:05:27.441  1742  1985 W SurfaceFlinger: Attempting to destroy on removed layer: AppWindowToken{d480ccb token=Token{6560b9a ActivityRecord{75a9845 u0 com.twitter.android.lite/.TwitterLiteActivity t9}}}#0
02-26 14:05:27.442  1891  1906 W ActivityManager: Crash of app com.twitter.android.lite running instrumentation ComponentInfo{com.twitter.android.lite/tool.acv.AcvInstrumentation}
02-26 14:05:27.442  1891  1906 I ActivityManager: Force stopping com.twitter.android.lite appid=-1 user=0: finished inst
02-26 14:05:27.442  1891  1906 I ActivityManager: Killing 5157:com.android.chrome:sandboxed_process0/u0a90i0 (adj 0): isolated not needed
02-26 14:05:27.450  1891  1910 W KernelCpuProcReader: File not exist: /proc/uid_cpupower/concurrent_active_time
02-26 14:05:27.451  1891  1910 W KernelCpuProcReader: File not exist: /proc/uid_cpupower/concurrent_policy_time
02-26 14:05:27.463  1891  1909 W libprocessgroup: kill(-5077, 9) failed: No such process
02-26 14:05:27.471  1758  1804 E OMXNodeInstance: !!! Observer died. Quickly, do something, ... anything...
02-26 14:05:27.473  1891  3398 D ConnectivityService: ConnectivityService NetworkRequestInfo binderDied(NetworkRequest [ LISTEN id=26, [ Capabilities: INTERNET&NOT_RESTRICTED&TRUSTED&FOREGROUND Unwanted:  Uid: 10090] ], android.os.BinderProxy@3b8433a)
02-26 14:05:27.473  1891  3965 D ConnectivityService: ConnectivityService NetworkRequestInfo binderDied(NetworkRequest [ LISTEN id=25, [ Capabilities: INTERNET&NOT_RESTRICTED&TRUSTED&FOREGROUND Unwanted:  Uid: 10090] ], android.os.BinderProxy@2cc7beb)
02-26 14:05:27.473  1891  1914 W ActivityManager: setHasOverlayUi called on unknown pid: 5077
02-26 14:05:27.473  1743  1743 I Zygote  : Process 5077 exited due to signal (9)
02-26 14:05:27.500  1891  1909 W libprocessgroup: kill(-5077, 9) failed: No such process
02-26 14:05:27.500  1891  1909 I libprocessgroup: Successfully killed process cgroup uid 10090 pid 5077 in 82ms
02-26 14:05:27.500  1891  1909 W libprocessgroup: Failed to open process cgroup uid 99000 pid 5157: No such file or directory
02-26 14:05:27.500  1891  1909 E libprocessgroup: Error encountered killing process cgroup uid 99000 pid 5157: No such file or directory
02-26 14:05:27.514  1749  1749 I keystore: clear_uid 10090
02-26 14:05:27.515  1891  1932 D PackageManager: Instant App installer not found with android.intent.action.INSTALL_INSTANT_APP_PACKAGE
02-26 14:05:27.515  1891  1932 D PackageManager: Clear ephemeral installer activity
02-26 14:05:27.516  1640  1685 D gralloc_ranchu: gralloc_alloc: Creating ashmem region of size 3936256
02-26 14:05:27.516  1640  2914 D gralloc_ranchu: gralloc_alloc: Creating ashmem region of size 3936256
02-26 14:05:27.517  1640  1685 D gralloc_ranchu: gralloc_alloc: Creating ashmem region of size 3936256
02-26 14:05:27.527  2635  2893 D EGL_emulation: eglMakeCurrent: 0xe2a86020: ver 3 0 (tinfo 0xe2a83da0)
02-26 14:05:27.533  1742  1742 D SurfaceFlinger: duplicate layer name: changing com.google.android.apps.nexuslauncher/com.google.android.apps.nexuslauncher.NexusLauncherActivity to com.google.android.apps.nexuslauncher/com.google.android.apps.nexuslauncher.NexusLauncherActivity#1
02-26 14:05:27.534  1640  1685 D gralloc_ranchu: gralloc_alloc: Creating ashmem region of size 3936256
02-26 14:05:27.534  1640  2914 D gralloc_ranchu: gralloc_alloc: Creating ashmem region of size 3936256
02-26 14:05:27.534  1640  1685 D gralloc_ranchu: gralloc_alloc: Creating ashmem region of size 3936256
02-26 14:05:27.541  2019  2019 I GoogleInputMethod: onFinishInput() : Dummy InputConnection bound
02-26 14:05:27.541  2019  2019 I GoogleInputMethod: onStartInput() : Dummy InputConnection bound
02-26 14:05:27.546  2635  2635 W SessionLifecycleManager: Handover failed. Creating new session controller.
02-26 14:05:27.548  2612  2707 D EGL_emulation: eglMakeCurrent: 0x7099f9866760: ver 3 0 (tinfo 0x7099f980d8a0)
02-26 14:05:27.548  1891  1932 I system_server: Explicit concurrent copying GC freed 36153(1816KB) AllocSpace objects, 8(304KB) LOS objects, 39% free, 9MB/15MB, paused 35us total 33.591ms
02-26 14:05:27.551  2635  2635 W ThreadPoolDumper: Queue length for executor Lightweight is now 11. Perhaps some tasks are too long, or the pool is too small.
02-26 14:05:27.559  1891  1932 I ActivityManager: Force stopping com.twitter.android.lite appid=10090 user=0: pkg removed
02-26 14:05:27.568  2041  2278 D EGL_emulation: eglMakeCurrent: 0x7099e5c88f80: ver 3 0 (tinfo 0x7099ffc7ffe0)
02-26 14:05:27.569  1891  1906 W BroadcastQueue: Background execution not allowed: receiving Intent { act=android.intent.action.PACKAGE_REMOVED dat=package:com.twitter.android.lite flg=0x4000010 (has extras) } to com.android.musicfx/.Compatibility$Receiver
02-26 14:05:27.569  1891  1906 W BroadcastQueue: Background execution not allowed: receiving Intent { act=android.intent.action.PACKAGE_REMOVED dat=package:com.twitter.android.lite flg=0x4000010 (has extras) } to com.google.android.gms/.games.chimera.GamesSystemBroadcastReceiverProxy
02-26 14:05:27.569  1891  1906 W BroadcastQueue: Background execution not allowed: receiving Intent { act=android.intent.action.PACKAGE_REMOVED dat=package:com.twitter.android.lite flg=0x4000010 (has extras) } to com.google.android.gms/.chimera.GmsIntentOperationService$PersistentTrustedReceiver
02-26 14:05:27.569  1891  1906 W BroadcastQueue: Background execution not allowed: receiving Intent { act=android.intent.action.PACKAGE_REMOVED dat=package:com.twitter.android.lite flg=0x4000010 (has extras) } to com.google.android.googlequicksearchbox/com.google.android.apps.gsa.googlequicksearchbox.GelStubAppWatcher
02-26 14:05:27.571  2344  2344 I GeofencerStateMachine: removeGeofences: removeRequest=RemoveGeofencingRequest[REMOVE_ALL packageName=com.twitter.android.lite]
02-26 14:05:27.574  2166  2166 D CarrierSvcBindHelper: No carrier app for: 0
02-26 14:05:27.584  2041  2278 D EGL_emulation: eglMakeCurrent: 0x7099e5c88f80: ver 3 0 (tinfo 0x7099ffc7ffe0)
02-26 14:05:27.587  3296  3296 E CarrierServices: [2] btx.a: Invalid signature found for com.android.contacts: E39B7BFBE0A67D78292F6CC62E06CA27A2EBF255
02-26 14:05:27.589  2488  2504 I gle.android.gm: Waiting for a blocking GC ProfileSaver
02-26 14:05:27.589  2344 12918 I Fitness : FitCleanupIntentOperation received Intent android.intent.action.PACKAGE_REMOVED [CONTEXT service_id=17 ]
02-26 14:05:27.592  1891  1891 D ZenLog  : config: removeAutomaticZenRules,ZenModeConfig[user=0,allowAlarms=true,allowMedia=true,allowSystem=false,allowReminders=false,allowEvents=false,allowCalls=true,allowRepeatCallers=true,allowMessages=false,allowCallsFrom=stars,allowMessagesFrom=contacts,suppressedVisualEffects=511,areChannelsBypassingDnd=false,automaticRules={EVENTS_DEFAULT_RULE=ZenRule[enabled=false,snoozing=false,name=Event,zenMode=ZEN_MODE_IMPORTANT_INTERRUPTIONS,conditionId=condition://android/event?userId=-10000&calendar=&reply=1,condition=Condition[id=condition://android/event?userId=-10000&calendar=&reply=1,summary=...,line1=...,line2=...,icon=0,state=STATE_FALSE,flags=2],component=ComponentInfo{android/com.android.server.notification.EventConditionProvider},id=EVENTS_DEFAULT_RULE,creationTime=1677034830390,enabler=null], EVERY_NIGHT_DEFAULT_RULE=ZenRule[enabled=false,snoozing=false,name=Sleeping,zenMode=ZEN_MODE_IMPORTANT_INTERRUPTIONS,conditionId=condition://android/schedule?days=1.2.3.4.5.6.7&start=22.0&end=7.0&exitAtAlarm=true,condition=Condition[id=condition://android/schedule?days=1.2.3.4.5.6.7&start=22.0&end=7.0&exitAtAlarm=true,summary=...,line1=...,line2=...,icon=0,state=STATE_FALSE,flags=2],component=ComponentInfo{android/com.android.server.notification.ScheduleConditionProvider},id=EVERY_NIGHT_DEFAULT_RULE,creationTime=1677034830390,enabler=null]},manualRule=null],Diff[]
02-26 14:05:27.592  1891  1891 I ConditionProviders: Disallowing condition provider com.twitter.android.lite
02-26 14:05:27.595  1891  1978 I InputReader: Reconfiguring input devices.  changes=0x00000010
02-26 14:05:27.595  2041  2278 D EGL_emulation: eglMakeCurrent: 0x7099e5c88f80: ver 3 0 (tinfo 0x7099ffc7ffe0)
02-26 14:05:27.598  3296  3296 E CarrierServices: [2] btx.a: Invalid signature found for com.android.contacts: E39B7BFBE0A67D78292F6CC62E06CA27A2EBF255
02-26 14:05:27.601  2635  4862 W LocationOracle: No location history returned by ContextManager
02-26 14:05:27.602  2041  2278 D EGL_emulation: eglMakeCurrent: 0x7099e5c88f80: ver 3 0 (tinfo 0x7099ffc7ffe0)
02-26 14:05:27.604  1891  1993 D WifiConfigManager: Remove all networks for app ApplicationInfo{edc523 com.twitter.android.lite}
02-26 14:05:27.606  1891  1891 D ZenLog  : set_zen_mode: off,removeAutomaticZenRules
02-26 14:05:27.610  4750 12913 I ProvidersCache: Provider returned no roots. Possibly naughty: com.google.android.apps.docs.storage
02-26 14:05:27.611  2041  2278 D EGL_emulation: eglMakeCurrent: 0x7099e5c88f80: ver 3 0 (tinfo 0x7099ffc7ffe0)
02-26 14:05:27.617  2041  2278 D EGL_emulation: eglMakeCurrent: 0x7099e5c88f80: ver 3 0 (tinfo 0x7099ffc7ffe0)
02-26 14:05:27.625  2488  5050 I ContentMaintenance: Internal cache bytes used: 0; limit: 100000000; download size: 0
02-26 14:05:27.625  1891  2547 I GnssLocationProvider: WakeLock acquired by sendMessage(SET_REQUEST, 0, com.android.server.location.GnssLocationProvider$GpsRequest@4b95526)
02-26 14:05:27.637  2041  2278 D EGL_emulation: eglMakeCurrent: 0x7099e5c88f80: ver 3 0 (tinfo 0x7099ffc7ffe0)
02-26 14:05:27.641  2488  5050 I RealtimeCacheCleanup: Beginning Realtime garbage collection.
02-26 14:05:27.642  1891  1907 D AutofillUI: destroySaveUiUiThread(): already destroyed
02-26 14:05:27.642  1891  1905 D AutofillManagerServiceImpl: Set component for user 0 as AutofillServiceInfo[ServiceInfo{c2343bd com.google.android.gms.autofill.service.AutofillService}, settings:com.google.android.gms.autofill.ui.AutofillSettingsActivity, hasCompatPckgs:false]
02-26 14:05:27.644  2488 12948 I Icing   : doRemovePackageData com.twitter.android.lite
02-26 14:05:27.645  1891  1960 I GnssLocationProvider: WakeLock acquired by sendMessage(REPORT_SV_STATUS, 0, com.android.server.location.GnssLocationProvider$SvStatusInfo@fc55eb9)
02-26 14:05:27.645  1891  1960 I GnssLocationProvider: WakeLock acquired by sendMessage(REPORT_LOCATION, 1, Location[gps 37.421998,-122.084000 hAcc=20 et=?!? alt=5.0 vel=0.0 bear=0.0 vAcc=??? sAcc=??? bAcc=???])
02-26 14:05:27.647  2635  2635 I MicroDetectionWorker: #startMicroDetector [speakerMode: 0]
02-26 14:05:27.647  2635  2635 I AudioController: Using mInputStreamFactoryBuilder
02-26 14:05:27.647  2635  2635 I AudioController: Created new AudioSource
02-26 14:05:27.647  2635  2635 I MicroDetectionWorker: onReady
02-26 14:05:27.653  2041  2278 D EGL_emulation: eglMakeCurrent: 0x7099e5c88f80: ver 3 0 (tinfo 0x7099ffc7ffe0)
02-26 14:05:27.656  2488  2504 I gle.android.gm: WaitForGcToComplete blocked ProfileSaver on HeapTrim for 67.679ms
02-26 14:05:27.657  2041  2278 D EGL_emulation: eglMakeCurrent: 0x7099e5c88f80: ver 3 0 (tinfo 0x7099ffc7ffe0)
02-26 14:05:27.658  2344  2468 W ctxmgr  : [AclManager] No 3 for (accnt=account#-517948760#, com.google.android.gms(10031):UserVelocityProducer, vrsn=202414023, 0, 3pPkg = null ,  3pMdlId = null ,  pid = 2344). Was: 3 for 1, account#-517948760# [CONTEXT service_id=47 ]
02-26 14:05:27.662  2488  5050 I RealtimeCacheCleanup: Finished Realtime garbage collection.
02-26 14:05:27.663  1891  1905 I GnssLocationProvider: WakeLock released by handleMessage(SET_REQUEST, 0, com.android.server.location.GnssLocationProvider$GpsRequest@4b95526)
02-26 14:05:27.663  1891  1905 I GnssLocationProvider: WakeLock released by handleMessage(REPORT_SV_STATUS, 0, com.android.server.location.GnssLocationProvider$SvStatusInfo@fc55eb9)
02-26 14:05:27.663  1891  1960 I GnssLocationProvider: WakeLock acquired by sendMessage(REPORT_SV_STATUS, 0, com.android.server.location.GnssLocationProvider$SvStatusInfo@f74fcac)
02-26 14:05:27.663  1891  1905 I GnssLocationProvider: WakeLock released by handleMessage(REPORT_LOCATION, 1, Location[gps 37.421998,-122.084000 hAcc=20 et=+32m51s713ms alt=5.0 vel=0.0 bear=0.0 vAcc=??? sAcc=??? bAcc=??? {Bundle[{satellites=0, maxCn0=0, meanCn0=0}]}])
02-26 14:05:27.667  1891  1905 I GnssLocationProvider: WakeLock released by handleMessage(REPORT_SV_STATUS, 0, com.android.server.location.GnssLocationProvider$SvStatusInfo@f74fcac)
02-26 14:05:27.670  2635  4857 I MicroRecognitionRunner: Starting detection.
02-26 14:05:27.670  2635  2801 I MicrophoneInputStream: mic_starting  SR : 16000 CC : 16 SO : 6
02-26 14:05:27.672  1648  2561 E         : Request requires android.permission.RECORD_AUDIO
02-26 14:05:27.672  1648  2561 E AudioPolicyIntefaceImpl: getInputForAttr permission denied: recording not allowed for uid 10025 pid 2635
02-26 14:05:27.672  1648  2561 E AudioFlinger: createRecord() checkRecordThread_l failed
02-26 14:05:27.672  2635  2801 E IAudioFlinger: createRecord returned error -22
02-26 14:05:27.672  2635  2801 E AudioRecord: AudioFlinger could not create record track, status: -22
02-26 14:05:27.672  2635  2801 E AudioRecord-JNI: Error creating AudioRecord instance: initialization check failed with status -22.
02-26 14:05:27.672  2635  2801 E android.media.AudioRecord: Error code -20 when initializing native AudioRecord object.
02-26 14:05:27.672  2635  2801 I MicrophoneInputStream: mic_started  SR : 16000 CC : 16 SO : 6
02-26 14:05:27.673  2635  2801 E ActivityThread: Failed to find provider info for com.google.android.apps.gsa.testing.ui.audio.recorded
02-26 14:05:27.673  2635  2635 I MicroDetectionWorker: onReady
02-26 14:05:27.676  2635  4857 W SpeechLevelGenerator: Really low audio levels detected. The audio input may have issues.
02-26 14:05:27.677  2635  2801 I MicrophoneInputStream: mic_close  SR : 16000 CC : 16 SO : 6
02-26 14:05:27.677  2635  4857 I MicroRecognitionRunner: Detection finished
02-26 14:05:27.677  2635  4857 W ErrorReporter: reportError [type: 211, code: 524300]: Error reading from input stream
02-26 14:05:27.677  2635  3006 I MicroRecognitionRunner: Stopping hotword detection.
02-26 14:05:27.678  2635  4857 W ErrorProcessor: onFatalError, processing error from engine(4)
02-26 14:05:27.678  2635  4857 W ErrorProcessor: com.google.android.apps.gsa.shared.speech.b.g: Error reading from input stream
02-26 14:05:27.678  2635  4857 W ErrorProcessor: 	at com.google.android.apps.gsa.staticplugins.microdetection.d.k.a(SourceFile:91)
02-26 14:05:27.678  2635  4857 W ErrorProcessor: 	at com.google.android.apps.gsa.staticplugins.microdetection.d.l.run(Unknown Source:14)
02-26 14:05:27.678  2635  4857 W ErrorProcessor: 	at com.google.android.libraries.gsa.runner.a.a.b(SourceFile:32)
02-26 14:05:27.678  2635  4857 W ErrorProcessor: 	at com.google.android.libraries.gsa.runner.a.c.call(Unknown Source:4)
02-26 14:05:27.678  2635  4857 W ErrorProcessor: 	at java.util.concurrent.FutureTask.run(FutureTask.java:266)
02-26 14:05:27.678  2635  4857 W ErrorProcessor: 	at java.util.concurrent.Executors$RunnableAdapter.call(Executors.java:458)
02-26 14:05:27.678  2635  4857 W ErrorProcessor: 	at java.util.concurrent.FutureTask.run(FutureTask.java:266)
02-26 14:05:27.678  2635  4857 W ErrorProcessor: 	at com.google.android.apps.gsa.shared.util.concurrent.b.g.run(Unknown Source:4)
02-26 14:05:27.678  2635  4857 W ErrorProcessor: 	at com.google.android.apps.gsa.shared.util.concurrent.b.aw.run(SourceFile:4)
02-26 14:05:27.678  2635  4857 W ErrorProcessor: 	at com.google.android.apps.gsa.shared.util.concurrent.b.aw.run(SourceFile:4)
02-26 14:05:27.678  2635  4857 W ErrorProcessor: 	at java.util.concurrent.ThreadPoolExecutor.runWorker(ThreadPoolExecutor.java:1167)
02-26 14:05:27.678  2635  4857 W ErrorProcessor: 	at java.util.concurrent.ThreadPoolExecutor$Worker.run(ThreadPoolExecutor.java:641)
02-26 14:05:27.678  2635  4857 W ErrorProcessor: 	at java.lang.Thread.run(Thread.java:764)
02-26 14:05:27.678  2635  4857 W ErrorProcessor: 	at com.google.android.apps.gsa.shared.util.concurrent.b.i.run(SourceFile:6)
02-26 14:05:27.678  2635  4857 W ErrorProcessor: Caused by: com.google.android.apps.gsa.shared.exception.GsaIOException: Error code: 393238 | Buffer overflow, no available space.
02-26 14:05:27.678  2635  4857 W ErrorProcessor: 	at com.google.android.apps.gsa.speech.audio.Tee.j(SourceFile:103)
02-26 14:05:27.678  2635  4857 W ErrorProcessor: 	at com.google.android.apps.gsa.speech.audio.au.read(SourceFile:2)
02-26 14:05:27.678  2635  4857 W ErrorProcessor: 	at java.io.InputStream.read(InputStream.java:101)
02-26 14:05:27.678  2635  4857 W ErrorProcessor: 	at com.google.android.apps.gsa.speech.audio.ao.run(SourceFile:17)
02-26 14:05:27.678  2635  4857 W ErrorProcessor: 	at com.google.android.apps.gsa.speech.audio.an.run(SourceFile:2)
02-26 14:05:27.678  2635  4857 W ErrorProcessor: 	at java.util.concurrent.Executors$RunnableAdapter.call(Executors.java:458)
02-26 14:05:27.678  2635  4857 W ErrorProcessor: 	... 10 more
02-26 14:05:27.678  2635  4857 I AudioController: internalShutdown
02-26 14:05:27.678  2041  2278 D EGL_emulation: eglMakeCurrent: 0x7099e5c88f80: ver 3 0 (tinfo 0x7099ffc7ffe0)
02-26 14:05:27.685  2041  2278 I chatty  : uid=10032(com.android.systemui) RenderThread identical 1 line
02-26 14:05:27.687  2041  2278 D EGL_emulation: eglMakeCurrent: 0x7099e5c88f80: ver 3 0 (tinfo 0x7099ffc7ffe0)
02-26 14:05:27.690  2635  2635 I MicroDetector: Keeping mic open: false
02-26 14:05:27.690  2635  2635 I MicroDetectionWorker: #onError(false)
02-26 14:05:27.691  2635  4860 I DeviceStateChecker: DeviceStateChecker cancelled
02-26 14:05:27.691  1891  1932 I PackageManager.DexOptimizer: Running dexopt (dexoptNeeded=1) on: /data/app/com.twitter.android.lite-I1etPmjNswKCqQUreDF_vQ==/base.apk pkg=com.twitter.android.lite isa=x86_64 dexoptFlags=boot_complete,profile_guided,public,enable_hidden_api_checks targetFilter=speed-profile oatDir=/data/app/com.twitter.android.lite-I1etPmjNswKCqQUreDF_vQ==/oat classLoaderContext=PCL[]
02-26 14:05:27.691  1748  1981 V installed: DexInv: --- BEGIN '/data/app/com.twitter.android.lite-I1etPmjNswKCqQUreDF_vQ==/base.apk' ---
02-26 14:05:27.694  2344  3067 I Places  : Converted 0 out of 1 WiFi scans
02-26 14:05:27.697  2344  4921 I LogUtils: [Places]: ?: Couldn't find platform key file. [CONTEXT service_id=253 ]
02-26 14:05:27.698  2344  4912 I LogUtils: [Places]: ?: Couldn't find platform key file. [CONTEXT service_id=253 ]
02-26 14:05:27.702  2344 12952 I LogUtils: [Places]: ?: Couldn't find platform key file. [CONTEXT service_id=253 ]
02-26 14:05:27.704  2041  2278 D EGL_emulation: eglMakeCurrent: 0x7099e5c88f80: ver 3 0 (tinfo 0x7099ffc7ffe0)
02-26 14:05:27.706 12951 12951 W dex2oat : Unexpected CPU variant for X86 using defaults: x86_64
02-26 14:05:27.706  2041  2278 D EGL_emulation: eglMakeCurrent: 0x7099e5c88f80: ver 3 0 (tinfo 0x7099ffc7ffe0)
02-26 14:05:27.706 12951 12951 I dex2oat : /system/bin/dex2oat --input-vdex-fd=-1 --output-vdex-fd=10 --compiler-filter=speed-profile --classpath-dir=/data/app/com.twitter.android.lite-I1etPmjNswKCqQUreDF_vQ== --class-loader-context=PCL[] --generate-mini-debug-info --compact-dex-level=none --compilation-reason=install
02-26 14:05:27.707 12951 12951 W dex2oat : Could not reserve sentinel fault page
02-26 14:05:27.718  2344 12954 I PlacesLogger: [PlaceInferenceEngine]: No beacon scan available - ignoring candidates. [CONTEXT service_id=253 ]
02-26 14:05:27.719  2344  4912 I LogUtils: [Places]: ?: Couldn't find platform key file. [CONTEXT service_id=253 ]
02-26 14:05:27.720  2041  2278 D EGL_emulation: eglMakeCurrent: 0x7099e5c88f80: ver 3 0 (tinfo 0x7099ffc7ffe0)
02-26 14:05:27.725  2041  2278 D EGL_emulation: eglMakeCurrent: 0x7099e5c88f80: ver 3 0 (tinfo 0x7099ffc7ffe0)
02-26 14:05:27.740  1891  1960 I GnssLocationProvider: WakeLock acquired by sendMessage(REPORT_SV_STATUS, 0, com.android.server.location.GnssLocationProvider$SvStatusInfo@a44ad99)
02-26 14:05:27.740  1891  1905 I GnssLocationProvider: WakeLock released by handleMessage(REPORT_SV_STATUS, 0, com.android.server.location.GnssLocationProvider$SvStatusInfo@a44ad99)
02-26 14:05:27.741  2344 12953 I LogUtils: [Places]: ?: Couldn't find platform key file. [CONTEXT service_id=253 ]
02-26 14:05:27.742  2344 12955 I LogUtils: [Places]: ?: Couldn't find platform key file. [CONTEXT service_id=253 ]
02-26 14:05:27.745  2488  2494 I gle.android.gm: Compiler allocated 5MB to compile void agyg.c(com.google.android.gms.measurement.internal.EventParcel, com.google.android.gms.measurement.internal.AppMetadata)
02-26 14:05:27.755  2344  3067 I LogUtils: [Places]: ?: PlacesBleScanner start() with priority 2 [CONTEXT service_id=253 ]
02-26 14:05:27.755  2344  3067 I PlacesLogger: [PlaceInferenceEngine]: [anon] Changed inference mode: 1 [CONTEXT service_id=253 ]
02-26 14:05:27.755  2344  3067 I PlacesLogger: [PlaceInferenceEngine]: [account#-29786098] Changed inference mode: 1 [CONTEXT service_id=253 ]
02-26 14:05:27.757  2344  2344 E BeaconBle: Missing BluetoothAdapter [CONTEXT service_id=111 ]
02-26 14:05:27.757  2344  2344 I BeaconBle: BLE 'KK+' software access layer enabled [CONTEXT service_id=111 ]
02-26 14:05:27.760  2344  3067 I LogUtils: [Places]: ?: PlacesBleScanner stop() [CONTEXT service_id=253 ]
02-26 14:05:27.761  2488  2928 I Icing   : IndexChimeraService.getServiceInterface callingPackage=com.google.android.gms componentName=AppsCorpus serviceId=36
02-26 14:05:27.770  2344  3067 I PlacesLogger: [PlaceInferenceEngine]: [anon] Changed inference mode: 1 [CONTEXT service_id=253 ]
02-26 14:05:27.770  2344  3067 I PlacesLogger: [PlaceInferenceEngine]: [account#-29786098] Changed inference mode: 1 [CONTEXT service_id=253 ]
02-26 14:05:27.772  2344  2344 I BeaconBle: Client requested scan, settings=BleSettings [scanMode=ZERO_POWER, callbackType=ALL_MATCHES, reportDelayMillis=0, 1 filters, 0 clients, callingClientName=Places] [CONTEXT service_id=111 ]
02-26 14:05:27.772  2344  2344 I BeaconBle: Scan : No clients left, canceling alarm. [CONTEXT service_id=111 ]
02-26 14:05:27.773  2344  2344 E BeaconBle: Scan couldn't start for Places [CONTEXT service_id=111 ]
02-26 14:05:27.773  2344  2344 I BeaconBle: Scan : No clients left, canceling alarm. [CONTEXT service_id=111 ]
02-26 14:05:27.773  2344  2344 I BeaconBle: Scan canceled successfully. [CONTEXT service_id=111 ]
02-26 14:05:27.774  2488  2686 I Icing   : IndexChimeraService.getServiceInterface callingPackage=com.google.android.gms componentName=null serviceId=36
02-26 14:05:27.778  2488  5051 I Icing   : Indexing com.google.android.gms-apps from com.google.android.gms
02-26 14:05:27.778  2344 12954 I PlacesLogger: [PlaceInferenceEngine]: No beacon scan available - ignoring candidates. [CONTEXT service_id=253 ]
02-26 14:05:27.780  2344  4921 I LogUtils: [Places]: ?: Couldn't find platform key file. [CONTEXT service_id=253 ]
02-26 14:05:27.784  2488  5051 W Icing   : No valid account for uploading user actions
02-26 14:05:27.784 12951 12958 W dex2oat : Verification error in void okhttp3.internal.connection.RealConnectionPool.a()
02-26 14:05:27.784 12951 12958 W dex2oat : void okhttp3.internal.connection.RealConnectionPool.a() failed to verify: void okhttp3.internal.connection.RealConnectionPool.a(): [0x1C] expected to be within a catch-all for an instruction where a monitor is held
02-26 14:05:27.784 12951 12958 W dex2oat : 
02-26 14:05:27.789  2344  3067 I Places  : Converted 0 out of 1 WiFi scans
02-26 14:05:27.790  2344  4921 I LogUtils: [Places]: ?: Couldn't find platform key file. [CONTEXT service_id=253 ]
02-26 14:05:27.791  2344  3067 I PlacesLogger: [PlaceInferenceEngine]: [account#-29786098] Changed inference mode: 1 [CONTEXT service_id=253 ]
02-26 14:05:27.791  2344  3067 I PlacesLogger: [PlaceInferenceEngine]: [anon] Changed inference mode: 1 [CONTEXT service_id=253 ]
02-26 14:05:27.791  2344  4921 I LogUtils: [Places]: ?: Couldn't find platform key file. [CONTEXT service_id=253 ]
02-26 14:05:27.798  2488  2686 I Icing   : IndexChimeraService.getServiceInterface callingPackage=com.google.android.gms componentName=null serviceId=30
02-26 14:05:27.806  2344  2468 I LogUtils: [Places]: ?: Couldn't find platform key file. [CONTEXT service_id=253 ]
02-26 14:05:27.808  2488  5051 I Icing   : Usage reports ok 1, Failed Usage reports 0, indexed 0, rejected 0
02-26 14:05:27.808  2344 12954 I PlacesLogger: [PlaceInferenceEngine]: No beacon scan available - ignoring candidates. [CONTEXT service_id=253 ]
02-26 14:05:27.808  2344  2468 I LogUtils: [Places]: ?: Couldn't find platform key file. [CONTEXT service_id=253 ]
02-26 14:05:27.809  2344 12952 I LogUtils: [Places]: ?: Couldn't find platform key file. [CONTEXT service_id=253 ]
02-26 14:05:27.816  2488  5051 W Icing   : No valid account for uploading user actions
02-26 14:05:27.819  2488  5051 I Icing   : Usage reports ok 0, Failed Usage reports 0, indexed 0, rejected 0
02-26 14:05:27.820  2488  5051 I Icing   : Indexing done com.google.android.gms-apps
02-26 14:05:27.820  2488  5051 W Icing   : No valid account for uploading user actions
02-26 14:05:27.821  2488  5051 I Icing   : Usage reports ok 0, Failed Usage reports 0, indexed 0, rejected 0
02-26 14:05:27.829  2344 12954 I PlacesLogger: [PlaceInferenceEngine]: No beacon scan available - ignoring candidates. [CONTEXT service_id=253 ]
02-26 14:05:27.829  2344  4921 I LogUtils: [Places]: ?: Couldn't find platform key file. [CONTEXT service_id=253 ]
02-26 14:05:27.845  2344 12954 I LogUtils: [Places]: ?: Couldn't find platform key file. [CONTEXT service_id=253 ]
02-26 14:05:27.856 12951 12951 I dex2oat : Explicit concurrent copying GC freed 10631(1608KB) AllocSpace objects, 0(0B) LOS objects, 99% free, 728B/1536KB, paused 8us total 1.434ms
02-26 14:05:27.892 12951 12951 I dex2oat : dex2oat took 186.832ms (187.846ms cpu) (threads: 4) arena alloc=4KB (4136B) java alloc=16KB (17112B) native alloc=3MB (3170760B) free=2MB (2596408B)
02-26 14:05:27.894  1748  1981 V installed: DexInv: --- END '/data/app/com.twitter.android.lite-I1etPmjNswKCqQUreDF_vQ==/base.apk' (success) ---
02-26 14:05:27.894  1891  1932 D PackageManager: Instant App installer not found with android.intent.action.INSTALL_INSTANT_APP_PACKAGE
02-26 14:05:27.894  1891  1932 D PackageManager: Clear ephemeral installer activity
02-26 14:05:27.895  1748  1981 E         : Couldn't opendir /data/app/vmdl1946751910.tmp: No such file or directory
02-26 14:05:27.895  1748  1981 E installd: Failed to delete /data/app/vmdl1946751910.tmp: No such file or directory
02-26 14:05:27.897  2488 12445 I IntentFilterIntentOp: Verifying IntentFilter. verificationId:1 scheme:"https" hosts:"mobile.twitter.com" package:"com.twitter.android.lite". [CONTEXT service_id=244 ]
02-26 14:05:27.897  2166  2166 D ImsResolver: maybeAddedImsService, packageName: com.twitter.android.lite
02-26 14:05:27.897  1891  1978 I InputReader: Reconfiguring input devices.  changes=0x00000010
02-26 14:05:27.898  3296  3296 I CarrierServices: [2] RcsAutoStartReceiver.b: carrierServicesJibeServiceEnabled changed from true to true
02-26 14:05:27.900  3296  3296 I CarrierServices: [2] RcsAutoStartReceiver.b: enableRcs changed from true to true
02-26 14:05:27.900  1891  4861 W BroadcastQueue: Background execution not allowed: receiving Intent { act=android.intent.action.PACKAGE_ADDED dat=package:com.twitter.android.lite flg=0x4000010 (has extras) } to com.android.musicfx/.Compatibility$Receiver
02-26 14:05:27.900  1891  1906 W BroadcastQueue: Background execution not allowed: receiving Intent { act=android.intent.action.PACKAGE_ADDED dat=package:com.twitter.android.lite flg=0x4000010 (has extras) } to com.google.android.gms/.games.chimera.GamesSystemBroadcastReceiverProxy
02-26 14:05:27.900  3296  3296 I CarrierServices: [2] RcsAutoStartReceiver.b: RcsAutoStartReceiver triggered. Fetching RCS State. Action: android.intent.action.PACKAGE_ADDED
02-26 14:05:27.900  3296  3296 I CarrierServices: [2] aws.a: Migration binding to RcsMigrationService
02-26 14:05:27.901  1891  1906 W BroadcastQueue: Background execution not allowed: receiving Intent { act=android.intent.action.PACKAGE_ADDED dat=package:com.twitter.android.lite flg=0x4000010 (has extras) } to com.google.android.gms/.gass.chimera.PackageChangeBroadcastReceiver
02-26 14:05:27.901  1891  1906 W BroadcastQueue: Background execution not allowed: receiving Intent { act=android.intent.action.PACKAGE_ADDED dat=package:com.twitter.android.lite flg=0x4000010 (has extras) } to com.google.android.gms/.chimera.GmsIntentOperationService$PersistentTrustedReceiver
02-26 14:05:27.901  1891  1906 W BroadcastQueue: Background execution not allowed: receiving Intent { act=android.intent.action.PACKAGE_ADDED dat=package:com.twitter.android.lite flg=0x4000010 (has extras) } to com.google.android.googlequicksearchbox/com.google.android.apps.gsa.googlequicksearchbox.GelStubAppWatcher
02-26 14:05:27.901  1891  1906 W BroadcastQueue: Background execution not allowed: receiving Intent { act=android.intent.action.PACKAGE_ADDED dat=package:com.twitter.android.lite flg=0x4000010 (has extras) } to com.google.android.ims/.receivers.RcsAutoStartReceiver
02-26 14:05:27.902  3033  3033 I Bugle   : returning RCS state provider.
02-26 14:05:27.903  1891  1891 I Telecom : DefaultDialerCache: Refreshing default dialer for user 0: now com.google.android.dialer: DDC.oR@AJw
02-26 14:05:27.906  3033  3047 I CarrierServices: [36] inq.shouldUseCarrierServicesApkForV1Apis: Checking if using CarrierServices.apk is possible. Enabled: true, isAtLeastM: true, runningInsideBugle: true
02-26 14:05:27.907  3033  3047 I CarrierServices: [36] inq.e: Network Operator: 310260
02-26 14:05:27.907  3033  3047 I CarrierServices: [36] inq.e: carrierWithOldEcApis: false
02-26 14:05:27.907  3033  3047 I CarrierServices: [36] inq.e: hasDialerThatSupportsNewEc: false
02-26 14:05:27.908  2344 12923 W GCM     : Unexpected forwarded intent: Intent { act=android.intent.action.PACKAGE_ADDED dat=package:com.twitter.android.lite flg=0x4000010 cmp=com.google.android.gms/.chimera.PersistentIntentOperationService (has extras) }
02-26 14:05:27.908  2488  2686 E cklt    : *~*~*~ Channel {0} was not shutdown properly!!! ~*~*~*
02-26 14:05:27.908  2488  2686 E cklt    :     Make sure to call shutdown()/shutdownNow() and wait until awaitTermination() returns true.
02-26 14:05:27.908  2488  2686 E cklt    : java.lang.RuntimeException: ManagedChannel allocation site
02-26 14:05:27.908  2488  2686 E cklt    : 	at ckls.<init>(:com.google.android.gms@202414023@20.24.14 (040800-319035315):3)
02-26 14:05:27.908  2488  2686 E cklt    : 	at cklt.<init>(:com.google.android.gms@202414023@20.24.14 (040800-319035315):2)
02-26 14:05:27.908  2488  2686 E cklt    : 	at ckfk.b(:com.google.android.gms@202414023@20.24.14 (040800-319035315):21)
02-26 14:05:27.908  2488  2686 E cklt    : 	at sjo.a(:com.google.android.gms@202414023@20.24.14 (040800-319035315):29)
02-26 14:05:27.908  2488  2686 E cklt    : 	at sjo.a(:com.google.android.gms@202414023@20.24.14 (040800-319035315):52)
02-26 14:05:27.908  2488  2686 E cklt    : 	at atnm.a(:com.google.android.gms@202414023@20.24.14 (040800-319035315):8)
02-26 14:05:27.908  2488  2686 E cklt    : 	at atnm.a(:com.google.android.gms@202414023@20.24.14 (040800-319035315):0)
02-26 14:05:27.908  2488  2686 E cklt    : 	at qld.run(:com.google.android.gms@202414023@20.24.14 (040800-319035315):1)
02-26 14:05:27.908  2488  2686 E cklt    : 	at soy.b(:com.google.android.gms@202414023@20.24.14 (040800-319035315):12)
02-26 14:05:27.908  2488  2686 E cklt    : 	at soy.run(:com.google.android.gms@202414023@20.24.14 (040800-319035315):7)
02-26 14:05:27.908  2488  2686 E cklt    : 	at java.util.concurrent.ThreadPoolExecutor.runWorker(ThreadPoolExecutor.java:1167)
02-26 14:05:27.908  2488  2686 E cklt    : 	at java.util.concurrent.ThreadPoolExecutor$Worker.run(ThreadPoolExecutor.java:641)
02-26 14:05:27.908  2488  2686 E cklt    : 	at sux.run(:com.google.android.gms@202414023@20.24.14 (040800-319035315):0)
02-26 14:05:27.908  2488  2686 E cklt    : 	at java.lang.Thread.run(Thread.java:764)
02-26 14:05:27.908  2344 12919 W GCM     : Unexpected forwarded intent: Intent { act=android.intent.action.PACKAGE_ADDED dat=package:com.twitter.android.lite flg=0x4000010 cmp=com.google.android.gms/.chimera.PersistentIntentOperationService (has extras) }
02-26 14:05:27.909  2488 12942 I Auth    : [SupervisedAccountIntentOperation] onHandleIntent(): android.intent.action.PACKAGE_ADDED
02-26 14:05:27.910  2166  2166 D CarrierSvcBindHelper: No carrier app for: 0
02-26 14:05:27.910  2488 12929 I ChromeSync: [Sync,SyncIntentOperation] Handling the intent: Intent { act=android.intent.action.PACKAGE_ADDED dat=package:com.twitter.android.lite flg=0x4000010 cmp=com.google.android.gms/.chimera.GmsIntentOperationService (has extras) }.
02-26 14:05:27.911  3033  3047 W RcsProvisioning: Failed to read configuration: /data/user/0/com.google.android.apps.messaging/files/rcsconfig (No such file or directory)
02-26 14:05:27.911  3033  3047 W RcsProvisioning: java.io.FileNotFoundException: /data/user/0/com.google.android.apps.messaging/files/rcsconfig (No such file or directory)
02-26 14:05:27.911  3033  3047 W RcsProvisioning: 	at java.io.FileInputStream.open0(Native Method)
02-26 14:05:27.911  3033  3047 W RcsProvisioning: 	at java.io.FileInputStream.open(FileInputStream.java:231)
02-26 14:05:27.911  3033  3047 W RcsProvisioning: 	at java.io.FileInputStream.<init>(FileInputStream.java:165)
02-26 14:05:27.911  3033  3047 W RcsProvisioning: 	at android.app.ContextImpl.openFileInput(ContextImpl.java:560)
02-26 14:05:27.911  3033  3047 W RcsProvisioning: 	at android.content.ContextWrapper.openFileInput(ContextWrapper.java:202)
02-26 14:05:27.911  3033  3047 W RcsProvisioning: 	at ion.a(SourceFile:2)
02-26 14:05:27.911  3033  3047 W RcsProvisioning: 	at idl.a(SourceFile:4)
02-26 14:05:27.911  3033  3047 W RcsProvisioning: 	at idm.a(SourceFile:7)
02-26 14:05:27.911  3033  3047 W RcsProvisioning: 	at com.google.android.apps.messaging.rcsmigration.RcsStateProvider.buildRcsState(SourceFile:81)
02-26 14:05:27.911  3033  3047 W RcsProvisioning: 	at com.google.android.apps.messaging.rcsmigration.RcsStateProvider.getRcsState(SourceFile:6)
02-26 14:05:27.911  3033  3047 W RcsProvisioning: 	at com.google.android.ims.rcsmigration.IRcsStateProvider$Stub.dispatchTransaction(SourceFile:10)
02-26 14:05:27.911  3033  3047 W RcsProvisioning: 	at com.google.android.aidl.BaseStub.onTransact(SourceFile:18)
02-26 14:05:27.911  3033  3047 W RcsProvisioning: 	at android.os.Binder.execTransact(Binder.java:731)
02-26 14:05:27.911  3033  3047 D RcsProvisioning: Retrieving backup token
02-26 14:05:27.911  3033  3047 D RcsProvisioning: Exception while getting subscriber Id. Using default
02-26 14:05:27.911  2166  2166 D CarrierConfigLoader: mHandler: 9 phoneId: 0
02-26 14:05:27.911  1891  2236 W ActivityManager: Unable to start service Intent { act=com.google.android.gms.auth.key.retrieval.service.START pkg=com.google.android.gms } U=0: not found
02-26 14:05:27.911  1891  1903 W ActivityManager: Unbind failed: could not find connection for android.os.BinderProxy@a4cf31e
02-26 14:05:27.912  4750 12962 I ProvidersCache: Provider returned no roots. Possibly naughty: com.google.android.apps.docs.storage
02-26 14:05:27.913  2488  2736 E GmsClient: unable to connect to service: com.google.android.gms.auth.key.retrieval.service.START on com.google.android.gms
02-26 14:05:27.937  2488 12929 I ChromeSync: [Persistence,AffiliationManager] One of affiliation or grouping data for android://E7sVhSlRpIoUuFi3TXydW5NVzoIlaqKGEd_pB6KYkenV_09VYcDDP6jUIhVVqCkFDwr-LlKgh3MKbJyg6W5j9A==@com.twitter.android.lite/ was not found. Marking affiliation data as stale...
02-26 14:05:27.937  2488 12930 I ChimeraConfigurator: Starting update, reason: 4 urgentFeatures: pay:-1
02-26 14:05:27.937  2488 12930 E ConfigFileUtils: Failed to read config file: /data/user_de/0/com.google.android.gms/app_chimera/next_container.pb (No such file or directory)
02-26 14:05:27.937  2488 12947 I Icing   : Indexing com.google.android.gms-internal.3p:MobileApplication from com.google.android.gms using seqno 68
02-26 14:05:27.938  1891  1907 D AutofillUI: destroySaveUiUiThread(): already destroyed
02-26 14:05:27.938  1891  1905 D AutofillManagerServiceImpl: Set component for user 0 as AutofillServiceInfo[ServiceInfo{436dc91 com.google.android.gms.autofill.service.AutofillService}, settings:com.google.android.gms.autofill.ui.AutofillSettingsActivity, hasCompatPckgs:false]
02-26 14:05:27.941  2488  5051 W Conscrypt: Could not set socket write timeout: java.net.SocketException: Socket closed
02-26 14:05:27.941  2488  5051 W Conscrypt: 	at com.google.android.gms.org.conscrypt.Platform.setSocketWriteTimeout(:com.google.android.gms@202414023@20.24.14 (040800-319035315):2)
02-26 14:05:27.941  2488  5051 W Conscrypt: 	at com.google.android.gms.org.conscrypt.ConscryptFileDescriptorSocket.setSoWriteTimeout(:com.google.android.gms@202414023@20.24.14 (040800-319035315):0)
02-26 14:05:27.945  2488 12930 I ChmraDebugLogger: [73] 1801
02-26 14:05:27.947  2488 12930 I ChmraDebugLogger: [30] [Pay.optional:202414020000] permitMetered=true,
02-26 14:05:27.948  2488 12930 W ChimeraConfigService: Retry attempt was throttled.
02-26 14:05:27.949  2488 12947 I Icing   : Indexing com.google.android.gms-apps from com.google.android.gms
02-26 14:05:27.955  2488 12947 I Icing   : Indexing done com.google.android.gms-apps
02-26 14:05:27.955  2488  5051 W Conscrypt: Could not set socket write timeout: java.net.SocketException: Socket closed
02-26 14:05:27.955  2488  5051 W Conscrypt: 	at com.google.android.gms.org.conscrypt.Platform.setSocketWriteTimeout(:com.google.android.gms@202414023@20.24.14 (040800-319035315):2)
02-26 14:05:27.955  2488  5051 W Conscrypt: 	at com.google.android.gms.org.conscrypt.ConscryptFileDescriptorSocket.setSoWriteTimeout(:com.google.android.gms@202414023@20.24.14 (040800-319035315):0)
02-26 14:05:27.963  2488  2686 I SingleHostAsyncVerifier: Verification result: checking for a statement with source # bsxx@ba7bd044, relation delegate_permission/common.handle_all_urls, and target # bsxx@de9ccd9 --> false. [CONTEXT service_id=244 ]
02-26 14:05:27.963  2488 12445 I IntentFilterIntentOp: Verification 1 complete. Success:false. Failed hosts:mobile.twitter.com. [CONTEXT service_id=244 ]
02-26 14:05:27.975 12968 12968 D AndroidRuntime: >>>>>> START com.android.internal.os.RuntimeInit uid 2000 <<<<<<
02-26 14:05:28.000 12968 12968 W app_process: Unexpected CPU variant for X86 using defaults: x86_64
02-26 14:05:28.002 12968 12968 I app_process: The ClassLoaderContext is a special shared library.
02-26 14:05:28.010 12968 12968 D AndroidRuntime: Calling main entry com.android.commands.monkey.Monkey
02-26 14:05:28.010 12968 12968 W Monkey  : args: [-p, com.twitter.android.lite, 1]
02-26 14:05:28.010 12968 12968 W Monkey  :  arg: "-p"
02-26 14:05:28.010 12968 12968 W Monkey  :  arg: "com.twitter.android.lite"
02-26 14:05:28.010 12968 12968 W Monkey  :  arg: "1"
02-26 14:05:28.010 12968 12968 W Monkey  : data="com.twitter.android.lite"
02-26 14:05:28.016  1891  1906 W BroadcastQueue: Skipping deliver [background] BroadcastRecord{cec93 u-1 android.net.conn.CONNECTIVITY_CHANGE} to ReceiverList{247b4d0 12968 (unknown name)/2000/u-1 remote:edbb0cd}: process gone or crashing
02-26 14:05:28.017  1891  4917 I ActivityManager: START u0 {act=android.intent.action.MAIN cat=[android.intent.category.LAUNCHER] flg=0x10200000 cmp=com.twitter.android.lite/.TwitterLiteActivity} from uid 2000
02-26 14:05:28.018  1891  4917 W Binder  : Outgoing transactions from this process must be FLAG_ONEWAY
02-26 14:05:28.018  1891  4917 W Binder  : java.lang.Throwable
02-26 14:05:28.018  1891  4917 W Binder  : 	at android.os.BinderProxy.transact(Binder.java:1114)
02-26 14:05:28.018  1891  4917 W Binder  : 	at android.app.IActivityController$Stub$Proxy.activityStarting(IActivityController.java:176)
02-26 14:05:28.018  1891  4917 W Binder  : 	at com.android.server.am.ActivityStarter.startActivity(ActivityStarter.java:737)
02-26 14:05:28.018  1891  4917 W Binder  : 	at com.android.server.am.ActivityStarter.startActivity(ActivityStarter.java:544)
02-26 14:05:28.018  1891  4917 W Binder  : 	at com.android.server.am.ActivityStarter.startActivityMayWait(ActivityStarter.java:1099)
02-26 14:05:28.018  1891  4917 W Binder  : 	at com.android.server.am.ActivityStarter.execute(ActivityStarter.java:486)
02-26 14:05:28.018  1891  4917 W Binder  : 	at com.android.server.am.ActivityManagerService.startActivityAsUser(ActivityManagerService.java:5120)
02-26 14:05:28.018  1891  4917 W Binder  : 	at com.android.server.am.ActivityManagerService.startActivityAsUser(ActivityManagerService.java:5094)
02-26 14:05:28.018  1891  4917 W Binder  : 	at com.android.server.am.ActivityManagerService.startActivity(ActivityManagerService.java:5085)
02-26 14:05:28.018  1891  4917 W Binder  : 	at android.app.IActivityManager$Stub.onTransact$startActivity$(IActivityManager.java:10084)
02-26 14:05:28.018  1891  4917 W Binder  : 	at android.app.IActivityManager$Stub.onTransact(IActivityManager.java:122)
02-26 14:05:28.018  1891  4917 W Binder  : 	at com.android.server.am.ActivityManagerService.onTransact(ActivityManagerService.java:3291)
02-26 14:05:28.018  1891  4917 W Binder  : 	at android.os.Binder.execTransact(Binder.java:731)
02-26 14:05:28.020 12968 12968 I Monkey  : Events injected: 1
02-26 14:05:28.022  1891  1891 V SettingsProvider: Notifying for 0: content://settings/system/accelerometer_rotation
02-26 14:05:28.022 12968 12968 I Monkey  : ## Network stats: elapsed time=4ms (0ms mobile, 0ms wifi, 4ms not connected)
02-26 14:05:28.023 12968 12968 I app_process: System.exit called, status: 0
02-26 14:05:28.023 12968 12968 I AndroidRuntime: VM exiting with result code 0.
02-26 14:05:28.026 12982 12982 W er.android.lit: Unexpected CPU variant for X86 using defaults: x86_64
02-26 14:05:28.022  1891  1891 V SettingsProvider: Notifying for 0: content://settings/system/accelerometer_rotation
02-26 14:05:28.029  1891  4917 I ActivityManager: Start proc 12982:com.twitter.android.lite/u0a91 for activity com.twitter.android.lite/.TwitterLiteActivity
02-26 14:05:28.045 12982 13000 I DynamiteModule: Considering local module com.google.android.gms.measurement.dynamite:13 and remote module com.google.android.gms.measurement.dynamite:0
02-26 14:05:28.045 12982 13000 I DynamiteModule: Selected local version of com.google.android.gms.measurement.dynamite
02-26 14:05:28.047 12982 13000 W er.android.lit: Unsupported class loader
02-26 14:05:28.047 12982 13000 W er.android.lit: Skipping duplicate class check due to unsupported classloader
02-26 14:05:28.049  1640  1685 D gralloc_ranchu: gralloc_alloc: Creating ashmem region of size 3936256
02-26 14:05:28.050  3033  3047 D RcsProvisioning: No backup token found
02-26 14:05:28.050  3033  3047 D RcsProvisioning: Retrieving backup token
02-26 14:05:28.050  3033  3047 D RcsProvisioning: Exception while getting subscriber Id. Using default
02-26 14:05:28.057 12982 13005 I FA      : App measurement disabled via the manifest
02-26 14:05:28.057 12982 12982 I FirebaseCrashlytics: Initializing Crashlytics 17.0.0
02-26 14:05:28.058 12982 13005 I FA      : App measurement initialized, version: 26001
02-26 14:05:28.058 12982 13005 I FA      : To enable debug logging run: adb shell setprop log.tag.FA VERBOSE
02-26 14:05:28.058 12982 13005 I FA      : To enable faster debug mode event logging run:
02-26 14:05:28.058 12982 13005 I FA      :   adb shell setprop debug.firebase.analytics.app com.twitter.android.lite
02-26 14:05:28.063 12982 12982 I FirebaseInitProvider: FirebaseApp initialization successful
02-26 14:05:28.073  2041  2278 D EGL_emulation: eglMakeCurrent: 0x7099e5c88f80: ver 3 0 (tinfo 0x7099ffc7ffe0)
02-26 14:05:28.077 12982 12982 I WebViewFactory: Loading com.android.chrome version 69.0.3497.100 (code 349710067)
02-26 14:05:28.079 12982 12982 I er.android.lit: The ClassLoaderContext is a special shared library.
02-26 14:05:28.087  2041  2278 D EGL_emulation: eglMakeCurrent: 0x7099e5c88f80: ver 3 0 (tinfo 0x7099ffc7ffe0)
02-26 14:05:28.091  2041  2278 D EGL_emulation: eglMakeCurrent: 0x7099e5c88f80: ver 3 0 (tinfo 0x7099ffc7ffe0)
02-26 14:05:28.094 12982 12982 I cr_LibraryLoader: Time to load native libraries: 2 ms (timestamps 2142-2144)
02-26 14:05:28.095 12982 13016 E cr_VariationsUtils: Failed reading seed file "/data/user/0/com.twitter.android.lite/app_webview/variations_seed_new": /data/user/0/com.twitter.android.lite/app_webview/variations_seed_new (No such file or directory)
02-26 14:05:28.095 12982 13016 E cr_VariationsUtils: Failed reading seed file "/data/user/0/com.twitter.android.lite/app_webview/variations_seed": /data/user/0/com.twitter.android.lite/app_webview/variations_seed (No such file or directory)
02-26 14:05:28.097 12982 12982 I chromium: [INFO:library_loader_hooks.cc(36)] Chromium logging enabled: level = 0, default verbosity = 0
02-26 14:05:28.097 12982 12982 I cr_LibraryLoader: Expected native library version number "69.0.3497.100", actual native library version number "69.0.3497.100"
02-26 14:05:28.098 12982 13017 W cr_ChildProcLH: Create a new ChildConnectionAllocator with package name = com.android.chrome, sandboxed = true
02-26 14:05:28.100 12982 12982 I cr_BrowserStartup: Initializing chromium process, singleProcess=false
02-26 14:05:28.105  2041  2278 D EGL_emulation: eglMakeCurrent: 0x7099e5c88f80: ver 3 0 (tinfo 0x7099ffc7ffe0)
