02-26 14:05:49.741  1891  1905 I GnssLocationProvider: WakeLock released by handleMessage(REPORT_SV_STATUS, 0, com.android.server.location.GnssLocationProvider$SvStatusInfo@916cc0a)
02-26 14:05:49.780  1891  1906 W ActivityManager: Launch timeout has expired, giving up wake lock!
02-26 14:05:49.781  1891  1905 E memtrack: Couldn't load memtrack module
02-26 14:05:49.781  1891  1905 W android.os.Debug: failed to get memory consumption info: -1
02-26 14:05:49.789  1891  1905 E memtrack: Couldn't load memtrack module
02-26 14:05:49.789  1891  1905 W android.os.Debug: failed to get memory consumption info: -1
02-26 14:05:49.795  1891  1905 E memtrack: Couldn't load memtrack module
02-26 14:05:49.795  1891  1905 W android.os.Debug: failed to get memory consumption info: -1
02-26 14:05:50.742  1891  1960 I GnssLocationProvider: WakeLock acquired by sendMessage(REPORT_SV_STATUS, 0, com.android.server.location.GnssLocationProvider$SvStatusInfo@a9c1c7b)
02-26 14:05:50.742  1891  1905 I GnssLocationProvider: WakeLock released by handleMessage(REPORT_SV_STATUS, 0, com.android.server.location.GnssLocationProvider$SvStatusInfo@a9c1c7b)
02-26 14:05:51.742  1891  1960 I GnssLocationProvider: WakeLock acquired by sendMessage(REPORT_SV_STATUS, 0, com.android.server.location.GnssLocationProvider$SvStatusInfo@747ca98)
02-26 14:05:51.742  1891  1905 I GnssLocationProvider: WakeLock released by handleMessage(REPORT_SV_STATUS, 0, com.android.server.location.GnssLocationProvider$SvStatusInfo@747ca98)
02-26 14:05:52.741  1891  1960 I GnssLocationProvider: WakeLock acquired by sendMessage(REPORT_SV_STATUS, 0, com.android.server.location.GnssLocationProvider$SvStatusInfo@2dbc2f1)
02-26 14:05:52.741  1891  1905 I GnssLocationProvider: WakeLock released by handleMessage(REPORT_SV_STATUS, 0, com.android.server.location.GnssLocationProvider$SvStatusInfo@2dbc2f1)
02-26 14:05:53.742  1891  1960 I GnssLocationProvider: WakeLock acquired by sendMessage(REPORT_SV_STATUS, 0, com.android.server.location.GnssLocationProvider$SvStatusInfo@45d9ed6)
02-26 14:05:53.742  1891  1905 I GnssLocationProvider: WakeLock released by handleMessage(REPORT_SV_STATUS, 0, com.android.server.location.GnssLocationProvider$SvStatusInfo@45d9ed6)
02-26 14:05:54.571  1891  1912 D AutofillManagerService: Close system dialogs
02-26 14:05:54.571  1891  1977 I ActivityManager: START u0 {act=android.intent.action.MAIN cat=[android.intent.category.HOME] flg=0x10200000 cmp=com.google.android.apps.nexuslauncher/.NexusLauncherActivity (has extras)} from uid 1000
02-26 14:05:54.571  2041  2041 V StatusBar: mStatusBarWindow: com.android.systemui.statusbar.phone.StatusBarWindowView{ccade49 V.ED..... ........ 0,0-768,48} canPanelBeCollapsed(): false
02-26 14:05:54.571  2041  2041 I vol.Events: writeEvent dismiss_dialog volume_controller
02-26 14:05:54.583  2041  2278 D EGL_emulation: eglMakeCurrent: 0x7099e5c88f80: ver 3 0 (tinfo 0x7099ffc7ffe0)
02-26 14:05:54.588  1640  2914 D gralloc_ranchu: gralloc_alloc: Creating ashmem region of size 3936256
02-26 14:05:54.590  1640  1685 D gralloc_ranchu: gralloc_alloc: Creating ashmem region of size 3936256
02-26 14:05:54.590  1640  1685 I chatty  : uid=1000(system) HwBinder:1640_1 identical 1 line
02-26 14:05:54.600  1640  1685 D gralloc_ranchu: gralloc_alloc: Creating ashmem region of size 3936256
02-26 14:05:54.613  2635  2893 D EGL_emulation: eglMakeCurrent: 0xe2a86020: ver 3 0 (tinfo 0xe2a83da0)
02-26 14:05:54.613  1640  2914 D gralloc_ranchu: gralloc_alloc: Creating ashmem region of size 3936256
02-26 14:05:54.614  1640  1640 D gralloc_ranchu: gralloc_alloc: Creating ashmem region of size 3936256
02-26 14:05:54.619  2041  2278 D EGL_emulation: eglMakeCurrent: 0x7099e5c88f80: ver 3 0 (tinfo 0x7099ffc7ffe0)
02-26 14:05:54.621  2635  2635 I MicroDetectionWorker: #startMicroDetector [speakerMode: 0]
02-26 14:05:54.621  2635  2635 I AudioController: Using mInputStreamFactoryBuilder
02-26 14:05:54.621  2635  2635 I AudioController: Created new AudioSource
02-26 14:05:54.622  2635  2635 I MicroDetectionWorker: onReady
02-26 14:05:54.628  2612  2707 D EGL_emulation: eglMakeCurrent: 0x7099f9866760: ver 3 0 (tinfo 0x7099f980d8a0)
02-26 14:05:54.628  2019  2019 I GoogleInputMethod: onFinishInput() : Dummy InputConnection bound
02-26 14:05:54.628  2019  2019 I GoogleInputMethod: onStartInput() : Dummy InputConnection bound
02-26 14:05:54.631  2635  2755 I MicroRecognitionRunner: Starting detection.
02-26 14:05:54.632  2635  2801 I MicrophoneInputStream: mic_starting  SR : 16000 CC : 16 SO : 6
02-26 14:05:54.632  1648  2561 E         : Request requires android.permission.RECORD_AUDIO
02-26 14:05:54.632  1648  2561 E AudioPolicyIntefaceImpl: getInputForAttr permission denied: recording not allowed for uid 10025 pid 2635
02-26 14:05:54.632  1648  2561 E AudioFlinger: createRecord() checkRecordThread_l failed
02-26 14:05:54.632  2635  2801 E IAudioFlinger: createRecord returned error -22
02-26 14:05:54.632  2635  2801 E AudioRecord: AudioFlinger could not create record track, status: -22
02-26 14:05:54.639  2635  2801 E AudioRecord-JNI: Error creating AudioRecord instance: initialization check failed with status -22.
02-26 14:05:54.639  2635  2801 E android.media.AudioRecord: Error code -20 when initializing native AudioRecord object.
02-26 14:05:54.639  2635  2801 I MicrophoneInputStream: mic_started  SR : 16000 CC : 16 SO : 6
02-26 14:05:54.639  2635  2801 E ActivityThread: Failed to find provider info for com.google.android.apps.gsa.testing.ui.audio.recorded
02-26 14:05:54.640  2635  2635 I MicroDetectionWorker: onReady
02-26 14:05:54.641  2635  2801 I MicrophoneInputStream: mic_close  SR : 16000 CC : 16 SO : 6
02-26 14:05:54.641  2635  2755 I MicroRecognitionRunner: Detection finished
02-26 14:05:54.641  2635  2755 W ErrorReporter: reportError [type: 211, code: 524300]: Error reading from input stream
02-26 14:05:54.641  2635  3006 I MicroRecognitionRunner: Stopping hotword detection.
02-26 14:05:54.641  2635  2755 W ErrorProcessor: onFatalError, processing error from engine(4)
02-26 14:05:54.641  2635  2755 W ErrorProcessor: com.google.android.apps.gsa.shared.speech.b.g: Error reading from input stream
02-26 14:05:54.641  2635  2755 W ErrorProcessor: 	at com.google.android.apps.gsa.staticplugins.microdetection.d.k.a(SourceFile:91)
02-26 14:05:54.641  2635  2755 W ErrorProcessor: 	at com.google.android.apps.gsa.staticplugins.microdetection.d.l.run(Unknown Source:14)
02-26 14:05:54.641  2635  2755 W ErrorProcessor: 	at com.google.android.libraries.gsa.runner.a.a.b(SourceFile:32)
02-26 14:05:54.641  2635  2755 W ErrorProcessor: 	at com.google.android.libraries.gsa.runner.a.c.call(Unknown Source:4)
02-26 14:05:54.641  2635  2755 W ErrorProcessor: 	at java.util.concurrent.FutureTask.run(FutureTask.java:266)
02-26 14:05:54.641  2635  2755 W ErrorProcessor: 	at java.util.concurrent.Executors$RunnableAdapter.call(Executors.java:458)
02-26 14:05:54.641  2635  2755 W ErrorProcessor: 	at java.util.concurrent.FutureTask.run(FutureTask.java:266)
02-26 14:05:54.641  2635  2755 W ErrorProcessor: 	at com.google.android.apps.gsa.shared.util.concurrent.b.g.run(Unknown Source:4)
02-26 14:05:54.641  2635  2755 W ErrorProcessor: 	at com.google.android.apps.gsa.shared.util.concurrent.b.aw.run(SourceFile:4)
02-26 14:05:54.641  2635  2755 W ErrorProcessor: 	at com.google.android.apps.gsa.shared.util.concurrent.b.aw.run(SourceFile:4)
02-26 14:05:54.641  2635  2755 W ErrorProcessor: 	at java.util.concurrent.ThreadPoolExecutor.runWorker(ThreadPoolExecutor.java:1167)
02-26 14:05:54.641  2635  2755 W ErrorProcessor: 	at java.util.concurrent.ThreadPoolExecutor$Worker.run(ThreadPoolExecutor.java:641)
02-26 14:05:54.641  2635  2755 W ErrorProcessor: 	at java.lang.Thread.run(Thread.java:764)
02-26 14:05:54.641  2635  2755 W ErrorProcessor: 	at com.google.android.apps.gsa.shared.util.concurrent.b.i.run(SourceFile:6)
02-26 14:05:54.641  2635  2755 W ErrorProcessor: Caused by: com.google.android.apps.gsa.shared.exception.GsaIOException: Error code: 393238 | Buffer overflow, no available space.
02-26 14:05:54.641  2635  2755 W ErrorProcessor: 	at com.google.android.apps.gsa.speech.audio.Tee.j(SourceFile:103)
02-26 14:05:54.641  2635  2755 W ErrorProcessor: 	at com.google.android.apps.gsa.speech.audio.au.read(SourceFile:2)
02-26 14:05:54.641  2635  2755 W ErrorProcessor: 	at java.io.InputStream.read(InputStream.java:101)
02-26 14:05:54.641  2635  2755 W ErrorProcessor: 	at com.google.android.apps.gsa.speech.audio.ao.run(SourceFile:17)
02-26 14:05:54.641  2635  2755 W ErrorProcessor: 	at com.google.android.apps.gsa.speech.audio.an.run(SourceFile:2)
02-26 14:05:54.641  2635  2755 W ErrorProcessor: 	at java.util.concurrent.Executors$RunnableAdapter.call(Executors.java:458)
02-26 14:05:54.641  2635  2755 W ErrorProcessor: 	... 10 more
02-26 14:05:54.641  2635  2755 I AudioController: internalShutdown
02-26 14:05:54.642  2635  2635 I MicroDetector: Keeping mic open: false
02-26 14:05:54.642  2635  2635 I MicroDetectionWorker: #onError(false)
02-26 14:05:54.642  2635  4860 I DeviceStateChecker: DeviceStateChecker cancelled
02-26 14:05:54.677  2041  2278 D EGL_emulation: eglMakeCurrent: 0x7099e5c88f80: ver 3 0 (tinfo 0x7099ffc7ffe0)
02-26 14:05:54.724  2041  2278 I chatty  : uid=10032(com.android.systemui) RenderThread identical 6 lines
02-26 14:05:54.738  2041  2278 D EGL_emulation: eglMakeCurrent: 0x7099e5c88f80: ver 3 0 (tinfo 0x7099ffc7ffe0)
02-26 14:05:54.741  1891  1960 I GnssLocationProvider: WakeLock acquired by sendMessage(REPORT_SV_STATUS, 0, com.android.server.location.GnssLocationProvider$SvStatusInfo@af0bdc)
02-26 14:05:54.741  1891  1905 I GnssLocationProvider: WakeLock released by handleMessage(REPORT_SV_STATUS, 0, com.android.server.location.GnssLocationProvider$SvStatusInfo@af0bdc)
02-26 14:05:54.742  2041  2278 D EGL_emulation: eglMakeCurrent: 0x7099e5c88f80: ver 3 0 (tinfo 0x7099ffc7ffe0)
02-26 14:05:55.071  1891  1906 W ActivityManager: Activity pause timeout for ActivityRecord{60fbeef u0 com.twitter.android.lite/.TwitterLiteActivity t10}
02-26 14:05:54.775  2041  2278 I chatty  : uid=10032(com.android.systemui) RenderThread identical 4 lines
02-26 14:05:54.787  2041  2278 D EGL_emulation: eglMakeCurrent: 0x7099e5c88f80: ver 3 0 (tinfo 0x7099ffc7ffe0)
02-26 14:05:55.741  1891  1960 I GnssLocationProvider: WakeLock acquired by sendMessage(REPORT_SV_STATUS, 0, com.android.server.location.GnssLocationProvider$SvStatusInfo@9e91a6b)
02-26 14:05:55.741  1891  1905 I GnssLocationProvider: WakeLock released by handleMessage(REPORT_SV_STATUS, 0, com.android.server.location.GnssLocationProvider$SvStatusInfo@9e91a6b)
02-26 14:05:56.563  2041  2278 D EGL_emulation: eglMakeCurrent: 0x7099e5c88f80: ver 3 0 (tinfo 0x7099ffc7ffe0)
02-26 14:05:56.683  2041  2278 I chatty  : uid=10032(com.android.systemui) RenderThread identical 16 lines
02-26 14:05:56.698  2041  2278 D EGL_emulation: eglMakeCurrent: 0x7099e5c88f80: ver 3 0 (tinfo 0x7099ffc7ffe0)
02-26 14:05:56.710  2019  2019 I GoogleInputMethod: onFinishInput() : Dummy InputConnection bound
02-26 14:05:56.711  2019  2019 I GoogleInputMethod: onStartInput() : Dummy InputConnection bound
02-26 14:05:56.741  1891  1960 I GnssLocationProvider: WakeLock acquired by sendMessage(REPORT_SV_STATUS, 0, com.android.server.location.GnssLocationProvider$SvStatusInfo@c124a61)
02-26 14:05:56.741  1891  1905 I GnssLocationProvider: WakeLock released by handleMessage(REPORT_SV_STATUS, 0, com.android.server.location.GnssLocationProvider$SvStatusInfo@c124a61)
02-26 14:05:57.650  1891  4917 I GnssLocationProvider: WakeLock acquired by sendMessage(SET_REQUEST, 0, com.android.server.location.GnssLocationProvider$GpsRequest@e796986)
02-26 14:05:57.650  1891  1905 I GnssLocationProvider: WakeLock released by handleMessage(SET_REQUEST, 0, com.android.server.location.GnssLocationProvider$GpsRequest@e796986)
02-26 14:05:57.655  2041  2278 D EGL_emulation: eglMakeCurrent: 0x7099e5c88f80: ver 3 0 (tinfo 0x7099ffc7ffe0)
02-26 14:05:57.741  1891  1960 I GnssLocationProvider: WakeLock acquired by sendMessage(REPORT_SV_STATUS, 0, com.android.server.location.GnssLocationProvider$SvStatusInfo@2c82b9d)
02-26 14:05:57.741  1891  1905 I GnssLocationProvider: WakeLock released by handleMessage(REPORT_SV_STATUS, 0, com.android.server.location.GnssLocationProvider$SvStatusInfo@2c82b9d)
02-26 14:05:57.779  2344  2673 I NetworkScheduler.Stats: Task com.google.android.gms/com.google.android.gms.icing.service.IcingGcmTaskService started execution. cause:4 exec_start_elapsed_seconds: 2001 [CONTEXT service_id=218 ]
02-26 14:05:57.780  2344 12954 I NetworkScheduler.Stats: Task com.google.android.gms/com.google.android.gms.icing.service.IcingGcmTaskService finished executing. cause:4 result: 1 elapsed_millis: 5 uptime_millis: 5 exec_start_elapsed_seconds: 2001 [CONTEXT service_id=218 ]
02-26 14:05:57.786  2344  2673 I NetworkScheduler.Stats: Task com.google.android.gms/com.google.android.gms.auth.account.be.legacy.AuthCronService started execution. cause:5 exec_start_elapsed_seconds: 2001 [CONTEXT service_id=218 ]
02-26 14:05:57.849  2344  2671 W Conscrypt: Could not set socket write timeout: java.net.SocketException: Socket closed
02-26 14:05:57.849  2344  2671 W Conscrypt: 	at com.google.android.gms.org.conscrypt.Platform.setSocketWriteTimeout(:com.google.android.gms@202414023@20.24.14 (040800-319035315):2)
02-26 14:05:57.849  2344  2671 W Conscrypt: 	at com.google.android.gms.org.conscrypt.ConscryptFileDescriptorSocket.setSoWriteTimeout(:com.google.android.gms@202414023@20.24.14 (040800-319035315):0)
02-26 14:05:57.853  2344  2671 W Conscrypt: Could not set socket write timeout: java.net.SocketException: Socket closed
02-26 14:05:57.853  2344  2671 W Conscrypt: 	at com.google.android.gms.org.conscrypt.Platform.setSocketWriteTimeout(:com.google.android.gms@202414023@20.24.14 (040800-319035315):2)
02-26 14:05:57.853  2344  2671 W Conscrypt: 	at com.google.android.gms.org.conscrypt.ConscryptFileDescriptorSocket.setSoWriteTimeout(:com.google.android.gms@202414023@20.24.14 (040800-319035315):0)
02-26 14:05:57.863  2344  2671 E GmsTaskScheduler: sendWakeUpEvent called on SchedulerClientBroadcastStrategy
02-26 14:05:57.864  2344  2671 W GLSUser : [AppCertManager] IOException while requesting key: 
02-26 14:05:57.864  2344  2671 W GLSUser : java.io.IOException: Invalid device key response.
02-26 14:05:57.864  2344  2671 W GLSUser : 	at hwy.a(:com.google.android.gms@202414023@20.24.14 (040800-319035315):49)
02-26 14:05:57.864  2344  2671 W GLSUser : 	at hww.a(:com.google.android.gms@202414023@20.24.14 (040800-319035315):45)
02-26 14:05:57.864  2344  2671 W GLSUser : 	at hwr.a(:com.google.android.gms@202414023@20.24.14 (040800-319035315):0)
02-26 14:05:57.864  2344  2671 W GLSUser : 	at hwu.a(:com.google.android.gms@202414023@20.24.14 (040800-319035315):10)
02-26 14:05:57.864  2344  2671 W GLSUser : 	at gbi.call(:com.google.android.gms@202414023@20.24.14 (040800-319035315):0)
02-26 14:05:57.864  2344  2671 W GLSUser : 	at java.util.concurrent.FutureTask.run(FutureTask.java:266)
02-26 14:05:57.864  2344  2671 W GLSUser : 	at soy.b(:com.google.android.gms@202414023@20.24.14 (040800-319035315):12)
02-26 14:05:57.864  2344  2671 W GLSUser : 	at soy.run(:com.google.android.gms@202414023@20.24.14 (040800-319035315):7)
02-26 14:05:57.864  2344  2671 W GLSUser : 	at java.util.concurrent.ThreadPoolExecutor.runWorker(ThreadPoolExecutor.java:1167)
02-26 14:05:57.864  2344  2671 W GLSUser : 	at java.util.concurrent.ThreadPoolExecutor$Worker.run(ThreadPoolExecutor.java:641)
02-26 14:05:57.864  2344  2671 W GLSUser : 	at sux.run(:com.google.android.gms@202414023@20.24.14 (040800-319035315):0)
02-26 14:05:57.864  2344  2671 W GLSUser : 	at java.lang.Thread.run(Thread.java:764)
02-26 14:05:57.865  2344  2673 I NetworkScheduler.Stats: Task com.google.android.gms/com.google.android.gms.auth.account.be.legacy.AuthCronService finished executing. cause:5 result: 3 elapsed_millis: 81 uptime_millis: 81 exec_start_elapsed_seconds: 2001 [CONTEXT service_id=218 ]
02-26 14:05:58.113  1891  4943 I ActivityManager: START u0 {act=android.intent.action.MAIN cat=[android.intent.category.LAUNCHER] flg=0x10200000 cmp=com.twitter.android.lite/.TwitterLiteActivity bnds=[456,918][598,1078]} from uid 10023
02-26 14:05:58.115  1891  1956 W WindowManager: TaskSnapshotSurface.create: Failed to find top fullscreen for task={taskId=10 appTokens=[AppWindowToken{a6b2c85 token=Token{cbb4dfc ActivityRecord{60fbeef u0 com.twitter.android.lite/.TwitterLiteActivity t10}}}] mdr=false}
02-26 14:05:58.117  1630  4699 W audio_hw_generic: Not supplying enough data to HAL, expected position 5756598 , only wrote 5756400
02-26 14:05:58.148  2612  2624 W System  : A resource failed to call release. 
02-26 14:05:58.148  2612  2624 W System  : A resource failed to call release. 
02-26 14:05:58.741  1891  1960 I GnssLocationProvider: WakeLock acquired by sendMessage(REPORT_SV_STATUS, 0, com.android.server.location.GnssLocationProvider$SvStatusInfo@324eb10)
02-26 14:05:58.741  1891  1905 I GnssLocationProvider: WakeLock released by handleMessage(REPORT_SV_STATUS, 0, com.android.server.location.GnssLocationProvider$SvStatusInfo@324eb10)
02-26 14:05:59.742  1891  1960 I GnssLocationProvider: WakeLock acquired by sendMessage(REPORT_SV_STATUS, 0, com.android.server.location.GnssLocationProvider$SvStatusInfo@4b72609)
02-26 14:05:59.743  1891  1905 I GnssLocationProvider: WakeLock released by handleMessage(REPORT_SV_STATUS, 0, com.android.server.location.GnssLocationProvider$SvStatusInfo@4b72609)
02-26 14:06:00.741  1891  1960 I GnssLocationProvider: WakeLock acquired by sendMessage(REPORT_SV_STATUS, 0, com.android.server.location.GnssLocationProvider$SvStatusInfo@38e1a2f)
02-26 14:06:00.742  1891  1905 I GnssLocationProvider: WakeLock released by handleMessage(REPORT_SV_STATUS, 0, com.android.server.location.GnssLocationProvider$SvStatusInfo@38e1a2f)
02-26 14:06:00.782  1891  4943 I ActivityManager: START u0 {act=android.intent.action.MAIN cat=[android.intent.category.LAUNCHER] flg=0x10200000 cmp=com.twitter.android.lite/.TwitterLiteActivity bnds=[456,918][598,1078]} from uid 10023
02-26 14:06:01.741  1891  1960 I GnssLocationProvider: WakeLock acquired by sendMessage(REPORT_SV_STATUS, 0, com.android.server.location.GnssLocationProvider$SvStatusInfo@ed5a83c)
02-26 14:06:01.741  1891  1905 I GnssLocationProvider: WakeLock released by handleMessage(REPORT_SV_STATUS, 0, com.android.server.location.GnssLocationProvider$SvStatusInfo@ed5a83c)
02-26 14:06:02.146  1891  2024 I ActivityManager: START u0 {act=android.intent.action.MAIN cat=[android.intent.category.LAUNCHER] flg=0x10200000 cmp=com.twitter.android.lite/.TwitterLiteActivity bnds=[456,918][598,1078]} from uid 10023
02-26 14:06:02.601  1891  4917 I ActivityManager: START u0 {act=android.intent.action.MAIN cat=[android.intent.category.LAUNCHER] flg=0x10200000 cmp=com.twitter.android.lite/.TwitterLiteActivity bnds=[456,918][598,1078]} from uid 10023
02-26 14:06:02.742  1891  1960 I GnssLocationProvider: WakeLock acquired by sendMessage(REPORT_SV_STATUS, 0, com.android.server.location.GnssLocationProvider$SvStatusInfo@4a319c5)
02-26 14:06:02.742  1891  1905 I GnssLocationProvider: WakeLock released by handleMessage(REPORT_SV_STATUS, 0, com.android.server.location.GnssLocationProvider$SvStatusInfo@4a319c5)
02-26 14:06:03.626  1742  1780 W SurfaceFlinger: Attempting to set client state on removed layer: Surface(name=AppWindowToken{d54de43 token=Token{f65d7f2 ActivityRecord{6c2fefd u0 com.google.android.apps.nexuslauncher/.NexusLauncherActivity t2}}})/@0xcb41f51 - animation-leash#0
02-26 14:06:03.626  1742  1780 W SurfaceFlinger: Attempting to destroy on removed layer: Surface(name=AppWindowToken{d54de43 token=Token{f65d7f2 ActivityRecord{6c2fefd u0 com.google.android.apps.nexuslauncher/.NexusLauncherActivity t2}}})/@0xcb41f51 - animation-leash#0
02-26 14:06:03.638  2041  2278 D EGL_emulation: eglMakeCurrent: 0x7099e5c88f80: ver 3 0 (tinfo 0x7099ffc7ffe0)
02-26 14:06:03.641  2635  2893 D EGL_emulation: eglMakeCurrent: 0xe2a86020: ver 3 0 (tinfo 0xe2a83da0)
02-26 14:06:03.642  2041  2278 D EGL_emulation: eglMakeCurrent: 0x7099e5c88f80: ver 3 0 (tinfo 0x7099ffc7ffe0)
02-26 14:06:03.643  2612  2707 D EGL_emulation: eglMakeCurrent: 0x7099f9866760: ver 3 0 (tinfo 0x7099f980d8a0)
02-26 14:06:03.655  2041  2278 D EGL_emulation: eglMakeCurrent: 0x7099e5c88f80: ver 3 0 (tinfo 0x7099ffc7ffe0)
02-26 14:06:03.741  1891  1960 I GnssLocationProvider: WakeLock acquired by sendMessage(REPORT_SV_STATUS, 0, com.android.server.location.GnssLocationProvider$SvStatusInfo@a730c28)
02-26 14:06:03.742  1891  1905 I GnssLocationProvider: WakeLock released by handleMessage(REPORT_SV_STATUS, 0, com.android.server.location.GnssLocationProvider$SvStatusInfo@a730c28)
02-26 14:06:04.741  1891  1960 I GnssLocationProvider: WakeLock acquired by sendMessage(REPORT_SV_STATUS, 0, com.android.server.location.GnssLocationProvider$SvStatusInfo@6d12027)
02-26 14:06:04.742  1891  1905 I GnssLocationProvider: WakeLock released by handleMessage(REPORT_SV_STATUS, 0, com.android.server.location.GnssLocationProvider$SvStatusInfo@6d12027)
02-26 14:06:05.744  1891  1960 I GnssLocationProvider: WakeLock acquired by sendMessage(REPORT_SV_STATUS, 0, com.android.server.location.GnssLocationProvider$SvStatusInfo@400c2d4)
02-26 14:06:05.745  1891  1905 I GnssLocationProvider: WakeLock released by handleMessage(REPORT_SV_STATUS, 0, com.android.server.location.GnssLocationProvider$SvStatusInfo@400c2d4)
02-26 14:06:05.797  1630  1630 W audio_hw_generic: Not supplying enough data to HAL, expected position 6491708 , only wrote 6125040
02-26 14:06:06.073  1891  1906 W ActivityManager: Activity stop timeout for ActivityRecord{60fbeef u0 com.twitter.android.lite/.TwitterLiteActivity t10}
02-26 14:06:06.073  1891  1906 I ActivityManager: Activity reported stop, but no longer stopping: ActivityRecord{60fbeef u0 com.twitter.android.lite/.TwitterLiteActivity t10}
02-26 14:06:06.742  1891  1960 I GnssLocationProvider: WakeLock acquired by sendMessage(REPORT_SV_STATUS, 0, com.android.server.location.GnssLocationProvider$SvStatusInfo@3a7bc7d)
02-26 14:06:06.743  1891  1905 I GnssLocationProvider: WakeLock released by handleMessage(REPORT_SV_STATUS, 0, com.android.server.location.GnssLocationProvider$SvStatusInfo@3a7bc7d)
02-26 14:06:07.742  1891  1960 I GnssLocationProvider: WakeLock acquired by sendMessage(REPORT_SV_STATUS, 0, com.android.server.location.GnssLocationProvider$SvStatusInfo@f878772)
02-26 14:06:07.742  1891  1905 I GnssLocationProvider: WakeLock released by handleMessage(REPORT_SV_STATUS, 0, com.android.server.location.GnssLocationProvider$SvStatusInfo@f878772)
02-26 14:06:08.115  1891  1906 W ActivityManager: Launch timeout has expired, giving up wake lock!
02-26 14:06:08.118  1891  1905 E memtrack: Couldn't load memtrack module
02-26 14:06:08.118  1891  1905 W android.os.Debug: failed to get memory consumption info: -1
02-26 14:06:08.742  1891  1960 I GnssLocationProvider: WakeLock acquired by sendMessage(REPORT_SV_STATUS, 0, com.android.server.location.GnssLocationProvider$SvStatusInfo@c2597c3)
02-26 14:06:08.743  1891  1905 I GnssLocationProvider: WakeLock released by handleMessage(REPORT_SV_STATUS, 0, com.android.server.location.GnssLocationProvider$SvStatusInfo@c2597c3)
02-26 14:06:09.742  1891  1960 I GnssLocationProvider: WakeLock acquired by sendMessage(REPORT_SV_STATUS, 0, com.android.server.location.GnssLocationProvider$SvStatusInfo@4113840)
02-26 14:06:09.743  1891  1905 I GnssLocationProvider: WakeLock released by handleMessage(REPORT_SV_STATUS, 0, com.android.server.location.GnssLocationProvider$SvStatusInfo@4113840)
02-26 14:06:10.743  1891  1960 I GnssLocationProvider: WakeLock acquired by sendMessage(REPORT_SV_STATUS, 0, com.android.server.location.GnssLocationProvider$SvStatusInfo@bf8a379)
02-26 14:06:10.743  1891  1905 I GnssLocationProvider: WakeLock released by handleMessage(REPORT_SV_STATUS, 0, com.android.server.location.GnssLocationProvider$SvStatusInfo@bf8a379)
02-26 14:06:11.574  1891  1977 I InputDispatcher: Dropping event because there is no touchable window at (453, 773).
02-26 14:06:11.742  1891  1960 I GnssLocationProvider: WakeLock acquired by sendMessage(REPORT_SV_STATUS, 0, com.android.server.location.GnssLocationProvider$SvStatusInfo@342a8be)
02-26 14:06:11.742  1891  1905 I GnssLocationProvider: WakeLock released by handleMessage(REPORT_SV_STATUS, 0, com.android.server.location.GnssLocationProvider$SvStatusInfo@342a8be)
02-26 14:06:12.743  1891  1960 I GnssLocationProvider: WakeLock acquired by sendMessage(REPORT_SV_STATUS, 0, com.android.server.location.GnssLocationProvider$SvStatusInfo@3bfed1f)
02-26 14:06:12.743  1891  1905 I GnssLocationProvider: WakeLock released by handleMessage(REPORT_SV_STATUS, 0, com.android.server.location.GnssLocationProvider$SvStatusInfo@3bfed1f)
02-26 14:06:12.942  1891  1910 E BatteryExternalStatsWorker: no controller energy info supplied for wifi
02-26 14:06:13.743  1891  1960 I GnssLocationProvider: WakeLock acquired by sendMessage(REPORT_SV_STATUS, 0, com.android.server.location.GnssLocationProvider$SvStatusInfo@7f1986c)
02-26 14:06:13.743  1891  1905 I GnssLocationProvider: WakeLock released by handleMessage(REPORT_SV_STATUS, 0, com.android.server.location.GnssLocationProvider$SvStatusInfo@7f1986c)
02-26 14:06:14.743  1891  1960 I GnssLocationProvider: WakeLock acquired by sendMessage(REPORT_SV_STATUS, 0, com.android.server.location.GnssLocationProvider$SvStatusInfo@dd6fe35)
02-26 14:06:14.743  1891  1905 I GnssLocationProvider: WakeLock released by handleMessage(REPORT_SV_STATUS, 0, com.android.server.location.GnssLocationProvider$SvStatusInfo@dd6fe35)
02-26 14:06:15.743  1891  1960 I GnssLocationProvider: WakeLock acquired by sendMessage(REPORT_SV_STATUS, 0, com.android.server.location.GnssLocationProvider$SvStatusInfo@7fc92ca)
02-26 14:06:15.743  1891  1905 I GnssLocationProvider: WakeLock released by handleMessage(REPORT_SV_STATUS, 0, com.android.server.location.GnssLocationProvider$SvStatusInfo@7fc92ca)
02-26 14:06:15.765  1891  1907 D AutofillManagerService: onBackKeyPressed()
02-26 14:06:16.743  1891  1960 I GnssLocationProvider: WakeLock acquired by sendMessage(REPORT_SV_STATUS, 0, com.android.server.location.GnssLocationProvider$SvStatusInfo@295cf58)
02-26 14:06:16.743  1891  1905 I GnssLocationProvider: WakeLock released by handleMessage(REPORT_SV_STATUS, 0, com.android.server.location.GnssLocationProvider$SvStatusInfo@295cf58)
02-26 14:06:17.743  1891  1960 I GnssLocationProvider: WakeLock acquired by sendMessage(REPORT_SV_STATUS, 0, com.android.server.location.GnssLocationProvider$SvStatusInfo@7b91196)
02-26 14:06:17.743  1891  1905 I GnssLocationProvider: WakeLock released by handleMessage(REPORT_SV_STATUS, 0, com.android.server.location.GnssLocationProvider$SvStatusInfo@7b91196)
02-26 14:06:18.743  1891  1960 I GnssLocationProvider: WakeLock acquired by sendMessage(REPORT_SV_STATUS, 0, com.android.server.location.GnssLocationProvider$SvStatusInfo@d2c6117)
02-26 14:06:18.743  1891  1905 I GnssLocationProvider: WakeLock released by handleMessage(REPORT_SV_STATUS, 0, com.android.server.location.GnssLocationProvider$SvStatusInfo@d2c6117)
02-26 14:06:18.754  1891  1905 E memtrack: Couldn't load memtrack module
02-26 14:06:18.754  1891  1905 W android.os.Debug: failed to get memory consumption info: -1
02-26 14:06:19.743  1891  1960 I GnssLocationProvider: WakeLock acquired by sendMessage(REPORT_SV_STATUS, 0, com.android.server.location.GnssLocationProvider$SvStatusInfo@448904)
02-26 14:06:19.744  1891  1905 I GnssLocationProvider: WakeLock released by handleMessage(REPORT_SV_STATUS, 0, com.android.server.location.GnssLocationProvider$SvStatusInfo@448904)
02-26 14:06:20.742  1891  1960 I GnssLocationProvider: WakeLock acquired by sendMessage(REPORT_SV_STATUS, 0, com.android.server.location.GnssLocationProvider$SvStatusInfo@c05beed)
02-26 14:06:20.742  1891  1905 I GnssLocationProvider: WakeLock released by handleMessage(REPORT_SV_STATUS, 0, com.android.server.location.GnssLocationProvider$SvStatusInfo@c05beed)
02-26 14:06:20.770  1891  1977 I InputDispatcher: Application is not responding: AppWindowToken{a6b2c85 token=Token{cbb4dfc ActivityRecord{60fbeef u0 com.twitter.android.lite/.TwitterLiteActivity t10}}}.  It has been 5006.1ms since event, 5005.5ms since wait started.  Reason: Waiting because no window has focus but there is a focused application that may eventually add a window when it finishes starting up.
02-26 14:06:16.763  1891  1907 D AutofillManagerService: onBackKeyPressed()
02-26 14:06:20.770  1891  1977 I WindowManager: Input event dispatching timed out sending to application AppWindowToken{a6b2c85 token=Token{cbb4dfc ActivityRecord{60fbeef u0 com.twitter.android.lite/.TwitterLiteActivity t10}}}.  Reason: Waiting because no window has focus but there is a focused application that may eventually add a window when it finishes starting up.
02-26 14:06:21.026  1891  1906 I system_server: libdebuggerd_client: started dumping process 12982
02-26 14:06:21.027  1763  1763 I /system/bin/tombstoned: registered intercept for pid 12982 and type kDebuggerdJavaBacktrace
02-26 14:06:21.742  1891  1960 I GnssLocationProvider: WakeLock acquired by sendMessage(REPORT_SV_STATUS, 0, com.android.server.location.GnssLocationProvider$SvStatusInfo@4353e2a)
02-26 14:06:21.742  1891  1905 I GnssLocationProvider: WakeLock released by handleMessage(REPORT_SV_STATUS, 0, com.android.server.location.GnssLocationProvider$SvStatusInfo@4353e2a)
02-26 14:06:22.743  1891  1960 I GnssLocationProvider: WakeLock acquired by sendMessage(REPORT_SV_STATUS, 0, com.android.server.location.GnssLocationProvider$SvStatusInfo@218741b)
02-26 14:06:22.744  1891  1905 I GnssLocationProvider: WakeLock released by handleMessage(REPORT_SV_STATUS, 0, com.android.server.location.GnssLocationProvider$SvStatusInfo@218741b)
02-26 14:06:23.742  1891  1960 I GnssLocationProvider: WakeLock acquired by sendMessage(REPORT_SV_STATUS, 0, com.android.server.location.GnssLocationProvider$SvStatusInfo@fabd9b8)
02-26 14:06:23.742  1891  1905 I GnssLocationProvider: WakeLock released by handleMessage(REPORT_SV_STATUS, 0, com.android.server.location.GnssLocationProvider$SvStatusInfo@fabd9b8)
02-26 14:06:24.549  1891  1910 E BatteryExternalStatsWorker: no controller energy info supplied for wifi
02-26 14:06:24.550  1891  1910 D KernelUidCpuTimeReader: Removing uids 10089-10089
02-26 14:06:24.743  1891  1960 I GnssLocationProvider: WakeLock acquired by sendMessage(REPORT_SV_STATUS, 0, com.android.server.location.GnssLocationProvider$SvStatusInfo@4d1f391)
02-26 14:06:24.744  1891  1905 I GnssLocationProvider: WakeLock released by handleMessage(REPORT_SV_STATUS, 0, com.android.server.location.GnssLocationProvider$SvStatusInfo@4d1f391)
02-26 14:06:25.743  1891  1960 I GnssLocationProvider: WakeLock acquired by sendMessage(REPORT_SV_STATUS, 0, com.android.server.location.GnssLocationProvider$SvStatusInfo@8c112f6)
02-26 14:06:25.744  1891  1905 I GnssLocationProvider: WakeLock released by handleMessage(REPORT_SV_STATUS, 0, com.android.server.location.GnssLocationProvider$SvStatusInfo@8c112f6)
02-26 14:06:25.780  1891  1977 I InputDispatcher: Dropped event because it is stale.
02-26 14:06:26.743  1891  1960 I GnssLocationProvider: WakeLock acquired by sendMessage(REPORT_SV_STATUS, 0, com.android.server.location.GnssLocationProvider$SvStatusInfo@e4036f7)
02-26 14:06:26.743  1891  1905 I GnssLocationProvider: WakeLock released by handleMessage(REPORT_SV_STATUS, 0, com.android.server.location.GnssLocationProvider$SvStatusInfo@e4036f7)
02-26 14:06:27.743  1891  1960 I GnssLocationProvider: WakeLock acquired by sendMessage(REPORT_SV_STATUS, 0, com.android.server.location.GnssLocationProvider$SvStatusInfo@c20d964)
02-26 14:06:27.743  1891  1905 I GnssLocationProvider: WakeLock released by handleMessage(REPORT_SV_STATUS, 0, com.android.server.location.GnssLocationProvider$SvStatusInfo@c20d964)
02-26 14:06:28.743  1891  1960 I GnssLocationProvider: WakeLock acquired by sendMessage(REPORT_SV_STATUS, 0, com.android.server.location.GnssLocationProvider$SvStatusInfo@39137cd)
02-26 14:06:28.743  1891  1905 I GnssLocationProvider: WakeLock released by handleMessage(REPORT_SV_STATUS, 0, com.android.server.location.GnssLocationProvider$SvStatusInfo@39137cd)
02-26 14:06:29.743  1891  1960 I GnssLocationProvider: WakeLock acquired by sendMessage(REPORT_SV_STATUS, 0, com.android.server.location.GnssLocationProvider$SvStatusInfo@9636882)
02-26 14:06:29.743  1891  1905 I GnssLocationProvider: WakeLock released by handleMessage(REPORT_SV_STATUS, 0, com.android.server.location.GnssLocationProvider$SvStatusInfo@9636882)
02-26 14:06:30.743  1891  1960 I GnssLocationProvider: WakeLock acquired by sendMessage(REPORT_SV_STATUS, 0, com.android.server.location.GnssLocationProvider$SvStatusInfo@fb74b93)
02-26 14:06:30.743  1891  1905 I GnssLocationProvider: WakeLock released by handleMessage(REPORT_SV_STATUS, 0, com.android.server.location.GnssLocationProvider$SvStatusInfo@fb74b93)
02-26 14:06:30.785  1891  1977 I InputDispatcher: Dropped event because it is stale.
02-26 14:06:30.785  1891  1977 I InputDispatcher: Dropped event because it is stale.
02-26 14:06:30.955  1920  1923 D hwcomposer: hw_composer sent 306 syncs in 60s
02-26 14:06:31.037  1763  1763 I /system/bin/tombstoned: intercept for pid 12982 and type kDebuggerdJavaBacktrace terminated: due to timeout
02-26 14:06:31.037  1891  1906 E system_server: libdebuggerd_client: failed to read response from tombstoned: timeout reached?
02-26 14:06:31.037  1891  1906 I system_server: libdebuggerd_client: started dumping process 12982
02-26 14:06:31.037  1763  1763 I /system/bin/tombstoned: registered intercept for pid 12982 and type kDebuggerdNativeBacktrace
02-26 14:06:31.037 12982 12982 I libc    : Requested dump for tid 12982 (Shutdown thread)
02-26 14:06:31.071 13092 13092 I crash_dump64: obtaining output fd from tombstoned, type: kDebuggerdNativeBacktrace
02-26 14:06:31.071  1763  1763 I /system/bin/tombstoned: received crash request for pid 12982
02-26 14:06:31.071  1763  1763 I /system/bin/tombstoned: found intercept fd 512 for pid 12982 and type kDebuggerdNativeBacktrace
02-26 14:06:31.071 13092 13092 I crash_dump64: performing dump of process 12982 (target tid = 12982)
02-26 14:06:31.146  1891  1906 I system_server: libdebuggerd_client: done dumping process 12982
02-26 14:06:31.146  1891  1906 I system_server: libdebuggerd_client: started dumping process 1891
02-26 14:06:31.146  1763  1763 I /system/bin/tombstoned: registered intercept for pid 1891 and type kDebuggerdJavaBacktrace
02-26 14:06:31.146  1891  1896 I system_server: Thread[2,tid=1896,WaitingInMainSignalCatcherLoop,Thread*=0x7099f980e000,peer=0x132409d8,"Signal Catcher"]: reacting to signal 3
02-26 14:06:31.146  1891  1896 I system_server: 
02-26 14:06:31.215  1763  1763 I /system/bin/tombstoned: received crash request for pid 1891
02-26 14:06:31.215  1763  1763 I /system/bin/tombstoned: found intercept fd 512 for pid 1891 and type kDebuggerdJavaBacktrace
02-26 14:06:31.215  1891  1896 I system_server: Wrote stack traces to '[tombstoned]'
02-26 14:06:31.215  1891  1906 I system_server: libdebuggerd_client: done dumping process 1891
02-26 14:06:31.215  1891  1906 I system_server: libdebuggerd_client: started dumping process 2565
02-26 14:06:31.215  1763  1763 I /system/bin/tombstoned: registered intercept for pid 2565 and type kDebuggerdJavaBacktrace
02-26 14:06:31.216  2565  2571 I com.android.se: Thread[3,tid=2571,WaitingInMainSignalCatcherLoop,Thread*=0x7099ffc16400,peer=0x13700020,"Signal Catcher"]: reacting to signal 3
02-26 14:06:31.216  2565  2571 I com.android.se: 
02-26 14:06:31.227  1763  1763 I /system/bin/tombstoned: received crash request for pid 2565
02-26 14:06:31.227  1763  1763 I /system/bin/tombstoned: found intercept fd 512 for pid 2565 and type kDebuggerdJavaBacktrace
02-26 14:06:31.227  2565  2571 I com.android.se: Wrote stack traces to '[tombstoned]'
02-26 14:06:31.227  1891  1906 I system_server: libdebuggerd_client: done dumping process 2565
02-26 14:06:31.227  1891  1906 I system_server: libdebuggerd_client: started dumping process 2166
02-26 14:06:31.227  1763  1763 I /system/bin/tombstoned: registered intercept for pid 2166 and type kDebuggerdJavaBacktrace
02-26 14:06:31.227  2166  2172 I m.android.phon: Thread[3,tid=2172,WaitingInMainSignalCatcherLoop,Thread*=0x7099ffc16400,peer=0x12e80218,"Signal Catcher"]: reacting to signal 3
02-26 14:06:31.227  2166  2172 I m.android.phon: 
02-26 14:06:31.244  1763  1763 I /system/bin/tombstoned: received crash request for pid 2166
02-26 14:06:31.244  1763  1763 I /system/bin/tombstoned: found intercept fd 512 for pid 2166 and type kDebuggerdJavaBacktrace
02-26 14:06:31.244  2166  2172 I m.android.phon: Wrote stack traces to '[tombstoned]'
02-26 14:06:31.244  1891  1906 I system_server: libdebuggerd_client: done dumping process 2166
02-26 14:06:31.244  1891  1906 I system_server: libdebuggerd_client: started dumping process 2041
02-26 14:06:31.244  1763  1763 I /system/bin/tombstoned: registered intercept for pid 2041 and type kDebuggerdJavaBacktrace
02-26 14:06:31.245  2041  2048 I ndroid.systemu: Thread[3,tid=2048,WaitingInMainSignalCatcherLoop,Thread*=0x7099ffc16400,peer=0x13b80088,"Signal Catcher"]: reacting to signal 3
02-26 14:06:31.245  2041  2048 I ndroid.systemu: 
02-26 14:06:31.278  1763  1763 I /system/bin/tombstoned: received crash request for pid 2041
02-26 14:06:31.278  1763  1763 I /system/bin/tombstoned: found intercept fd 512 for pid 2041 and type kDebuggerdJavaBacktrace
02-26 14:06:31.278  2041  2048 I ndroid.systemu: Wrote stack traces to '[tombstoned]'
02-26 14:06:31.278  1891  1906 I system_server: libdebuggerd_client: done dumping process 2041
02-26 14:06:31.278  1891  1906 I system_server: libdebuggerd_client: started dumping process 1648
02-26 14:06:31.278  1763  1763 I /system/bin/tombstoned: registered intercept for pid 1648 and type kDebuggerdNativeBacktrace
02-26 14:06:31.278  1648  1648 I libc    : Requested dump for tid 1648 (audioserver)
02-26 14:06:31.294 13098 13098 I crash_dump32: obtaining output fd from tombstoned, type: kDebuggerdNativeBacktrace
02-26 14:06:31.294  1763  1763 I /system/bin/tombstoned: received crash request for pid 1648
02-26 14:06:31.294  1763  1763 I /system/bin/tombstoned: found intercept fd 512 for pid 1648 and type kDebuggerdNativeBacktrace
02-26 14:06:31.294 13098 13098 I crash_dump32: performing dump of process 1648 (target tid = 1648)
02-26 14:06:31.302  1891  1906 I system_server: libdebuggerd_client: done dumping process 1648
02-26 14:06:31.302  1891  1906 I system_server: libdebuggerd_client: started dumping process 1742
02-26 14:06:31.302  1763  1763 I /system/bin/tombstoned: registered intercept for pid 1742 and type kDebuggerdNativeBacktrace
02-26 14:06:31.302  1742  1742 I libc    : Requested dump for tid 1742 (surfaceflinger)
02-26 14:06:31.309 13103 13103 I crash_dump64: obtaining output fd from tombstoned, type: kDebuggerdNativeBacktrace
02-26 14:06:31.309  1763  1763 I /system/bin/tombstoned: received crash request for pid 1742
02-26 14:06:31.309  1763  1763 I /system/bin/tombstoned: found intercept fd 512 for pid 1742 and type kDebuggerdNativeBacktrace
02-26 14:06:31.309 13103 13103 I crash_dump64: performing dump of process 1742 (target tid = 1742)
02-26 14:06:31.316  1891  1906 I system_server: libdebuggerd_client: done dumping process 1742
02-26 14:06:31.316  1891  1906 I system_server: libdebuggerd_client: started dumping process 1745
02-26 14:06:31.316  1763  1763 I /system/bin/tombstoned: registered intercept for pid 1745 and type kDebuggerdNativeBacktrace
02-26 14:06:31.316  1745  1745 I libc    : Requested dump for tid 1745 (cameraserver)
02-26 14:06:31.321 13108 13108 I crash_dump32: obtaining output fd from tombstoned, type: kDebuggerdNativeBacktrace
02-26 14:06:31.321  1763  1763 I /system/bin/tombstoned: received crash request for pid 1745
02-26 14:06:31.321  1763  1763 I /system/bin/tombstoned: found intercept fd 512 for pid 1745 and type kDebuggerdNativeBacktrace
02-26 14:06:31.321 13108 13108 I crash_dump32: performing dump of process 1745 (target tid = 1745)
02-26 14:06:31.324  1891  1906 I system_server: libdebuggerd_client: done dumping process 1745
02-26 14:06:31.324  1891  1906 I system_server: libdebuggerd_client: started dumping process 1746
02-26 14:06:31.324  1763  1763 I /system/bin/tombstoned: registered intercept for pid 1746 and type kDebuggerdNativeBacktrace
02-26 14:06:31.324  1746  1746 I libc    : Requested dump for tid 1746 (drmserver)
02-26 14:06:31.328 13114 13114 I crash_dump32: obtaining output fd from tombstoned, type: kDebuggerdNativeBacktrace
02-26 14:06:31.328  1763  1763 I /system/bin/tombstoned: received crash request for pid 1746
02-26 14:06:31.328  1763  1763 I /system/bin/tombstoned: found intercept fd 512 for pid 1746 and type kDebuggerdNativeBacktrace
02-26 14:06:31.328 13114 13114 I crash_dump32: performing dump of process 1746 (target tid = 1746)
02-26 14:06:31.330  1891  1906 I system_server: libdebuggerd_client: done dumping process 1746
02-26 14:06:31.330  1891  1906 I system_server: libdebuggerd_client: started dumping process 1750
02-26 14:06:31.330  1763  1763 I /system/bin/tombstoned: registered intercept for pid 1750 and type kDebuggerdNativeBacktrace
02-26 14:06:31.330  1750  1750 I libc    : Requested dump for tid 1750 (mediadrmserver)
02-26 14:06:31.335 13120 13120 I crash_dump32: obtaining output fd from tombstoned, type: kDebuggerdNativeBacktrace
02-26 14:06:31.335  1763  1763 I /system/bin/tombstoned: received crash request for pid 1750
02-26 14:06:31.335  1763  1763 I /system/bin/tombstoned: found intercept fd 512 for pid 1750 and type kDebuggerdNativeBacktrace
02-26 14:06:31.335 13120 13120 I crash_dump32: performing dump of process 1750 (target tid = 1750)
02-26 14:06:31.337  1891  1906 I system_server: libdebuggerd_client: done dumping process 1750
02-26 14:06:31.337  1891  1906 I system_server: libdebuggerd_client: started dumping process 1751
02-26 14:06:31.337  1763  1763 I /system/bin/tombstoned: registered intercept for pid 1751 and type kDebuggerdNativeBacktrace
02-26 14:06:31.337  1763  1763 I /system/bin/tombstoned: received crash request for pid 1751
02-26 14:06:31.337  1763  1763 I /system/bin/tombstoned: found intercept fd 512 for pid 1751 and type kDebuggerdNativeBacktrace
02-26 14:06:31.348  1891  1906 I system_server: libdebuggerd_client: done dumping process 1751
02-26 14:06:31.348  1891  1906 I system_server: libdebuggerd_client: started dumping process 1752
02-26 14:06:31.348  1763  1763 I /system/bin/tombstoned: registered intercept for pid 1752 and type kDebuggerdNativeBacktrace
02-26 14:06:31.348  1752  1752 I libc    : Requested dump for tid 1752 (mediametrics)
02-26 14:06:31.352 13126 13126 I crash_dump64: obtaining output fd from tombstoned, type: kDebuggerdNativeBacktrace
02-26 14:06:31.352  1763  1763 I /system/bin/tombstoned: received crash request for pid 1752
02-26 14:06:31.352  1763  1763 I /system/bin/tombstoned: found intercept fd 512 for pid 1752 and type kDebuggerdNativeBacktrace
02-26 14:06:31.352 13126 13126 I crash_dump64: performing dump of process 1752 (target tid = 1752)
02-26 14:06:31.354  1891  1906 I system_server: libdebuggerd_client: done dumping process 1752
02-26 14:06:31.355  1891  1906 I system_server: libdebuggerd_client: started dumping process 1753
02-26 14:06:31.355  1763  1763 I /system/bin/tombstoned: registered intercept for pid 1753 and type kDebuggerdNativeBacktrace
02-26 14:06:31.355  1753  1753 I libc    : Requested dump for tid 1753 (mediaserver)
02-26 14:06:31.359 13131 13131 I crash_dump32: obtaining output fd from tombstoned, type: kDebuggerdNativeBacktrace
02-26 14:06:31.360  1763  1763 I /system/bin/tombstoned: received crash request for pid 1753
02-26 14:06:31.360  1763  1763 I /system/bin/tombstoned: found intercept fd 512 for pid 1753 and type kDebuggerdNativeBacktrace
02-26 14:06:31.360 13131 13131 I crash_dump32: performing dump of process 1753 (target tid = 1753)
02-26 14:06:31.362  1891  1906 I system_server: libdebuggerd_client: done dumping process 1753
02-26 14:06:31.362  1891  1906 I system_server: libdebuggerd_client: started dumping process 1758
02-26 14:06:31.362  1763  1763 I /system/bin/tombstoned: registered intercept for pid 1758 and type kDebuggerdNativeBacktrace
02-26 14:06:31.363  1763  1763 I /system/bin/tombstoned: received crash request for pid 1758
02-26 14:06:31.363  1763  1763 I /system/bin/tombstoned: found intercept fd 512 for pid 1758 and type kDebuggerdNativeBacktrace
02-26 14:06:31.386  1891  1906 I system_server: libdebuggerd_client: done dumping process 1758
02-26 14:06:31.388  1891  1906 E ActivityManager: ANR in com.twitter.android.lite (com.twitter.android.lite/.TwitterLiteActivity)
02-26 14:06:31.388  1891  1906 E ActivityManager: PID: 12982
02-26 14:06:31.388  1891  1906 E ActivityManager: Reason: Input dispatching timed out (Waiting because no window has focus but there is a focused application that may eventually add a window when it finishes starting up.)
02-26 14:06:31.388  1891  1906 E ActivityManager: Load: 0.79 / 0.77 / 0.35
02-26 14:06:31.388  1891  1906 E ActivityManager: CPU usage from 0ms to 10608ms later (2023-02-26 14:06:20.778 to 2023-02-26 14:06:31.386):
02-26 14:06:31.388  1891  1906 E ActivityManager:   2.3% 1891/system_server: 0.6% user + 1.6% kernel / faults: 3024 minor 16 major
02-26 14:06:31.388  1891  1906 E ActivityManager:   0.4% 1644/android.hardware.sensors@1.0-service: 0% user + 0.3% kernel
02-26 14:06:31.388  1891  1906 E ActivityManager:   0.3% 2041/com.android.systemui: 0.2% user + 0% kernel / faults: 1946 minor
02-26 14:06:31.388  1891  1906 E ActivityManager:   0.1% 1742/surfaceflinger: 0% user + 0.1% kernel / faults: 29 minor
02-26 14:06:31.388  1891  1906 E ActivityManager:   0.1% 1758/media.codec: 0% user + 0.1% kernel / faults: 1540 minor 6 major
02-26 14:06:31.388  1891  1906 E ActivityManager:   0.1% 1920/android.hardware.graphics.composer@2.1-service: 0.1% user + 0% kernel
02-26 14:06:31.388  1891  1906 E ActivityManager:   0.1% 2166/com.android.phone: 0% user + 0% kernel / faults: 736 minor
02-26 14:06:31.388  1891  1906 E ActivityManager:   0.1% 2344/com.google.android.gms.persistent: 0.1% user + 0% kernel / faults: 18 minor
02-26 14:06:31.388  1891  1906 E ActivityManager:   0% 2565/com.android.se: 0% user + 0% kernel / faults: 669 minor
02-26 14:06:31.388  1891  1906 E ActivityManager:   0.1% 12982/com.twitter.android.lite: 0% user + 0% kernel / faults: 62 minor
02-26 14:06:31.388  1891  1906 E ActivityManager:   0% 1573/logd: 0% user + 0% kernel
02-26 14:06:31.388  1891  1906 E ActivityManager:   0% 1645/android.hardware.wifi@1.0-service: 0% user + 0% kernel
02-26 14:06:31.388  1891  1906 E ActivityManager:   0% 1648/audioserver: 0% user + 0% kernel / faults: 54 minor
02-26 14:06:31.388  1891  1906 E ActivityManager:   0% 1653/logcat: 0% user + 0% kernel
02-26 14:06:31.388  1891  1906 E ActivityManager:   0% 1751/media.extractor: 0% user + 0% kernel / faults: 862 minor 4 major
02-26 14:06:31.388  1891  1906 E ActivityManager:   0% 2612/com.google.android.apps.nexuslauncher: 0% user + 0% kernel
02-26 14:06:31.388  1891  1906 E ActivityManager:   0% 2738/com.google.process.gapps: 0% user + 0% kernel / faults: 23 minor
02-26 14:06:31.388  1891  1906 E ActivityManager:   0% 5067/kworker/u8:3: 0% user + 0% kernel
02-26 14:06:31.388  1891  1906 E ActivityManager: 1.5% TOTAL: 0.6% user + 0.6% kernel + 0.1% iowait
02-26 14:06:31.388  1891  1906 E ActivityManager: CPU usage from 10ms to 246ms later (2023-02-26 14:06:20.788 to 2023-02-26 14:06:21.024):
02-26 14:06:31.388  1891  1906 E ActivityManager:   22% 1891/system_server: 8.8% user + 13% kernel / faults: 535 minor
02-26 14:06:31.388  1891  1906 E ActivityManager:     13% 1901/HeapTaskDaemon: 8.8% user + 4.4% kernel
02-26 14:06:31.388  1891  1906 E ActivityManager:     13% 1906/ActivityManager: 0% user + 13% kernel
02-26 14:06:31.388  1891  1906 E ActivityManager: 7.2% TOTAL: 3.1% user + 4.1% kernel
02-26 14:06:31.391  1891  1906 W BroadcastQueue: Background execution not allowed: receiving Intent { act=android.intent.action.DROPBOX_ENTRY_ADDED flg=0x10 (has extras) } to com.google.android.gms/.stats.service.DropBoxEntryAddedReceiver
02-26 14:06:31.391  1891  1906 W BroadcastQueue: Background execution not allowed: receiving Intent { act=android.intent.action.DROPBOX_ENTRY_ADDED flg=0x10 (has extras) } to com.google.android.gms/.chimera.GmsIntentOperationService$PersistentTrustedReceiver
02-26 14:06:31.391  1891  1906 W BroadcastQueue: Background execution not allowed: receiving Intent { act=android.intent.action.DROPBOX_ENTRY_ADDED flg=0x10 (has extras) } to com.google.android.gms/.stats.service.DropBoxEntryAddedReceiver
02-26 14:06:31.391  1891  1906 W BroadcastQueue: Background execution not allowed: receiving Intent { act=android.intent.action.DROPBOX_ENTRY_ADDED flg=0x10 (has extras) } to com.google.android.gms/.chimera.GmsIntentOperationService$PersistentTrustedReceiver
02-26 14:06:31.394  1891  1906 W BroadcastQueue: Background execution not allowed: receiving Intent { act=android.intent.action.DROPBOX_ENTRY_ADDED flg=0x10 (has extras) } to com.google.android.gms/.stats.service.DropBoxEntryAddedReceiver
02-26 14:06:31.394  1891  1906 W BroadcastQueue: Background execution not allowed: receiving Intent { act=android.intent.action.DROPBOX_ENTRY_ADDED flg=0x10 (has extras) } to com.google.android.gms/.chimera.GmsIntentOperationService$PersistentTrustedReceiver
