03-07 15:36:11.528  2238  2591 I Icing   : IndexChimeraService.getServiceInterface callingPackage=com.google.android.music componentName=null serviceId=36
03-07 15:36:11.530  2238  2591 I Icing   : IndexChimeraService.getServiceInterface callingPackage=com.google.android.music componentName=null serviceId=36
03-07 15:36:11.532  2238  2591 I Icing   : IndexChimeraService.getServiceInterface callingPackage=com.google.android.music componentName=null serviceId=36
03-07 15:36:11.535  2238  2591 I Icing   : IndexChimeraService.getServiceInterface callingPackage=com.google.android.music componentName=null serviceId=36
03-07 15:36:11.537  2238  2591 I Icing   : IndexChimeraService.getServiceInterface callingPackage=com.google.android.music componentName=null serviceId=36
03-07 15:36:11.538  2238  4520 I Icing   : Indexing done com.google.android.music-songs
03-07 15:36:11.538  2238  4520 I Icing   : Indexing com.google.android.music-albums from com.google.android.music
03-07 15:36:11.543  2238  4520 I Icing   : Indexing done com.google.android.music-albums
03-07 15:36:11.544  2238  4520 I Icing   : Indexing com.google.android.music-artists from com.google.android.music
03-07 15:36:11.545  2238  4188 I Vision  : Requesting optional module download of ocr.
03-07 15:36:11.545  2238  4188 I Vision  : Checking for download completion for 61432 -- ocr
03-07 15:36:11.548  2238  4520 I Icing   : Indexing done com.google.android.music-artists
03-07 15:36:11.548  2238  4520 I Icing   : Indexing com.google.android.music-playlists from com.google.android.music
03-07 15:36:11.552  2238  4520 I Icing   : Indexing done com.google.android.music-playlists
03-07 15:36:11.552  2238  4520 I Icing   : Indexing com.google.android.music-top_albums from com.google.android.music
03-07 15:36:11.556  2238  4520 I Icing   : Indexing done com.google.android.music-top_albums
03-07 15:36:11.556  2238  4520 I Icing   : Indexing com.google.android.music-top_artists from com.google.android.music
03-07 15:36:11.560  2238  4520 I Icing   : Indexing done com.google.android.music-top_artists
03-07 15:36:11.560  2238  4520 I Icing   : Indexing com.google.android.music-top_tracks from com.google.android.music
03-07 15:36:11.563  2238  4520 I Icing   : Indexing done com.google.android.music-top_tracks
03-07 15:36:11.564  2238  4520 W Icing   : No valid account for uploading user actions
03-07 15:36:11.565  2238  4520 I Icing   : Usage reports ok 0, Failed Usage reports 0, indexed 0, rejected 0
03-07 15:36:11.566  2238  4520 W Icing   : No valid account for uploading user actions
03-07 15:36:11.567  2238  4520 I Icing   : Usage reports ok 0, Failed Usage reports 0, indexed 0, rejected 0
03-07 15:36:11.567  2238  4520 W Icing   : No valid account for uploading user actions
03-07 15:36:11.568  2238  4520 I Icing   : Usage reports ok 0, Failed Usage reports 0, indexed 0, rejected 0
03-07 15:36:11.568  2238  4520 W Icing   : No valid account for uploading user actions
03-07 15:36:11.570  2238  4520 I Icing   : Usage reports ok 0, Failed Usage reports 0, indexed 0, rejected 0
03-07 15:36:11.570  2238  4520 W Icing   : No valid account for uploading user actions
03-07 15:36:11.571  2238  4520 I Icing   : Usage reports ok 0, Failed Usage reports 0, indexed 0, rejected 0
03-07 15:36:11.571  2238  4520 W Icing   : No valid account for uploading user actions
03-07 15:36:11.572  2238  4520 I Icing   : Usage reports ok 0, Failed Usage reports 0, indexed 0, rejected 0
03-07 15:36:21.554  2238  4527 I Vision  : Requesting optional module download of ocr.
03-07 15:36:21.554  2238  4527 I Vision  : Checking for download completion for 71440 -- ocr
03-07 15:36:31.555  1725  1749 I ActivityManager: Killing 3863:com.google.android.apps.maps/u0a57 (adj 906): empty #17
03-07 15:36:31.561  2238  4529 I Vision  : Requesting optional module download of ocr.
03-07 15:36:31.561  2238  4529 I Vision  : Checking for download completion for 81447 -- ocr
03-07 15:36:31.646  1725  2067 D ActivityManager: cleanUpApplicationRecord -- 3863
03-07 15:36:31.648  1725  2067 I ActivityManager: Killing 3703:com.google.android.youtube/u0a76 (adj 906): empty #17
03-07 15:36:31.704  1725  2374 D ActivityManager: cleanUpApplicationRecord -- 3703
03-07 15:36:31.704  1725  2396 D ConnectivityService: ConnectivityService NetworkRequestInfo binderDied(NetworkRequest [ LISTEN id=9, [ Capabilities: INTERNET&NOT_RESTRICTED&TRUSTED&FOREGROUND] ], android.os.BinderProxy@33f15bd)
03-07 15:36:31.705  1725  1833 E ConnectivityService: RemoteException caught trying to send a callback msg for NetworkRequest [ LISTEN id=9, [ Capabilities: INTERNET&NOT_RESTRICTED&TRUSTED&FOREGROUND] ]
03-07 15:36:35.156  1725  1765 I ActivityManager: Killing 3269:com.google.android.apps.messaging/u0a66 (adj 906): empty #17
03-07 15:36:35.214  1725  1747 D ActivityManager: cleanUpApplicationRecord -- 3269
03-07 15:36:36.316  2033  3228 I OmtpVvmCarrierCfgHlpr: OmtpEvent:CONFIG_STATUS_SMS_TIME_OUT
03-07 15:36:36.317  2033  2033 I RetryPolicy: discarding deferred status: configuration_state=4
03-07 15:36:36.318  2033  2033 D VvmTaskScheduler: No more tasks, stopping service if no task are added in 5000 millis
03-07 15:36:36.319  2033  2033 D VvmTaskScheduler: create task:com.android.phone.vvm.omtp.ActivationTask
03-07 15:36:36.319  2033  2033 D RetryPolicy: retry #1 for com.android.phone.vvm.omtp.ActivationTask@d15ebe3 queued, executing in 5000
03-07 15:36:36.320  2033  2033 D VvmTaskScheduler: minimal wait time:4999
03-07 15:36:36.321  2033  2033 D VvmTaskScheduler: minimal wait time:4998
03-07 15:36:41.323  2033  3228 V VvmTaskScheduler: executing task com.android.phone.vvm.omtp.ActivationTask@d15ebe3
03-07 15:36:41.337  2033  3228 I VvmActivationTask: VVM content provider configured - vvm_type_cvvm
03-07 15:36:41.337  2033  3228 I OmtpVvmCarrierCfgHlpr: OmtpEvent:CONFIG_ACTIVATING
03-07 15:36:41.341  2033  3228 V OmtpMessageSender: Sending BINARY sms 'Activate:dt=15' to 122:1808
03-07 15:36:41.343  2033  2033 D VvmStatusSmsFetcher: Request SMS successfully sent
03-07 15:36:41.564  4533  4533 W art     : Unexpected CPU variant for X86 using defaults: x86_64
03-07 15:36:41.570  1725  1749 I ActivityManager: Start proc 4533:com.google.android.apps.wallpaper/u0a72 for broadcast com.google.android.apps.wallpaper/.module.DailyLoggingAlarmReceiver
03-07 15:36:41.574  4533  4533 W System  : ClassLoader referenced unknown path: /system/app/WallpaperPickerGooglePrebuilt/lib/x86_64
03-07 15:36:41.585  2238  4529 I Vision  : Requesting optional module download of ocr.
03-07 15:36:41.585  2238  4529 I Vision  : Checking for download completion for 91472 -- ocr
03-07 15:36:50.435  2441  2441 I GrammarCompilationSvcCt: #startService for null, APP_NAMES.
03-07 15:36:50.442  2441  4552 I ContextCompilationHandl: Compiling grammar for: en-US, type=APP_NAMES
03-07 15:36:50.445  2441  4552 I ContextCompilationHandl: No grammar compilation resources for VOICE_ACTIONS_COMPILER, aborting. 
03-07 15:36:51.589  2238  4554 I Vision  : Requesting optional module download of ocr.
03-07 15:36:51.590  2238  4554 I Vision  : Exceeded maximum feature download tries for ocr
03-07 15:36:51.590  2238  4554 W Vision  : Request of optional module download of ocr failed.
03-07 15:36:51.590  2238  4554 I Vision  : Checking for download completion for 101476 -- ocr
03-07 15:36:51.604  1873  2782 I NetworkScheduler.Stats: Task com.google.android.gms/com.google.android.gms.auth.account.be.legacy.AuthCronService started execution. cause:4 exec_start_elapsed_seconds: 91 [CONTEXT service_id=218 ]
03-07 15:36:51.957  1873  2636 E GmsTaskScheduler: sendWakeUpEvent called on SchedulerClientBroadcastStrategy
03-07 15:36:51.994  1873  2770 I Auth    : [ReflectiveChannelBinder] Successfully bound channel!
03-07 15:36:52.009  1873  2770 W Conscrypt: Could not set socket write timeout: java.net.SocketException: Socket closed
03-07 15:36:52.009  1873  2770 W Conscrypt: 	at com.google.android.gms.org.conscrypt.Platform.setSocketWriteTimeout(:com.google.android.gms@202414023@20.24.14 (040800-319035315):2)
03-07 15:36:52.009  1873  2770 W Conscrypt: 	at com.google.android.gms.org.conscrypt.ConscryptFileDescriptorSocket.setSoWriteTimeout(:com.google.android.gms@202414023@20.24.14 (040800-319035315):0)
03-07 15:36:52.018  1873  2770 W Conscrypt: Could not set socket write timeout: java.net.SocketException: Socket closed
03-07 15:36:52.018  1873  2770 W Conscrypt: 	at com.google.android.gms.org.conscrypt.Platform.setSocketWriteTimeout(:com.google.android.gms@202414023@20.24.14 (040800-319035315):2)
03-07 15:36:52.018  1873  2770 W Conscrypt: 	at com.google.android.gms.org.conscrypt.ConscryptFileDescriptorSocket.setSoWriteTimeout(:com.google.android.gms@202414023@20.24.14 (040800-319035315):0)
03-07 15:36:52.029  1873  2770 E GmsTaskScheduler: sendWakeUpEvent called on SchedulerClientBroadcastStrategy
03-07 15:36:52.031  1873  2770 W GLSUser : [AppCertManager] IOException while requesting key: 
03-07 15:36:52.031  1873  2770 W GLSUser : java.io.IOException: Invalid device key response.
03-07 15:36:52.031  1873  2770 W GLSUser : 	at hwy.a(:com.google.android.gms@202414023@20.24.14 (040800-319035315):49)
03-07 15:36:52.031  1873  2770 W GLSUser : 	at hww.a(:com.google.android.gms@202414023@20.24.14 (040800-319035315):45)
03-07 15:36:52.031  1873  2770 W GLSUser : 	at hwr.a(:com.google.android.gms@202414023@20.24.14 (040800-319035315):0)
03-07 15:36:52.031  1873  2770 W GLSUser : 	at hwu.a(:com.google.android.gms@202414023@20.24.14 (040800-319035315):10)
03-07 15:36:52.031  1873  2770 W GLSUser : 	at gbi.call(:com.google.android.gms@202414023@20.24.14 (040800-319035315):0)
03-07 15:36:52.031  1873  2770 W GLSUser : 	at java.util.concurrent.FutureTask.run(FutureTask.java:237)
03-07 15:36:52.031  1873  2770 W GLSUser : 	at soy.b(:com.google.android.gms@202414023@20.24.14 (040800-319035315):12)
03-07 15:36:52.031  1873  2770 W GLSUser : 	at soy.run(:com.google.android.gms@202414023@20.24.14 (040800-319035315):7)
03-07 15:36:52.031  1873  2770 W GLSUser : 	at java.util.concurrent.ThreadPoolExecutor.runWorker(ThreadPoolExecutor.java:1133)
03-07 15:36:52.031  1873  2770 W GLSUser : 	at java.util.concurrent.ThreadPoolExecutor$Worker.run(ThreadPoolExecutor.java:607)
03-07 15:36:52.031  1873  2770 W GLSUser : 	at sux.run(:com.google.android.gms@202414023@20.24.14 (040800-319035315):0)
03-07 15:36:52.031  1873  2770 W GLSUser : 	at java.lang.Thread.run(Thread.java:761)
03-07 15:36:52.032  1873  2782 I NetworkScheduler.Stats: Task com.google.android.gms/com.google.android.gms.auth.account.be.legacy.AuthCronService finished executing. cause:4 result: 3 elapsed_millis: 435 uptime_millis: 435 exec_start_elapsed_seconds: 91 [CONTEXT service_id=218 ]
03-07 15:36:52.043  1873  2783 I NetworkScheduler.Stats: Task com.google.android.gms/com.google.android.gms.clearcut.uploader.QosUploaderService started execution. cause:5 exec_start_elapsed_seconds: 91 [CONTEXT service_id=218 ]
03-07 15:36:52.044  1873  2782 I NetworkScheduler.Stats: Task com.google.android.gms/com.google.android.gms.clearcut.uploader.QosUploaderService started execution. cause:5 exec_start_elapsed_seconds: 91 [CONTEXT service_id=218 ]
03-07 15:36:52.056  1873  2636 I NetworkScheduler.Stats: Task com.google.android.gms/com.google.android.gms.clearcut.uploader.QosUploaderService finished executing. cause:5 result: 1 elapsed_millis: 19 uptime_millis: 19 exec_start_elapsed_seconds: 91 [CONTEXT service_id=218 ]
03-07 15:36:52.066  1873  2782 I NetworkScheduler.Stats: Task com.google.android.gms/com.google.android.gms.chimera.container.ConfigService started execution. cause:5 exec_start_elapsed_seconds: 91 [CONTEXT service_id=218 ]
03-07 15:36:52.068  2238  2626 I ChimeraConfigurator: Starting update, reason: 1 urgentFeatures: 
03-07 15:36:52.072  2238  2626 E ConfigFileUtils: Failed to read config file: /data/user_de/0/com.google.android.gms/app_chimera/next_container.pb (No such file or directory)
03-07 15:36:52.086  2238  2626 I ChmraDebugLogger: [73] 1801
03-07 15:36:52.086  2238  2626 I ChmraDebugLogger: [30] [VisionOcrDynamite.integ:223610901000800] permitMetered=false,[Pay.optional:202414020000] permitMetered=true,
03-07 15:36:52.088  2238  2626 I ChimeraConfigService: Scheduling checkin for one-off execution between [3300,43200] seconds from now (1678174612088)
03-07 15:36:52.091  2238  2626 I ChimeraConfigService: Scheduling checkin every 43200 seconds, with flex of 1800 seconds
03-07 15:36:52.093  1873  2782 I NetworkScheduler.Stats: Task com.google.android.gms/com.google.android.gms.chimera.container.ConfigService finished executing. cause:5 result: 2 elapsed_millis: 31 uptime_millis: 31 exec_start_elapsed_seconds: 91 [CONTEXT service_id=218 ]
03-07 15:36:52.112  1873  2636 I NetworkScheduler.Stats: Task com.google.android.gms/com.google.android.gms.telephonyspam.sync.SpamListSyncTaskService started execution. cause:5 exec_start_elapsed_seconds: 91 [CONTEXT service_id=218 ]
03-07 15:36:52.112  2238  4520 I TelephonySpam: TelephonySpamChimeraService - Running Telephony Spam Chimera Service
03-07 15:36:52.112  2238  4520 I TelephonySpam: TelephonySpamChimeraService - Cleaning SIP Header local table of old entries
03-07 15:36:52.113  2238  4520 I TelephonySpam: SpamListSync - Call spam module disabled. Skipping cleaning cache sip header table.
03-07 15:36:52.113  2238  4520 I TelephonySpam: TelephonySpamChimeraService - Syncing Call Spam List
03-07 15:36:52.113  2238  4520 I TelephonySpam: SpamListSync - SpamListSyncChimeraService.syncSpamList called with tag: telephonyspam.SpamListSyncOneOffTask, extras: Bundle[{SpamList Type=0, Action=1.0}]
03-07 15:36:52.113  2238  4520 I TelephonySpam: SpamListSync - Call spam module disabled. Skipping spam list syncing.
03-07 15:36:52.113  1873  2782 I NetworkScheduler.Stats: Task com.google.android.gms/com.google.android.gms.telephonyspam.sync.SpamListSyncTaskService finished executing. cause:5 result: 1 elapsed_millis: 5 uptime_millis: 5 exec_start_elapsed_seconds: 91 [CONTEXT service_id=218 ]
03-07 15:36:52.153  1873  2783 W Conscrypt: Could not set socket write timeout: java.net.SocketException: Socket closed
03-07 15:36:52.153  1873  2783 W Conscrypt: 	at com.google.android.gms.org.conscrypt.Platform.setSocketWriteTimeout(:com.google.android.gms@202414023@20.24.14 (040800-319035315):2)
03-07 15:36:52.153  1873  2783 W Conscrypt: 	at com.google.android.gms.org.conscrypt.ConscryptFileDescriptorSocket.setSoWriteTimeout(:com.google.android.gms@202414023@20.24.14 (040800-319035315):0)
03-07 15:36:52.159  1873  2783 W Conscrypt: Could not set socket write timeout: java.net.SocketException: Socket closed
03-07 15:36:52.159  1873  2783 W Conscrypt: 	at com.google.android.gms.org.conscrypt.Platform.setSocketWriteTimeout(:com.google.android.gms@202414023@20.24.14 (040800-319035315):2)
03-07 15:36:52.159  1873  2783 W Conscrypt: 	at com.google.android.gms.org.conscrypt.ConscryptFileDescriptorSocket.setSoWriteTimeout(:com.google.android.gms@202414023@20.24.14 (040800-319035315):0)
03-07 15:36:52.283  1873  2783 E GmsTaskScheduler: sendWakeUpEvent called on SchedulerClientBroadcastStrategy
03-07 15:36:52.423  1873  2783 E GmsTaskScheduler: sendWakeUpEvent called on SchedulerClientBroadcastStrategy
03-07 15:36:52.442  1873  2783 I CCTUploader: Failed to get auth token for log sources [[HANGOUT_LOG_REQUEST]] because the account doesn't exist on the device.
03-07 15:36:52.461  1873  2783 W Conscrypt: Could not set socket write timeout: java.net.SocketException: Socket closed
03-07 15:36:52.461  1873  2783 W Conscrypt: 	at com.google.android.gms.org.conscrypt.Platform.setSocketWriteTimeout(:com.google.android.gms@202414023@20.24.14 (040800-319035315):2)
03-07 15:36:52.462  1873  2783 W Conscrypt: 	at com.google.android.gms.org.conscrypt.ConscryptFileDescriptorSocket.setSoWriteTimeout(:com.google.android.gms@202414023@20.24.14 (040800-319035315):0)
03-07 15:36:52.468  1873  2783 W Conscrypt: Could not set socket write timeout: java.net.SocketException: Socket closed
03-07 15:36:52.468  1873  2783 W Conscrypt: 	at com.google.android.gms.org.conscrypt.Platform.setSocketWriteTimeout(:com.google.android.gms@202414023@20.24.14 (040800-319035315):2)
03-07 15:36:52.468  1873  2783 W Conscrypt: 	at com.google.android.gms.org.conscrypt.ConscryptFileDescriptorSocket.setSoWriteTimeout(:com.google.android.gms@202414023@20.24.14 (040800-319035315):0)
03-07 15:36:52.559  1873  2783 E GmsTaskScheduler: sendWakeUpEvent called on SchedulerClientBroadcastStrategy
03-07 15:36:52.567  1873  2636 I NetworkScheduler.Stats: Task com.google.android.gms/com.google.android.gms.clearcut.uploader.QosUploaderService finished executing. cause:5 result: 1 elapsed_millis: 524 uptime_millis: 524 exec_start_elapsed_seconds: 91 [CONTEXT service_id=218 ]
03-07 15:37:01.591  1725  1749 I ActivityManager: Killing 3483:com.google.android.configupdater/u0a5 (adj 906): empty #17
03-07 15:37:01.599  2238  4572 I Vision  : Requesting optional module download of ocr.
03-07 15:37:01.606  2238  4572 I Vision  : Checking for download completion for 111492 -- ocr
03-07 15:37:01.608  2238  4572 I ChimeraConfigurator: Starting update, reason: 4 urgentFeatures: vision.ocr:-1
03-07 15:37:01.609  2238  4572 E ConfigFileUtils: Failed to read config file: /data/user_de/0/com.google.android.gms/app_chimera/next_container.pb (No such file or directory)
03-07 15:37:01.628  2238  4572 I ChmraDebugLogger: [73] 1801
03-07 15:37:01.628  2238  4572 I ChmraDebugLogger: [30] [VisionOcrDynamite.integ:223610901000800] permitMetered=true,
03-07 15:37:01.630  2238  4572 W ChimeraConfigService: Retry attempt was throttled.
03-07 15:37:01.673  1725  2396 D ActivityManager: cleanUpApplicationRecord -- 3483
