--------- beginning of system
03-08 10:41:13.723  1725  1739 W InputMethodInfo: Duplicated subtype definition found: , voice
03-08 10:41:13.780  1725  2659 W ActivityManager: Unable to start service Intent { act=com.google.android.gms.auth.key.retrieval.service.START pkg=com.google.android.gms } U=0: not found
03-08 10:41:13.780  1725  1766 W ActivityManager: Unbind failed: could not find connection for android.os.BinderProxy@d29c5bf
03-08 10:41:13.907  1725  2496 D VoldConnector: SND -> {42 volume remount_uid 10084 read}
03-08 10:41:13.908  1310  1345 D vold    : Remounting 10084 as mode read
03-08 10:41:13.909  1725  1780 D VoldConnector: RCV <- {200 42 Command succeeded}
03-08 10:41:14.028  1725  2494 D VoldConnector: SND -> {43 volume remount_uid 10084 write}
03-08 10:41:14.028  1310  1345 D vold    : Remounting 10084 as mode write
03-08 10:41:14.029  1725  1780 D VoldConnector: RCV <- {200 43 Command succeeded}
03-08 10:41:14.147  1725  2667 I ActivityManager: Force stopping com.twitter.android.lite appid=10084 user=0: start instr
03-08 10:41:14.157  1725  2667 I ActivityManager: Start proc 4502:com.twitter.android.lite/u0a84 for added application com.twitter.android.lite
03-08 10:41:16.390  1725  1766 I ActivityManager: Start proc 4555:com.android.chrome:webview_service/u0a37 for service com.android.chrome/org.chromium.android_webview.services.VariationsSeedServer
03-08 10:41:16.449  1725  1766 I ActivityManager: Killing 4104:com.google.android.apps.maps/u0a57 (adj 906): empty #17
03-08 10:41:16.487  1725  2658 D ActivityManager: cleanUpApplicationRecord -- 4104
03-08 10:41:17.509  1725  2658 I ActivityManager: Killing 3694:com.google.android.configupdater/u0a5 (adj 906): empty #17
03-08 10:41:17.557  1725  2658 D ActivityManager: cleanUpApplicationRecord -- 3694
03-08 10:41:17.580  2557  2674 E ActivityThread: Failed to find provider info for com.google.android.apps.gsa.testing.ui.audio.recorded
03-08 10:41:20.215  1725  1834 D ConnectivityService: handleLingerComplete for NetworkAgentInfo [MOBILE (LTE) - 100]
03-08 10:41:20.215  1725  1834 D ConnectivityService: NetworkAgentInfo [MOBILE (LTE) - 100] got DISCONNECTED, was satisfying 8
03-08 10:41:22.599  2557  2674 E ActivityThread: Failed to find provider info for com.google.android.apps.gsa.testing.ui.audio.recorded
03-08 10:41:24.126  1725  1738 I ActivityManager: START u0 {act=android.intent.action.MAIN cat=[android.intent.category.LAUNCHER] flg=0x10200000 cmp=com.android.settings/.Settings bnds=[457,182][603,358] (has extras)} from uid 10022 on display 0
03-08 10:41:24.162  1725  2496 I ActivityManager: Start proc 4622:com.android.settings/1000 for activity com.android.settings/.Settings
03-08 10:41:24.251  1725  1737 I ActivityManager: Start proc 4638:com.android.cellbroadcastreceiver/u0a4 for content provider com.android.cellbroadcastreceiver/.CellBroadcastSearchIndexableProvider
03-08 10:41:24.290  1725  1738 I ActivityManager: Start proc 4653:com.google.android.gms.ui/u0a13 for content provider com.google.android.gms/.accountsettings.content.SettingsSearchContentProvider
--------- beginning of main
03-08 10:41:24.459  4622  4669 W ProcStatsManager: No process com.android.printspooler/10069 for service com.android.printspooler.model.PrintSpoolerService
03-08 10:41:24.459  4622  4669 W ProcStatsManager: No process com.google.android.dialer/10014 for service com.google.android.apps.dialer.phenotype.ExperimentCommitService
03-08 10:41:24.459  4622  4669 W ProcStatsManager: No process com.google.android.dialer/10014 for service com.android.dialer.app.calllog.CallLogNotificationsService
03-08 10:41:24.459  4622  4669 W ProcStatsManager: No process com.google.android.dialer/10014 for service com.google.android.apps.dialer.spam.impl.SpamJobService
03-08 10:41:24.459  4622  4669 W ProcStatsManager: No process com.android.cellbroadcastreceiver/10004 for service com.android.cellbroadcastreceiver.CellBroadcastConfigService
03-08 10:41:24.459  4622  4669 W ProcStatsManager: No process system/1000 for service com.android.server.telecom.components.TelecomService
03-08 10:41:24.459  4622  4669 W ProcStatsManager: No process com.google.process.gapps/10047 for service com.google.android.syncadapters.contacts.ContactsSyncAdapterIntentService
03-08 10:41:24.459  4622  4669 W ProcStatsManager: No process com.android.keychain/1000 for service com.android.keychain.KeyChainService
03-08 10:41:24.459  4622  4669 W ProcStatsManager: No process com.android.chrome:webview_service/10037 for service org.chromium.android_webview.services.AwVariationsSeedFetcher
03-08 10:41:24.459  4622  4669 W ProcStatsManager: No process com.android.chrome:webview_service/10037 for service org.chromium.android_webview.services.VariationsSeedServer
03-08 10:41:24.459  4622  4669 W ProcStatsManager: No process com.android.chrome/10037 for service org.chromium.chrome.browser.customtabs.CustomTabsConnectionService
03-08 10:41:24.459  4622  4669 W ProcStatsManager: No process com.android.gallery3d/10046 for service com.android.gallery3d.app.PackagesMonitor$AsyncService
03-08 10:41:24.459  4622  4669 W ProcStatsManager: No process com.google.android.gms/10013 for service com.google.android.gms.gass.chimera.SchedulePeriodicTasksService
03-08 10:41:24.459  4622  4669 W ProcStatsManager: No process com.google.android.gms/10013 for service com.google.android.gms.icing.service.AppIndexingService
03-08 10:41:24.459  4622  4669 W ProcStatsManager: No process com.google.android.gms/10013 for service com.google.android.gms.udc.service.UdcContextInitService
03-08 10:41:24.459  4622  4669 W ProcStatsManager: No process com.google.android.gms/10013 for service com.google.android.gms.gcm.gmsproc.GcmInGmsTaskService
03-08 10:41:24.459  4622  4669 W ProcStatsManager: No process com.google.android.gms/10013 for service com.google.android.gms.measurement.service.MeasurementBrokerService
03-08 10:41:24.459  4622  4669 W ProcStatsManager: No process com.google.android.gms.unstable/10013 for service com.google.android.gms.droidguard.DroidGuardService
03-08 10:41:24.459  4622  4669 W ProcStatsManager: No process com.google.android.gms/10013 for service com.google.android.gms.ads.identifier.service.AdvertisingIdNotificationService
03-08 10:41:24.459  4622  4669 W ProcStatsManager: No process com.google.android.gms/10013 for service com.google.android.gms.analytics.service.AnalyticsService
03-08 10:41:24.459  4622  4669 W ProcStatsManager: No process com.google.android.gms/10013 for service com.google.android.gms.auth.authzen.GcmReceiverService
03-08 10:41:24.459  4622  4669 W ProcStatsManager: No process com.google.android.gms/10013 for service com.google.android.gms.statementservice.OperationService
03-08 10:41:24.459  4622  4669 W ProcStatsManager: No process com.google.android.gms/10013 for service com.google.android.gms.chimera.GmsBoundBrokerService
03-08 10:41:24.459  4622  4669 W ProcStatsManager: No process com.google.android.gms/10013 for service com.google.android.gms.ads.social.GcmSchedulerWakeupService
03-08 10:41:24.459  4622  4669 W ProcStatsManager: No process com.google.android.gms/10013 for service com.google.android.gms.checkin.CheckinService
03-08 10:41:24.459  4622  4669 W ProcStatsManager: No process com.google.android.gms/10013 for service com.google.android.gms.auth.api.proxy.AuthService
03-08 10:41:24.459  4622  4669 W ProcStatsManager: No process com.google.android.gms/10013 for service com.google.android.gms.security.verifier.InternalApkUploadService
03-08 10:41:24.459  4622  4669 W ProcStatsManager: No process com.google.android.gms/10013 for service com.google.android.gms.chimera.GmsIntentOperationService
03-08 10:41:24.459  4622  4669 W ProcStatsManager: No process com.google.android.gms/10013 for service com.google.android.gms.icing.service.IndexWorkerService
03-08 10:41:24.459  4622  4669 W ProcStatsManager: No process com.google.android.gms.ui/10013 for service com.google.android.gms.chimera.UiIntentOperationService
03-08 10:41:24.459  4622  4669 W ProcStatsManager: No process com.google.android.gms/10013 for service com.google.android.gms.chimera.container.FileApkChimeraService$FileApkService
03-08 10:41:24.459  4622  4669 W ProcStatsManager: No process com.google.android.gms/10013 for service com.google.android.gms.gass.GassService
03-08 10:41:24.459  4622  4669 W ProcStatsManager: No process com.google.android.gms/10013 for service com.google.android.gms.chimera.GmsInternalBoundBrokerService
03-08 10:41:24.459  4622  4669 W ProcStatsManager: No process com.google.android.gms/10013 for service com.google.android.gms.icing.service.IndexService
03-08 10:41:24.459  4622  4669 W ProcStatsManager: No process com.google.android.gms/10013 for service com.google.android.gms.chimera.container.FileApkIntentOperation$ExternalFileApkService
03-08 10:41:24.459  4622  4669 W ProcStatsManager: No process com.google.android.gms/10013 for service com.google.android.gms.checkin.CheckinApiService
03-08 10:41:24.459  4622  4669 W ProcStatsManager: No process com.google.android.gms/10013 for service com.google.android.gms.ads.identifier.service.AdvertisingIdService
03-08 10:41:24.459  4622  4669 W ProcStatsManager: No process com.google.android.gms/10013 for service com.google.android.gms.ipa.base.IpaGcmTaskService
03-08 10:41:24.459  4622  4669 W ProcStatsManager: No process com.google.android.partnersetup/10019 for service com.google.android.partnersetup.AppInstalledService
03-08 10:41:24.459  4622  4669 W ProcStatsManager: No process com.google.android.partnersetup/10019 for service com.google.android.partnersetup.ClientIdService
03-08 10:41:24.459  4622  4669 W ProcStatsManager: No process com.google.android.partnersetup/10019 for service com.google.android.partnersetup.MccFallbackService
03-08 10:41:24.459  4622  4669 W ProcStatsManager: No process com.google.android.partnersetup/10019 for service com.google.android.partnersetup.AppHiderService
03-08 10:41:24.459  4622  4669 W ProcStatsManager: No process com.google.android.partnersetup/10019 for service com.google.android.partnersetup.RlzPingIntentService
03-08 10:41:24.459  4622  4669 W ProcStatsManager: No process com.google.android.partnersetup/10019 for service com.google.android.partnersetup.MccOverrideService
03-08 10:41:24.459  4622  4669 W ProcStatsManager: No process com.google.android.partnersetup/10019 for service com.google.android.partnersetup.LauncherConfigService
03-08 10:41:24.459  4622  4669 W ProcStatsManager: No process com.google.android.videos/10071 for service com.google.android.videos.service.pinning.TransferService
03-08 10:41:24.459  4622  4669 W ProcStatsManager: No process com.google.android.apps.nexuslauncher:wallpaper_chooser/10022 for service com.android.launcher3.dynamicui.ColorExtractionService
03-08 10:41:24.459  4622  4669 W ProcStatsManager: No process com.google.android.apps.photos/10065 for service com.google.android.apps.photos.jobscheduler.PhotosJobSchedulerService
03-08 10:41:24.459  4622  4669 W ProcStatsManager: No process com.google.android.apps.photos/10065 for service com.google.android.apps.photos.actionqueue.OnlineActionService
03-08 10:41:24.459  4622  4669 W ProcStatsManager: No process com.google.android.apps.photos/10065 for service com.google.android.libraries.social.notifications.service.GunsService
03-08 10:41:24.459  4622  4669 W ProcStatsManager: No process com.google.android.apps.photos/10065 for service com.google.android.apps.photos.mediamonitor.MediaMonitorJobSchedulerService
03-08 10:41:24.459  4622  4669 W ProcStatsManager: No process com.google.android.apps.photos/10065 for service com.google.android.apps.photos.jobqueue.JobsActionIntentService
03-08 10:41:24.459  4622  4669 W ProcStatsManager: No process com.google.android.apps.photos:CameraShortcut/10065 for service com.google.android.apps.photos.camerashortcut.CameraShortcutServiceImpl
03-08 10:41:24.459  4622  4669 W ProcStatsManager: No process com.google.android.apps.photos/10065 for service com.google.android.apps.photos.jobscheduler.CameraShortcutJobSchedulerService
03-08 10:41:24.459  4622  4669 W ProcStatsManager: No process com.google.android.apps.photos/10065 for service com.google.android.libraries.social.async.BackgroundTaskService
03-08 10:41:24.459  4622  4669 W ProcStatsManager: No process com.google.android.apps.photos/10065 for service com.google.android.apps.photos.signinprep.SignInPrepJobService
03-08 10:41:24.459  4622  4669 W ProcStatsManager: No process com.google.android.apps.photos/10065 for service com.google.android.libraries.social.mediamonitor.MediaMonitorIntentService
03-08 10:41:24.459  4622  4669 W ProcStatsManager: No process com.google.android.talk/10052 for service com.google.android.apps.hangouts.concurrent.impl.ConcurrentService
03-08 10:41:24.459  4622  4669 W ProcStatsManager: No process com.google.android.talk/10052 for service com.google.android.apps.hangouts.service.NetworkConnectionCheckingService
03-08 10:41:24.459  4622  4669 W ProcStatsManager: No process com.google.android.talk/10052 for service com.google.android.apps.hangouts.realtimechat.RealTimeChatService
03-08 10:41:24.459  4622  4669 W ProcStatsManager: No process com.google.android.talk:matchstick/10052 for service com.google.android.libraries.matchstick.net.SilentRegisterService
03-08 10:41:24.459  4622  4669 W ProcStatsManager: No process com.google.android.talk/10052 for service com.google.android.apps.hangouts.mergedcontacts.impl.MergeContactsService
03-08 10:41:24.459  4622  4669 W ProcStatsManager: No process com.google.android.talk/10052 for service com.google.android.apps.hangouts.requestwriter.RequestWriter
03-08 10:41:24.459  4622  4669 W ProcStatsManager: No process system/1000 for service com.android.location.fused.FusedLocationService
03-08 10:41:24.463  4653  4686 E BluetoothAdapter: Bluetooth binder is null
03-08 10:41:24.464  4653  4686 I ExposureNotification: Utils#isSupported enabled=true, isDeviceSupported=true, isBluetoothSupported=false, BluetoothAdapter.isMultipleAdvertisementSupported=false [CONTEXT service_id=236 ]
03-08 10:41:24.465  4653  4686 I ExposureNotification: Exposure notifications disabled, #showSettingsCard:true [CONTEXT service_id=236 ]
03-08 10:41:24.481  4653  4684 E MS_MS_  : Log tag MS_MatchstickSettingsOperation is longer than 23 chars.
03-08 10:41:24.481  4653  4684 I MS_MatchstickSettingsOp: isForSearchIndexing: true
03-08 10:41:24.493  4653  4685 E InstantApps: SettingsIntentOperation: No accounts
03-08 10:41:24.517  1874  2903 E auty    : Unparameterized operation failed [CONTEXT service_id=79 ]
03-08 10:41:24.517  1874  2903 E auty    : java.lang.IllegalStateException: No current tap-and-pay account
03-08 10:41:24.517  1874  2903 E auty    : 	at attq.a(:com.google.android.gms@202414023@20.24.14 (040800-319035315):5)
03-08 10:41:24.517  1874  2903 E auty    : 	at attq.a(:com.google.android.gms@202414023@20.24.14 (040800-319035315):2)
03-08 10:41:24.517  1874  2903 E auty    : 	at ausi.b(:com.google.android.gms@202414023@20.24.14 (040800-319035315):2)
03-08 10:41:24.517  1874  2903 E auty    : 	at auty.a(:com.google.android.gms@202414023@20.24.14 (040800-319035315):1)
03-08 10:41:24.517  1874  2903 E auty    : 	at aabt.run(:com.google.android.gms@202414023@20.24.14 (040800-319035315):9)
03-08 10:41:24.517  1874  2903 E auty    : 	at bnin.run(:com.google.android.gms@202414023@20.24.14 (040800-319035315):2)
03-08 10:41:24.517  1874  2903 E auty    : 	at soy.b(:com.google.android.gms@202414023@20.24.14 (040800-319035315):12)
03-08 10:41:24.517  1874  2903 E auty    : 	at soy.run(:com.google.android.gms@202414023@20.24.14 (040800-319035315):7)
03-08 10:41:24.517  1874  2903 E auty    : 	at java.util.concurrent.ThreadPoolExecutor.runWorker(ThreadPoolExecutor.java:1133)
03-08 10:41:24.517  1874  2903 E auty    : 	at java.util.concurrent.ThreadPoolExecutor$Worker.run(ThreadPoolExecutor.java:607)
03-08 10:41:24.517  1874  2903 E auty    : 	at sux.run(:com.google.android.gms@202414023@20.24.14 (040800-319035315):0)
03-08 10:41:24.517  1874  2903 E auty    : 	at java.lang.Thread.run(Thread.java:761)
03-08 10:41:24.517  1874  2903 E AsyncOperation: serviceID=79, operation=GetAllCards
03-08 10:41:24.517  1874  2903 E AsyncOperation: OperationException[Status{statusCode=Internal error, resolution=null}]
03-08 10:41:24.517  1874  2903 E AsyncOperation: 	at auty.a(:com.google.android.gms@202414023@20.24.14 (040800-319035315):2)
03-08 10:41:24.517  1874  2903 E AsyncOperation: 	at aabt.run(:com.google.android.gms@202414023@20.24.14 (040800-319035315):9)
03-08 10:41:24.517  1874  2903 E AsyncOperation: 	at bnin.run(:com.google.android.gms@202414023@20.24.14 (040800-319035315):2)
03-08 10:41:24.517  1874  2903 E AsyncOperation: 	at soy.b(:com.google.android.gms@202414023@20.24.14 (040800-319035315):12)
03-08 10:41:24.517  1874  2903 E AsyncOperation: 	at soy.run(:com.google.android.gms@202414023@20.24.14 (040800-319035315):7)
03-08 10:41:24.517  1874  2903 E AsyncOperation: 	at java.util.concurrent.ThreadPoolExecutor.runWorker(ThreadPoolExecutor.java:1133)
03-08 10:41:24.517  1874  2903 E AsyncOperation: 	at java.util.concurrent.ThreadPoolExecutor$Worker.run(ThreadPoolExecutor.java:607)
03-08 10:41:24.517  1874  2903 E AsyncOperation: 	at sux.run(:com.google.android.gms@202414023@20.24.14 (040800-319035315):0)
03-08 10:41:24.517  1874  2903 E AsyncOperation: 	at java.lang.Thread.run(Thread.java:761)
03-08 10:41:24.517  1874  2903 E AsyncOperation: Caused by: java.lang.IllegalStateException: No current tap-and-pay account
03-08 10:41:24.517  1874  2903 E AsyncOperation: 	at attq.a(:com.google.android.gms@202414023@20.24.14 (040800-319035315):5)
03-08 10:41:24.517  1874  2903 E AsyncOperation: 	at attq.a(:com.google.android.gms@202414023@20.24.14 (040800-319035315):2)
03-08 10:41:24.517  1874  2903 E AsyncOperation: 	at ausi.b(:com.google.android.gms@202414023@20.24.14 (040800-319035315):2)
03-08 10:41:24.517  1874  2903 E AsyncOperation: 	at auty.a(:com.google.android.gms@202414023@20.24.14 (040800-319035315):1)
03-08 10:41:24.517  1874  2903 E AsyncOperation: 	... 8 more
03-08 10:41:24.518  4622  4669 W StorageManager: Could not read /sys/block/mmcblk0/size
03-08 10:41:24.518  4622  4669 W StorageManager: java.io.FileNotFoundException: /sys/block/mmcblk0/size (No such file or directory)
03-08 10:41:24.518  4622  4669 W StorageManager: 	at java.io.FileInputStream.open(Native Method)
03-08 10:41:24.518  4622  4669 W StorageManager: 	at java.io.FileInputStream.<init>(FileInputStream.java:146)
03-08 10:41:24.518  4622  4669 W StorageManager: 	at java.io.FileInputStream.<init>(FileInputStream.java:99)
03-08 10:41:24.518  4622  4669 W StorageManager: 	at android.os.storage.StorageManager.readLong(StorageManager.java:944)
03-08 10:41:24.518  4622  4669 W StorageManager: 	at android.os.storage.StorageManager.getPrimaryStorageSize(StorageManager.java:935)
03-08 10:41:24.518  4622  4669 W StorageManager: 	at com.android.settings.deviceinfo.StorageSettings$SummaryProvider.updateSummary(StorageSettings.java:510)
03-08 10:41:24.518  4622  4669 W StorageManager: 	at com.android.settings.deviceinfo.StorageSettings$SummaryProvider.setListening(StorageSettings.java:502)
03-08 10:41:24.518  4622  4669 W StorageManager: 	at com.android.settings.dashboard.SummaryLoader.setListeningW(SummaryLoader.java:192)
03-08 10:41:24.518  4622  4669 W StorageManager: 	at com.android.settings.dashboard.SummaryLoader.-wrap2(SummaryLoader.java)
03-08 10:41:24.518  4622  4669 W StorageManager: 	at com.android.settings.dashboard.SummaryLoader$Worker.handleMessage(SummaryLoader.java:253)
03-08 10:41:24.518  4622  4669 W StorageManager: 	at android.os.Handler.dispatchMessage(Handler.java:102)
03-08 10:41:24.518  4622  4669 W StorageManager: 	at android.os.Looper.loop(Looper.java:154)
03-08 10:41:24.518  4622  4669 W StorageManager: 	at android.os.HandlerThread.run(HandlerThread.java:61)
03-08 10:41:24.518  4622  4669 W StorageManager: Could not read /sys/block/sda/size
03-08 10:41:24.518  4622  4669 W StorageManager: java.io.FileNotFoundException: /sys/block/sda/size (No such file or directory)
03-08 10:41:24.518  4622  4669 W StorageManager: 	at java.io.FileInputStream.open(Native Method)
03-08 10:41:24.518  4622  4669 W StorageManager: 	at java.io.FileInputStream.<init>(FileInputStream.java:146)
03-08 10:41:24.518  4622  4669 W StorageManager: 	at java.io.FileInputStream.<init>(FileInputStream.java:99)
03-08 10:41:24.518  4622  4669 W StorageManager: 	at android.os.storage.StorageManager.readLong(StorageManager.java:944)
03-08 10:41:24.518  4622  4669 W StorageManager: 	at android.os.storage.StorageManager.getPrimaryStorageSize(StorageManager.java:935)
03-08 10:41:24.518  4622  4669 W StorageManager: 	at com.android.settings.deviceinfo.StorageSettings$SummaryProvider.updateSummary(StorageSettings.java:510)
03-08 10:41:24.518  4622  4669 W StorageManager: 	at com.android.settings.deviceinfo.StorageSettings$SummaryProvider.setListening(StorageSettings.java:502)
03-08 10:41:24.518  4622  4669 W StorageManager: 	at com.android.settings.dashboard.SummaryLoader.setListeningW(SummaryLoader.java:192)
03-08 10:41:24.518  4622  4669 W StorageManager: 	at com.android.settings.dashboard.SummaryLoader.-wrap2(SummaryLoader.java)
03-08 10:41:24.518  4622  4669 W StorageManager: 	at com.android.settings.dashboard.SummaryLoader$Worker.handleMessage(SummaryLoader.java:253)
03-08 10:41:24.518  4622  4669 W StorageManager: 	at android.os.Handler.dispatchMessage(Handler.java:102)
03-08 10:41:24.518  4622  4669 W StorageManager: 	at android.os.Looper.loop(Looper.java:154)
03-08 10:41:24.518  4622  4669 W StorageManager: 	at android.os.HandlerThread.run(HandlerThread.java:61)
03-08 10:41:24.520  4622  4669 V NFC     : this device does not have NFC support
03-08 10:41:24.528  4653  4685 I CAR.DRIVINGMODE: DrivingMode Settings Indexed from the location module
03-08 10:41:24.529  4653  4684 I ExposureNotification: Utils#isSupported enabled=true, isDeviceSupported=true, isBluetoothSupported=false, BluetoothAdapter.isMultipleAdvertisementSupported=false [CONTEXT service_id=236 ]
03-08 10:41:24.529  4653  4693 E InstantApps: SettingsIntentOperation: No accounts
03-08 10:41:24.529  4653  4684 I ExposureNotification: Exposure notifications disabled, #showSettingsCard:true [CONTEXT service_id=236 ]
03-08 10:41:24.530  4653  4686 E MS_MS_  : Log tag MS_MatchstickSettingsOperation is longer than 23 chars.
03-08 10:41:24.530  4653  4686 I MS_MatchstickSettingsOp: isForSearchIndexing: true
03-08 10:41:24.530  1874  2903 E auty    : Unparameterized operation failed [CONTEXT service_id=79 ]
03-08 10:41:24.530  1874  2903 E auty    : java.lang.IllegalStateException: No current tap-and-pay account
03-08 10:41:24.530  1874  2903 E auty    : 	at attq.a(:com.google.android.gms@202414023@20.24.14 (040800-319035315):5)
03-08 10:41:24.530  1874  2903 E auty    : 	at attq.a(:com.google.android.gms@202414023@20.24.14 (040800-319035315):2)
03-08 10:41:24.530  1874  2903 E auty    : 	at ausi.b(:com.google.android.gms@202414023@20.24.14 (040800-319035315):2)
03-08 10:41:24.530  1874  2903 E auty    : 	at auty.a(:com.google.android.gms@202414023@20.24.14 (040800-319035315):1)
03-08 10:41:24.530  1874  2903 E auty    : 	at aabt.run(:com.google.android.gms@202414023@20.24.14 (040800-319035315):9)
03-08 10:41:24.530  1874  2903 E auty    : 	at bnin.run(:com.google.android.gms@202414023@20.24.14 (040800-319035315):2)
03-08 10:41:24.530  1874  2903 E auty    : 	at soy.b(:com.google.android.gms@202414023@20.24.14 (040800-319035315):12)
03-08 10:41:24.530  1874  2903 E auty    : 	at soy.run(:com.google.android.gms@202414023@20.24.14 (040800-319035315):7)
03-08 10:41:24.530  1874  2903 E auty    : 	at java.util.concurrent.ThreadPoolExecutor.runWorker(ThreadPoolExecutor.java:1133)
03-08 10:41:24.530  1874  2903 E auty    : 	at java.util.concurrent.ThreadPoolExecutor$Worker.run(ThreadPoolExecutor.java:607)
03-08 10:41:24.530  1874  2903 E auty    : 	at sux.run(:com.google.android.gms@202414023@20.24.14 (040800-319035315):0)
03-08 10:41:24.530  1874  2903 E auty    : 	at java.lang.Thread.run(Thread.java:761)
03-08 10:41:24.530  1874  2903 E AsyncOperation: serviceID=79, operation=GetAllCards
03-08 10:41:24.530  1874  2903 E AsyncOperation: OperationException[Status{statusCode=Internal error, resolution=null}]
03-08 10:41:24.530  1874  2903 E AsyncOperation: 	at auty.a(:com.google.android.gms@202414023@20.24.14 (040800-319035315):2)
03-08 10:41:24.530  1874  2903 E AsyncOperation: 	at aabt.run(:com.google.android.gms@202414023@20.24.14 (040800-319035315):9)
03-08 10:41:24.530  1874  2903 E AsyncOperation: 	at bnin.run(:com.google.android.gms@202414023@20.24.14 (040800-319035315):2)
03-08 10:41:24.530  1874  2903 E AsyncOperation: 	at soy.b(:com.google.android.gms@202414023@20.24.14 (040800-319035315):12)
03-08 10:41:24.530  1874  2903 E AsyncOperation: 	at soy.run(:com.google.android.gms@202414023@20.24.14 (040800-319035315):7)
03-08 10:41:24.530  1874  2903 E AsyncOperation: 	at java.util.concurrent.ThreadPoolExecutor.runWorker(ThreadPoolExecutor.java:1133)
03-08 10:41:24.530  1874  2903 E AsyncOperation: 	at java.util.concurrent.ThreadPoolExecutor$Worker.run(ThreadPoolExecutor.java:607)
03-08 10:41:24.530  1874  2903 E AsyncOperation: 	at sux.run(:com.google.android.gms@202414023@20.24.14 (040800-319035315):0)
03-08 10:41:24.530  1874  2903 E AsyncOperation: 	at java.lang.Thread.run(Thread.java:761)
03-08 10:41:24.530  1874  2903 E AsyncOperation: Caused by: java.lang.IllegalStateException: No current tap-and-pay account
03-08 10:41:24.530  1874  2903 E AsyncOperation: 	at attq.a(:com.google.android.gms@202414023@20.24.14 (040800-319035315):5)
03-08 10:41:24.530  1874  2903 E AsyncOperation: 	at attq.a(:com.google.android.gms@202414023@20.24.14 (040800-319035315):2)
03-08 10:41:24.530  1874  2903 E AsyncOperation: 	at ausi.b(:com.google.android.gms@202414023@20.24.14 (040800-319035315):2)
03-08 10:41:24.530  1874  2903 E AsyncOperation: 	at auty.a(:com.google.android.gms@202414023@20.24.14 (040800-319035315):1)
03-08 10:41:24.530  1874  2903 E AsyncOperation: 	... 8 more
03-08 10:41:24.554  1725  1830 D WifiNative-HAL: Failing getSupportedFeatureset because HAL isn't started
03-08 10:41:24.555  1725  2057 E BluetoothAdapter: Bluetooth binder is null
03-08 10:41:24.555  1725  2057 E BatteryStatsService: no controller energy info supplied
03-08 10:41:24.577  1725  2057 E KernelCpuSpeedReader: Failed to read cpu-freq: /sys/devices/system/cpu/cpu0/cpufreq/stats/time_in_state (No such file or directory)
03-08 10:41:24.577  1725  2057 E KernelUidCpuTimeReader: Failed to read uid_cputime: /proc/uid_cputime/show_uid_stat (No such file or directory)
03-08 10:41:24.578  1725  2057 E BatteryStatsService: modem info is invalid: ModemActivityInfo{ mTimestamp=0 mSleepTimeMs=0 mIdleTimeMs=0 mTxTimeMs[]=[0, 0, 0, 0, 0] mRxTimeMs=0 mEnergyUsed=0}
03-08 10:41:24.590  4622  4697 I IndexDatabaseHelper: Bootstrapped database
03-08 10:41:24.593  4622  4697 I IndexDatabaseHelper: Using schema version: 115
03-08 10:41:24.593  4622  4697 I IndexDatabaseHelper: Index is fine
03-08 10:41:24.600  1725  2668 D CryptdConnector: SND -> {7 cryptfs getpwtype}
03-08 10:41:24.600  1310  1346 D VoldCryptCmdListener: cryptfs getpwtype
03-08 10:41:24.600  1725  1781 D CryptdConnector: RCV <- {213 7 default}
03-08 10:41:24.601  4622  4697 W ResourceType: No package identifier when getting value for resource number 0x00000000
03-08 10:41:24.601  4622  4697 E Index   : Cannot index: com.android.settings.SecuritySettings for locale: en_US
03-08 10:41:24.601  4622  4697 E Index   : android.content.res.Resources$NotFoundException: Resource ID #0x0
03-08 10:41:24.601  4622  4697 E Index   : 	at android.content.res.ResourcesImpl.getValue(ResourcesImpl.java:190)
03-08 10:41:24.601  4622  4697 E Index   : 	at android.content.res.Resources.loadXmlResourceParser(Resources.java:2101)
03-08 10:41:24.601  4622  4697 E Index   : 	at android.content.res.Resources.getXml(Resources.java:1164)
03-08 10:41:24.601  4622  4697 E Index   : 	at com.android.settings.search.Index.indexFromResource(Index.java:848)
03-08 10:41:24.601  4622  4697 E Index   : 	at com.android.settings.search.Index.indexFromProvider(Index.java:1002)
03-08 10:41:24.601  4622  4697 E Index   : 	at com.android.settings.search.Index.indexOneResource(Index.java:815)
03-08 10:41:24.601  4622  4697 E Index   : 	at com.android.settings.search.Index.indexOneSearchIndexableData(Index.java:727)
03-08 10:41:24.601  4622  4697 E Index   : 	at com.android.settings.search.Index.-wrap4(Index.java)
03-08 10:41:24.601  4622  4697 E Index   : 	at com.android.settings.search.Index$UpdateIndexTask.processDataToUpdate(Index.java:1241)
03-08 10:41:24.601  4622  4697 E Index   : 	at com.android.settings.search.Index$UpdateIndexTask.doInBackground(Index.java:1208)
03-08 10:41:24.601  4622  4697 E Index   : 	at com.android.settings.search.Index$UpdateIndexTask.doInBackground(Index.java:1186)
03-08 10:41:24.601  4622  4697 E Index   : 	at android.os.AsyncTask$2.call(AsyncTask.java:305)
03-08 10:41:24.601  4622  4697 E Index   : 	at java.util.concurrent.FutureTask.run(FutureTask.java:237)
03-08 10:41:24.601  4622  4697 E Index   : 	at android.os.AsyncTask$SerialExecutor$1.run(AsyncTask.java:243)
03-08 10:41:24.601  4622  4697 E Index   : 	at java.util.concurrent.ThreadPoolExecutor.runWorker(ThreadPoolExecutor.java:1133)
03-08 10:41:24.601  4622  4697 E Index   : 	at java.util.concurrent.ThreadPoolExecutor$Worker.run(ThreadPoolExecutor.java:607)
03-08 10:41:24.601  4622  4697 E Index   : 	at java.lang.Thread.run(Thread.java:761)
03-08 10:41:24.643  4622  4622 D DashboardSummary: onConditionsChanged
03-08 10:41:24.643  1725  1756 I ActivityManager: Displayed com.android.settings/.Settings: +492ms
03-08 10:41:24.695  4622  4697 E BluetoothAdapter: Bluetooth binder is null
03-08 10:41:24.706  4622  4697 D Index   : Indexing locale 'en_US' took 112 millis
03-08 10:41:24.712  4622  4697 D Index   : Indexing locale 'en_US' took 1 millis
03-08 10:41:24.713  4622  4697 D Index   : Indexing locale 'en_US' took 0 millis
03-08 10:41:24.888  1355  1355 W SurfaceFlinger: couldn't log to binary event log: overflow.
03-08 10:41:27.168  1725  1857 E TaskPersister: File error accessing recents directory (directory doesn't exist?).
03-08 10:41:27.550  1431  1451 W audio_hw_generic: Not supplying enough data to HAL, expected position 307522 , only wrote 154800
03-08 10:41:27.938  1725  2667 I ActivityManager: START u0 {flg=0x8000 cmp=com.android.settings/.Settings$DeviceInfoSettingsActivity (has extras)} from uid 1000 on display 0
03-08 10:41:27.942  1431  1450 W audio_hw_generic: Not supplying enough data to HAL, expected position 154951 , only wrote 154800
03-08 10:41:27.962  4622  4622 D DeviceInfoSettings: Property 'ro.url.safetylegal' missing and no 'safetylegal' preference
03-08 10:41:27.971  4622  4696 D Index   : Indexing locale 'en_US' took 1 millis
03-08 10:41:27.974  4622  4696 D Index   : Indexing locale 'en_US' took 1 millis
03-08 10:41:28.022  4622  4667 D EGL_emulation: eglMakeCurrent: 0x7673c26420a0: ver 3 0 (tinfo 0x7673c260c360)
03-08 10:41:28.048  4622  4667 D EGL_emulation: eglMakeCurrent: 0x7673c26420a0: ver 3 0 (tinfo 0x7673c260c360)
03-08 10:41:28.051  1725  1756 I ActivityManager: Displayed com.android.settings/.Settings$DeviceInfoSettingsActivity: +111ms
03-08 10:41:28.052  4622  4667 D EGL_emulation: eglMakeCurrent: 0x7673c26420a0: ver 3 0 (tinfo 0x7673c260c360)
03-08 10:41:28.059  4622  4667 D EGL_emulation: eglMakeCurrent: 0x7673c26420a0: ver 3 0 (tinfo 0x7673c260c360)
03-08 10:41:28.077  4622  4667 D EGL_emulation: eglMakeCurrent: 0x7673c26420a0: ver 3 0 (tinfo 0x7673c260c360)
03-08 10:41:28.077  4622  4667 D OpenGLRenderer: endAllActiveAnimators on 0x7673ae195000 (RippleDrawable) with handle 0x7673b013d080
03-08 10:41:28.424  4622  4669 E BluetoothAdapter: Bluetooth binder is null
03-08 10:41:28.714  1725  1743 I ActivityManager: Waited long enough for: ServiceRecord{2331896 u0 com.google.android.gms/.statementservice.OperationService}
03-08 10:41:29.138  4622  4667 D EGL_emulation: eglMakeCurrent: 0x7673c26420a0: ver 3 0 (tinfo 0x7673c260c360)
03-08 10:41:30.979  1725  1857 E TaskPersister: File error accessing recents directory (directory doesn't exist?).
03-08 10:41:31.152  1431  1451 W audio_hw_generic: Not supplying enough data to HAL, expected position 460970 , only wrote 308880
03-08 10:41:31.257  1431  1450 W audio_hw_generic: Not supplying enough data to HAL, expected position 308930 , only wrote 308880
03-08 10:41:31.644  4622  4667 D EGL_emulation: eglMakeCurrent: 0x7673c26420a0: ver 3 0 (tinfo 0x7673c260c360)
03-08 10:41:31.684  4622  4667 D EGL_emulation: eglMakeCurrent: 0x7673c26420a0: ver 3 0 (tinfo 0x7673c260c360)
03-08 10:41:31.691  1725  1737 I NotificationService: cancelToast pkg=com.android.settings callback=android.app.ITransientNotification$Stub$Proxy@d4f31cd
03-08 10:41:31.692  1725  1737 W WindowManager: Attempted to remove non-existing token: android.os.Binder@f847515
03-08 10:41:31.738  4622  4667 D EGL_emulation: eglMakeCurrent: 0x7673c26420a0: ver 3 0 (tinfo 0x7673c260c360)
03-08 10:41:31.743  4622  4667 D EGL_emulation: eglMakeCurrent: 0x7673c26420a0: ver 3 0 (tinfo 0x7673c260c360)
03-08 10:41:31.843  1725  1738 I NotificationService: cancelToast pkg=com.android.settings callback=android.app.ITransientNotification$Stub$Proxy@32a1dc9
03-08 10:41:31.844  1725  1738 W WindowManager: Attempted to remove non-existing token: android.os.Binder@a5d64f6
03-08 10:41:31.877  4622  4667 D EGL_emulation: eglMakeCurrent: 0x7673c26420a0: ver 3 0 (tinfo 0x7673c260c360)
03-08 10:41:31.880  4622  4667 D EGL_emulation: eglMakeCurrent: 0x7673c26420a0: ver 3 0 (tinfo 0x7673c260c360)
03-08 10:41:32.115  1725  2494 I NotificationService: cancelToast pkg=com.android.settings callback=android.app.ITransientNotification$Stub$Proxy@57d37da
03-08 10:41:32.115  1725  2494 W WindowManager: Attempted to remove non-existing token: android.os.Binder@9ade9d0
03-08 10:41:32.119  4622  4637 D Index   : Deleting data for locale 'en_US' took 0 millis
03-08 10:41:32.121  1725  1953 I NotificationService: cancelToast pkg=com.android.settings callback=android.app.ITransientNotification$Stub$Proxy@9f1640b
03-08 10:41:32.121  1725  1953 W WindowManager: Attempted to remove non-existing token: android.os.Binder@ccfd2fc
03-08 10:41:32.132  4622  4637 D Index   : Indexing locale 'en_US' took 13 millis
03-08 10:41:32.171  4622  4667 D EGL_emulation: eglMakeCurrent: 0x7673c26420a0: ver 3 0 (tinfo 0x7673c260c360)
03-08 10:41:32.176  4622  4667 D EGL_emulation: eglMakeCurrent: 0x7673c26420a0: ver 3 0 (tinfo 0x7673c260c360)
03-08 10:41:33.788  1931  2196 D EGL_emulation: eglMakeCurrent: 0x7673c90c23e0: ver 3 0 (tinfo 0x7673c908f020)
03-08 10:41:33.896  4622  4669 E BluetoothAdapter: Bluetooth binder is null
03-08 10:41:33.896  4622  4697 D Index   : Indexing locale 'en_US' took 1 millis
03-08 10:41:33.902  1725  1830 D WifiNative-HAL: Failing getSupportedFeatureset because HAL isn't started
03-08 10:41:33.902  1725  2496 E BluetoothAdapter: Bluetooth binder is null
03-08 10:41:33.902  4622  4669 W ProcStatsManager: No process com.google.android.youtube/10076 for service com.google.firebase.iid.FirebaseInstanceIdService
03-08 10:41:33.902  4622  4669 W ProcStatsManager: No process com.google.android.youtube/10076 for service com.google.android.apps.youtube.app.common.ads.AdIdListenerService
03-08 10:41:33.902  4622  4669 W ProcStatsManager: No process com.google.android.youtube/10076 for service com.google.android.libraries.youtube.common.gcore.gcoreclient.gcm.impl.GcmTaskServiceDelegator
03-08 10:41:33.902  4622  4669 W ProcStatsManager: No process com.android.providers.calendar/10002 for service com.android.providers.calendar.EmptyService
03-08 10:41:33.902  4622  4669 W ProcStatsManager: No process com.android.providers.calendar/10002 for service com.android.providers.calendar.CalendarProviderIntentService
03-08 10:41:33.902  4622  4669 W ProcStatsManager: No process android.process.media/10010 for service com.android.providers.media.MediaScannerService
03-08 10:41:33.902  4622  4669 W ProcStatsManager: No process com.google.android.onetimeinitializer/10017 for service com.google.android.onetimeinitializer.OneTimeService
03-08 10:41:33.902  4622  4669 W ProcStatsManager: No process com.android.phone/1001 for service com.android.mms.service.MmsService
03-08 10:41:33.902  4622  4669 W ProcStatsManager: No process android.process.media/10010 for service com.android.providers.downloads.DownloadJobService
03-08 10:41:33.902  4622  4669 W ProcStatsManager: No process com.google.android.apps.messaging/10066 for service com.google.android.apps.messaging.shared.datamodel.action.BackgroundWorkerService
03-08 10:41:33.902  4622  4669 W ProcStatsManager: No process com.google.android.apps.messaging/10066 for service com.google.android.apps.messaging.shared.datamodel.action.ActionServiceImpl
03-08 10:41:33.902  4622  4669 W ProcStatsManager: No process com.google.android.apps.messaging/10066 for service com.google.android.apps.messaging.shared.datamodel.sticker.StickerSyncService
03-08 10:41:33.902  4622  4669 W ProcStatsManager: No process com.google.android.configupdater/10005 for service com.google.android.configupdater.CertPin.CertPinUpdateFetcherService
03-08 10:41:33.902  4622  4669 W ProcStatsManager: No process com.google.android.configupdater/10005 for service com.google.android.configupdater.SmsShortCodes.SmsShortCodesUpdateFetcherService
03-08 10:41:33.902  4622  4669 W ProcStatsManager: No process com.android.defcontainer/10008 for service com.android.defcontainer.DefaultContainerService
03-08 10:41:33.902  4622  4669 W ProcStatsManager: No process com.twitter.android.lite/10084 for service com.twitter.android.lite.notification.TwitterLiteFirebaseMessagingService
03-08 10:41:33.902  4622  4669 W ProcStatsManager: No process com.twitter.android.lite/10084 for service com.twitter.android.lite.notification.TwitterLiteFirebaseInstanceIdService
03-08 10:41:33.902  4622  4669 W ProcStatsManager: No process com.android.carrierconfig/10003 for service com.android.carrierconfig.DefaultCarrierConfigService
03-08 10:41:33.902  4622  4669 W ProcStatsManager: No process com.google.android.gm/10068 for service com.google.android.gm.GoogleMailSwitchService
03-08 10:41:33.902  4622  4669 W ProcStatsManager: No process com.google.android.gm/10068 for service com.android.mail.widget.BaseGmailWidgetProviderService
03-08 10:41:33.902  4622  4669 W ProcStatsManager: No process com.google.android.gm/10068 for service com.google.android.gm.GmailIntentService
03-08 10:41:33.902  4622  4669 W ProcStatsManager: No process com.google.android.gm/10068 for service com.android.email.service.EmailBroadcastProcessorService
03-08 10:41:33.902  4622  4669 W ProcStatsManager: No process com.google.android.gm/10068 for service com.android.exchange.service.EasService
03-08 10:41:33.902  4622  4669 W ProcStatsManager: No process com.google.android.setupwizard/10024 for service com.google.android.setupwizard.util.AddContactsIntentService
03-08 10:41:33.902  4622  4669 W ProcStatsManager: No process com.google.android.music:main/10058 for service com.google.android.music.autocache.AutoCacheSchedulingService
03-08 10:41:33.902  4622  4669 W ProcStatsManager: No process com.google.android.music:main/10058 for service com.google.android.music.download.artwork.ArtDownloadService
03-08 10:41:33.902  4622  4669 W ProcStatsManager: No process com.google.android.music:main/10058 for service com.google.android.music.store.MediaStoreImportService
03-08 10:41:33.902  4622  4669 W ProcStatsManager: No process com.google.android.music:main/10058 for service com.google.android.music.preferences.MusicPreferenceService$MusicPreferenceServiceBinder
03-08 10:41:33.902  4622  4669 W ProcStatsManager: No process com.google.android.music:main/10058 for service com.google.android.music.download.cache.StorageMigrationService
03-08 10:41:33.902  4622  4669 W ProcStatsManager: No process com.android.printspooler/10069 for service com.android.printspooler.model.PrintSpoolerService
03-08 10:41:33.902  4622  4669 W ProcStatsManager: No process com.google.android.dialer/10014 for service com.google.android.apps.dialer.phenotype.ExperimentCommitService
03-08 10:41:33.902  4622  4669 W ProcStatsManager: No process com.google.android.dialer/10014 for service com.android.dialer.app.calllog.CallLogNotificationsService
03-08 10:41:33.902  4622  4669 W ProcStatsManager: No process com.google.android.dialer/10014 for service com.google.android.apps.dialer.spam.impl.SpamJobService
03-08 10:41:33.902  4622  4669 W ProcStatsManager: No process com.android.cellbroadcastreceiver/10004 for service com.android.cellbroadcastreceiver.CellBroadcastConfigService
03-08 10:41:33.902  4622  4669 W ProcStatsManager: No process system/1000 for service com.android.server.telecom.components.TelecomService
03-08 10:41:33.902  4622  4669 W ProcStatsManager: No process com.google.process.gapps/10047 for service com.google.android.syncadapters.contacts.ContactsSyncAdapterIntentService
03-08 10:41:33.902  4622  4669 W ProcStatsManager: No process com.android.keychain/1000 for service com.android.keychain.KeyChainService
03-08 10:41:33.902  4622  4669 W ProcStatsManager: No process com.android.chrome:webview_service/10037 for service org.chromium.android_webview.services.AwVariationsSeedFetcher
03-08 10:41:33.902  4622  4669 W ProcStatsManager: No process com.android.chrome:webview_service/10037 for service org.chromium.android_webview.services.VariationsSeedServer
03-08 10:41:33.902  1725  2496 E BatteryStatsService: no controller energy info supplied
03-08 10:41:33.902  4622  4669 W ProcStatsManager: No process com.android.chrome/10037 for service org.chromium.chrome.browser.customtabs.CustomTabsConnectionService
03-08 10:41:33.902  4622  4669 W ProcStatsManager: No process com.android.gallery3d/10046 for service com.android.gallery3d.app.PackagesMonitor$AsyncService
03-08 10:41:33.902  4622  4669 W ProcStatsManager: No process com.google.android.gms/10013 for service com.google.android.gms.gass.chimera.SchedulePeriodicTasksService
03-08 10:41:33.902  4622  4669 W ProcStatsManager: No process com.google.android.gms/10013 for service com.google.android.gms.icing.service.AppIndexingService
03-08 10:41:33.902  4622  4669 W ProcStatsManager: No process com.google.android.gms/10013 for service com.google.android.gms.udc.service.UdcContextInitService
03-08 10:41:33.902  4622  4669 W ProcStatsManager: No process com.google.android.gms/10013 for service com.google.android.gms.gcm.gmsproc.GcmInGmsTaskService
03-08 10:41:33.902  4622  4669 W ProcStatsManager: No process com.google.android.gms/10013 for service com.google.android.gms.measurement.service.MeasurementBrokerService
03-08 10:41:33.902  4622  4669 W ProcStatsManager: No process com.google.android.gms.unstable/10013 for service com.google.android.gms.droidguard.DroidGuardService
03-08 10:41:33.902  4622  4669 W ProcStatsManager: No process com.google.android.gms/10013 for service com.google.android.gms.ads.identifier.service.AdvertisingIdNotificationService
03-08 10:41:33.902  4622  4669 W ProcStatsManager: No process com.google.android.gms/10013 for service com.google.android.gms.analytics.service.AnalyticsService
03-08 10:41:33.902  4622  4669 W ProcStatsManager: No process com.google.android.gms/10013 for service com.google.android.gms.auth.authzen.GcmReceiverService
03-08 10:41:33.902  4622  4669 W ProcStatsManager: No process com.google.android.gms/10013 for service com.google.android.gms.statementservice.OperationService
03-08 10:41:33.902  4622  4669 W ProcStatsManager: No process com.google.android.gms/10013 for service com.google.android.gms.chimera.GmsBoundBrokerService
03-08 10:41:33.902  4622  4669 W ProcStatsManager: No process com.google.android.gms/10013 for service com.google.android.gms.ads.social.GcmSchedulerWakeupService
03-08 10:41:33.902  4622  4669 W ProcStatsManager: No process com.google.android.gms/10013 for service com.google.android.gms.checkin.CheckinService
03-08 10:41:33.902  4622  4669 W ProcStatsManager: No process com.google.android.gms/10013 for service com.google.android.gms.auth.api.proxy.AuthService
03-08 10:41:33.902  4622  4669 W ProcStatsManager: No process com.google.android.gms/10013 for service com.google.android.gms.security.verifier.InternalApkUploadService
03-08 10:41:33.902  4622  4669 W ProcStatsManager: No process com.google.android.gms/10013 for service com.google.android.gms.chimera.GmsIntentOperationService
03-08 10:41:33.902  4622  4669 W ProcStatsManager: No process com.google.android.gms/10013 for service com.google.android.gms.icing.service.IndexWorkerService
03-08 10:41:33.902  4622  4669 W ProcStatsManager: No process com.google.android.gms.ui/10013 for service com.google.android.gms.chimera.UiIntentOperationService
03-08 10:41:33.902  4622  4669 W ProcStatsManager: No process com.google.android.gms/10013 for service com.google.android.gms.chimera.container.FileApkChimeraService$FileApkService
03-08 10:41:33.902  4622  4669 W ProcStatsManager: No process com.google.android.gms/10013 for service com.google.android.gms.gass.GassService
03-08 10:41:33.902  4622  4669 W ProcStatsManager: No process com.google.android.gms/10013 for service com.google.android.gms.chimera.GmsInternalBoundBrokerService
03-08 10:41:33.902  4622  4669 W ProcStatsManager: No process com.google.android.gms/10013 for service com.google.android.gms.icing.service.IndexService
03-08 10:41:33.902  4622  4669 W ProcStatsManager: No process com.google.android.gms/10013 for service com.google.android.gms.chimera.container.FileApkIntentOperation$ExternalFileApkService
03-08 10:41:33.902  4622  4669 W ProcStatsManager: No process com.google.android.gms/10013 for service com.google.android.gms.checkin.CheckinApiService
03-08 10:41:33.902  4622  4669 W ProcStatsManager: No process com.google.android.gms/10013 for service com.google.android.gms.ads.identifier.service.AdvertisingIdService
03-08 10:41:33.902  4622  4669 W ProcStatsManager: No process com.google.android.gms/10013 for service com.google.android.gms.ipa.base.IpaGcmTaskService
03-08 10:41:33.902  4622  4669 W ProcStatsManager: No process com.google.android.partnersetup/10019 for service com.google.android.partnersetup.AppInstalledService
03-08 10:41:33.902  4622  4669 W ProcStatsManager: No process com.google.android.partnersetup/10019 for service com.google.android.partnersetup.ClientIdService
03-08 10:41:33.902  4622  4669 W ProcStatsManager: No process com.google.android.partnersetup/10019 for service com.google.android.partnersetup.MccFallbackService
03-08 10:41:33.902  4622  4669 W ProcStatsManager: No process com.google.android.partnersetup/10019 for service com.google.android.partnersetup.AppHiderService
03-08 10:41:33.902  4622  4669 W ProcStatsManager: No process com.google.android.partnersetup/10019 for service com.google.android.partnersetup.RlzPingIntentService
03-08 10:41:33.902  4622  4669 W ProcStatsManager: No process com.google.android.partnersetup/10019 for service com.google.android.partnersetup.MccOverrideService
03-08 10:41:33.902  4622  4669 W ProcStatsManager: No process com.google.android.partnersetup/10019 for service com.google.android.partnersetup.LauncherConfigService
03-08 10:41:33.902  4622  4669 W ProcStatsManager: No process com.google.android.videos/10071 for service com.google.android.videos.service.pinning.TransferService
03-08 10:41:33.902  4622  4669 W ProcStatsManager: No process com.google.android.apps.nexuslauncher:wallpaper_chooser/10022 for service com.android.launcher3.dynamicui.ColorExtractionService
03-08 10:41:33.902  4622  4669 W ProcStatsManager: No process com.google.android.apps.photos/10065 for service com.google.android.apps.photos.jobscheduler.PhotosJobSchedulerService
03-08 10:41:33.902  4622  4669 W ProcStatsManager: No process com.google.android.apps.photos/10065 for service com.google.android.apps.photos.actionqueue.OnlineActionService
03-08 10:41:33.902  4622  4669 W ProcStatsManager: No process com.google.android.apps.photos/10065 for service com.google.android.libraries.social.notifications.service.GunsService
03-08 10:41:33.902  4622  4669 W ProcStatsManager: No process com.google.android.apps.photos/10065 for service com.google.android.apps.photos.mediamonitor.MediaMonitorJobSchedulerService
03-08 10:41:33.902  4622  4669 W ProcStatsManager: No process com.google.android.apps.photos/10065 for service com.google.android.apps.photos.jobqueue.JobsActionIntentService
03-08 10:41:33.902  4622  4669 W ProcStatsManager: No process com.google.android.apps.photos:CameraShortcut/10065 for service com.google.android.apps.photos.camerashortcut.CameraShortcutServiceImpl
03-08 10:41:33.902  4622  4669 W ProcStatsManager: No process com.google.android.apps.photos/10065 for service com.google.android.apps.photos.jobscheduler.CameraShortcutJobSchedulerService
03-08 10:41:33.902  4622  4669 W ProcStatsManager: No process com.google.android.apps.photos/10065 for service com.google.android.libraries.social.async.BackgroundTaskService
03-08 10:41:33.902  4622  4669 W ProcStatsManager: No process com.google.android.apps.photos/10065 for service com.google.android.apps.photos.signinprep.SignInPrepJobService
03-08 10:41:33.902  4622  4669 W ProcStatsManager: No process com.google.android.apps.photos/10065 for service com.google.android.libraries.social.mediamonitor.MediaMonitorIntentService
03-08 10:41:33.902  4622  4669 W ProcStatsManager: No process com.google.android.talk/10052 for service com.google.android.apps.hangouts.concurrent.impl.ConcurrentService
