03-08 10:43:34.819  2227  2666 I Icing   : IndexChimeraService.getServiceInterface callingPackage=com.android.chrome componentName=null serviceId=36
03-08 10:43:34.819  2227  2664 I Icing   : IndexChimeraService.getServiceInterface callingPackage=com.google.android.gms componentName=null serviceId=36
03-08 10:43:34.821  2227  4468 W Icing   : No valid account for uploading user actions
03-08 10:43:34.829  2227  2666 I Icing   : IndexChimeraService.getServiceInterface callingPackage=com.google.android.gms componentName=null serviceId=30
03-08 10:43:34.832  2227  4468 I Icing   : Usage reports ok 1, Failed Usage reports 0, indexed 0, rejected 0
03-08 10:43:34.832  2227  4468 W Icing   : No valid account for uploading user actions
03-08 10:43:34.833  2227  4468 I Icing   : Usage reports ok 0, Failed Usage reports 0, indexed 0, rejected 0
03-08 10:43:34.834  2227  4468 W Icing   : No valid account for uploading user actions
03-08 10:43:34.835  2227  4468 I Icing   : Usage reports ok 0, Failed Usage reports 0, indexed 0, rejected 0
03-08 10:43:34.835  2227  4468 I Icing   : Indexing com.android.chrome-omnibox from com.android.chrome
03-08 10:43:34.843  2227  4468 I Icing   : Indexing done com.android.chrome-omnibox
03-08 10:43:34.887  1725  2057 D ActivityManager: cleanUpApplicationRecord -- 2577
03-08 10:43:36.371  4502  4578 I chatty  : uid=10084(com.twitter.android.lite) AudioThread expire 2 lines
03-08 10:43:36.371  1431  4752 W AudioFlinger: createTrack_l(): mismatch between requested flags (00000008) and output flags (00000006)
03-08 10:43:36.373  4502  4811 I chatty  : uid=10084(com.twitter.android.lite) Chrome_InProcGp expire 2 lines
03-08 10:43:36.374  4502  6296 I chatty  : uid=10084(com.twitter.android.lite) expire 3 lines
03-08 10:43:36.374  1439  1920 I MediaPlayerService: MediaPlayerService::getOMX
03-08 10:43:36.374  4502  6299 I chatty  : uid=10084(com.twitter.android.lite) expire 2 lines
03-08 10:43:36.374  1436  2189 I OMXMaster: makeComponentInstance(OMX.google.h264.decoder) in mediacodec process
03-08 10:43:36.383  4502  6298 I chatty  : uid=10084(com.twitter.android.lite) expire 4 lines
03-08 10:43:36.383  1436  2190 W OMXNodeInstance: [59c002f:google.h264.decoder] component does not support metadata mode; using fallback
03-08 10:43:36.383  1436  2189 D SoftVideoDecoderOMXComponent: Color Aspects preference: 1 
03-08 10:43:36.383  1436  5036 E OMXNodeInstance: getConfig(59c002f:google.h264.decoder, ??(0x7f000003)) ERROR: UnsupportedSetting(0x80001019)
03-08 10:43:36.397  1436  6300 D SoftVideoDecoderOMXComponent: Color Aspects preference: 1 
03-08 10:43:36.406  1436  1436 E OMXNodeInstance: getConfig(59c002f:google.h264.decoder, ??(0x7f000003)) ERROR: UnsupportedSetting(0x80001019)
03-08 10:43:36.415  1355  1401 D gralloc_ranchu: gralloc_alloc: Creating ashmem region of size 786432
03-08 10:43:36.456  1355  1855 D gralloc_ranchu: gralloc_alloc: Creating ashmem region of size 786432
03-08 10:43:37.202  4502  4502 I chatty  : uid=10084(com.twitter.android.lite) expire 4 lines
03-08 10:43:39.893  4502  4821 I chatty  : uid=10084(com.twitter.android.lite) RenderThread expire 235 lines
03-08 10:43:40.196  1431  1451 W audio_hw_generic: Not supplying enough data to HAL, expected position 4194828 , only wrote 4013280
03-08 10:43:41.445  4502  4811 I chatty  : uid=10084(com.twitter.android.lite) Chrome_InProcGp expire 4 lines
03-08 10:43:41.445  4502  6347 I chatty  : uid=10084(com.twitter.android.lite) expire 2 lines
03-08 10:43:41.446  1439  1920 I MediaPlayerService: MediaPlayerService::getOMX
03-08 10:43:41.446  4502  6350 I chatty  : uid=10084(com.twitter.android.lite) expire 2 lines
03-08 10:43:41.446  1436  5036 I OMXMaster: makeComponentInstance(OMX.google.h264.decoder) in mediacodec process
03-08 10:43:41.456  4502  6349 I chatty  : uid=10084(com.twitter.android.lite) expire 4 lines
03-08 10:43:41.457  1436  1930 W OMXNodeInstance: [59c0030:google.h264.decoder] component does not support metadata mode; using fallback
03-08 10:43:41.457  1436  5036 D SoftVideoDecoderOMXComponent: Color Aspects preference: 1 
03-08 10:43:41.457  1436  2190 E OMXNodeInstance: getConfig(59c0030:google.h264.decoder, ??(0x7f000003)) ERROR: UnsupportedSetting(0x80001019)
03-08 10:43:41.478  1436  6351 D SoftVideoDecoderOMXComponent: Color Aspects preference: 1 
03-08 10:43:41.481  1436  2180 E OMXNodeInstance: getConfig(59c0030:google.h264.decoder, ??(0x7f000003)) ERROR: UnsupportedSetting(0x80001019)
03-08 10:43:41.502  1355  1371 D gralloc_ranchu: gralloc_alloc: Creating ashmem region of size 786432
03-08 10:43:41.507  1431  1450 W audio_hw_generic: Not supplying enough data to HAL, expected position 4013281 , only wrote 4013280
03-08 10:43:41.549  1355  1401 D gralloc_ranchu: gralloc_alloc: Creating ashmem region of size 786432
03-08 10:43:41.597  1439  1920 I MediaPlayerService: MediaPlayerService::getOMX
03-08 10:43:41.597  4502  6383 I chatty  : uid=10084(com.twitter.android.lite) expire 2 lines
03-08 10:43:41.597  1436  1930 I OMXMaster: makeComponentInstance(OMX.google.h264.decoder) in mediacodec process
03-08 10:43:41.598  4502  6382 I chatty  : uid=10084(com.twitter.android.lite) expire 4 lines
03-08 10:43:41.598  1436  2189 W OMXNodeInstance: [59c0031:google.h264.decoder] component does not support metadata mode; using fallback
03-08 10:43:41.599  1436  1448 D SoftVideoDecoderOMXComponent: Color Aspects preference: 1 
03-08 10:43:41.599  1436  2180 E OMXNodeInstance: getConfig(59c0031:google.h264.decoder, ??(0x7f000003)) ERROR: UnsupportedSetting(0x80001019)
03-08 10:43:41.616  1436  6384 D SoftVideoDecoderOMXComponent: Color Aspects preference: 1 
03-08 10:43:41.628  1436  1448 E OMXNodeInstance: getConfig(59c0031:google.h264.decoder, ??(0x7f000003)) ERROR: UnsupportedSetting(0x80001019)
03-08 10:43:41.633  1355  1401 D gralloc_ranchu: gralloc_alloc: Creating ashmem region of size 348160
03-08 10:43:41.688  1355  4753 D gralloc_ranchu: gralloc_alloc: Creating ashmem region of size 348160
03-08 10:43:44.662  2227  6415 I Vision  : Requesting optional module download of ocr.
03-08 10:43:44.664  2227  6415 I Vision  : Checking for download completion for 202527 -- ocr
03-08 10:43:44.665  2227  6415 I ChimeraConfigurator: Starting update, reason: 4 urgentFeatures: vision.ocr:-1
03-08 10:43:44.665  2227  6415 E ConfigFileUtils: Failed to read config file: /data/user_de/0/com.google.android.gms/app_chimera/next_container.pb (No such file or directory)
03-08 10:43:44.673  2227  6415 I ChmraDebugLogger: [73] 1801
03-08 10:43:44.674  2227  6415 I ChmraDebugLogger: [30] [VisionOcrDynamite.integ:223610901000800] permitMetered=true,
03-08 10:43:44.675  2227  6415 W ChimeraConfigService: Retry attempt was throttled.
03-08 10:43:44.685  1874  3302 I NetworkScheduler.Stats: Task com.google.android.gms/com.google.android.gms.auth.account.be.legacy.AuthCronService started execution. cause:4 exec_start_elapsed_seconds: 192 [CONTEXT service_id=218 ]
03-08 10:43:44.735  1874  2903 I Auth    : [ReflectiveChannelBinder] Successfully bound channel!
03-08 10:43:44.743  1874  2903 W Conscrypt: Could not set socket write timeout: java.net.SocketException: Socket closed
03-08 10:43:44.743  1874  2903 W Conscrypt: 	at com.google.android.gms.org.conscrypt.Platform.setSocketWriteTimeout(:com.google.android.gms@202414023@20.24.14 (040800-319035315):2)
03-08 10:43:44.743  1874  2903 W Conscrypt: 	at com.google.android.gms.org.conscrypt.ConscryptFileDescriptorSocket.setSoWriteTimeout(:com.google.android.gms@202414023@20.24.14 (040800-319035315):0)
03-08 10:43:44.749  1874  2903 W Conscrypt: Could not set socket write timeout: java.net.SocketException: Socket closed
03-08 10:43:44.749  1874  2903 W Conscrypt: 	at com.google.android.gms.org.conscrypt.Platform.setSocketWriteTimeout(:com.google.android.gms@202414023@20.24.14 (040800-319035315):2)
03-08 10:43:44.749  1874  2903 W Conscrypt: 	at com.google.android.gms.org.conscrypt.ConscryptFileDescriptorSocket.setSoWriteTimeout(:com.google.android.gms@202414023@20.24.14 (040800-319035315):0)
03-08 10:43:44.760  1874  2903 E GmsTaskScheduler: sendWakeUpEvent called on SchedulerClientBroadcastStrategy
03-08 10:43:44.762  1874  2903 W GLSUser : [AppCertManager] IOException while requesting key: 
03-08 10:43:44.762  1874  2903 W GLSUser : java.io.IOException: Invalid device key response.
03-08 10:43:44.762  1874  2903 W GLSUser : 	at hwy.a(:com.google.android.gms@202414023@20.24.14 (040800-319035315):49)
03-08 10:43:44.762  1874  2903 W GLSUser : 	at hww.a(:com.google.android.gms@202414023@20.24.14 (040800-319035315):45)
03-08 10:43:44.762  1874  2903 W GLSUser : 	at hwr.a(:com.google.android.gms@202414023@20.24.14 (040800-319035315):0)
03-08 10:43:44.762  1874  2903 W GLSUser : 	at hwu.a(:com.google.android.gms@202414023@20.24.14 (040800-319035315):10)
03-08 10:43:44.762  1874  2903 W GLSUser : 	at gbi.call(:com.google.android.gms@202414023@20.24.14 (040800-319035315):0)
03-08 10:43:44.762  1874  2903 W GLSUser : 	at java.util.concurrent.FutureTask.run(FutureTask.java:237)
03-08 10:43:44.762  1874  2903 W GLSUser : 	at soy.b(:com.google.android.gms@202414023@20.24.14 (040800-319035315):12)
03-08 10:43:44.762  1874  2903 W GLSUser : 	at soy.run(:com.google.android.gms@202414023@20.24.14 (040800-319035315):7)
03-08 10:43:44.762  1874  2903 W GLSUser : 	at java.util.concurrent.ThreadPoolExecutor.runWorker(ThreadPoolExecutor.java:1133)
03-08 10:43:44.762  1874  2903 W GLSUser : 	at java.util.concurrent.ThreadPoolExecutor$Worker.run(ThreadPoolExecutor.java:607)
03-08 10:43:44.762  1874  2903 W GLSUser : 	at sux.run(:com.google.android.gms@202414023@20.24.14 (040800-319035315):0)
03-08 10:43:44.762  1874  2903 W GLSUser : 	at java.lang.Thread.run(Thread.java:761)
03-08 10:43:44.763  1874  3302 I NetworkScheduler.Stats: Task com.google.android.gms/com.google.android.gms.auth.account.be.legacy.AuthCronService finished executing. cause:4 result: 3 elapsed_millis: 85 uptime_millis: 85 exec_start_elapsed_seconds: 192 [CONTEXT service_id=218 ]
03-08 10:43:44.773  1874  2327 I NetworkScheduler.Stats: Task com.google.android.gms/com.google.android.gms.clearcut.uploader.QosUploaderService started execution. cause:5 exec_start_elapsed_seconds: 192 [CONTEXT service_id=218 ]
03-08 10:43:44.797  1874  2327 I NetworkScheduler.Stats: Task com.google.android.gms/com.google.android.gms.clearcut.uploader.QosUploaderService finished executing. cause:5 result: 1 elapsed_millis: 28 uptime_millis: 28 exec_start_elapsed_seconds: 192 [CONTEXT service_id=218 ]
03-08 10:43:45.176  4502  4821 I chatty  : uid=10084(com.twitter.android.lite) RenderThread expire 249 lines
03-08 10:43:50.246  4502  6347 I chatty  : uid=10084(com.twitter.android.lite) expire 4 lines
03-08 10:43:50.285  4502  4502 I chatty  : uid=10084(com.twitter.android.lite) expire 8 lines
03-08 10:43:51.576  4502  4821 I chatty  : uid=10084(com.twitter.android.lite) RenderThread expire 216 lines
03-08 10:43:51.939  4502  4811 I chatty  : uid=10084(com.twitter.android.lite) Chrome_InProcGp expire 6 lines
03-08 10:43:51.940  4502  6449 I chatty  : uid=10084(com.twitter.android.lite) expire 3 lines
03-08 10:43:51.941  1439  1925 I MediaPlayerService: MediaPlayerService::getOMX
03-08 10:43:51.941  4502  6452 I chatty  : uid=10084(com.twitter.android.lite) expire 2 lines
03-08 10:43:51.941  1436  2180 I OMXMaster: makeComponentInstance(OMX.google.h264.decoder) in mediacodec process
03-08 10:43:51.952  4502  6451 I chatty  : uid=10084(com.twitter.android.lite) expire 4 lines
03-08 10:43:51.952  1436  1930 W OMXNodeInstance: [59c0032:google.h264.decoder] component does not support metadata mode; using fallback
03-08 10:43:51.952  1436  2189 D SoftVideoDecoderOMXComponent: Color Aspects preference: 1 
03-08 10:43:51.952  1436  1436 E OMXNodeInstance: getConfig(59c0032:google.h264.decoder, ??(0x7f000003)) ERROR: UnsupportedSetting(0x80001019)
03-08 10:43:51.966  1436  6453 D SoftVideoDecoderOMXComponent: Color Aspects preference: 1 
03-08 10:43:51.969  1436  5036 E OMXNodeInstance: getConfig(59c0032:google.h264.decoder, ??(0x7f000003)) ERROR: UnsupportedSetting(0x80001019)
03-08 10:43:51.975  1355  1401 D gralloc_ranchu: gralloc_alloc: Creating ashmem region of size 786432
03-08 10:43:52.022  1355  1371 D gralloc_ranchu: gralloc_alloc: Creating ashmem region of size 786432
03-08 10:43:53.328  1431  1451 W audio_hw_generic: Not supplying enough data to HAL, expected position 5145866 , only wrote 4580640
03-08 10:43:54.568  4502  6500 I chatty  : uid=10084(com.twitter.android.lite) expire 6 lines
03-08 10:43:54.568  1439  1439 I MediaPlayerService: MediaPlayerService::getOMX
03-08 10:43:54.568  4502  6503 I chatty  : uid=10084(com.twitter.android.lite) expire 2 lines
03-08 10:43:54.568  1436  2180 I OMXMaster: makeComponentInstance(OMX.google.h264.decoder) in mediacodec process
03-08 10:43:54.575  4502  6502 I chatty  : uid=10084(com.twitter.android.lite) expire 4 lines
03-08 10:43:54.575  1436  1448 W OMXNodeInstance: [59c0033:google.h264.decoder] component does not support metadata mode; using fallback
03-08 10:43:54.576  1436  2190 D SoftVideoDecoderOMXComponent: Color Aspects preference: 1 
03-08 10:43:54.576  1436  1930 E OMXNodeInstance: getConfig(59c0033:google.h264.decoder, ??(0x7f000003)) ERROR: UnsupportedSetting(0x80001019)
03-08 10:43:54.593  1436  6504 D SoftVideoDecoderOMXComponent: Color Aspects preference: 1 
03-08 10:43:54.594  1436  5036 E OMXNodeInstance: getConfig(59c0033:google.h264.decoder, ??(0x7f000003)) ERROR: UnsupportedSetting(0x80001019)
03-08 10:43:54.601  1355  1371 D gralloc_ranchu: gralloc_alloc: Creating ashmem region of size 786432
03-08 10:43:54.641  1355  1371 D gralloc_ranchu: gralloc_alloc: Creating ashmem region of size 786432
03-08 10:43:54.666  2227  6531 I Vision  : Requesting optional module download of ocr.
03-08 10:43:54.666  2227  6531 I Vision  : Checking for download completion for 212529 -- ocr
03-08 10:43:54.873  1431  1450 W audio_hw_generic: Not supplying enough data to HAL, expected position 4580688 , only wrote 4580640
03-08 10:43:54.878  1439  1439 I MediaPlayerService: MediaPlayerService::getOMX
03-08 10:43:54.879  4502  6539 I chatty  : uid=10084(com.twitter.android.lite) expire 2 lines
03-08 10:43:54.879  1436  1930 I OMXMaster: makeComponentInstance(OMX.google.h264.decoder) in mediacodec process
03-08 10:43:54.879  4502  6538 I chatty  : uid=10084(com.twitter.android.lite) expire 4 lines
03-08 10:43:54.879  1436  5036 W OMXNodeInstance: [59c0034:google.h264.decoder] component does not support metadata mode; using fallback
03-08 10:43:54.880  1436  1930 D SoftVideoDecoderOMXComponent: Color Aspects preference: 1 
03-08 10:43:54.880  1436  5036 E OMXNodeInstance: getConfig(59c0034:google.h264.decoder, ??(0x7f000003)) ERROR: UnsupportedSetting(0x80001019)
03-08 10:43:54.899  1436  6540 D SoftVideoDecoderOMXComponent: Color Aspects preference: 1 
03-08 10:43:54.908  1436  2189 E OMXNodeInstance: getConfig(59c0034:google.h264.decoder, ??(0x7f000003)) ERROR: UnsupportedSetting(0x80001019)
03-08 10:43:54.923  1355  1401 D gralloc_ranchu: gralloc_alloc: Creating ashmem region of size 348160
03-08 10:43:54.966  1355  1371 D gralloc_ranchu: gralloc_alloc: Creating ashmem region of size 348160
03-08 10:43:56.609  4502  4821 I chatty  : uid=10084(com.twitter.android.lite) RenderThread expire 237 lines
03-08 10:43:57.359  4502  4811 I chatty  : uid=10084(com.twitter.android.lite) Chrome_InProcGp expire 4 lines
03-08 10:43:57.360  4502  6591 I chatty  : uid=10084(com.twitter.android.lite) expire 2 lines
03-08 10:43:57.360  1439  1461 I MediaPlayerService: MediaPlayerService::getOMX
03-08 10:43:57.360  4502  6594 I chatty  : uid=10084(com.twitter.android.lite) expire 2 lines
03-08 10:43:57.360  1436  2189 I OMXMaster: makeComponentInstance(OMX.google.h264.decoder) in mediacodec process
03-08 10:43:57.367  4502  6593 I chatty  : uid=10084(com.twitter.android.lite) expire 4 lines
03-08 10:43:57.367  1436  2190 W OMXNodeInstance: [59c0035:google.h264.decoder] component does not support metadata mode; using fallback
03-08 10:43:57.368  1436  2189 D SoftVideoDecoderOMXComponent: Color Aspects preference: 1 
03-08 10:43:57.368  1436  1448 E OMXNodeInstance: getConfig(59c0035:google.h264.decoder, ??(0x7f000003)) ERROR: UnsupportedSetting(0x80001019)
03-08 10:43:57.381  1436  6595 D SoftVideoDecoderOMXComponent: Color Aspects preference: 1 
03-08 10:43:57.384  1436  2180 E OMXNodeInstance: getConfig(59c0035:google.h264.decoder, ??(0x7f000003)) ERROR: UnsupportedSetting(0x80001019)
03-08 10:43:57.390  1355  1372 D gralloc_ranchu: gralloc_alloc: Creating ashmem region of size 786432
03-08 10:43:57.434  1355  1371 D gralloc_ranchu: gralloc_alloc: Creating ashmem region of size 786432
03-08 10:43:57.663  1439  1925 I MediaPlayerService: MediaPlayerService::getOMX
03-08 10:43:57.663  4502  6628 I chatty  : uid=10084(com.twitter.android.lite) expire 2 lines
03-08 10:43:57.663  1436  1436 I OMXMaster: makeComponentInstance(OMX.google.h264.decoder) in mediacodec process
03-08 10:43:57.664  4502  6627 I chatty  : uid=10084(com.twitter.android.lite) expire 4 lines
03-08 10:43:57.664  1436  2180 W OMXNodeInstance: [59c0036:google.h264.decoder] component does not support metadata mode; using fallback
03-08 10:43:57.664  1436  2189 D SoftVideoDecoderOMXComponent: Color Aspects preference: 1 
03-08 10:43:57.664  1436  5036 E OMXNodeInstance: getConfig(59c0036:google.h264.decoder, ??(0x7f000003)) ERROR: UnsupportedSetting(0x80001019)
03-08 10:43:57.679  1436  6629 D SoftVideoDecoderOMXComponent: Color Aspects preference: 1 
03-08 10:43:57.681  1436  1930 E OMXNodeInstance: getConfig(59c0036:google.h264.decoder, ??(0x7f000003)) ERROR: UnsupportedSetting(0x80001019)
03-08 10:43:57.687  1355  1371 D gralloc_ranchu: gralloc_alloc: Creating ashmem region of size 348160
03-08 10:43:57.730  1355  1855 D gralloc_ranchu: gralloc_alloc: Creating ashmem region of size 348160
03-08 10:43:59.064  1355  1371 D gralloc_ranchu: gralloc_alloc: Creating ashmem region of size 786432
03-08 10:43:59.463  2024  3466 I OmtpVvmCarrierCfgHlpr: OmtpEvent:CONFIG_STATUS_SMS_TIME_OUT
03-08 10:43:59.463  2024  2024 I RetryPolicy: discarding deferred status: configuration_state=4
03-08 10:43:59.463  2024  2024 D VvmTaskScheduler: No more tasks, stopping service if no task are added in 5000 millis
03-08 10:43:59.464  2024  2024 D VvmTaskScheduler: create task:com.android.phone.vvm.omtp.ActivationTask
03-08 10:43:59.464  2024  2024 D RetryPolicy: retry #3 for com.android.phone.vvm.omtp.ActivationTask@b677681 queued, executing in 5000
03-08 10:43:59.464  2024  2024 D VvmTaskScheduler: minimal wait time:5000
03-08 10:43:59.464  2024  2024 D VvmTaskScheduler: minimal wait time:5000
03-08 10:43:59.927  4502  4821 I chatty  : uid=10084(com.twitter.android.lite) RenderThread expire 504 lines
03-08 10:44:03.253  4502  6591 I chatty  : uid=10084(com.twitter.android.lite) expire 4 lines
03-08 10:44:03.288  4502  4502 I chatty  : uid=10084(com.twitter.android.lite) expire 2 lines
03-08 10:44:03.861  4502  4821 I chatty  : uid=10084(com.twitter.android.lite) RenderThread expire 237 lines
03-08 10:44:04.465  2024  3466 V VvmTaskScheduler: executing task com.android.phone.vvm.omtp.ActivationTask@b677681
03-08 10:44:04.469  2024  3466 I VvmActivationTask: VVM content provider configured - vvm_type_cvvm
03-08 10:44:04.469  2024  3466 I OmtpVvmCarrierCfgHlpr: OmtpEvent:CONFIG_ACTIVATING
03-08 10:44:04.473  2024  3466 V OmtpMessageSender: Sending BINARY sms 'Activate:dt=15' to 122:1808
03-08 10:44:04.476  2024  2024 D VvmStatusSmsFetcher: Request SMS successfully sent
03-08 10:44:04.668  2227  7101 I Vision  : Requesting optional module download of ocr.
03-08 10:44:04.668  2227  7101 I Vision  : Checking for download completion for 222531 -- ocr
03-08 10:44:04.965  4502  4811 I chatty  : uid=10084(com.twitter.android.lite) Chrome_InProcGp expire 4 lines
03-08 10:44:04.965  4502  7103 I chatty  : uid=10084(com.twitter.android.lite) expire 2 lines
03-08 10:44:04.965  1439  1920 I MediaPlayerService: MediaPlayerService::getOMX
03-08 10:44:04.966  4502  7106 I chatty  : uid=10084(com.twitter.android.lite) expire 2 lines
03-08 10:44:04.966  1436  2180 I OMXMaster: makeComponentInstance(OMX.google.h264.decoder) in mediacodec process
03-08 10:44:04.977  4502  7105 I chatty  : uid=10084(com.twitter.android.lite) expire 4 lines
03-08 10:44:04.977  1436  1930 W OMXNodeInstance: [59c0037:google.h264.decoder] component does not support metadata mode; using fallback
03-08 10:44:04.977  1436  2190 D SoftVideoDecoderOMXComponent: Color Aspects preference: 1 
03-08 10:44:04.977  1436  2189 E OMXNodeInstance: getConfig(59c0037:google.h264.decoder, ??(0x7f000003)) ERROR: UnsupportedSetting(0x80001019)
03-08 10:44:05.000  1436  7107 D SoftVideoDecoderOMXComponent: Color Aspects preference: 1 
03-08 10:44:05.004  1436  1436 E OMXNodeInstance: getConfig(59c0037:google.h264.decoder, ??(0x7f000003)) ERROR: UnsupportedSetting(0x80001019)
03-08 10:44:05.014  1355  1371 D gralloc_ranchu: gralloc_alloc: Creating ashmem region of size 786432
03-08 10:44:05.064  1355  4753 D gralloc_ranchu: gralloc_alloc: Creating ashmem region of size 786432
03-08 10:44:05.305  1439  1461 I MediaPlayerService: MediaPlayerService::getOMX
03-08 10:44:05.305  4502  7146 I chatty  : uid=10084(com.twitter.android.lite) expire 2 lines
03-08 10:44:05.305  1436  5036 I OMXMaster: makeComponentInstance(OMX.google.h264.decoder) in mediacodec process
03-08 10:44:05.306  4502  7145 I chatty  : uid=10084(com.twitter.android.lite) expire 4 lines
03-08 10:44:05.306  1436  1448 W OMXNodeInstance: [59c0038:google.h264.decoder] component does not support metadata mode; using fallback
03-08 10:44:05.306  1436  2190 D SoftVideoDecoderOMXComponent: Color Aspects preference: 1 
03-08 10:44:05.307  1436  2189 E OMXNodeInstance: getConfig(59c0038:google.h264.decoder, ??(0x7f000003)) ERROR: UnsupportedSetting(0x80001019)
03-08 10:44:05.323  1436  7147 D SoftVideoDecoderOMXComponent: Color Aspects preference: 1 
03-08 10:44:05.335  1436  5036 E OMXNodeInstance: getConfig(59c0038:google.h264.decoder, ??(0x7f000003)) ERROR: UnsupportedSetting(0x80001019)
03-08 10:44:05.347  1355  4753 D gralloc_ranchu: gralloc_alloc: Creating ashmem region of size 348160
03-08 10:44:05.395  1355  1855 D gralloc_ranchu: gralloc_alloc: Creating ashmem region of size 348160
03-08 10:44:05.443  1355  1372 D gralloc_ranchu: gralloc_alloc: Creating ashmem region of size 786432
03-08 10:44:06.143  4502  4821 I chatty  : uid=10084(com.twitter.android.lite) RenderThread expire 493 lines
03-08 10:44:08.041  1725  1953 I ActivityManager: START u0 {act=android.intent.action.CHOOSER flg=0x10000000 cmp=android/com.android.internal.app.ChooserActivity (has extras)} from uid 10084 on display 0
03-08 10:44:08.046  4502  7103 I chatty  : uid=10084(com.twitter.android.lite) expire 4 lines
03-08 10:44:08.054  7458  7458 W art     : Unexpected CPU variant for X86 using defaults: x86_64
03-08 10:44:08.055  1725  2659 I ActivityManager: Start proc 7458:android:ui/1000 for activity android/com.android.internal.app.ChooserActivity
03-08 10:44:08.097  1355  4753 E SurfaceFlinger: ro.sf.lcd_density must be defined as a build property
03-08 10:44:08.099  7458  7458 D         : HostConnection::get() New Host Connection established 0x7673c8e23a20, tid 7458
03-08 10:44:08.122  7458  7493 D         : HostConnection::get() New Host Connection established 0x7673c261d360, tid 7493
03-08 10:44:08.123  7458  7493 I OpenGLRenderer: Initialized EGL, version 1.4
03-08 10:44:08.123  7458  7493 D OpenGLRenderer: Swap behavior 1
03-08 10:44:08.124  7458  7493 D EGL_emulation: eglCreateContext: 0x7673c26390a0: maj 3 min 0 rcv 3
03-08 10:44:08.124  7458  7493 D EGL_emulation: eglMakeCurrent: 0x7673c26390a0: ver 3 0 (tinfo 0x7673c260c2e0)
03-08 10:44:08.129  7458  7493 D EGL_emulation: eglMakeCurrent: 0x7673c26390a0: ver 3 0 (tinfo 0x7673c260c2e0)
03-08 10:44:08.355  1725  1756 I ActivityManager: Displayed android/com.android.internal.app.ChooserActivity: +312ms
03-08 10:44:10.695  1355  1401 D gralloc_ranchu: gralloc_alloc: Creating ashmem region of size 1253376
03-08 10:44:10.696  1725  2057 D         : HostConnection::get() New Host Connection established 0x7673c261d700, tid 2057
03-08 10:44:10.755  7458  7493 D EGL_emulation: eglMakeCurrent: 0x7673c26390a0: ver 3 0 (tinfo 0x7673c260c2e0)
03-08 10:44:10.823  4502  4811 I chatty  : uid=10084(com.twitter.android.lite) Chrome_InProcGp expire 2 lines
03-08 10:44:10.823  4502  7500 I chatty  : uid=10084(com.twitter.android.lite) expire 3 lines
03-08 10:44:10.824  1439  1925 I MediaPlayerService: MediaPlayerService::getOMX
03-08 10:44:10.824  4502  7503 I chatty  : uid=10084(com.twitter.android.lite) expire 2 lines
03-08 10:44:10.824  1436  7492 I OMXMaster: makeComponentInstance(OMX.google.h264.decoder) in mediacodec process
03-08 10:44:10.831  4502  7502 I chatty  : uid=10084(com.twitter.android.lite) expire 4 lines
03-08 10:44:10.832  1436  1930 W OMXNodeInstance: [59c0039:google.h264.decoder] component does not support metadata mode; using fallback
03-08 10:44:10.832  1436  2180 D SoftVideoDecoderOMXComponent: Color Aspects preference: 1 
03-08 10:44:10.832  1436  2190 E OMXNodeInstance: getConfig(59c0039:google.h264.decoder, ??(0x7f000003)) ERROR: UnsupportedSetting(0x80001019)
03-08 10:44:10.846  1436  7504 D SoftVideoDecoderOMXComponent: Color Aspects preference: 1 
03-08 10:44:10.850  1436  1448 E OMXNodeInstance: getConfig(59c0039:google.h264.decoder, ??(0x7f000003)) ERROR: UnsupportedSetting(0x80001019)
03-08 10:44:10.869  1355  1401 D gralloc_ranchu: gralloc_alloc: Creating ashmem region of size 786432
03-08 10:44:10.916  1355  1401 D gralloc_ranchu: gralloc_alloc: Creating ashmem region of size 786432
03-08 10:44:11.238  1431  1451 W audio_hw_generic: Not supplying enough data to HAL, expected position 6149545 , only wrote 5366160
03-08 10:44:11.289  1725  1953 W ActivityManager: Finishing task with all activities already finished
03-08 10:44:11.289  1725  1953 W ActivityManager: Duplicate finish request for ActivityRecord{80cfec3 u0 android/com.android.internal.app.ChooserActivity t12 f}
03-08 10:44:11.472  1355  1371 D gralloc_ranchu: gralloc_alloc: Creating ashmem region of size 786432
03-08 10:44:11.828  4502  4502 I chatty  : uid=10084(com.twitter.android.lite) expire 2 lines
03-08 10:44:12.360  4502  4821 I chatty  : uid=10084(com.twitter.android.lite) RenderThread expire 475 lines
03-08 10:44:14.678  2227  7855 I Vision  : Requesting optional module download of ocr.
03-08 10:44:14.678  2227  7855 I Vision  : Checking for download completion for 232541 -- ocr
03-08 10:44:22.514  2644  4606 I ClearcutLoggerApiImpl: disconnect managed GoogleApiClient
03-08 10:44:22.860  4502  4821 I chatty  : uid=10084(com.twitter.android.lite) RenderThread expire 834 lines
03-08 10:44:24.683  2227  7857 I Vision  : Requesting optional module download of ocr.
03-08 10:44:24.683  2227  7857 I Vision  : Checking for download completion for 242546 -- ocr
03-08 10:44:31.717  1725  2667 I ActivityManager: Killing 2697:com.google.android.music:main/u0a58 (adj 906): empty #17
03-08 10:44:31.798  1725  2509 D ActivityManager: cleanUpApplicationRecord -- 2697
03-08 10:44:34.686  2227  7859 I Vision  : Requesting optional module download of ocr.
03-08 10:44:34.686  2227  7859 I Vision  : Exceeded maximum feature download tries for ocr
03-08 10:44:34.686  2227  7859 W Vision  : Request of optional module download of ocr failed.
03-08 10:44:34.686  2227  7859 I Vision  : Checking for download completion for 252549 -- ocr
03-08 10:44:34.693  4502  4821 I chatty  : uid=10084(com.twitter.android.lite) RenderThread expire 1202 lines
03-08 10:44:34.694  1874  3302 I NetworkScheduler.Stats: Task com.google.android.gms/com.google.android.gms.checkin.CheckinService started execution. cause:4 exec_start_elapsed_seconds: 242 [CONTEXT service_id=218 ]
03-08 10:44:34.697  1874  2327 I NetworkScheduler.Stats: Task com.google.android.gms/com.google.android.gms.checkin.CheckinService finished executing. cause:4 result: 3 elapsed_millis: 8 uptime_millis: 8 exec_start_elapsed_seconds: 242 [CONTEXT service_id=218 ]
03-08 10:44:44.688  2227  7863 I Vision  : Requesting optional module download of ocr.
03-08 10:44:44.691  2227  7863 I Vision  : Checking for download completion for 262554 -- ocr
03-08 10:44:44.692  2227  7863 I ChimeraConfigurator: Starting update, reason: 4 urgentFeatures: vision.ocr:-1
03-08 10:44:44.692  2227  7863 E ConfigFileUtils: Failed to read config file: /data/user_de/0/com.google.android.gms/app_chimera/next_container.pb (No such file or directory)
03-08 10:44:44.696  2227  7863 I ChmraDebugLogger: [73] 1801
03-08 10:44:44.696  2227  7863 I ChmraDebugLogger: [30] [VisionOcrDynamite.integ:223610901000800] permitMetered=true,
03-08 10:44:44.697  2227  7863 W ChimeraConfigService: Retry attempt was throttled.
03-08 10:44:44.709  4502  4821 I chatty  : uid=10084(com.twitter.android.lite) RenderThread expire 2372 lines
03-08 10:44:54.695  2227  7867 I Vision  : Requesting optional module download of ocr.
03-08 10:44:54.695  2227  7867 I Vision  : Checking for download completion for 272558 -- ocr
03-08 10:45:04.478  2024  3466 I OmtpVvmCarrierCfgHlpr: OmtpEvent:CONFIG_STATUS_SMS_TIME_OUT
03-08 10:45:04.478  2024  2024 I RetryPolicy: discarding deferred status: configuration_state=4
03-08 10:45:04.479  2024  2024 D VvmTaskScheduler: No more tasks, stopping service if no task are added in 5000 millis
03-08 10:45:04.479  2024  2024 D VvmTaskScheduler: create task:com.android.phone.vvm.omtp.ActivationTask
03-08 10:45:04.479  2024  2024 D RetryPolicy: retry #4 for com.android.phone.vvm.omtp.ActivationTask@f2ead14 queued, executing in 5000
03-08 10:45:04.480  2024  2024 D VvmTaskScheduler: minimal wait time:5000
03-08 10:45:04.480  2024  2024 D VvmTaskScheduler: minimal wait time:4999
03-08 10:45:04.493  4502  4821 I chatty  : uid=10084(com.twitter.android.lite) RenderThread expire 1222 lines
03-08 10:45:04.698  2227  7871 I Vision  : Requesting optional module download of ocr.
03-08 10:45:04.698  2227  7871 I Vision  : Checking for download completion for 282561 -- ocr
03-08 10:45:09.481  2024  3466 V VvmTaskScheduler: executing task com.android.phone.vvm.omtp.ActivationTask@f2ead14
03-08 10:45:09.485  2024  3466 I VvmActivationTask: VVM content provider configured - vvm_type_cvvm
03-08 10:45:09.485  2024  3466 I OmtpVvmCarrierCfgHlpr: OmtpEvent:CONFIG_ACTIVATING
03-08 10:45:09.489  2024  3466 V OmtpMessageSender: Sending BINARY sms 'Activate:dt=15' to 122:1808
03-08 10:45:09.493  2024  2024 D VvmStatusSmsFetcher: Request SMS successfully sent
03-08 10:45:14.701  2227  7877 I Vision  : Requesting optional module download of ocr.
03-08 10:45:14.701  2227  7877 I Vision  : Checking for download completion for 292564 -- ocr
03-08 10:45:14.711  4502  4821 I chatty  : uid=10084(com.twitter.android.lite) RenderThread expire 268 lines
03-08 10:45:16.360  7878  7878 D AndroidRuntime: >>>>>> START com.android.internal.os.RuntimeInit uid 2000 <<<<<<
03-08 10:45:16.361  7878  7878 D AndroidRuntime: CheckJNI is OFF
03-08 10:45:16.382  7878  7878 W art     : Unexpected CPU variant for X86 using defaults: x86_64
03-08 10:45:16.384  7878  7878 D ICU     : No timezone override file found: /data/misc/zoneinfo/current/icu/icu_tzdata.dat
03-08 10:45:16.390  7878  7878 E memtrack: Couldn't load memtrack module (No such file or directory)
03-08 10:45:16.390  7878  7878 E android.os.Debug: failed to load memtrack module: -2
03-08 10:45:16.390  7878  7878 I Radio-JNI: register_android_hardware_Radio DONE
03-08 10:45:16.393  7878  7878 D AndroidRuntime: Calling main entry com.android.commands.am.Am
03-08 10:45:16.395  4502  4502 I chatty  : uid=10084(com.twitter.android.lite) expire 2 lines
03-08 10:45:16.404  7878  7878 D AndroidRuntime: Shutting down VM
03-08 10:45:17.243  4502  4821 I chatty  : uid=10084(com.twitter.android.lite) RenderThread expire 510 lines
03-08 10:45:21.493  4502  4821 E eglCodecCommon: glUtilsParamSize: unknow param 0x000085b5
03-08 10:45:21.493  4502  4821 E eglCodecCommon: glUtilsParamSize: unknow param 0x000085b5
03-08 10:45:21.510  4502  4821 E eglCodecCommon: glUtilsParamSize: unknow param 0x000085b5
03-08 10:45:21.510  4502  4821 E eglCodecCommon: glUtilsParamSize: unknow param 0x000085b5
03-08 10:45:21.526  4502  4821 E eglCodecCommon: glUtilsParamSize: unknow param 0x000085b5
03-08 10:45:21.526  4502  4821 E eglCodecCommon: glUtilsParamSize: unknow param 0x000085b5
03-08 10:45:21.543  4502  4821 E eglCodecCommon: glUtilsParamSize: unknow param 0x000085b5
03-08 10:45:21.543  4502  4821 E eglCodecCommon: glUtilsParamSize: unknow param 0x000085b5
03-08 10:45:21.559  4502  4821 E eglCodecCommon: glUtilsParamSize: unknow param 0x000085b5
03-08 10:45:21.559  4502  4821 E eglCodecCommon: glUtilsParamSize: unknow param 0x000085b5
03-08 10:45:21.577  4502  4821 E eglCodecCommon: glUtilsParamSize: unknow param 0x000085b5
03-08 10:45:21.577  4502  4821 E eglCodecCommon: glUtilsParamSize: unknow param 0x000085b5
03-08 10:45:21.592  4502  4821 E eglCodecCommon: glUtilsParamSize: unknow param 0x000085b5
03-08 10:45:21.593  4502  4821 E eglCodecCommon: glUtilsParamSize: unknow param 0x000085b5
03-08 10:45:21.610  4502  4821 E eglCodecCommon: glUtilsParamSize: unknow param 0x000085b5
03-08 10:45:21.610  4502  4821 E eglCodecCommon: glUtilsParamSize: unknow param 0x000085b5
03-08 10:45:21.625  4502  4821 E eglCodecCommon: glUtilsParamSize: unknow param 0x000085b5
03-08 10:45:21.625  4502  4821 E eglCodecCommon: glUtilsParamSize: unknow param 0x000085b5
03-08 10:45:21.643  4502  4821 E eglCodecCommon: glUtilsParamSize: unknow param 0x000085b5
03-08 10:45:21.643  4502  4821 E eglCodecCommon: glUtilsParamSize: unknow param 0x000085b5
03-08 10:45:21.660  4502  4821 E eglCodecCommon: glUtilsParamSize: unknow param 0x000085b5
03-08 10:45:21.660  4502  4821 E eglCodecCommon: glUtilsParamSize: unknow param 0x000085b5
03-08 10:45:21.677  4502  4821 E eglCodecCommon: glUtilsParamSize: unknow param 0x000085b5
03-08 10:45:21.677  4502  4821 E eglCodecCommon: glUtilsParamSize: unknow param 0x000085b5
03-08 10:45:21.693  4502  4821 E eglCodecCommon: glUtilsParamSize: unknow param 0x000085b5
03-08 10:45:21.693  4502  4821 E eglCodecCommon: glUtilsParamSize: unknow param 0x000085b5
03-08 10:45:21.710  4502  4821 E eglCodecCommon: glUtilsParamSize: unknow param 0x000085b5
03-08 10:45:21.710  4502  4821 E eglCodecCommon: glUtilsParamSize: unknow param 0x000085b5
03-08 10:45:21.726  4502  4821 E eglCodecCommon: glUtilsParamSize: unknow param 0x000085b5
03-08 10:45:21.726  4502  4821 E eglCodecCommon: glUtilsParamSize: unknow param 0x000085b5
03-08 10:45:21.743  4502  4821 E eglCodecCommon: glUtilsParamSize: unknow param 0x000085b5
03-08 10:45:21.743  4502  4821 E eglCodecCommon: glUtilsParamSize: unknow param 0x000085b5
03-08 10:45:21.760  4502  4821 E eglCodecCommon: glUtilsParamSize: unknow param 0x000085b5
03-08 10:45:21.760  4502  4821 E eglCodecCommon: glUtilsParamSize: unknow param 0x000085b5
03-08 10:45:21.776  4502  4821 E eglCodecCommon: glUtilsParamSize: unknow param 0x000085b5
03-08 10:45:21.776  4502  4821 E eglCodecCommon: glUtilsParamSize: unknow param 0x000085b5
03-08 10:45:21.793  4502  4821 E eglCodecCommon: glUtilsParamSize: unknow param 0x000085b5
03-08 10:45:21.793  4502  4821 E eglCodecCommon: glUtilsParamSize: unknow param 0x000085b5
03-08 10:45:21.809  4502  4821 E eglCodecCommon: glUtilsParamSize: unknow param 0x000085b5
03-08 10:45:21.809  4502  4821 E eglCodecCommon: glUtilsParamSize: unknow param 0x000085b5
03-08 10:45:21.827  4502  4821 E eglCodecCommon: glUtilsParamSize: unknow param 0x000085b5
03-08 10:45:21.827  4502  4821 E eglCodecCommon: glUtilsParamSize: unknow param 0x000085b5
03-08 10:45:21.842  4502  4821 E eglCodecCommon: glUtilsParamSize: unknow param 0x000085b5
03-08 10:45:21.842  4502  4821 E eglCodecCommon: glUtilsParamSize: unknow param 0x000085b5
03-08 10:45:21.859  4502  4821 E eglCodecCommon: glUtilsParamSize: unknow param 0x000085b5
03-08 10:45:21.859  4502  4821 E eglCodecCommon: glUtilsParamSize: unknow param 0x000085b5
03-08 10:45:21.877  4502  4821 E eglCodecCommon: glUtilsParamSize: unknow param 0x000085b5
03-08 10:45:21.877  4502  4821 E eglCodecCommon: glUtilsParamSize: unknow param 0x000085b5
03-08 10:45:21.893  4502  4821 E eglCodecCommon: glUtilsParamSize: unknow param 0x000085b5
03-08 10:45:21.893  4502  4821 E eglCodecCommon: glUtilsParamSize: unknow param 0x000085b5
03-08 10:45:21.909  4502  4821 E eglCodecCommon: glUtilsParamSize: unknow param 0x000085b5
03-08 10:45:21.909  4502  4821 E eglCodecCommon: glUtilsParamSize: unknow param 0x000085b5
03-08 10:45:21.926  4502  4821 E eglCodecCommon: glUtilsParamSize: unknow param 0x000085b5
03-08 10:45:21.926  4502  4821 E eglCodecCommon: glUtilsParamSize: unknow param 0x000085b5
03-08 10:45:21.943  4502  4821 E eglCodecCommon: glUtilsParamSize: unknow param 0x000085b5
03-08 10:45:21.943  4502  4821 E eglCodecCommon: glUtilsParamSize: unknow param 0x000085b5
03-08 10:45:21.959  4502  4821 E eglCodecCommon: glUtilsParamSize: unknow param 0x000085b5
03-08 10:45:21.959  4502  4821 E eglCodecCommon: glUtilsParamSize: unknow param 0x000085b5
03-08 10:45:21.976  4502  4821 E eglCodecCommon: glUtilsParamSize: unknow param 0x000085b5
03-08 10:45:21.976  4502  4821 E eglCodecCommon: glUtilsParamSize: unknow param 0x000085b5
03-08 10:45:21.993  4502  4821 E eglCodecCommon: glUtilsParamSize: unknow param 0x000085b5
03-08 10:45:21.993  4502  4821 E eglCodecCommon: glUtilsParamSize: unknow param 0x000085b5
03-08 10:45:22.009  4502  4821 E eglCodecCommon: glUtilsParamSize: unknow param 0x000085b5
03-08 10:45:22.009  4502  4821 E eglCodecCommon: glUtilsParamSize: unknow param 0x000085b5
03-08 10:45:22.026  4502  4821 E eglCodecCommon: glUtilsParamSize: unknow param 0x000085b5
03-08 10:45:22.026  4502  4821 E eglCodecCommon: glUtilsParamSize: unknow param 0x000085b5
03-08 10:45:22.043  4502  4821 E eglCodecCommon: glUtilsParamSize: unknow param 0x000085b5
03-08 10:45:22.043  4502  4821 E eglCodecCommon: glUtilsParamSize: unknow param 0x000085b5
03-08 10:45:22.059  4502  4821 E eglCodecCommon: glUtilsParamSize: unknow param 0x000085b5
03-08 10:45:22.060  4502  4821 E eglCodecCommon: glUtilsParamSize: unknow param 0x000085b5
03-08 10:45:22.076  4502  4821 E eglCodecCommon: glUtilsParamSize: unknow param 0x000085b5
03-08 10:45:22.076  4502  4821 E eglCodecCommon: glUtilsParamSize: unknow param 0x000085b5
03-08 10:45:22.092  4502  4821 E eglCodecCommon: glUtilsParamSize: unknow param 0x000085b5
03-08 10:45:22.092  4502  4821 E eglCodecCommon: glUtilsParamSize: unknow param 0x000085b5
03-08 10:45:22.109  4502  4821 E eglCodecCommon: glUtilsParamSize: unknow param 0x000085b5
03-08 10:45:22.109  4502  4821 E eglCodecCommon: glUtilsParamSize: unknow param 0x000085b5
03-08 10:45:22.126  4502  4821 E eglCodecCommon: glUtilsParamSize: unknow param 0x000085b5
03-08 10:45:22.126  4502  4821 E eglCodecCommon: glUtilsParamSize: unknow param 0x000085b5
03-08 10:45:22.143  4502  4821 E eglCodecCommon: glUtilsParamSize: unknow param 0x000085b5
03-08 10:45:22.143  4502  4821 E eglCodecCommon: glUtilsParamSize: unknow param 0x000085b5
03-08 10:45:22.159  4502  4821 E eglCodecCommon: glUtilsParamSize: unknow param 0x000085b5
03-08 10:45:22.159  4502  4821 E eglCodecCommon: glUtilsParamSize: unknow param 0x000085b5
03-08 10:45:22.176  4502  4821 E eglCodecCommon: glUtilsParamSize: unknow param 0x000085b5
03-08 10:45:22.176  4502  4821 E eglCodecCommon: glUtilsParamSize: unknow param 0x000085b5
03-08 10:45:22.193  4502  4821 E eglCodecCommon: glUtilsParamSize: unknow param 0x000085b5
03-08 10:45:22.193  4502  4821 E eglCodecCommon: glUtilsParamSize: unknow param 0x000085b5
03-08 10:45:22.209  4502  4821 E eglCodecCommon: glUtilsParamSize: unknow param 0x000085b5
03-08 10:45:22.209  4502  4821 E eglCodecCommon: glUtilsParamSize: unknow param 0x000085b5
03-08 10:45:22.226  4502  4821 E eglCodecCommon: glUtilsParamSize: unknow param 0x000085b5
03-08 10:45:22.226  4502  4821 E eglCodecCommon: glUtilsParamSize: unknow param 0x000085b5
03-08 10:45:22.243  4502  4821 E eglCodecCommon: glUtilsParamSize: unknow param 0x000085b5
03-08 10:45:22.243  4502  4821 E eglCodecCommon: glUtilsParamSize: unknow param 0x000085b5
03-08 10:45:22.259  4502  4821 E eglCodecCommon: glUtilsParamSize: unknow param 0x000085b5
03-08 10:45:22.259  4502  4821 E eglCodecCommon: glUtilsParamSize: unknow param 0x000085b5
03-08 10:45:22.276  4502  4821 E eglCodecCommon: glUtilsParamSize: unknow param 0x000085b5
03-08 10:45:22.276  4502  4821 E eglCodecCommon: glUtilsParamSize: unknow param 0x000085b5
03-08 10:45:22.293  4502  4821 E eglCodecCommon: glUtilsParamSize: unknow param 0x000085b5
03-08 10:45:22.293  4502  4821 E eglCodecCommon: glUtilsParamSize: unknow param 0x000085b5
03-08 10:45:22.309  4502  4821 E eglCodecCommon: glUtilsParamSize: unknow param 0x000085b5
03-08 10:45:22.309  4502  4821 E eglCodecCommon: glUtilsParamSize: unknow param 0x000085b5
03-08 10:45:22.326  4502  4821 E eglCodecCommon: glUtilsParamSize: unknow param 0x000085b5
03-08 10:45:22.326  4502  4821 E eglCodecCommon: glUtilsParamSize: unknow param 0x000085b5
03-08 10:45:22.343  4502  4821 E eglCodecCommon: glUtilsParamSize: unknow param 0x000085b5
03-08 10:45:22.343  4502  4821 E eglCodecCommon: glUtilsParamSize: unknow param 0x000085b5
03-08 10:45:22.360  4502  4821 E eglCodecCommon: glUtilsParamSize: unknow param 0x000085b5
03-08 10:45:22.360  4502  4821 E eglCodecCommon: glUtilsParamSize: unknow param 0x000085b5
03-08 10:45:22.376  4502  4821 E eglCodecCommon: glUtilsParamSize: unknow param 0x000085b5
03-08 10:45:22.376  4502  4821 E eglCodecCommon: glUtilsParamSize: unknow param 0x000085b5
03-08 10:45:22.393  4502  4821 E eglCodecCommon: glUtilsParamSize: unknow param 0x000085b5
03-08 10:45:22.393  4502  4821 E eglCodecCommon: glUtilsParamSize: unknow param 0x000085b5
03-08 10:45:22.410  4502  4821 E eglCodecCommon: glUtilsParamSize: unknow param 0x000085b5
03-08 10:45:22.410  4502  4821 E eglCodecCommon: glUtilsParamSize: unknow param 0x000085b5
03-08 10:45:22.426  4502  4821 E eglCodecCommon: glUtilsParamSize: unknow param 0x000085b5
03-08 10:45:22.426  4502  4821 E eglCodecCommon: glUtilsParamSize: unknow param 0x000085b5
03-08 10:45:22.443  4502  4821 E eglCodecCommon: glUtilsParamSize: unknow param 0x000085b5
03-08 10:45:22.443  4502  4821 E eglCodecCommon: glUtilsParamSize: unknow param 0x000085b5
03-08 10:45:22.459  4502  4821 E eglCodecCommon: glUtilsParamSize: unknow param 0x000085b5
03-08 10:45:22.459  4502  4821 E eglCodecCommon: glUtilsParamSize: unknow param 0x000085b5
03-08 10:45:22.476  4502  4821 E eglCodecCommon: glUtilsParamSize: unknow param 0x000085b5
03-08 10:45:22.476  4502  4821 E eglCodecCommon: glUtilsParamSize: unknow param 0x000085b5
03-08 10:45:22.493  4502  4821 E eglCodecCommon: glUtilsParamSize: unknow param 0x000085b5
03-08 10:45:22.493  4502  4821 E eglCodecCommon: glUtilsParamSize: unknow param 0x000085b5
03-08 10:45:22.510  4502  4821 E eglCodecCommon: glUtilsParamSize: unknow param 0x000085b5
03-08 10:45:22.510  4502  4821 E eglCodecCommon: glUtilsParamSize: unknow param 0x000085b5
03-08 10:45:22.526  4502  4821 E eglCodecCommon: glUtilsParamSize: unknow param 0x000085b5
03-08 10:45:22.526  4502  4821 E eglCodecCommon: glUtilsParamSize: unknow param 0x000085b5
03-08 10:45:22.543  4502  4821 E eglCodecCommon: glUtilsParamSize: unknow param 0x000085b5
03-08 10:45:22.543  4502  4821 E eglCodecCommon: glUtilsParamSize: unknow param 0x000085b5
03-08 10:45:22.560  4502  4821 E eglCodecCommon: glUtilsParamSize: unknow param 0x000085b5
03-08 10:45:22.560  4502  4821 E eglCodecCommon: glUtilsParamSize: unknow param 0x000085b5
03-08 10:45:22.576  4502  4821 E eglCodecCommon: glUtilsParamSize: unknow param 0x000085b5
03-08 10:45:22.576  4502  4821 E eglCodecCommon: glUtilsParamSize: unknow param 0x000085b5
03-08 10:45:22.593  4502  4821 E eglCodecCommon: glUtilsParamSize: unknow param 0x000085b5
03-08 10:45:22.593  4502  4821 E eglCodecCommon: glUtilsParamSize: unknow param 0x000085b5
03-08 10:45:22.609  4502  4821 E eglCodecCommon: glUtilsParamSize: unknow param 0x000085b5
03-08 10:45:22.609  4502  4821 E eglCodecCommon: glUtilsParamSize: unknow param 0x000085b5
03-08 10:45:22.626  4502  4821 E eglCodecCommon: glUtilsParamSize: unknow param 0x000085b5
03-08 10:45:22.626  4502  4821 E eglCodecCommon: glUtilsParamSize: unknow param 0x000085b5
03-08 10:45:22.643  4502  4821 E eglCodecCommon: glUtilsParamSize: unknow param 0x000085b5
03-08 10:45:22.643  4502  4821 E eglCodecCommon: glUtilsParamSize: unknow param 0x000085b5
03-08 10:45:22.660  4502  4821 E eglCodecCommon: glUtilsParamSize: unknow param 0x000085b5
03-08 10:45:22.660  4502  4821 E eglCodecCommon: glUtilsParamSize: unknow param 0x000085b5
03-08 10:45:22.676  4502  4821 E eglCodecCommon: glUtilsParamSize: unknow param 0x000085b5
03-08 10:45:22.676  4502  4821 E eglCodecCommon: glUtilsParamSize: unknow param 0x000085b5
03-08 10:45:22.693  4502  4821 E eglCodecCommon: glUtilsParamSize: unknow param 0x000085b5
03-08 10:45:22.693  4502  4821 E eglCodecCommon: glUtilsParamSize: unknow param 0x000085b5
03-08 10:45:22.709  4502  4821 E eglCodecCommon: glUtilsParamSize: unknow param 0x000085b5
03-08 10:45:22.709  4502  4821 E eglCodecCommon: glUtilsParamSize: unknow param 0x000085b5
03-08 10:45:22.726  4502  4821 E eglCodecCommon: glUtilsParamSize: unknow param 0x000085b5
03-08 10:45:22.726  4502  4821 E eglCodecCommon: glUtilsParamSize: unknow param 0x000085b5
03-08 10:45:22.743  4502  4821 E eglCodecCommon: glUtilsParamSize: unknow param 0x000085b5
03-08 10:45:22.743  4502  4821 E eglCodecCommon: glUtilsParamSize: unknow param 0x000085b5
03-08 10:45:22.759  4502  4821 E eglCodecCommon: glUtilsParamSize: unknow param 0x000085b5
03-08 10:45:22.759  4502  4821 E eglCodecCommon: glUtilsParamSize: unknow param 0x000085b5
03-08 10:45:22.776  4502  4821 E eglCodecCommon: glUtilsParamSize: unknow param 0x000085b5
03-08 10:45:22.776  4502  4821 E eglCodecCommon: glUtilsParamSize: unknow param 0x000085b5
03-08 10:45:22.793  4502  4821 E eglCodecCommon: glUtilsParamSize: unknow param 0x000085b5
03-08 10:45:22.793  4502  4821 E eglCodecCommon: glUtilsParamSize: unknow param 0x000085b5
03-08 10:45:22.810  4502  4821 E eglCodecCommon: glUtilsParamSize: unknow param 0x000085b5
03-08 10:45:22.810  4502  4821 E eglCodecCommon: glUtilsParamSize: unknow param 0x000085b5
03-08 10:45:22.827  4502  4821 E eglCodecCommon: glUtilsParamSize: unknow param 0x000085b5
03-08 10:45:22.827  4502  4821 E eglCodecCommon: glUtilsParamSize: unknow param 0x000085b5
03-08 10:45:22.843  4502  4821 E eglCodecCommon: glUtilsParamSize: unknow param 0x000085b5
03-08 10:45:22.843  4502  4821 E eglCodecCommon: glUtilsParamSize: unknow param 0x000085b5
03-08 10:45:22.859  4502  4821 E eglCodecCommon: glUtilsParamSize: unknow param 0x000085b5
03-08 10:45:22.859  4502  4821 E eglCodecCommon: glUtilsParamSize: unknow param 0x000085b5
03-08 10:45:22.876  4502  4821 E eglCodecCommon: glUtilsParamSize: unknow param 0x000085b5
03-08 10:45:22.876  4502  4821 E eglCodecCommon: glUtilsParamSize: unknow param 0x000085b5
03-08 10:45:22.893  4502  4821 E eglCodecCommon: glUtilsParamSize: unknow param 0x000085b5
03-08 10:45:22.893  4502  4821 E eglCodecCommon: glUtilsParamSize: unknow param 0x000085b5
03-08 10:45:22.910  4502  4821 E eglCodecCommon: glUtilsParamSize: unknow param 0x000085b5
03-08 10:45:22.910  4502  4821 E eglCodecCommon: glUtilsParamSize: unknow param 0x000085b5
03-08 10:45:22.926  4502  4821 E eglCodecCommon: glUtilsParamSize: unknow param 0x000085b5
03-08 10:45:22.926  4502  4821 E eglCodecCommon: glUtilsParamSize: unknow param 0x000085b5
03-08 10:45:22.943  4502  4821 E eglCodecCommon: glUtilsParamSize: unknow param 0x000085b5
03-08 10:45:22.943  4502  4821 E eglCodecCommon: glUtilsParamSize: unknow param 0x000085b5
03-08 10:45:22.960  4502  4821 E eglCodecCommon: glUtilsParamSize: unknow param 0x000085b5
03-08 10:45:22.960  4502  4821 E eglCodecCommon: glUtilsParamSize: unknow param 0x000085b5
03-08 10:45:22.976  4502  4821 E eglCodecCommon: glUtilsParamSize: unknow param 0x000085b5
03-08 10:45:22.976  4502  4821 E eglCodecCommon: glUtilsParamSize: unknow param 0x000085b5
03-08 10:45:22.992  4502  4821 E eglCodecCommon: glUtilsParamSize: unknow param 0x000085b5
03-08 10:45:22.992  4502  4821 E eglCodecCommon: glUtilsParamSize: unknow param 0x000085b5
03-08 10:45:23.009  4502  4821 E eglCodecCommon: glUtilsParamSize: unknow param 0x000085b5
03-08 10:45:23.009  4502  4821 E eglCodecCommon: glUtilsParamSize: unknow param 0x000085b5
03-08 10:45:23.026  4502  4821 E eglCodecCommon: glUtilsParamSize: unknow param 0x000085b5
03-08 10:45:23.026  4502  4821 E eglCodecCommon: glUtilsParamSize: unknow param 0x000085b5
03-08 10:45:23.043  4502  4821 E eglCodecCommon: glUtilsParamSize: unknow param 0x000085b5
03-08 10:45:23.043  4502  4821 E eglCodecCommon: glUtilsParamSize: unknow param 0x000085b5
03-08 10:45:23.059  4502  4821 E eglCodecCommon: glUtilsParamSize: unknow param 0x000085b5
03-08 10:45:23.059  4502  4821 E eglCodecCommon: glUtilsParamSize: unknow param 0x000085b5
03-08 10:45:23.076  4502  4821 E eglCodecCommon: glUtilsParamSize: unknow param 0x000085b5
03-08 10:45:23.076  4502  4821 E eglCodecCommon: glUtilsParamSize: unknow param 0x000085b5
03-08 10:45:23.092  4502  4821 E eglCodecCommon: glUtilsParamSize: unknow param 0x000085b5
03-08 10:45:23.092  4502  4821 E eglCodecCommon: glUtilsParamSize: unknow param 0x000085b5
03-08 10:45:23.110  4502  4821 E eglCodecCommon: glUtilsParamSize: unknow param 0x000085b5
03-08 10:45:23.110  4502  4821 E eglCodecCommon: glUtilsParamSize: unknow param 0x000085b5
03-08 10:45:23.126  4502  4821 E eglCodecCommon: glUtilsParamSize: unknow param 0x000085b5
