02-26 14:05:28.109 13021 13021 W dboxed_process: Unexpected CPU variant for X86 using defaults: x86_64
02-26 14:05:28.109  1891  1908 I ActivityManager: Start proc 13021:com.android.chrome:sandboxed_process0/u0i1 for webview_service com.twitter.android.lite/org.chromium.content.app.SandboxedProcessService0
02-26 14:05:28.111  2041  2278 D EGL_emulation: eglMakeCurrent: 0x7099e5c88f80: ver 3 0 (tinfo 0x7099ffc7ffe0)
02-26 14:05:28.116  2041  2278 D EGL_emulation: eglMakeCurrent: 0x7099e5c88f80: ver 3 0 (tinfo 0x7099ffc7ffe0)
02-26 14:05:28.118 13021 13021 I cr_ChildProcessService: Creating new ChildProcessService pid=13021
02-26 14:05:28.125  2041  2278 D EGL_emulation: eglMakeCurrent: 0x7099e5c88f80: ver 3 0 (tinfo 0x7099ffc7ffe0)
02-26 14:05:28.156  2041  2278 I chatty  : uid=10032(com.android.systemui) RenderThread identical 3 lines
02-26 14:05:28.160  2041  2278 D EGL_emulation: eglMakeCurrent: 0x7099e5c88f80: ver 3 0 (tinfo 0x7099ffc7ffe0)
02-26 14:05:28.167 12982 13037 W cr_media: Requires BLUETOOTH permission
02-26 14:05:28.172  2041  2278 D EGL_emulation: eglMakeCurrent: 0x7099e5c88f80: ver 3 0 (tinfo 0x7099ffc7ffe0)
02-26 14:05:28.175  2041  2278 D EGL_emulation: eglMakeCurrent: 0x7099e5c88f80: ver 3 0 (tinfo 0x7099ffc7ffe0)
02-26 14:05:28.177 12982 13051 D HostConnection: HostConnection::get() New Host Connection established 0x7099e5a6c080, tid 13051
02-26 14:05:28.180 12982 12982 D AndroidRuntime: Shutting down VM
--------- beginning of crash
02-26 14:05:28.181 12982 12982 E AndroidRuntime: FATAL EXCEPTION: main
02-26 14:05:28.181 12982 12982 E AndroidRuntime: Process: com.twitter.android.lite, PID: 12982
02-26 14:05:28.181 12982 12982 E AndroidRuntime: java.lang.VerifyError: Verifier rejected class okhttp3.internal.connection.RealConnectionPool: void okhttp3.internal.connection.RealConnectionPool.a() failed to verify: void okhttp3.internal.connection.RealConnectionPool.a(): [0x1C] expected to be within a catch-all for an instruction where a monitor is held (declaration of 'okhttp3.internal.connection.RealConnectionPool' appears in base.apk)
02-26 14:05:28.181 12982 12982 E AndroidRuntime: 	at okhttp3.ConnectionPool.<init>(Unknown Source:3)
02-26 14:05:28.181 12982 12982 E AndroidRuntime: 	at okhttp3.ConnectionPool.<init>(Unknown Source:5)
02-26 14:05:28.181 12982 12982 E AndroidRuntime: 	at okhttp3.OkHttpClient$Builder.<init>(Unknown Source:72)
02-26 14:05:28.181 12982 12982 E AndroidRuntime: 	at mw.b(Unknown Source:2)
02-26 14:05:28.181 12982 12982 E AndroidRuntime: 	at mw.c(Unknown Source:2)
02-26 14:05:28.181 12982 12982 E AndroidRuntime: 	at com.twitter.android.lite.notification.c.<init>(Unknown Source:16)
02-26 14:05:28.181 12982 12982 E AndroidRuntime: 	at com.twitter.android.lite.TwitterLiteActivity.onResume(Unknown Source:14)
02-26 14:05:28.181 12982 12982 E AndroidRuntime: 	at android.app.Instrumentation.callActivityOnResume(Instrumentation.java:1412)
02-26 14:05:28.181 12982 12982 E AndroidRuntime: 	at android.app.Activity.performResume(Activity.java:7292)
02-26 14:05:28.181 12982 12982 E AndroidRuntime: 	at android.app.ActivityThread.performResumeActivity(ActivityThread.java:3776)
02-26 14:05:28.181 12982 12982 E AndroidRuntime: 	at android.app.ActivityThread.handleResumeActivity(ActivityThread.java:3816)
02-26 14:05:28.181 12982 12982 E AndroidRuntime: 	at android.app.servertransaction.ResumeActivityItem.execute(ResumeActivityItem.java:51)
02-26 14:05:28.181 12982 12982 E AndroidRuntime: 	at android.app.servertransaction.TransactionExecutor.executeLifecycleState(TransactionExecutor.java:145)
02-26 14:05:28.181 12982 12982 E AndroidRuntime: 	at android.app.servertransaction.TransactionExecutor.execute(TransactionExecutor.java:70)
02-26 14:05:28.181 12982 12982 E AndroidRuntime: 	at android.app.ActivityThread$H.handleMessage(ActivityThread.java:1808)
02-26 14:05:28.181 12982 12982 E AndroidRuntime: 	at android.os.Handler.dispatchMessage(Handler.java:106)
02-26 14:05:28.181 12982 12982 E AndroidRuntime: 	at android.os.Looper.loop(Looper.java:193)
02-26 14:05:28.181 12982 12982 E AndroidRuntime: 	at android.app.ActivityThread.main(ActivityThread.java:6669)
02-26 14:05:28.181 12982 12982 E AndroidRuntime: 	at java.lang.reflect.Method.invoke(Native Method)
02-26 14:05:28.181 12982 12982 E AndroidRuntime: 	at com.android.internal.os.RuntimeInit$MethodAndArgsCaller.run(RuntimeInit.java:493)
02-26 14:05:28.181 12982 12982 E AndroidRuntime: 	at com.android.internal.os.ZygoteInit.main(ZygoteInit.java:858)
02-26 14:05:28.182 12982 13051 D HostConnection: HostComposition ext ANDROID_EMU_CHECKSUM_HELPER_v1 ANDROID_EMU_native_sync_v2 ANDROID_EMU_dma_v1 ANDROID_EMU_YUV420_888_to_NV21 ANDROID_EMU_YUV_Cache ANDROID_EMU_sync_buffer_data GL_OES_EGL_image_external_essl3 GL_OES_vertex_array_object GL_KHR_texture_compression_astc_ldr ANDROID_EMU_host_side_tracing ANDROID_EMU_gles_max_version_3_0 
02-26 14:05:28.183 12982 13051 I ConfigStore: android::hardware::configstore::V1_0::ISurfaceFlingerConfigs::hasWideColorDisplay retrieved: 0
02-26 14:05:28.183 12982 13051 I ConfigStore: android::hardware::configstore::V1_0::ISurfaceFlingerConfigs::hasHDRDisplay retrieved: 0
02-26 14:05:28.189  2041  2278 D EGL_emulation: eglMakeCurrent: 0x7099e5c88f80: ver 3 0 (tinfo 0x7099ffc7ffe0)
02-26 14:05:28.190  3033  3047 D RcsProvisioning: No backup token found
02-26 14:05:28.192 12982 13051 D eglCodecCommon: setVertexArrayObject: set vao to 0 (0) 0 0
02-26 14:05:28.192 12982 13051 D EGL_emulation: eglCreateContext: 0x7099e5a6c300: maj 3 min 0 rcv 3
02-26 14:05:28.193  3033  3047 W RcsProvisioning: Failed to read configuration: /data/user/0/com.google.android.apps.messaging/files/rcsconfig (No such file or directory)
02-26 14:05:28.193  3033  3047 W RcsProvisioning: java.io.FileNotFoundException: /data/user/0/com.google.android.apps.messaging/files/rcsconfig (No such file or directory)
02-26 14:05:28.193  3033  3047 W RcsProvisioning: 	at java.io.FileInputStream.open0(Native Method)
02-26 14:05:28.193  3033  3047 W RcsProvisioning: 	at java.io.FileInputStream.open(FileInputStream.java:231)
02-26 14:05:28.193  3033  3047 W RcsProvisioning: 	at java.io.FileInputStream.<init>(FileInputStream.java:165)
02-26 14:05:28.193  3033  3047 W RcsProvisioning: 	at android.app.ContextImpl.openFileInput(ContextImpl.java:560)
02-26 14:05:28.193  3033  3047 W RcsProvisioning: 	at android.content.ContextWrapper.openFileInput(ContextWrapper.java:202)
02-26 14:05:28.193  3033  3047 W RcsProvisioning: 	at ion.a(SourceFile:2)
02-26 14:05:28.193  3033  3047 W RcsProvisioning: 	at idl.a(SourceFile:4)
02-26 14:05:28.193  3033  3047 W RcsProvisioning: 	at idm.a(SourceFile:7)
02-26 14:05:28.193  3033  3047 W RcsProvisioning: 	at iez.buildConferencesFileName(SourceFile:30)
02-26 14:05:28.193  3033  3047 W RcsProvisioning: 	at com.google.android.apps.messaging.rcsmigration.RcsStateProvider.buildRcsState(SourceFile:129)
02-26 14:05:28.193  3033  3047 W RcsProvisioning: 	at com.google.android.apps.messaging.rcsmigration.RcsStateProvider.getRcsState(SourceFile:6)
02-26 14:05:28.193  3033  3047 W RcsProvisioning: 	at com.google.android.ims.rcsmigration.IRcsStateProvider$Stub.dispatchTransaction(SourceFile:10)
02-26 14:05:28.193  3033  3047 W RcsProvisioning: 	at com.google.android.aidl.BaseStub.onTransact(SourceFile:18)
02-26 14:05:28.193  3033  3047 W RcsProvisioning: 	at android.os.Binder.execTransact(Binder.java:731)
02-26 14:05:28.193  3033  3047 D RcsProvisioning: Retrieving backup token
02-26 14:05:28.193  3033  3047 D RcsProvisioning: Exception while getting subscriber Id. Using default
02-26 14:05:28.194 12982 13051 D EGL_emulation: eglMakeCurrent: 0x7099e5a6c300: ver 3 0 (tinfo 0x7099e5a9d4a0)
02-26 14:05:28.194  2041  2278 D EGL_emulation: eglMakeCurrent: 0x7099e5c88f80: ver 3 0 (tinfo 0x7099ffc7ffe0)
02-26 14:05:28.198 12982 13005 W er.android.lit: Long monitor contention with owner firebase-iid-executor (13002) at long com.android.org.conscrypt.NativeCrypto.RSA_generate_key_ex(int, byte[])(NativeCrypto.java:-2) waiters=1 in com.google.firebase.iid.u com.google.firebase.iid.v.a(java.lang.String, java.lang.String, java.lang.String) for 121ms
02-26 14:05:28.201  2041  2278 D EGL_emulation: eglMakeCurrent: 0x7099e5c88f80: ver 3 0 (tinfo 0x7099ffc7ffe0)
02-26 14:05:28.206 12982 13051 W VideoCapabilities: Unrecognized profile 4 for video/hevc
02-26 14:05:28.209 12982 13051 I VideoCapabilities: Unsupported profile 4 for video/mp4v-es
02-26 14:05:28.209  2041  2278 D EGL_emulation: eglMakeCurrent: 0x7099e5c88f80: ver 3 0 (tinfo 0x7099ffc7ffe0)
02-26 14:05:28.210 12982 13051 W cr_MediaCodecUtil: HW encoder for video/avc is not available on this device.
02-26 14:05:28.221 12982 13005 I FA      : Tag Manager is not found and thus will not be used
02-26 14:05:28.330  3033  3047 D RcsProvisioning: No backup token found
02-26 14:05:28.330  3033  3047 E CarrierServices: [36] iez.getFile: File not found.: /data/user/0/com.google.android.apps.messaging/files/httpft_pending (No such file or directory)
02-26 14:05:28.330  3033  3047 E CarrierServices: 	java.io.FileInputStream.open0(Native Method)
02-26 14:05:28.330  3033  3047 E CarrierServices: 	java.io.FileInputStream.open(FileInputStream.java:231)
02-26 14:05:28.330  3033  3047 E CarrierServices: 	java.io.FileInputStream.<init>(FileInputStream.java:165)
02-26 14:05:28.330  3033  3047 E CarrierServices: 	android.app.ContextImpl.openFileInput(ContextImpl.java:560)
02-26 14:05:28.330  3033  3047 E CarrierServices: 	android.content.ContextWrapper.openFileInput(ContextWrapper.java:202)
02-26 14:05:28.330  3033  3047 E CarrierServices: 	iez.getFile(SourceFile:20)
02-26 14:05:28.330  3033  3047 E CarrierServices: 	com.google.android.apps.messaging.rcsmigration.RcsStateProvider.buildRcsState(SourceFile:136)
02-26 14:05:28.330  3033  3047 E CarrierServices: 	com.google.android.apps.messaging.rcsmigration.RcsStateProvider.getRcsState(SourceFile:6)
02-26 14:05:28.330  3033  3047 E CarrierServices: 	com.google.android.ims.rcsmigration.IRcsStateProvider$Stub.dispatchTransaction(SourceFile:10)
02-26 14:05:28.330  3033  3047 E CarrierServices: 	com.google.android.aidl.BaseStub.onTransact(SourceFile:18)
02-26 14:05:28.330  3033  3047 E CarrierServices: 	android.os.Binder.execTransact(Binder.java:731)
02-26 14:05:28.330  3296 13064 I CarrierServices: [88] awt.doInBackground: Saving RCS State
02-26 14:05:28.331  3296 13064 I CarrierServices: [88] awt.doInBackground: Old operation mode: 2
02-26 14:05:28.331  3296 13064 I CarrierServices: [88] awt.doInBackground: New operation mode: 2
02-26 14:05:28.331  3033  3047 I CarrierServices: [36] RcsStateProvider.onMigrationComplete: Migration complete.
02-26 14:05:28.332  3033  3047 I CarrierServices: [36] inq.shouldUseCarrierServicesApkForV1Apis: Checking if using CarrierServices.apk is possible. Enabled: true, isAtLeastM: true, runningInsideBugle: true
02-26 14:05:28.332  3033  3047 I CarrierServices: [36] inq.e: Network Operator: 310260
02-26 14:05:28.332  3033  3047 I CarrierServices: [36] inq.e: carrierWithOldEcApis: false
02-26 14:05:28.332  3033  3047 I CarrierServices: [36] inq.e: hasDialerThatSupportsNewEc: false
02-26 14:05:28.332  3033  3047 I CarrierServices: [36] RcsStateProvider.onMigrationComplete: Rcs Engine should be running in cs.apk. Stopping JibeService.
02-26 14:05:28.334  3033  3047 I CarrierServices: [36] RcsStateProvider.onMigrationComplete: JibeService stopped: false
02-26 14:05:28.334  3033  3047 I CarrierServices: [36] inq.e: Network Operator: 310260
02-26 14:05:28.334  3033  3047 I CarrierServices: [36] inq.e: carrierWithOldEcApis: false
02-26 14:05:28.334  3033  3047 I CarrierServices: [36] inq.e: hasDialerThatSupportsNewEc: false
02-26 14:05:28.335  3033  3047 I CarrierServices: [36] jsn.connect: shouldUseCarrierServicesJibeService: true, CarrierServices rcs service found: true
02-26 14:05:28.335  3033  3047 I CarrierServices: [36] jsn.connect: Binding to JibeService in CarrierServices.
02-26 14:05:28.336  3033  3033 D RcsClientLib: Service com.google.android.rcs.client.chatsession.ChatSessionService connected. Will notify listeners: true
02-26 14:05:28.336  3033  3033 V BugleRcs: com.google.android.rcs.client.chatsession.ChatSessionService RCS service connected
02-26 14:05:28.336  3033  3047 I CarrierServices: [36] inq.e: Network Operator: 310260
02-26 14:05:28.336  3033  3047 I CarrierServices: [36] inq.e: carrierWithOldEcApis: false
02-26 14:05:28.336  3033  3047 I CarrierServices: [36] inq.e: hasDialerThatSupportsNewEc: false
02-26 14:05:28.336  3033  3047 I CarrierServices: [36] jsn.connect: shouldUseCarrierServicesJibeService: true, CarrierServices rcs service found: true
02-26 14:05:28.336  3033  3047 I CarrierServices: [36] jsn.connect: Binding to JibeService in CarrierServices.
02-26 14:05:28.337  3033  3033 D RcsClientLib: Service com.google.android.rcs.client.events.EventService connected. Will notify listeners: true
02-26 14:05:28.337  3033  3033 V BugleRcs: com.google.android.rcs.client.events.EventService RCS service connected
02-26 14:05:28.337  3033  3047 I CarrierServices: [36] inq.e: Network Operator: 310260
02-26 14:05:28.337  3033  3047 I CarrierServices: [36] inq.e: carrierWithOldEcApis: false
02-26 14:05:28.337  3033  3047 I CarrierServices: [36] inq.e: hasDialerThatSupportsNewEc: false
02-26 14:05:28.338  3033  3047 I CarrierServices: [36] jsn.connect: shouldUseCarrierServicesJibeService: true, CarrierServices rcs service found: true
02-26 14:05:28.338  3033  3047 I CarrierServices: [36] jsn.connect: Binding to JibeService in CarrierServices.
02-26 14:05:28.338  3033  3033 D RcsClientLib: Service com.google.android.rcs.client.contacts.ContactsService connected. Will notify listeners: true
02-26 14:05:28.338  3033  3033 V BugleRcs: com.google.android.rcs.client.contacts.ContactsService RCS service connected
02-26 14:05:28.339  3033  3047 I CarrierServices: [36] inq.e: Network Operator: 310260
02-26 14:05:28.339  3033  3047 I CarrierServices: [36] inq.e: carrierWithOldEcApis: false
02-26 14:05:28.339  3033  3047 I CarrierServices: [36] inq.e: hasDialerThatSupportsNewEc: false
02-26 14:05:28.339  3033  3047 I CarrierServices: [36] jsn.connect: shouldUseCarrierServicesJibeService: true, CarrierServices rcs service found: true
02-26 14:05:28.339  3033  3047 I CarrierServices: [36] jsn.connect: Binding to JibeService in CarrierServices.
02-26 14:05:28.339  3033  3033 D RcsClientLib: Service com.google.android.rcs.client.filetransfer.FileTransferService connected. Will notify listeners: true
02-26 14:05:28.339  3033  3033 V BugleRcs: com.google.android.rcs.client.filetransfer.FileTransferService RCS service connected
02-26 14:05:28.340  3033  3047 I CarrierServices: [36] inq.e: Network Operator: 310260
02-26 14:05:28.340  3033  3047 I CarrierServices: [36] inq.e: carrierWithOldEcApis: false
02-26 14:05:28.340  3033  3047 I CarrierServices: [36] inq.e: hasDialerThatSupportsNewEc: false
02-26 14:05:28.340  3033  3047 I CarrierServices: [36] jsn.connect: shouldUseCarrierServicesJibeService: true, CarrierServices rcs service found: true
02-26 14:05:28.340  3033  3047 I CarrierServices: [36] jsn.connect: Binding to JibeService in CarrierServices.
02-26 14:05:28.340  3033  3033 D RcsClientLib: Service com.google.android.rcs.client.locationsharing.LocationSharingService connected. Will notify listeners: true
02-26 14:05:28.340  3033  3033 V BugleRcs: com.google.android.rcs.client.locationsharing.LocationSharingService RCS service connected
02-26 14:05:28.341  3033  3047 I CarrierServices: [36] inq.e: Network Operator: 310260
02-26 14:05:28.341  3033  3047 I CarrierServices: [36] inq.e: carrierWithOldEcApis: false
02-26 14:05:28.341  3033  3047 I CarrierServices: [36] inq.e: hasDialerThatSupportsNewEc: false
02-26 14:05:28.341  3033  3047 I CarrierServices: [36] jsn.connect: shouldUseCarrierServicesJibeService: true, CarrierServices rcs service found: true
02-26 14:05:28.341  3033  3047 I CarrierServices: [36] jsn.connect: Binding to JibeService in CarrierServices.
02-26 14:05:28.341  3033  3033 D RcsClientLib: Service com.google.android.rcs.client.ims.ImsConnectionTrackerService connected. Will notify listeners: true
02-26 14:05:28.341  3033  3033 V BugleRcs: com.google.android.rcs.client.ims.ImsConnectionTrackerService RCS service connected
02-26 14:05:28.342  3033  3047 I CarrierServices: [36] inq.e: Network Operator: 310260
02-26 14:05:28.342  3033  3033 V BugleRcs: kicking off RCS sending/receiving
02-26 14:05:28.342  3033  3047 I CarrierServices: [36] inq.e: carrierWithOldEcApis: false
02-26 14:05:28.342  3033  3047 I CarrierServices: [36] inq.e: hasDialerThatSupportsNewEc: false
02-26 14:05:28.342  3033  3033 V BugleAction: no RCS because we're not registered
02-26 14:05:28.342  3033  3047 I CarrierServices: [36] jsn.connect: shouldUseCarrierServicesJibeService: true, CarrierServices rcs service found: true
02-26 14:05:28.342  3033  3047 I CarrierServices: [36] jsn.connect: Binding to JibeService in CarrierServices.
02-26 14:05:28.343  3033  3033 D RcsClientLib: Service com.google.android.rcs.client.profile.RcsProfileService connected. Will notify listeners: true
02-26 14:05:28.343  3033  3033 V BugleRcs: com.google.android.rcs.client.profile.RcsProfileService RCS service connected
02-26 14:05:28.343  3033  3033 V BugleRcs: kicking off RCS sending/receiving
02-26 14:05:28.343  3033  3033 V BugleAction: no RCS because we're not registered
02-26 14:05:28.343  3033  3047 I CarrierServices: [36] inq.e: Network Operator: 310260
02-26 14:05:28.343  3296  3531 W CarrierServices: [78] bmc.a: No config URL. RCS will be disabled!
02-26 14:05:28.343  3033  3033 I BugleRcs: RcsAvailability ACS url: null
02-26 14:05:28.343  3033  3047 I CarrierServices: [36] inq.e: carrierWithOldEcApis: false
02-26 14:05:28.343  3033  3047 I CarrierServices: [36] inq.e: hasDialerThatSupportsNewEc: false
02-26 14:05:28.344  3033  3047 I CarrierServices: [36] jsn.connect: shouldUseCarrierServicesJibeService: true, CarrierServices rcs service found: true
02-26 14:05:28.344  3033  3047 I CarrierServices: [36] jsn.connect: Binding to JibeService in CarrierServices.
02-26 14:05:28.344  3033  3033 D RcsClientLib: Service com.google.android.rcs.client.businessinfo.BusinessInfoService connected. Will notify listeners: true
02-26 14:05:28.344  3033  3033 V BugleRcs: com.google.android.rcs.client.businessinfo.BusinessInfoService RCS service connected
02-26 14:05:28.344  3033  3033 V BugleRcs: kicking off RCS sending/receiving
02-26 14:05:28.345  3033  3033 V BugleAction: no RCS because we're not registered
02-26 14:05:28.345  3296  3531 W CarrierServices: [78] bmc.a: No config URL. RCS will be disabled!
02-26 14:05:28.345  3033  3033 I BugleRcs: RcsAvailability ACS url: null
02-26 14:05:28.351  3033  3047 W RcsProvisioning: Failed to read configuration: /data/user/0/com.google.android.apps.messaging/files/rcsconfig (No such file or directory)
02-26 14:05:28.351  3033  3047 W RcsProvisioning: java.io.FileNotFoundException: /data/user/0/com.google.android.apps.messaging/files/rcsconfig (No such file or directory)
02-26 14:05:28.351  3033  3047 W RcsProvisioning: 	at java.io.FileInputStream.open0(Native Method)
02-26 14:05:28.351  3033  3047 W RcsProvisioning: 	at java.io.FileInputStream.open(FileInputStream.java:231)
02-26 14:05:28.351  3033  3047 W RcsProvisioning: 	at java.io.FileInputStream.<init>(FileInputStream.java:165)
02-26 14:05:28.351  3033  3047 W RcsProvisioning: 	at android.app.ContextImpl.openFileInput(ContextImpl.java:560)
02-26 14:05:28.351  3033  3047 W RcsProvisioning: 	at android.content.ContextWrapper.openFileInput(ContextWrapper.java:202)
02-26 14:05:28.351  3033  3047 W RcsProvisioning: 	at ion.a(SourceFile:2)
02-26 14:05:28.351  3033  3047 W RcsProvisioning: 	at idl.a(SourceFile:4)
02-26 14:05:28.351  3033  3047 W RcsProvisioning: 	at idm.a(SourceFile:7)
02-26 14:05:28.351  3033  3047 W RcsProvisioning: 	at com.google.android.apps.messaging.rcsmigration.RcsStateProvider.onMigrationComplete(SourceFile:27)
02-26 14:05:28.351  3033  3047 W RcsProvisioning: 	at com.google.android.ims.rcsmigration.IRcsStateProvider$Stub.dispatchTransaction(SourceFile:14)
02-26 14:05:28.351  3033  3047 W RcsProvisioning: 	at com.google.android.aidl.BaseStub.onTransact(SourceFile:18)
02-26 14:05:28.351  3033  3047 W RcsProvisioning: 	at android.os.Binder.execTransact(Binder.java:731)
02-26 14:05:28.351  3033  3047 D RcsProvisioning: Retrieving backup token
02-26 14:05:28.351  3033  3047 D RcsProvisioning: Exception while getting subscriber Id. Using default
02-26 14:05:28.352  2635  2893 D EGL_emulation: eglMakeCurrent: 0xe2a86020: ver 3 0 (tinfo 0xe2a83da0)
02-26 14:05:28.354  2612  2707 D EGL_emulation: eglMakeCurrent: 0x7099f9866760: ver 3 0 (tinfo 0x7099f980d8a0)
02-26 14:05:28.356  2041  2278 D EGL_emulation: eglMakeCurrent: 0x7099e5c88f80: ver 3 0 (tinfo 0x7099ffc7ffe0)
02-26 14:05:28.357  2041  2278 D EGL_emulation: eglMakeCurrent: 0x7099e5c88f80: ver 3 0 (tinfo 0x7099ffc7ffe0)
02-26 14:05:28.364  2344  2673 E GmsTaskScheduler: sendWakeUpEvent called on SchedulerClientBroadcastStrategy
02-26 14:05:28.490  3033  3047 D RcsProvisioning: No backup token found
02-26 14:05:28.490  3033  3047 D RcsProvisioning: Clearing backup token
02-26 14:05:28.490  3033  3047 D RcsProvisioning: Exception while getting subscriber Id. Using default
02-26 14:05:28.496  3033  3047 I CarrierServices: [36] RcsStateProvider.onMigrationComplete: Deleted transfers file: false
02-26 14:05:28.497  3033  3047 W RcsProvisioning: Failed to read configuration: /data/user/0/com.google.android.apps.messaging/files/rcsconfig (No such file or directory)
02-26 14:05:28.497  3033  3047 W RcsProvisioning: java.io.FileNotFoundException: /data/user/0/com.google.android.apps.messaging/files/rcsconfig (No such file or directory)
02-26 14:05:28.497  3033  3047 W RcsProvisioning: 	at java.io.FileInputStream.open0(Native Method)
02-26 14:05:28.497  3033  3047 W RcsProvisioning: 	at java.io.FileInputStream.open(FileInputStream.java:231)
02-26 14:05:28.497  3033  3047 W RcsProvisioning: 	at java.io.FileInputStream.<init>(FileInputStream.java:165)
02-26 14:05:28.497  3033  3047 W RcsProvisioning: 	at android.app.ContextImpl.openFileInput(ContextImpl.java:560)
02-26 14:05:28.497  3033  3047 W RcsProvisioning: 	at android.content.ContextWrapper.openFileInput(ContextWrapper.java:202)
02-26 14:05:28.497  3033  3047 W RcsProvisioning: 	at ion.a(SourceFile:2)
02-26 14:05:28.497  3033  3047 W RcsProvisioning: 	at idl.a(SourceFile:4)
02-26 14:05:28.497  3033  3047 W RcsProvisioning: 	at idm.a(SourceFile:7)
02-26 14:05:28.497  3033  3047 W RcsProvisioning: 	at iez.buildConferencesFileName(SourceFile:30)
02-26 14:05:28.497  3033  3047 W RcsProvisioning: 	at com.google.android.apps.messaging.rcsmigration.RcsStateProvider.onMigrationComplete(SourceFile:48)
02-26 14:05:28.497  3033  3047 W RcsProvisioning: 	at com.google.android.ims.rcsmigration.IRcsStateProvider$Stub.dispatchTransaction(SourceFile:14)
02-26 14:05:28.497  3033  3047 W RcsProvisioning: 	at com.google.android.aidl.BaseStub.onTransact(SourceFile:18)
02-26 14:05:28.497  3033  3047 W RcsProvisioning: 	at android.os.Binder.execTransact(Binder.java:731)
02-26 14:05:28.497  3033  3047 D RcsProvisioning: Retrieving backup token
02-26 14:05:28.497  3033  3047 D RcsProvisioning: Exception while getting subscriber Id. Using default
02-26 14:05:28.630  3033  3047 D RcsProvisioning: No backup token found
02-26 14:05:28.632  3296  3296 I CarrierServices: [2] aww.a: Unbinding RcsMigrationService
02-26 14:05:28.740  1891  1960 I GnssLocationProvider: WakeLock acquired by sendMessage(REPORT_SV_STATUS, 0, com.android.server.location.GnssLocationProvider$SvStatusInfo@5f5c54a)
02-26 14:05:28.740  1891  1905 I GnssLocationProvider: WakeLock released by handleMessage(REPORT_SV_STATUS, 0, com.android.server.location.GnssLocationProvider$SvStatusInfo@5f5c54a)
02-26 14:05:28.745 12982 13029 D NetworkSecurityConfig: No Network Security Config specified, using platform default
02-26 14:05:29.740  1891  1960 I GnssLocationProvider: WakeLock acquired by sendMessage(REPORT_SV_STATUS, 0, com.android.server.location.GnssLocationProvider$SvStatusInfo@452ec16)
02-26 14:05:29.740  1891  1905 I GnssLocationProvider: WakeLock released by handleMessage(REPORT_SV_STATUS, 0, com.android.server.location.GnssLocationProvider$SvStatusInfo@452ec16)
02-26 14:05:30.528  1630  1630 W audio_hw_generic: Not supplying enough data to HAL, expected position 9440842 , only wrote 5288400
02-26 14:05:30.740  1891  1960 I GnssLocationProvider: WakeLock acquired by sendMessage(REPORT_SV_STATUS, 0, com.android.server.location.GnssLocationProvider$SvStatusInfo@dd02784)
02-26 14:05:30.740  1891  1905 I GnssLocationProvider: WakeLock released by handleMessage(REPORT_SV_STATUS, 0, com.android.server.location.GnssLocationProvider$SvStatusInfo@dd02784)
02-26 14:05:30.957  1920  1923 D hwcomposer: hw_composer sent 120 syncs in 151s
02-26 14:05:31.741  1891  1960 I GnssLocationProvider: WakeLock acquired by sendMessage(REPORT_SV_STATUS, 0, com.android.server.location.GnssLocationProvider$SvStatusInfo@1c33b6d)
02-26 14:05:31.741  1891  1905 I GnssLocationProvider: WakeLock released by handleMessage(REPORT_SV_STATUS, 0, com.android.server.location.GnssLocationProvider$SvStatusInfo@1c33b6d)
02-26 14:05:32.620  2635  4860 I EventLogSendingHelper: Sending log events.
02-26 14:05:32.741  1891  1960 I GnssLocationProvider: WakeLock acquired by sendMessage(REPORT_SV_STATUS, 0, com.android.server.location.GnssLocationProvider$SvStatusInfo@9ea37f0)
02-26 14:05:32.741  1891  1905 I GnssLocationProvider: WakeLock released by handleMessage(REPORT_SV_STATUS, 0, com.android.server.location.GnssLocationProvider$SvStatusInfo@9ea37f0)
02-26 14:05:32.776  2344  2344 I BeaconBle: Scan : No clients left, canceling alarm. [CONTEXT service_id=111 ]
02-26 14:05:33.740  1891  1960 I GnssLocationProvider: WakeLock acquired by sendMessage(REPORT_SV_STATUS, 0, com.android.server.location.GnssLocationProvider$SvStatusInfo@9652169)
02-26 14:05:33.740  1891  1905 I GnssLocationProvider: WakeLock released by handleMessage(REPORT_SV_STATUS, 0, com.android.server.location.GnssLocationProvider$SvStatusInfo@9652169)
02-26 14:05:34.743  1891  1960 I GnssLocationProvider: WakeLock acquired by sendMessage(REPORT_SV_STATUS, 0, com.android.server.location.GnssLocationProvider$SvStatusInfo@7367ee)
02-26 14:05:34.744  1891  1905 I GnssLocationProvider: WakeLock released by handleMessage(REPORT_SV_STATUS, 0, com.android.server.location.GnssLocationProvider$SvStatusInfo@7367ee)
02-26 14:05:35.741  1891  1960 I GnssLocationProvider: WakeLock acquired by sendMessage(REPORT_SV_STATUS, 0, com.android.server.location.GnssLocationProvider$SvStatusInfo@ae1f48f)
02-26 14:05:35.741  1891  1905 I GnssLocationProvider: WakeLock released by handleMessage(REPORT_SV_STATUS, 0, com.android.server.location.GnssLocationProvider$SvStatusInfo@ae1f48f)
02-26 14:05:36.740  1891  1960 I GnssLocationProvider: WakeLock acquired by sendMessage(REPORT_SV_STATUS, 0, com.android.server.location.GnssLocationProvider$SvStatusInfo@52e31c)
02-26 14:05:36.740  1891  1905 I GnssLocationProvider: WakeLock released by handleMessage(REPORT_SV_STATUS, 0, com.android.server.location.GnssLocationProvider$SvStatusInfo@52e31c)
02-26 14:05:36.815  2041  2041 I OpaEnabledReceiver: Dispatching OPA eligble = false; AGSA = true; OPA enabled = false
02-26 14:05:36.815  2041  2041 I OpaLayout: Setting opa enabled to false
02-26 14:05:36.815  2041  2041 I OpaLayout: Setting opa enabled to false
02-26 14:05:36.820  1630  4699 W audio_hw_generic: Not supplying enough data to HAL, expected position 5288453 , only wrote 5288400
02-26 14:05:37.082  1891  1912 D AutofillManagerService: Close system dialogs
02-26 14:05:37.082  1891  1977 I ActivityManager: START u0 {act=android.intent.action.MAIN cat=[android.intent.category.HOME] flg=0x10200000 cmp=com.google.android.apps.nexuslauncher/.NexusLauncherActivity (has extras)} from uid 1000
02-26 14:05:37.098  1742  1780 D PermissionCache: checking android.permission.READ_FRAME_BUFFER for uid=1000 => granted (114 us)
02-26 14:05:37.098  1640  1685 D gralloc_ranchu: gralloc_alloc: Creating ashmem region of size 3936256
02-26 14:05:37.100  2041  2041 V StatusBar: mStatusBarWindow: com.android.systemui.statusbar.phone.StatusBarWindowView{ccade49 V.ED..... ........ 0,0-768,48} canPanelBeCollapsed(): false
02-26 14:05:37.101  2041  2041 I vol.Events: writeEvent dismiss_dialog volume_controller
02-26 14:05:37.108  2041  2278 D EGL_emulation: eglMakeCurrent: 0x7099e5c88f80: ver 3 0 (tinfo 0x7099ffc7ffe0)
02-26 14:05:37.112  2041  2278 D EGL_emulation: eglMakeCurrent: 0x7099e5c88f80: ver 3 0 (tinfo 0x7099ffc7ffe0)
02-26 14:05:37.134  1891  1977 W InputDispatcher: Excessive delay in interceptKeyBeforeDispatching; took 54 ms
02-26 14:05:37.138  1640  1685 D gralloc_ranchu: gralloc_alloc: Creating ashmem region of size 3936256
02-26 14:05:37.139  1640  2914 D gralloc_ranchu: gralloc_alloc: Creating ashmem region of size 3936256
02-26 14:05:37.141  1640  1685 D gralloc_ranchu: gralloc_alloc: Creating ashmem region of size 3936256
02-26 14:05:37.142  1742  1780 E SurfaceFlinger: ro.sf.lcd_density must be defined as a build property
02-26 14:05:37.144  1891 13070 D HostConnection: HostConnection::get() New Host Connection established 0x7099dc0108c0, tid 13070
02-26 14:05:37.145  2041  2278 D EGL_emulation: eglMakeCurrent: 0x7099e5c88f80: ver 3 0 (tinfo 0x7099ffc7ffe0)
02-26 14:05:37.148  2041  2278 D EGL_emulation: eglMakeCurrent: 0x7099e5c88f80: ver 3 0 (tinfo 0x7099ffc7ffe0)
02-26 14:05:37.149  1640  2914 D gralloc_ranchu: gralloc_alloc: Creating ashmem region of size 3936256
02-26 14:05:37.150  1640  1685 D gralloc_ranchu: gralloc_alloc: Creating ashmem region of size 3936256
02-26 14:05:37.150  1640  2914 D gralloc_ranchu: gralloc_alloc: Creating ashmem region of size 3936256
02-26 14:05:37.151  1891 13070 D HostConnection: HostComposition ext ANDROID_EMU_CHECKSUM_HELPER_v1 ANDROID_EMU_native_sync_v2 ANDROID_EMU_dma_v1 ANDROID_EMU_YUV420_888_to_NV21 ANDROID_EMU_YUV_Cache ANDROID_EMU_sync_buffer_data GL_OES_EGL_image_external_essl3 GL_OES_vertex_array_object GL_KHR_texture_compression_astc_ldr ANDROID_EMU_host_side_tracing ANDROID_EMU_gles_max_version_3_0 
02-26 14:05:37.152  1891 13070 I ConfigStore: android::hardware::configstore::V1_0::ISurfaceFlingerConfigs::hasWideColorDisplay retrieved: 0
02-26 14:05:37.152  1891 13070 I ConfigStore: android::hardware::configstore::V1_0::ISurfaceFlingerConfigs::hasHDRDisplay retrieved: 0
02-26 14:05:37.152  1891 13070 I OpenGLRenderer: Initialized EGL, version 1.4
02-26 14:05:37.152  1891 13070 D OpenGLRenderer: Swap behavior 1
02-26 14:05:37.153  2019  2019 I GoogleInputMethod: onFinishInput() : Dummy InputConnection bound
02-26 14:05:37.153  1891 13070 D eglCodecCommon: setVertexArrayObject: set vao to 0 (0) 0 0
02-26 14:05:37.153  1891 13070 D EGL_emulation: eglCreateContext: 0x7099dc011a40: maj 3 min 0 rcv 3
02-26 14:05:37.153  2019  2019 I GoogleInputMethod: onStartInput() : Dummy InputConnection bound
02-26 14:05:37.153  1891 13070 D EGL_emulation: eglMakeCurrent: 0x7099dc011a40: ver 3 0 (tinfo 0x7099f63640c0)
02-26 14:05:37.155  1742  1985 E SurfaceFlinger: ro.sf.lcd_density must be defined as a build property
02-26 14:05:37.157  2612  2624 W System  : A resource failed to call release. 
02-26 14:05:37.157  2612  2624 I chatty  : uid=10023(com.google.android.apps.nexuslauncher) FinalizerDaemon identical 1 line
02-26 14:05:37.157  2612  2624 W System  : A resource failed to call release. 
02-26 14:05:37.158  1891 13070 D eglCodecCommon: setVertexArrayObject: set vao to 0 (0) 1 2
02-26 14:05:37.161  2612  2707 D EGL_emulation: eglMakeCurrent: 0x7099f9866760: ver 3 0 (tinfo 0x7099f980d8a0)
02-26 14:05:37.161  2635  2893 D EGL_emulation: eglMakeCurrent: 0xe2a86020: ver 3 0 (tinfo 0xe2a83da0)
02-26 14:05:37.166  2041  2278 D EGL_emulation: eglMakeCurrent: 0x7099e5c88f80: ver 3 0 (tinfo 0x7099ffc7ffe0)
02-26 14:05:37.168  2041  2278 D EGL_emulation: eglMakeCurrent: 0x7099e5c88f80: ver 3 0 (tinfo 0x7099ffc7ffe0)
02-26 14:05:37.178  2635  2635 I MicroDetectionWorker: #startMicroDetector [speakerMode: 0]
02-26 14:05:37.178  2635  2635 I AudioController: Using mInputStreamFactoryBuilder
02-26 14:05:37.178  2635  2635 I AudioController: Created new AudioSource
02-26 14:05:37.178  2635  2635 I MicroDetectionWorker: onReady
02-26 14:05:37.187  2635  4860 I MicroRecognitionRunner: Starting detection.
02-26 14:05:37.187  2635  2801 I MicrophoneInputStream: mic_starting  SR : 16000 CC : 16 SO : 6
02-26 14:05:37.187  1648  2561 E         : Request requires android.permission.RECORD_AUDIO
02-26 14:05:37.187  1648  2561 E AudioPolicyIntefaceImpl: getInputForAttr permission denied: recording not allowed for uid 10025 pid 2635
02-26 14:05:37.187  1648  2561 E AudioFlinger: createRecord() checkRecordThread_l failed
02-26 14:05:37.187  2635  2801 E IAudioFlinger: createRecord returned error -22
02-26 14:05:37.187  2635  2801 E AudioRecord: AudioFlinger could not create record track, status: -22
02-26 14:05:37.187  2635  2801 E AudioRecord-JNI: Error creating AudioRecord instance: initialization check failed with status -22.
02-26 14:05:37.188  2635  2801 E android.media.AudioRecord: Error code -20 when initializing native AudioRecord object.
02-26 14:05:37.188  2635  2801 I MicrophoneInputStream: mic_started  SR : 16000 CC : 16 SO : 6
02-26 14:05:37.188  2635  2801 E ActivityThread: Failed to find provider info for com.google.android.apps.gsa.testing.ui.audio.recorded
02-26 14:05:37.188  2635  2635 I MicroDetectionWorker: onReady
02-26 14:05:37.190  2635  2801 I MicrophoneInputStream: mic_close  SR : 16000 CC : 16 SO : 6
02-26 14:05:37.190  2635  4860 I MicroRecognitionRunner: Detection finished
02-26 14:05:37.190  2635  4860 W ErrorReporter: reportError [type: 211, code: 524300]: Error reading from input stream
02-26 14:05:37.190  2635  3006 I MicroRecognitionRunner: Stopping hotword detection.
02-26 14:05:37.190  2635  4860 W ErrorProcessor: onFatalError, processing error from engine(4)
02-26 14:05:37.190  2635  4860 W ErrorProcessor: com.google.android.apps.gsa.shared.speech.b.g: Error reading from input stream
02-26 14:05:37.190  2635  4860 W ErrorProcessor: 	at com.google.android.apps.gsa.staticplugins.microdetection.d.k.a(SourceFile:91)
02-26 14:05:37.190  2635  4860 W ErrorProcessor: 	at com.google.android.apps.gsa.staticplugins.microdetection.d.l.run(Unknown Source:14)
02-26 14:05:37.190  2635  4860 W ErrorProcessor: 	at com.google.android.libraries.gsa.runner.a.a.b(SourceFile:32)
02-26 14:05:37.190  2635  4860 W ErrorProcessor: 	at com.google.android.libraries.gsa.runner.a.c.call(Unknown Source:4)
02-26 14:05:37.190  2635  4860 W ErrorProcessor: 	at java.util.concurrent.FutureTask.run(FutureTask.java:266)
02-26 14:05:37.190  2635  4860 W ErrorProcessor: 	at java.util.concurrent.Executors$RunnableAdapter.call(Executors.java:458)
02-26 14:05:37.190  2635  4860 W ErrorProcessor: 	at java.util.concurrent.FutureTask.run(FutureTask.java:266)
02-26 14:05:37.190  2635  4860 W ErrorProcessor: 	at com.google.android.apps.gsa.shared.util.concurrent.b.g.run(Unknown Source:4)
02-26 14:05:37.190  2635  4860 W ErrorProcessor: 	at com.google.android.apps.gsa.shared.util.concurrent.b.aw.run(SourceFile:4)
02-26 14:05:37.190  2635  4860 W ErrorProcessor: 	at com.google.android.apps.gsa.shared.util.concurrent.b.aw.run(SourceFile:4)
02-26 14:05:37.190  2635  4860 W ErrorProcessor: 	at java.util.concurrent.ThreadPoolExecutor.runWorker(ThreadPoolExecutor.java:1167)
02-26 14:05:37.190  2635  4860 W ErrorProcessor: 	at java.util.concurrent.ThreadPoolExecutor$Worker.run(ThreadPoolExecutor.java:641)
02-26 14:05:37.190  2635  4860 W ErrorProcessor: 	at java.lang.Thread.run(Thread.java:764)
02-26 14:05:37.190  2635  4860 W ErrorProcessor: 	at com.google.android.apps.gsa.shared.util.concurrent.b.i.run(SourceFile:6)
02-26 14:05:37.190  2635  4860 W ErrorProcessor: Caused by: com.google.android.apps.gsa.shared.exception.GsaIOException: Error code: 393238 | Buffer overflow, no available space.
02-26 14:05:37.190  2635  4860 W ErrorProcessor: 	at com.google.android.apps.gsa.speech.audio.Tee.j(SourceFile:103)
02-26 14:05:37.190  2635  4860 W ErrorProcessor: 	at com.google.android.apps.gsa.speech.audio.au.read(SourceFile:2)
02-26 14:05:37.190  2635  4860 W ErrorProcessor: 	at java.io.InputStream.read(InputStream.java:101)
02-26 14:05:37.190  2635  4860 W ErrorProcessor: 	at com.google.android.apps.gsa.speech.audio.ao.run(SourceFile:17)
02-26 14:05:37.190  2635  4860 W ErrorProcessor: 	at com.google.android.apps.gsa.speech.audio.an.run(SourceFile:2)
02-26 14:05:37.190  2635  4860 W ErrorProcessor: 	at java.util.concurrent.Executors$RunnableAdapter.call(Executors.java:458)
02-26 14:05:37.190  2635  4860 W ErrorProcessor: 	... 10 more
02-26 14:05:37.190  2635  4860 I AudioController: internalShutdown
02-26 14:05:37.190  2635  2635 I MicroDetector: Keeping mic open: false
02-26 14:05:37.190  2635  2635 I MicroDetectionWorker: #onError(false)
02-26 14:05:37.190  2635  2755 I DeviceStateChecker: DeviceStateChecker cancelled
02-26 14:05:37.199  2041  2278 D EGL_emulation: eglMakeCurrent: 0x7099e5c88f80: ver 3 0 (tinfo 0x7099ffc7ffe0)
02-26 14:05:37.320  2041  2278 I chatty  : uid=10032(com.android.systemui) RenderThread identical 14 lines
02-26 14:05:37.323  2041  2278 D EGL_emulation: eglMakeCurrent: 0x7099e5c88f80: ver 3 0 (tinfo 0x7099ffc7ffe0)
02-26 14:05:37.567  1742  1780 W SurfaceFlinger: Attempting to set client state on removed layer: Splash Screen com.twitter.android.lite#0
02-26 14:05:37.567  1742  1780 W SurfaceFlinger: Attempting to destroy on removed layer: Splash Screen com.twitter.android.lite#0
02-26 14:05:37.571  1891  1906 W BroadcastQueue: Background execution not allowed: receiving Intent { act=android.intent.action.DROPBOX_ENTRY_ADDED flg=0x10 (has extras) } to com.google.android.gms/.stats.service.DropBoxEntryAddedReceiver
02-26 14:05:37.571  1891  1906 W BroadcastQueue: Background execution not allowed: receiving Intent { act=android.intent.action.DROPBOX_ENTRY_ADDED flg=0x10 (has extras) } to com.google.android.gms/.chimera.GmsIntentOperationService$PersistentTrustedReceiver
02-26 14:05:37.572  1891  1906 W BroadcastQueue: Background execution not allowed: receiving Intent { act=android.intent.action.DROPBOX_ENTRY_ADDED flg=0x10 (has extras) } to com.google.android.gms/.stats.service.DropBoxEntryAddedReceiver
02-26 14:05:37.572  1891  1906 W BroadcastQueue: Background execution not allowed: receiving Intent { act=android.intent.action.DROPBOX_ENTRY_ADDED flg=0x10 (has extras) } to com.google.android.gms/.chimera.GmsIntentOperationService$PersistentTrustedReceiver
02-26 14:05:37.572  1891  1906 W BroadcastQueue: Background execution not allowed: receiving Intent { act=android.intent.action.DROPBOX_ENTRY_ADDED flg=0x10 (has extras) } to com.google.android.gms/.stats.service.DropBoxEntryAddedReceiver
02-26 14:05:37.572  1891  1906 W BroadcastQueue: Background execution not allowed: receiving Intent { act=android.intent.action.DROPBOX_ENTRY_ADDED flg=0x10 (has extras) } to com.google.android.gms/.chimera.GmsIntentOperationService$PersistentTrustedReceiver
02-26 14:05:37.573  1891  1906 W BroadcastQueue: Background execution not allowed: receiving Intent { act=android.intent.action.DROPBOX_ENTRY_ADDED flg=0x10 (has extras) } to com.google.android.gms/.stats.service.DropBoxEntryAddedReceiver
02-26 14:05:37.573  1891  1906 W BroadcastQueue: Background execution not allowed: receiving Intent { act=android.intent.action.DROPBOX_ENTRY_ADDED flg=0x10 (has extras) } to com.google.android.gms/.chimera.GmsIntentOperationService$PersistentTrustedReceiver
02-26 14:05:37.573  1891  1906 W BroadcastQueue: Background execution not allowed: receiving Intent { act=android.intent.action.DROPBOX_ENTRY_ADDED flg=0x10 (has extras) } to com.google.android.gms/.stats.service.DropBoxEntryAddedReceiver
02-26 14:05:37.573  1891  1906 W BroadcastQueue: Background execution not allowed: receiving Intent { act=android.intent.action.DROPBOX_ENTRY_ADDED flg=0x10 (has extras) } to com.google.android.gms/.chimera.GmsIntentOperationService$PersistentTrustedReceiver
02-26 14:05:37.574  1891  1906 W BroadcastQueue: Background execution not allowed: receiving Intent { act=android.intent.action.DROPBOX_ENTRY_ADDED flg=0x10 (has extras) } to com.google.android.gms/.stats.service.DropBoxEntryAddedReceiver
02-26 14:05:37.574  1891  1906 W BroadcastQueue: Background execution not allowed: receiving Intent { act=android.intent.action.DROPBOX_ENTRY_ADDED flg=0x10 (has extras) } to com.google.android.gms/.chimera.GmsIntentOperationService$PersistentTrustedReceiver
02-26 14:05:37.586  1891  1906 W ActivityManager: Activity pause timeout for ActivityRecord{60fbeef u0 com.twitter.android.lite/.TwitterLiteActivity t10}
02-26 14:05:37.589 12982 13083 W er.android.lit: Thread attaching while runtime is shutting down: Binder:12982_3
02-26 14:05:37.589 12982 13083 I AndroidRuntime: NOTE: attach of thread 'Binder:12982_3' failed
02-26 14:05:37.615  2635  2755 I EventLogSendingHelper: Sending log events.
02-26 14:05:37.741  1891  1960 I GnssLocationProvider: WakeLock acquired by sendMessage(REPORT_SV_STATUS, 0, com.android.server.location.GnssLocationProvider$SvStatusInfo@bf7985a)
02-26 14:05:37.742  1891  1905 I GnssLocationProvider: WakeLock released by handleMessage(REPORT_SV_STATUS, 0, com.android.server.location.GnssLocationProvider$SvStatusInfo@bf7985a)
02-26 14:05:38.306  2041  2278 D EGL_emulation: eglMakeCurrent: 0x7099e5c88f80: ver 3 0 (tinfo 0x7099ffc7ffe0)
02-26 14:05:38.405  2041  2278 I chatty  : uid=10032(com.android.systemui) RenderThread identical 11 lines
02-26 14:05:38.408  2041  2278 D EGL_emulation: eglMakeCurrent: 0x7099e5c88f80: ver 3 0 (tinfo 0x7099ffc7ffe0)
02-26 14:05:38.420  2019  2019 I GoogleInputMethod: onFinishInput() : Dummy InputConnection bound
02-26 14:05:38.420  2019  2019 I GoogleInputMethod: onStartInput() : Dummy InputConnection bound
02-26 14:05:38.440  2041  2278 D EGL_emulation: eglMakeCurrent: 0x7099e5c88f80: ver 3 0 (tinfo 0x7099ffc7ffe0)
02-26 14:05:38.447  2041  2278 I chatty  : uid=10032(com.android.systemui) RenderThread identical 1 line
02-26 14:05:38.450  2041  2278 D EGL_emulation: eglMakeCurrent: 0x7099e5c88f80: ver 3 0 (tinfo 0x7099ffc7ffe0)
02-26 14:05:38.740  1891  1960 I GnssLocationProvider: WakeLock acquired by sendMessage(REPORT_SV_STATUS, 0, com.android.server.location.GnssLocationProvider$SvStatusInfo@b03b768)
02-26 14:05:38.740  1891  1905 I GnssLocationProvider: WakeLock released by handleMessage(REPORT_SV_STATUS, 0, com.android.server.location.GnssLocationProvider$SvStatusInfo@b03b768)
02-26 14:05:39.740  1891  1960 I GnssLocationProvider: WakeLock acquired by sendMessage(REPORT_SV_STATUS, 0, com.android.server.location.GnssLocationProvider$SvStatusInfo@4e6f781)
02-26 14:05:39.741  1891  1905 I GnssLocationProvider: WakeLock released by handleMessage(REPORT_SV_STATUS, 0, com.android.server.location.GnssLocationProvider$SvStatusInfo@4e6f781)
02-26 14:05:39.778  1891  4943 I ActivityManager: START u0 {act=android.intent.action.MAIN cat=[android.intent.category.LAUNCHER] flg=0x10200000 cmp=com.twitter.android.lite/.TwitterLiteActivity bnds=[456,918][598,1078]} from uid 10023
02-26 14:05:39.779  1891  1956 W WindowManager: TaskSnapshotSurface.create: Failed to find top fullscreen for task={taskId=10 appTokens=[AppWindowToken{a6b2c85 token=Token{cbb4dfc ActivityRecord{60fbeef u0 com.twitter.android.lite/.TwitterLiteActivity t10}}}] mdr=false}
02-26 14:05:39.808  1844  1844 E netmgr  : Failed to open QEMU pipe 'qemud:network': Invalid argument
02-26 14:05:39.808  1844  1844 E netmgr  : WifiForwarder unable to open QEMU pipe: Invalid argument
02-26 14:05:39.810  2612  2624 W System  : A resource failed to call release. 
02-26 14:05:39.810  2612  2624 W System  : A resource failed to call release. 
02-26 14:05:40.740  1891  1960 I GnssLocationProvider: WakeLock acquired by sendMessage(REPORT_SV_STATUS, 0, com.android.server.location.GnssLocationProvider$SvStatusInfo@91d3467)
02-26 14:05:40.741  1891  1905 I GnssLocationProvider: WakeLock released by handleMessage(REPORT_SV_STATUS, 0, com.android.server.location.GnssLocationProvider$SvStatusInfo@91d3467)
02-26 14:05:41.740  1891  1960 I GnssLocationProvider: WakeLock acquired by sendMessage(REPORT_SV_STATUS, 0, com.android.server.location.GnssLocationProvider$SvStatusInfo@610e214)
02-26 14:05:41.741  1891  1905 I GnssLocationProvider: WakeLock released by handleMessage(REPORT_SV_STATUS, 0, com.android.server.location.GnssLocationProvider$SvStatusInfo@610e214)
02-26 14:05:42.204  1891  4943 I ActivityManager: START u0 {act=android.intent.action.MAIN cat=[android.intent.category.LAUNCHER] flg=0x10200000 cmp=com.twitter.android.lite/.TwitterLiteActivity bnds=[456,918][598,1078]} from uid 10023
02-26 14:05:42.741  1891  1960 I GnssLocationProvider: WakeLock acquired by sendMessage(REPORT_SV_STATUS, 0, com.android.server.location.GnssLocationProvider$SvStatusInfo@98a8abd)
02-26 14:05:42.742  1891  1905 I GnssLocationProvider: WakeLock released by handleMessage(REPORT_SV_STATUS, 0, com.android.server.location.GnssLocationProvider$SvStatusInfo@98a8abd)
02-26 14:05:43.379  1891  4917 I ActivityManager: START u0 {act=android.intent.action.MAIN cat=[android.intent.category.LAUNCHER] flg=0x10200000 cmp=com.twitter.android.lite/.TwitterLiteActivity bnds=[456,918][598,1078]} from uid 10023
02-26 14:05:43.411  1756  1785 E storaged: getDiskStats failed with result NOT_SUPPORTED and size 0
02-26 14:05:43.741  1891  1960 I GnssLocationProvider: WakeLock acquired by sendMessage(REPORT_SV_STATUS, 0, com.android.server.location.GnssLocationProvider$SvStatusInfo@170d8b2)
02-26 14:05:43.742  1891  1905 I GnssLocationProvider: WakeLock released by handleMessage(REPORT_SV_STATUS, 0, com.android.server.location.GnssLocationProvider$SvStatusInfo@170d8b2)
02-26 14:05:44.741  1891  1960 I GnssLocationProvider: WakeLock acquired by sendMessage(REPORT_SV_STATUS, 0, com.android.server.location.GnssLocationProvider$SvStatusInfo@abeb003)
02-26 14:05:44.741  1891  1905 I GnssLocationProvider: WakeLock released by handleMessage(REPORT_SV_STATUS, 0, com.android.server.location.GnssLocationProvider$SvStatusInfo@abeb003)
02-26 14:05:45.290  1742  1985 W SurfaceFlinger: Attempting to set client state on removed layer: Surface(name=AppWindowToken{d54de43 token=Token{f65d7f2 ActivityRecord{6c2fefd u0 com.google.android.apps.nexuslauncher/.NexusLauncherActivity t2}}})/@0xcb41f51 - animation-leash#0
02-26 14:05:45.290  1742  1985 W SurfaceFlinger: Attempting to destroy on removed layer: Surface(name=AppWindowToken{d54de43 token=Token{f65d7f2 ActivityRecord{6c2fefd u0 com.google.android.apps.nexuslauncher/.NexusLauncherActivity t2}}})/@0xcb41f51 - animation-leash#0
02-26 14:05:45.306  2041  2278 D EGL_emulation: eglMakeCurrent: 0x7099e5c88f80: ver 3 0 (tinfo 0x7099ffc7ffe0)
02-26 14:05:45.309  2612  2707 D EGL_emulation: eglMakeCurrent: 0x7099f9866760: ver 3 0 (tinfo 0x7099f980d8a0)
02-26 14:05:45.311  2635  2893 D EGL_emulation: eglMakeCurrent: 0xe2a86020: ver 3 0 (tinfo 0xe2a83da0)
02-26 14:05:45.311  2041  2278 D EGL_emulation: eglMakeCurrent: 0x7099e5c88f80: ver 3 0 (tinfo 0x7099ffc7ffe0)
02-26 14:05:45.742  1891  1960 I GnssLocationProvider: WakeLock acquired by sendMessage(REPORT_SV_STATUS, 0, com.android.server.location.GnssLocationProvider$SvStatusInfo@a8fcdfe)
02-26 14:05:45.743  1891  1905 I GnssLocationProvider: WakeLock released by handleMessage(REPORT_SV_STATUS, 0, com.android.server.location.GnssLocationProvider$SvStatusInfo@a8fcdfe)
02-26 14:05:46.570  1630  1630 W audio_hw_generic: Not supplying enough data to HAL, expected position 6222266 , only wrote 5756400
02-26 14:05:46.741  1891  1960 I GnssLocationProvider: WakeLock acquired by sendMessage(REPORT_SV_STATUS, 0, com.android.server.location.GnssLocationProvider$SvStatusInfo@72495f)
02-26 14:05:46.741  1891  1905 I GnssLocationProvider: WakeLock released by handleMessage(REPORT_SV_STATUS, 0, com.android.server.location.GnssLocationProvider$SvStatusInfo@72495f)
02-26 14:05:47.102  1891  1903 E memtrack: Couldn't load memtrack module
02-26 14:05:47.102  1891  1903 W android.os.Debug: failed to get memory consumption info: -1
02-26 14:05:47.742  1891  1960 I GnssLocationProvider: WakeLock acquired by sendMessage(REPORT_SV_STATUS, 0, com.android.server.location.GnssLocationProvider$SvStatusInfo@17e5fac)
02-26 14:05:47.742  1891  1905 I GnssLocationProvider: WakeLock released by handleMessage(REPORT_SV_STATUS, 0, com.android.server.location.GnssLocationProvider$SvStatusInfo@17e5fac)
02-26 14:05:47.967  1891  1905 E memtrack: Couldn't load memtrack module
02-26 14:05:47.967  1891  1905 W android.os.Debug: failed to get memory consumption info: -1
02-26 14:05:48.588  1891  1906 W ActivityManager: Activity stop timeout for ActivityRecord{60fbeef u0 com.twitter.android.lite/.TwitterLiteActivity t10}
02-26 14:05:48.588  1891  1906 I ActivityManager: Activity reported stop, but no longer stopping: ActivityRecord{60fbeef u0 com.twitter.android.lite/.TwitterLiteActivity t10}
02-26 14:05:48.741  1891  1960 I GnssLocationProvider: WakeLock acquired by sendMessage(REPORT_SV_STATUS, 0, com.android.server.location.GnssLocationProvider$SvStatusInfo@efd5475)
02-26 14:05:48.741  1891  1905 I GnssLocationProvider: WakeLock released by handleMessage(REPORT_SV_STATUS, 0, com.android.server.location.GnssLocationProvider$SvStatusInfo@efd5475)
02-26 14:05:49.741  1891  1960 I GnssLocationProvider: WakeLock acquired by sendMessage(REPORT_SV_STATUS, 0, com.android.server.location.GnssLocationProvider$SvStatusInfo@916cc0a)
